[0.036s] Invoking command in '/home/jason/projects/motion_control_go2/build/unitree_controller': /usr/bin/cmake /home/jason/projects/motion_control_go2/src/unitree_ros/unitree_controller -DCATKIN_INSTALL_INTO_PREFIX_ROOT=0 -DCATKIN_SYMLINK_INSTALL=ON -DCMAKE_INSTALL_PREFIX=/home/jason/projects/motion_control_go2/install/unitree_controller
[0.063s] [0mCMake Deprecation Warning at CMakeLists.txt:1 (cmake_minimum_required):
[0.063s]   Compatibility with CMake < 2.8.12 will be removed from a future version of
[0.063s]   CMake.
[0.063s] 
[0.063s]   Update the VERSION argument <min> value or use a ...<max> suffix to tell
[0.063s]   CMake that the project does not need compatibility with older versions.
[0.063s] 
[0.063s] [0m
[0.063s] [31mCMake Error at CMakeLists.txt:4 (find_package):
[0.063s]   By not providing "Findcatkin.cmake" in CMAKE_MODULE_PATH this project has
[0.063s]   asked CMake to find a package configuration file provided by "catkin", but
[0.063s]   CMake did not find one.
[0.063s] 
[0.063s]   Could not find a package configuration file provided by "catkin" with any
[0.063s]   of the following names:
[0.063s] 
[0.063s]     catkinConfig.cmake
[0.063s]     catkin-config.cmake
[0.063s] 
[0.063s]   Add the installation prefix of "catkin" to CMAKE_PREFIX_PATH or set
[0.063s]   "catkin_DIR" to a directory containing one of the above files.  If "catkin"
[0.063s]   provides a separate development package or SDK, be sure it has been
[0.063s]   installed.
[0.066s] 
[0.071s] [0m
[0.072s] -- Configuring incomplete, errors occurred!
[0.072s] See also "/home/jason/projects/motion_control_go2/build/unitree_controller/CMakeFiles/CMakeOutput.log".
[0.081s] Invoked command in '/home/jason/projects/motion_control_go2/build/unitree_controller' returned '1': /usr/bin/cmake /home/jason/projects/motion_control_go2/src/unitree_ros/unitree_controller -DCATKIN_INSTALL_INTO_PREFIX_ROOT=0 -DCATKIN_SYMLINK_INSTALL=ON -DCMAKE_INSTALL_PREFIX=/home/jason/projects/motion_control_go2/install/unitree_controller
