[0.010s] Invoking command in '/home/jason/projects/unitree_sdk2_ws/build/unitree_api': CMAKE_PREFIX_PATH=${CMAKE_PREFIX_PATH}:/opt/ros/humble /usr/bin/cmake /home/jason/projects/unitree_sdk2_ws/unitree_ros2/cyclonedds_ws/src/unitree/unitree_api -DAMENT_CMAKE_SYMLINK_INSTALL=1 -DCMAKE_INSTALL_PREFIX=/home/jason/projects/unitree_sdk2_ws/install/unitree_api
[0.058s] -- The C compiler identification is GNU 11.4.0
[0.102s] -- The CXX compiler identification is GNU 11.4.0
[0.107s] -- Detecting C compiler ABI info
[0.154s] -- Detecting C compiler ABI info - done
[0.158s] -- Check for working C compiler: /usr/bin/cc - skipped
[0.158s] -- Detecting C compile features
[0.158s] -- Detecting C compile features - done
[0.162s] -- Detecting CXX compiler ABI info
[0.256s] -- Detecting CXX compiler ABI info - done
[0.260s] -- Check for working CXX compiler: /usr/bin/c++ - skipped
[0.260s] -- Detecting CXX compile features
[0.260s] -- Detecting CXX compile features - done
[0.281s] -- Found ament_cmake: 1.3.12 (/opt/ros/humble/share/ament_cmake/cmake)
[0.381s] -- Found Python3: /usr/bin/python3 (found version "3.10.12") found components: Interpreter 
[0.423s] -- Override CMake install command with custom implementation using symlinks instead of copying resources
[0.440s] -- Found geometry_msgs: 4.9.0 (/opt/ros/humble/share/geometry_msgs/cmake)
[0.465s] -- Found rosidl_generator_c: 3.1.7 (/opt/ros/humble/share/rosidl_generator_c/cmake)
[0.466s] -- Found rosidl_adapter: 3.1.7 (/opt/ros/humble/share/rosidl_adapter/cmake)
[0.478s] -- Found rosidl_generator_cpp: 3.1.7 (/opt/ros/humble/share/rosidl_generator_cpp/cmake)
[0.490s] -- Using all available rosidl_typesupport_c: rosidl_typesupport_fastrtps_c;rosidl_typesupport_introspection_c
[0.504s] -- Using all available rosidl_typesupport_cpp: rosidl_typesupport_fastrtps_cpp;rosidl_typesupport_introspection_cpp
[0.548s] -- Found rosidl_default_generators: 1.2.0 (/opt/ros/humble/share/rosidl_default_generators/cmake)
[0.558s] -- Found rosidl_generator_dds_idl: 0.8.1 (/opt/ros/humble/share/rosidl_generator_dds_idl/cmake)
[0.964s] -- Found ament_cmake_ros: 0.10.0 (/opt/ros/humble/share/ament_cmake_ros/cmake)
[1.505s] -- Using all available rosidl_typesupport_c: rosidl_typesupport_fastrtps_c;rosidl_typesupport_introspection_c
[1.689s] -- Using all available rosidl_typesupport_cpp: rosidl_typesupport_fastrtps_cpp;rosidl_typesupport_introspection_cpp
[1.759s] -- Found PythonInterp: /usr/bin/python3 (found suitable version "3.10.12", minimum required is "3.6") 
[1.763s] -- Found python_cmake_module: 0.10.0 (/opt/ros/humble/share/python_cmake_module/cmake)
[1.821s] -- Found PythonLibs: /usr/lib/x86_64-linux-gnu/libpython3.10.so (found suitable version "3.10.12", minimum required is "3.5") 
[1.821s] -- Using PYTHON_EXECUTABLE: /usr/bin/python3
[1.821s] -- Using PYTHON_INCLUDE_DIRS: /usr/include/python3.10
[1.822s] -- Using PYTHON_LIBRARIES: /usr/lib/x86_64-linux-gnu/libpython3.10.so
[1.856s] -- Found PythonExtra: .so  
[2.069s] -- Found ament_lint_auto: 0.12.14 (/opt/ros/humble/share/ament_lint_auto/cmake)
[2.080s] -- Added test 'copyright' to check source files copyright and LICENSE
[2.080s] -- Added test 'lint_cmake' to check CMake code style
[2.081s] -- Added test 'xmllint' to check XML markup files
[2.083s] -- Configuring done
[2.109s] -- Generating done
[2.113s] -- Build files have been written to: /home/jason/projects/unitree_sdk2_ws/build/unitree_api
[2.126s] Invoked command in '/home/jason/projects/unitree_sdk2_ws/build/unitree_api' returned '0': CMAKE_PREFIX_PATH=${CMAKE_PREFIX_PATH}:/opt/ros/humble /usr/bin/cmake /home/jason/projects/unitree_sdk2_ws/unitree_ros2/cyclonedds_ws/src/unitree/unitree_api -DAMENT_CMAKE_SYMLINK_INSTALL=1 -DCMAKE_INSTALL_PREFIX=/home/jason/projects/unitree_sdk2_ws/install/unitree_api
[2.128s] Invoking command in '/home/jason/projects/unitree_sdk2_ws/build/unitree_api': CMAKE_PREFIX_PATH=${CMAKE_PREFIX_PATH}:/opt/ros/humble /usr/bin/cmake --build /home/jason/projects/unitree_sdk2_ws/build/unitree_api -- -j16 -l16
[2.220s] [  1%] [34m[1mGenerating C code for ROS interfaces[0m
[2.235s] [  2%] [34m[1mGenerating C++ code for ROS interfaces[0m
[2.239s] [  3%] [34m[1mGenerating DDS interfaces[0m
[2.267s] [  3%] Built target ament_cmake_python_symlink_unitree_api
[2.597s] running egg_info
[2.597s] creating unitree_api.egg-info
[2.597s] writing unitree_api.egg-info/PKG-INFO
[2.597s] writing dependency_links to unitree_api.egg-info/dependency_links.txt
[2.597s] writing top-level names to unitree_api.egg-info/top_level.txt
[2.597s] writing manifest file 'unitree_api.egg-info/SOURCES.txt'
[2.597s] reading manifest file 'unitree_api.egg-info/SOURCES.txt'
[2.602s] writing manifest file 'unitree_api.egg-info/SOURCES.txt'
[2.647s] [  3%] Built target unitree_api__dds_connext_idl
[2.656s] [  3%] Built target ament_cmake_python_build_unitree_api_egg
[2.927s] [  3%] Built target unitree_api__cpp
[2.947s] [  4%] [34m[1mGenerating C++ introspection for ROS interfaces[0m
[2.947s] [  5%] [34m[1mGenerating C++ type support dispatch for ROS interfaces[0m
[2.958s] [  6%] [34m[1mGenerating C++ type support for eProsima Fast-RTPS[0m
[2.985s] [  7%] [32mBuilding C object CMakeFiles/unitree_api__rosidl_generator_c.dir/rosidl_generator_c/unitree_api/msg/detail/request_header__functions.c.o[0m
[2.985s] [ 11%] [32mBuilding C object CMakeFiles/unitree_api__rosidl_generator_c.dir/rosidl_generator_c/unitree_api/msg/detail/request__functions.c.o[0m
[2.985s] [ 10%] [32mBuilding C object CMakeFiles/unitree_api__rosidl_generator_c.dir/rosidl_generator_c/unitree_api/msg/detail/request_lease__functions.c.o[0m
[2.985s] [ 12%] [32mBuilding C object CMakeFiles/unitree_api__rosidl_generator_c.dir/rosidl_generator_c/unitree_api/msg/detail/request_policy__functions.c.o[0m
[2.986s] [ 10%] [32mBuilding C object CMakeFiles/unitree_api__rosidl_generator_c.dir/rosidl_generator_c/unitree_api/msg/detail/request_identity__functions.c.o[0m
[2.994s] [ 13%] [32mBuilding C object CMakeFiles/unitree_api__rosidl_generator_c.dir/rosidl_generator_c/unitree_api/msg/detail/response__functions.c.o[0m
[2.995s] [ 14%] [32mBuilding C object CMakeFiles/unitree_api__rosidl_generator_c.dir/rosidl_generator_c/unitree_api/msg/detail/response_header__functions.c.o[0m
[3.013s] [ 15%] [32mBuilding C object CMakeFiles/unitree_api__rosidl_generator_c.dir/rosidl_generator_c/unitree_api/msg/detail/response_status__functions.c.o[0m
[3.153s] [ 17%] [32m[1mLinking C shared library libunitree_api__rosidl_generator_c.so[0m
[3.275s] [ 17%] Built target unitree_api__rosidl_generator_c
[3.297s] [ 18%] [34m[1mGenerating C type support dispatch for ROS interfaces[0m
[3.304s] [ 19%] [34m[1mGenerating C introspection for ROS interfaces[0m
[3.304s] [ 20%] [34m[1mGenerating C type support for eProsima Fast-RTPS[0m
[3.506s] [ 21%] [32mBuilding CXX object CMakeFiles/unitree_api__rosidl_typesupport_cpp.dir/rosidl_typesupport_cpp/unitree_api/msg/request__type_support.cpp.o[0m
[3.510s] [ 22%] [32mBuilding CXX object CMakeFiles/unitree_api__rosidl_typesupport_cpp.dir/rosidl_typesupport_cpp/unitree_api/msg/request_lease__type_support.cpp.o[0m
[3.516s] [ 23%] [32mBuilding CXX object CMakeFiles/unitree_api__rosidl_typesupport_cpp.dir/rosidl_typesupport_cpp/unitree_api/msg/request_policy__type_support.cpp.o[0m
[3.521s] [ 25%] [32mBuilding CXX object CMakeFiles/unitree_api__rosidl_typesupport_cpp.dir/rosidl_typesupport_cpp/unitree_api/msg/request_identity__type_support.cpp.o[0m
[3.533s] [ 26%] [32mBuilding CXX object CMakeFiles/unitree_api__rosidl_typesupport_cpp.dir/rosidl_typesupport_cpp/unitree_api/msg/request_header__type_support.cpp.o[0m
[3.553s] [ 27%] [32mBuilding CXX object CMakeFiles/unitree_api__rosidl_typesupport_cpp.dir/rosidl_typesupport_cpp/unitree_api/msg/response__type_support.cpp.o[0m
[3.560s] [ 28%] [32mBuilding CXX object CMakeFiles/unitree_api__rosidl_typesupport_cpp.dir/rosidl_typesupport_cpp/unitree_api/msg/response_status__type_support.cpp.o[0m
[3.575s] [ 29%] [32mBuilding CXX object CMakeFiles/unitree_api__rosidl_typesupport_cpp.dir/rosidl_typesupport_cpp/unitree_api/msg/response_header__type_support.cpp.o[0m
[3.603s] [ 30%] [32mBuilding CXX object CMakeFiles/unitree_api__rosidl_typesupport_introspection_cpp.dir/rosidl_typesupport_introspection_cpp/unitree_api/msg/detail/request__type_support.cpp.o[0m
[3.607s] [ 31%] [32mBuilding CXX object CMakeFiles/unitree_api__rosidl_typesupport_introspection_cpp.dir/rosidl_typesupport_introspection_cpp/unitree_api/msg/detail/request_header__type_support.cpp.o[0m
[3.627s] [ 32%] [32mBuilding CXX object CMakeFiles/unitree_api__rosidl_typesupport_introspection_cpp.dir/rosidl_typesupport_introspection_cpp/unitree_api/msg/detail/request_identity__type_support.cpp.o[0m
[3.671s] [ 34%] [32mBuilding CXX object CMakeFiles/unitree_api__rosidl_typesupport_introspection_cpp.dir/rosidl_typesupport_introspection_cpp/unitree_api/msg/detail/request_lease__type_support.cpp.o[0m
[3.736s] [ 35%] [32mBuilding CXX object CMakeFiles/unitree_api__rosidl_typesupport_fastrtps_cpp.dir/rosidl_typesupport_fastrtps_cpp/unitree_api/msg/detail/dds_fastrtps/request__type_support.cpp.o[0m
[3.899s] [ 36%] [32mBuilding CXX object CMakeFiles/unitree_api__rosidl_typesupport_introspection_cpp.dir/rosidl_typesupport_introspection_cpp/unitree_api/msg/detail/request_policy__type_support.cpp.o[0m
[3.902s] [ 37%] [32mBuilding CXX object CMakeFiles/unitree_api__rosidl_typesupport_introspection_cpp.dir/rosidl_typesupport_introspection_cpp/unitree_api/msg/detail/response__type_support.cpp.o[0m
[3.902s] [ 38%] [32mBuilding CXX object CMakeFiles/unitree_api__rosidl_typesupport_introspection_cpp.dir/rosidl_typesupport_introspection_cpp/unitree_api/msg/detail/response_header__type_support.cpp.o[0m
[3.917s] [ 39%] [32mBuilding CXX object CMakeFiles/unitree_api__rosidl_typesupport_c.dir/rosidl_typesupport_c/unitree_api/msg/request__type_support.cpp.o[0m
[3.937s] [ 40%] [32mBuilding C object CMakeFiles/unitree_api__rosidl_typesupport_introspection_c.dir/rosidl_typesupport_introspection_c/unitree_api/msg/detail/request__type_support.c.o[0m
[3.961s] [ 42%] [32mBuilding CXX object CMakeFiles/unitree_api__rosidl_typesupport_c.dir/rosidl_typesupport_c/unitree_api/msg/request_header__type_support.cpp.o[0m
[3.988s] [ 43%] [32mBuilding C object CMakeFiles/unitree_api__rosidl_typesupport_introspection_c.dir/rosidl_typesupport_introspection_c/unitree_api/msg/detail/request_header__type_support.c.o[0m
[4.005s] [ 44%] [32mBuilding CXX object CMakeFiles/unitree_api__rosidl_typesupport_fastrtps_cpp.dir/rosidl_typesupport_fastrtps_cpp/unitree_api/msg/detail/dds_fastrtps/request_header__type_support.cpp.o[0m
[4.013s] [ 45%] [32mBuilding CXX object CMakeFiles/unitree_api__rosidl_typesupport_c.dir/rosidl_typesupport_c/unitree_api/msg/request_identity__type_support.cpp.o[0m
[4.016s] [ 46%] [32mBuilding CXX object CMakeFiles/unitree_api__rosidl_typesupport_introspection_cpp.dir/rosidl_typesupport_introspection_cpp/unitree_api/msg/detail/response_status__type_support.cpp.o[0m
[4.028s] [ 47%] [32mBuilding C object CMakeFiles/unitree_api__rosidl_typesupport_introspection_c.dir/rosidl_typesupport_introspection_c/unitree_api/msg/detail/request_identity__type_support.c.o[0m
[4.047s] [ 48%] [32mBuilding C object CMakeFiles/unitree_api__rosidl_typesupport_introspection_c.dir/rosidl_typesupport_introspection_c/unitree_api/msg/detail/request_lease__type_support.c.o[0m
[4.053s] [ 50%] [32mBuilding CXX object CMakeFiles/unitree_api__rosidl_typesupport_c.dir/rosidl_typesupport_c/unitree_api/msg/request_lease__type_support.cpp.o[0m
[4.133s] [ 51%] [32mBuilding C object CMakeFiles/unitree_api__rosidl_typesupport_introspection_c.dir/rosidl_typesupport_introspection_c/unitree_api/msg/detail/response__type_support.c.o[0m
[4.133s] [ 52%] [32mBuilding C object CMakeFiles/unitree_api__rosidl_typesupport_introspection_c.dir/rosidl_typesupport_introspection_c/unitree_api/msg/detail/request_policy__type_support.c.o[0m
[4.133s] [ 53%] [32mBuilding CXX object CMakeFiles/unitree_api__rosidl_typesupport_fastrtps_cpp.dir/rosidl_typesupport_fastrtps_cpp/unitree_api/msg/detail/dds_fastrtps/request_identity__type_support.cpp.o[0m
[4.135s] [ 54%] [32mBuilding CXX object CMakeFiles/unitree_api__rosidl_typesupport_c.dir/rosidl_typesupport_c/unitree_api/msg/request_policy__type_support.cpp.o[0m
[4.142s] [ 55%] [32mBuilding C object CMakeFiles/unitree_api__rosidl_typesupport_introspection_c.dir/rosidl_typesupport_introspection_c/unitree_api/msg/detail/response_header__type_support.c.o[0m
[4.146s] [ 56%] [32mBuilding C object CMakeFiles/unitree_api__rosidl_typesupport_introspection_c.dir/rosidl_typesupport_introspection_c/unitree_api/msg/detail/response_status__type_support.c.o[0m
[4.186s] [ 57%] [32mBuilding CXX object CMakeFiles/unitree_api__rosidl_typesupport_c.dir/rosidl_typesupport_c/unitree_api/msg/response__type_support.cpp.o[0m
[4.195s] [ 59%] [32mBuilding CXX object CMakeFiles/unitree_api__rosidl_typesupport_fastrtps_cpp.dir/rosidl_typesupport_fastrtps_cpp/unitree_api/msg/detail/dds_fastrtps/request_lease__type_support.cpp.o[0m
[4.198s] [ 60%] [32mBuilding CXX object CMakeFiles/unitree_api__rosidl_typesupport_fastrtps_cpp.dir/rosidl_typesupport_fastrtps_cpp/unitree_api/msg/detail/dds_fastrtps/request_policy__type_support.cpp.o[0m
[4.219s] [ 61%] [32mBuilding CXX object CMakeFiles/unitree_api__rosidl_typesupport_c.dir/rosidl_typesupport_c/unitree_api/msg/response_header__type_support.cpp.o[0m
[4.232s] [ 62%] [32mBuilding CXX object CMakeFiles/unitree_api__rosidl_typesupport_fastrtps_c.dir/rosidl_typesupport_fastrtps_c/unitree_api/msg/detail/request__type_support_c.cpp.o[0m
[4.236s] [ 63%] [32mBuilding CXX object CMakeFiles/unitree_api__rosidl_typesupport_fastrtps_cpp.dir/rosidl_typesupport_fastrtps_cpp/unitree_api/msg/detail/dds_fastrtps/response__type_support.cpp.o[0m
[4.257s] [ 64%] [32mBuilding CXX object CMakeFiles/unitree_api__rosidl_typesupport_c.dir/rosidl_typesupport_c/unitree_api/msg/response_status__type_support.cpp.o[0m
[4.257s] [ 65%] [32mBuilding CXX object CMakeFiles/unitree_api__rosidl_typesupport_fastrtps_cpp.dir/rosidl_typesupport_fastrtps_cpp/unitree_api/msg/detail/dds_fastrtps/response_header__type_support.cpp.o[0m
[4.274s] [ 67%] [32mBuilding CXX object CMakeFiles/unitree_api__rosidl_typesupport_fastrtps_c.dir/rosidl_typesupport_fastrtps_c/unitree_api/msg/detail/request_header__type_support_c.cpp.o[0m
[4.291s] [ 68%] [32m[1mLinking C shared library libunitree_api__rosidl_typesupport_introspection_c.so[0m
[4.327s] [ 69%] [32m[1mLinking CXX shared library libunitree_api__rosidl_typesupport_c.so[0m
[4.423s] [ 70%] [32mBuilding CXX object CMakeFiles/unitree_api__rosidl_typesupport_fastrtps_cpp.dir/rosidl_typesupport_fastrtps_cpp/unitree_api/msg/detail/dds_fastrtps/response_status__type_support.cpp.o[0m
[4.426s] [ 70%] Built target unitree_api__rosidl_typesupport_introspection_c
[4.448s] [ 70%] Built target unitree_api__rosidl_typesupport_c
[4.455s] [ 71%] [32mBuilding CXX object CMakeFiles/unitree_api__rosidl_typesupport_fastrtps_c.dir/rosidl_typesupport_fastrtps_c/unitree_api/msg/detail/request_identity__type_support_c.cpp.o[0m
[4.473s] [ 72%] [32mBuilding CXX object CMakeFiles/unitree_api__rosidl_typesupport_fastrtps_c.dir/rosidl_typesupport_fastrtps_c/unitree_api/msg/detail/request_lease__type_support_c.cpp.o[0m
[4.588s] [ 73%] [32mBuilding CXX object CMakeFiles/unitree_api__rosidl_typesupport_fastrtps_c.dir/rosidl_typesupport_fastrtps_c/unitree_api/msg/detail/request_policy__type_support_c.cpp.o[0m
[4.603s] [ 75%] [32mBuilding CXX object CMakeFiles/unitree_api__rosidl_typesupport_fastrtps_c.dir/rosidl_typesupport_fastrtps_c/unitree_api/msg/detail/response__type_support_c.cpp.o[0m
[4.722s] [ 76%] [32mBuilding CXX object CMakeFiles/unitree_api__rosidl_typesupport_fastrtps_c.dir/rosidl_typesupport_fastrtps_c/unitree_api/msg/detail/response_header__type_support_c.cpp.o[0m
[4.765s] [ 77%] [32mBuilding CXX object CMakeFiles/unitree_api__rosidl_typesupport_fastrtps_c.dir/rosidl_typesupport_fastrtps_c/unitree_api/msg/detail/response_status__type_support_c.cpp.o[0m
[4.803s] [ 78%] [32m[1mLinking CXX shared library libunitree_api__rosidl_typesupport_cpp.so[0m
[4.895s] [ 78%] Built target unitree_api__rosidl_typesupport_cpp
[5.043s] [ 79%] [32m[1mLinking CXX shared library libunitree_api__rosidl_typesupport_introspection_cpp.so[0m
[5.476s] [ 79%] Built target unitree_api__rosidl_typesupport_introspection_cpp
[5.561s] [ 80%] [32m[1mLinking CXX shared library libunitree_api__rosidl_typesupport_fastrtps_cpp.so[0m
[5.827s] [ 80%] Built target unitree_api__rosidl_typesupport_fastrtps_cpp
[6.378s] [ 81%] [32m[1mLinking CXX shared library libunitree_api__rosidl_typesupport_fastrtps_c.so[0m
[6.605s] [ 81%] Built target unitree_api__rosidl_typesupport_fastrtps_c
[6.643s] [ 81%] Built target unitree_api
[6.684s] [ 82%] [34m[1mGenerating Python code for ROS interfaces[0m
[7.697s] [ 82%] Built target unitree_api__py
[7.727s] [ 84%] [32mBuilding C object CMakeFiles/unitree_api__rosidl_generator_py.dir/rosidl_generator_py/unitree_api/msg/_request_s.c.o[0m
[7.737s] [ 85%] [32mBuilding C object CMakeFiles/unitree_api__rosidl_generator_py.dir/rosidl_generator_py/unitree_api/msg/_request_header_s.c.o[0m
[7.737s] [ 86%] [32mBuilding C object CMakeFiles/unitree_api__rosidl_generator_py.dir/rosidl_generator_py/unitree_api/msg/_request_identity_s.c.o[0m
[7.749s] [ 87%] [32mBuilding C object CMakeFiles/unitree_api__rosidl_generator_py.dir/rosidl_generator_py/unitree_api/msg/_request_lease_s.c.o[0m
[7.758s] [ 88%] [32mBuilding C object CMakeFiles/unitree_api__rosidl_generator_py.dir/rosidl_generator_py/unitree_api/msg/_request_policy_s.c.o[0m
[7.778s] [ 89%] [32mBuilding C object CMakeFiles/unitree_api__rosidl_generator_py.dir/rosidl_generator_py/unitree_api/msg/_response_header_s.c.o[0m
[7.795s] [ 90%] [32mBuilding C object CMakeFiles/unitree_api__rosidl_generator_py.dir/rosidl_generator_py/unitree_api/msg/_response_status_s.c.o[0m
[7.795s] [ 92%] [32mBuilding C object CMakeFiles/unitree_api__rosidl_generator_py.dir/rosidl_generator_py/unitree_api/msg/_response_s.c.o[0m
[8.218s] [ 93%] [32m[1mLinking C shared library rosidl_generator_py/unitree_api/libunitree_api__rosidl_generator_py.so[0m
[8.304s] [ 93%] Built target unitree_api__rosidl_generator_py
[8.352s] [ 94%] [32mBuilding C object CMakeFiles/unitree_api__rosidl_typesupport_fastrtps_c__pyext.dir/rosidl_generator_py/unitree_api/_unitree_api_s.ep.rosidl_typesupport_fastrtps_c.c.o[0m
[8.352s] [ 95%] [32mBuilding C object CMakeFiles/unitree_api__rosidl_typesupport_introspection_c__pyext.dir/rosidl_generator_py/unitree_api/_unitree_api_s.ep.rosidl_typesupport_introspection_c.c.o[0m
[8.352s] [ 96%] [32mBuilding C object CMakeFiles/unitree_api__rosidl_typesupport_c__pyext.dir/rosidl_generator_py/unitree_api/_unitree_api_s.ep.rosidl_typesupport_c.c.o[0m
[8.541s] [ 97%] [32m[1mLinking C shared library rosidl_generator_py/unitree_api/unitree_api_s__rosidl_typesupport_fastrtps_c.cpython-310-x86_64-linux-gnu.so[0m
[8.541s] [ 98%] [32m[1mLinking C shared library rosidl_generator_py/unitree_api/unitree_api_s__rosidl_typesupport_c.cpython-310-x86_64-linux-gnu.so[0m
[8.551s] [100%] [32m[1mLinking C shared library rosidl_generator_py/unitree_api/unitree_api_s__rosidl_typesupport_introspection_c.cpython-310-x86_64-linux-gnu.so[0m
[8.611s] [100%] Built target unitree_api__rosidl_typesupport_fastrtps_c__pyext
[8.622s] [100%] Built target unitree_api__rosidl_typesupport_c__pyext
[8.669s] [100%] Built target unitree_api__rosidl_typesupport_introspection_c__pyext
[8.727s] Invoked command in '/home/jason/projects/unitree_sdk2_ws/build/unitree_api' returned '0': CMAKE_PREFIX_PATH=${CMAKE_PREFIX_PATH}:/opt/ros/humble /usr/bin/cmake --build /home/jason/projects/unitree_sdk2_ws/build/unitree_api -- -j16 -l16
[8.740s] Invoking command in '/home/jason/projects/unitree_sdk2_ws/build/unitree_api': CMAKE_PREFIX_PATH=${CMAKE_PREFIX_PATH}:/opt/ros/humble /usr/bin/cmake --install /home/jason/projects/unitree_sdk2_ws/build/unitree_api
[8.757s] -- Install configuration: ""
[8.757s] -- Execute custom install script
[8.757s] -- Symlinking: /home/jason/projects/unitree_sdk2_ws/install/unitree_api/share/ament_index/resource_index/rosidl_interfaces/unitree_api
[8.776s] -- Symlinking: /home/jason/projects/unitree_sdk2_ws/install/unitree_api/include/unitree_api/unitree_api/msg/detail/request__functions.h
[8.801s] -- Symlinking: /home/jason/projects/unitree_sdk2_ws/install/unitree_api/include/unitree_api/unitree_api/msg/detail/request__struct.h
[8.815s] -- Symlinking: /home/jason/projects/unitree_sdk2_ws/install/unitree_api/include/unitree_api/unitree_api/msg/detail/request__type_support.h
[8.834s] -- Symlinking: /home/jason/projects/unitree_sdk2_ws/install/unitree_api/include/unitree_api/unitree_api/msg/detail/request_header__functions.h
[8.849s] -- Symlinking: /home/jason/projects/unitree_sdk2_ws/install/unitree_api/include/unitree_api/unitree_api/msg/detail/request_header__struct.h
[8.860s] -- Symlinking: /home/jason/projects/unitree_sdk2_ws/install/unitree_api/include/unitree_api/unitree_api/msg/detail/request_header__type_support.h
[8.873s] -- Symlinking: /home/jason/projects/unitree_sdk2_ws/install/unitree_api/include/unitree_api/unitree_api/msg/detail/request_identity__functions.h
[8.884s] -- Symlinking: /home/jason/projects/unitree_sdk2_ws/install/unitree_api/include/unitree_api/unitree_api/msg/detail/request_identity__struct.h
[8.898s] -- Symlinking: /home/jason/projects/unitree_sdk2_ws/install/unitree_api/include/unitree_api/unitree_api/msg/detail/request_identity__type_support.h
[8.909s] -- Symlinking: /home/jason/projects/unitree_sdk2_ws/install/unitree_api/include/unitree_api/unitree_api/msg/detail/request_lease__functions.h
[8.925s] -- Symlinking: /home/jason/projects/unitree_sdk2_ws/install/unitree_api/include/unitree_api/unitree_api/msg/detail/request_lease__struct.h
[8.940s] -- Symlinking: /home/jason/projects/unitree_sdk2_ws/install/unitree_api/include/unitree_api/unitree_api/msg/detail/request_lease__type_support.h
[8.968s] -- Symlinking: /home/jason/projects/unitree_sdk2_ws/install/unitree_api/include/unitree_api/unitree_api/msg/detail/request_policy__functions.h
[8.981s] -- Symlinking: /home/jason/projects/unitree_sdk2_ws/install/unitree_api/include/unitree_api/unitree_api/msg/detail/request_policy__struct.h
[8.993s] -- Symlinking: /home/jason/projects/unitree_sdk2_ws/install/unitree_api/include/unitree_api/unitree_api/msg/detail/request_policy__type_support.h
[9.008s] -- Symlinking: /home/jason/projects/unitree_sdk2_ws/install/unitree_api/include/unitree_api/unitree_api/msg/detail/response__functions.h
[9.018s] -- Symlinking: /home/jason/projects/unitree_sdk2_ws/install/unitree_api/include/unitree_api/unitree_api/msg/detail/response__struct.h
[9.028s] -- Symlinking: /home/jason/projects/unitree_sdk2_ws/install/unitree_api/include/unitree_api/unitree_api/msg/detail/response__type_support.h
[9.047s] -- Symlinking: /home/jason/projects/unitree_sdk2_ws/install/unitree_api/include/unitree_api/unitree_api/msg/detail/response_header__functions.h
[9.060s] -- Symlinking: /home/jason/projects/unitree_sdk2_ws/install/unitree_api/include/unitree_api/unitree_api/msg/detail/response_header__struct.h
[9.080s] -- Symlinking: /home/jason/projects/unitree_sdk2_ws/install/unitree_api/include/unitree_api/unitree_api/msg/detail/response_header__type_support.h
[9.093s] -- Symlinking: /home/jason/projects/unitree_sdk2_ws/install/unitree_api/include/unitree_api/unitree_api/msg/detail/response_status__functions.h
[9.111s] -- Symlinking: /home/jason/projects/unitree_sdk2_ws/install/unitree_api/include/unitree_api/unitree_api/msg/detail/response_status__struct.h
[9.125s] -- Symlinking: /home/jason/projects/unitree_sdk2_ws/install/unitree_api/include/unitree_api/unitree_api/msg/detail/response_status__type_support.h
[9.139s] -- Symlinking: /home/jason/projects/unitree_sdk2_ws/install/unitree_api/include/unitree_api/unitree_api/msg/request.h
[9.152s] -- Symlinking: /home/jason/projects/unitree_sdk2_ws/install/unitree_api/include/unitree_api/unitree_api/msg/request_header.h
[9.163s] -- Symlinking: /home/jason/projects/unitree_sdk2_ws/install/unitree_api/include/unitree_api/unitree_api/msg/request_identity.h
[9.182s] -- Symlinking: /home/jason/projects/unitree_sdk2_ws/install/unitree_api/include/unitree_api/unitree_api/msg/request_lease.h
[9.197s] -- Symlinking: /home/jason/projects/unitree_sdk2_ws/install/unitree_api/include/unitree_api/unitree_api/msg/request_policy.h
[9.210s] -- Symlinking: /home/jason/projects/unitree_sdk2_ws/install/unitree_api/include/unitree_api/unitree_api/msg/response.h
[9.224s] -- Symlinking: /home/jason/projects/unitree_sdk2_ws/install/unitree_api/include/unitree_api/unitree_api/msg/response_header.h
[9.244s] -- Symlinking: /home/jason/projects/unitree_sdk2_ws/install/unitree_api/include/unitree_api/unitree_api/msg/response_status.h
[9.260s] -- Symlinking: /home/jason/projects/unitree_sdk2_ws/install/unitree_api/include/unitree_api/unitree_api/msg/rosidl_generator_c__visibility_control.h
[9.273s] -- Symlinking: /home/jason/projects/unitree_sdk2_ws/install/unitree_api/share/unitree_api/environment/library_path.sh
[9.287s] -- Symlinking: /home/jason/projects/unitree_sdk2_ws/install/unitree_api/share/unitree_api/environment/library_path.dsv
[9.302s] -- Symlinking: /home/jason/projects/unitree_sdk2_ws/install/unitree_api/include/unitree_api/unitree_api/msg/detail/request__rosidl_typesupport_fastrtps_c.h
[9.314s] -- Symlinking: /home/jason/projects/unitree_sdk2_ws/install/unitree_api/include/unitree_api/unitree_api/msg/detail/request_header__rosidl_typesupport_fastrtps_c.h
[9.329s] -- Symlinking: /home/jason/projects/unitree_sdk2_ws/install/unitree_api/include/unitree_api/unitree_api/msg/detail/request_identity__rosidl_typesupport_fastrtps_c.h
[9.341s] -- Symlinking: /home/jason/projects/unitree_sdk2_ws/install/unitree_api/include/unitree_api/unitree_api/msg/detail/request_lease__rosidl_typesupport_fastrtps_c.h
[9.360s] -- Symlinking: /home/jason/projects/unitree_sdk2_ws/install/unitree_api/include/unitree_api/unitree_api/msg/detail/request_policy__rosidl_typesupport_fastrtps_c.h
[9.384s] -- Symlinking: /home/jason/projects/unitree_sdk2_ws/install/unitree_api/include/unitree_api/unitree_api/msg/detail/response__rosidl_typesupport_fastrtps_c.h
[9.402s] -- Symlinking: /home/jason/projects/unitree_sdk2_ws/install/unitree_api/include/unitree_api/unitree_api/msg/detail/response_header__rosidl_typesupport_fastrtps_c.h
[9.413s] -- Symlinking: /home/jason/projects/unitree_sdk2_ws/install/unitree_api/include/unitree_api/unitree_api/msg/detail/response_status__rosidl_typesupport_fastrtps_c.h
[9.426s] -- Symlinking: /home/jason/projects/unitree_sdk2_ws/install/unitree_api/include/unitree_api/unitree_api/msg/rosidl_typesupport_fastrtps_c__visibility_control.h
[9.436s] -- Symlinking: /home/jason/projects/unitree_sdk2_ws/install/unitree_api/include/unitree_api/unitree_api/msg/detail/request__builder.hpp
[9.451s] -- Symlinking: /home/jason/projects/unitree_sdk2_ws/install/unitree_api/include/unitree_api/unitree_api/msg/detail/request__struct.hpp
[9.462s] -- Symlinking: /home/jason/projects/unitree_sdk2_ws/install/unitree_api/include/unitree_api/unitree_api/msg/detail/request__traits.hpp
[9.472s] -- Symlinking: /home/jason/projects/unitree_sdk2_ws/install/unitree_api/include/unitree_api/unitree_api/msg/detail/request__type_support.hpp
[9.485s] -- Symlinking: /home/jason/projects/unitree_sdk2_ws/install/unitree_api/include/unitree_api/unitree_api/msg/detail/request_header__builder.hpp
[9.498s] -- Symlinking: /home/jason/projects/unitree_sdk2_ws/install/unitree_api/include/unitree_api/unitree_api/msg/detail/request_header__struct.hpp
[9.513s] -- Symlinking: /home/jason/projects/unitree_sdk2_ws/install/unitree_api/include/unitree_api/unitree_api/msg/detail/request_header__traits.hpp
[9.527s] -- Symlinking: /home/jason/projects/unitree_sdk2_ws/install/unitree_api/include/unitree_api/unitree_api/msg/detail/request_header__type_support.hpp
[9.544s] -- Symlinking: /home/jason/projects/unitree_sdk2_ws/install/unitree_api/include/unitree_api/unitree_api/msg/detail/request_identity__builder.hpp
[9.572s] -- Symlinking: /home/jason/projects/unitree_sdk2_ws/install/unitree_api/include/unitree_api/unitree_api/msg/detail/request_identity__struct.hpp
[9.607s] -- Symlinking: /home/jason/projects/unitree_sdk2_ws/install/unitree_api/include/unitree_api/unitree_api/msg/detail/request_identity__traits.hpp
[9.633s] -- Symlinking: /home/jason/projects/unitree_sdk2_ws/install/unitree_api/include/unitree_api/unitree_api/msg/detail/request_identity__type_support.hpp
[9.661s] -- Symlinking: /home/jason/projects/unitree_sdk2_ws/install/unitree_api/include/unitree_api/unitree_api/msg/detail/request_lease__builder.hpp
[9.690s] -- Symlinking: /home/jason/projects/unitree_sdk2_ws/install/unitree_api/include/unitree_api/unitree_api/msg/detail/request_lease__struct.hpp
[9.725s] -- Symlinking: /home/jason/projects/unitree_sdk2_ws/install/unitree_api/include/unitree_api/unitree_api/msg/detail/request_lease__traits.hpp
[9.760s] -- Symlinking: /home/jason/projects/unitree_sdk2_ws/install/unitree_api/include/unitree_api/unitree_api/msg/detail/request_lease__type_support.hpp
[9.775s] -- Symlinking: /home/jason/projects/unitree_sdk2_ws/install/unitree_api/include/unitree_api/unitree_api/msg/detail/request_policy__builder.hpp
[9.789s] -- Symlinking: /home/jason/projects/unitree_sdk2_ws/install/unitree_api/include/unitree_api/unitree_api/msg/detail/request_policy__struct.hpp
[9.807s] -- Symlinking: /home/jason/projects/unitree_sdk2_ws/install/unitree_api/include/unitree_api/unitree_api/msg/detail/request_policy__traits.hpp
[9.825s] -- Symlinking: /home/jason/projects/unitree_sdk2_ws/install/unitree_api/include/unitree_api/unitree_api/msg/detail/request_policy__type_support.hpp
[9.838s] -- Symlinking: /home/jason/projects/unitree_sdk2_ws/install/unitree_api/include/unitree_api/unitree_api/msg/detail/response__builder.hpp
[9.854s] -- Symlinking: /home/jason/projects/unitree_sdk2_ws/install/unitree_api/include/unitree_api/unitree_api/msg/detail/response__struct.hpp
[9.871s] -- Symlinking: /home/jason/projects/unitree_sdk2_ws/install/unitree_api/include/unitree_api/unitree_api/msg/detail/response__traits.hpp
[9.886s] -- Symlinking: /home/jason/projects/unitree_sdk2_ws/install/unitree_api/include/unitree_api/unitree_api/msg/detail/response__type_support.hpp
[9.900s] -- Symlinking: /home/jason/projects/unitree_sdk2_ws/install/unitree_api/include/unitree_api/unitree_api/msg/detail/response_header__builder.hpp
[9.923s] -- Symlinking: /home/jason/projects/unitree_sdk2_ws/install/unitree_api/include/unitree_api/unitree_api/msg/detail/response_header__struct.hpp
[9.942s] -- Symlinking: /home/jason/projects/unitree_sdk2_ws/install/unitree_api/include/unitree_api/unitree_api/msg/detail/response_header__traits.hpp
[9.960s] -- Symlinking: /home/jason/projects/unitree_sdk2_ws/install/unitree_api/include/unitree_api/unitree_api/msg/detail/response_header__type_support.hpp
[9.976s] -- Symlinking: /home/jason/projects/unitree_sdk2_ws/install/unitree_api/include/unitree_api/unitree_api/msg/detail/response_status__builder.hpp
[9.995s] -- Symlinking: /home/jason/projects/unitree_sdk2_ws/install/unitree_api/include/unitree_api/unitree_api/msg/detail/response_status__struct.hpp
[10.011s] -- Symlinking: /home/jason/projects/unitree_sdk2_ws/install/unitree_api/include/unitree_api/unitree_api/msg/detail/response_status__traits.hpp
[10.022s] -- Symlinking: /home/jason/projects/unitree_sdk2_ws/install/unitree_api/include/unitree_api/unitree_api/msg/detail/response_status__type_support.hpp
[10.030s] -- Symlinking: /home/jason/projects/unitree_sdk2_ws/install/unitree_api/include/unitree_api/unitree_api/msg/request.hpp
[10.046s] -- Symlinking: /home/jason/projects/unitree_sdk2_ws/install/unitree_api/include/unitree_api/unitree_api/msg/request_header.hpp
[10.054s] -- Symlinking: /home/jason/projects/unitree_sdk2_ws/install/unitree_api/include/unitree_api/unitree_api/msg/request_identity.hpp
[10.067s] -- Symlinking: /home/jason/projects/unitree_sdk2_ws/install/unitree_api/include/unitree_api/unitree_api/msg/request_lease.hpp
[10.078s] -- Symlinking: /home/jason/projects/unitree_sdk2_ws/install/unitree_api/include/unitree_api/unitree_api/msg/request_policy.hpp
[10.097s] -- Symlinking: /home/jason/projects/unitree_sdk2_ws/install/unitree_api/include/unitree_api/unitree_api/msg/response.hpp
[10.113s] -- Symlinking: /home/jason/projects/unitree_sdk2_ws/install/unitree_api/include/unitree_api/unitree_api/msg/response_header.hpp
[10.124s] -- Symlinking: /home/jason/projects/unitree_sdk2_ws/install/unitree_api/include/unitree_api/unitree_api/msg/response_status.hpp
[10.134s] -- Symlinking: /home/jason/projects/unitree_sdk2_ws/install/unitree_api/include/unitree_api/unitree_api/msg/rosidl_generator_cpp__visibility_control.hpp
[10.147s] -- Symlinking: /home/jason/projects/unitree_sdk2_ws/install/unitree_api/include/unitree_api/unitree_api/msg/detail/request__rosidl_typesupport_fastrtps_cpp.hpp
[10.160s] -- Symlinking: /home/jason/projects/unitree_sdk2_ws/install/unitree_api/include/unitree_api/unitree_api/msg/detail/request_header__rosidl_typesupport_fastrtps_cpp.hpp
[10.170s] -- Symlinking: /home/jason/projects/unitree_sdk2_ws/install/unitree_api/include/unitree_api/unitree_api/msg/detail/request_identity__rosidl_typesupport_fastrtps_cpp.hpp
[10.181s] -- Symlinking: /home/jason/projects/unitree_sdk2_ws/install/unitree_api/include/unitree_api/unitree_api/msg/detail/request_lease__rosidl_typesupport_fastrtps_cpp.hpp
[10.193s] -- Symlinking: /home/jason/projects/unitree_sdk2_ws/install/unitree_api/include/unitree_api/unitree_api/msg/detail/request_policy__rosidl_typesupport_fastrtps_cpp.hpp
[10.209s] -- Symlinking: /home/jason/projects/unitree_sdk2_ws/install/unitree_api/include/unitree_api/unitree_api/msg/detail/response__rosidl_typesupport_fastrtps_cpp.hpp
[10.222s] -- Symlinking: /home/jason/projects/unitree_sdk2_ws/install/unitree_api/include/unitree_api/unitree_api/msg/detail/response_header__rosidl_typesupport_fastrtps_cpp.hpp
[10.236s] -- Symlinking: /home/jason/projects/unitree_sdk2_ws/install/unitree_api/include/unitree_api/unitree_api/msg/detail/response_status__rosidl_typesupport_fastrtps_cpp.hpp
[10.245s] -- Symlinking: /home/jason/projects/unitree_sdk2_ws/install/unitree_api/include/unitree_api/unitree_api/msg/rosidl_typesupport_fastrtps_cpp__visibility_control.h
[10.262s] -- Symlinking: /home/jason/projects/unitree_sdk2_ws/install/unitree_api/include/unitree_api/unitree_api/msg/detail/request__rosidl_typesupport_introspection_c.h
[10.272s] -- Symlinking: /home/jason/projects/unitree_sdk2_ws/install/unitree_api/include/unitree_api/unitree_api/msg/detail/request_header__rosidl_typesupport_introspection_c.h
[10.286s] -- Symlinking: /home/jason/projects/unitree_sdk2_ws/install/unitree_api/include/unitree_api/unitree_api/msg/detail/request_identity__rosidl_typesupport_introspection_c.h
[10.297s] -- Symlinking: /home/jason/projects/unitree_sdk2_ws/install/unitree_api/include/unitree_api/unitree_api/msg/detail/request_lease__rosidl_typesupport_introspection_c.h
[10.310s] -- Symlinking: /home/jason/projects/unitree_sdk2_ws/install/unitree_api/include/unitree_api/unitree_api/msg/detail/request_policy__rosidl_typesupport_introspection_c.h
[10.321s] -- Symlinking: /home/jason/projects/unitree_sdk2_ws/install/unitree_api/include/unitree_api/unitree_api/msg/detail/response__rosidl_typesupport_introspection_c.h
[10.331s] -- Symlinking: /home/jason/projects/unitree_sdk2_ws/install/unitree_api/include/unitree_api/unitree_api/msg/detail/response_header__rosidl_typesupport_introspection_c.h
[10.343s] -- Symlinking: /home/jason/projects/unitree_sdk2_ws/install/unitree_api/include/unitree_api/unitree_api/msg/detail/response_status__rosidl_typesupport_introspection_c.h
[10.356s] -- Symlinking: /home/jason/projects/unitree_sdk2_ws/install/unitree_api/include/unitree_api/unitree_api/msg/rosidl_typesupport_introspection_c__visibility_control.h
[10.377s] -- Symlinking: /home/jason/projects/unitree_sdk2_ws/install/unitree_api/include/unitree_api/unitree_api/msg/detail/request__rosidl_typesupport_introspection_cpp.hpp
[10.395s] -- Symlinking: /home/jason/projects/unitree_sdk2_ws/install/unitree_api/include/unitree_api/unitree_api/msg/detail/request_header__rosidl_typesupport_introspection_cpp.hpp
[10.411s] -- Symlinking: /home/jason/projects/unitree_sdk2_ws/install/unitree_api/include/unitree_api/unitree_api/msg/detail/request_identity__rosidl_typesupport_introspection_cpp.hpp
[10.432s] -- Symlinking: /home/jason/projects/unitree_sdk2_ws/install/unitree_api/include/unitree_api/unitree_api/msg/detail/request_lease__rosidl_typesupport_introspection_cpp.hpp
[10.456s] -- Symlinking: /home/jason/projects/unitree_sdk2_ws/install/unitree_api/include/unitree_api/unitree_api/msg/detail/request_policy__rosidl_typesupport_introspection_cpp.hpp
[10.476s] -- Symlinking: /home/jason/projects/unitree_sdk2_ws/install/unitree_api/include/unitree_api/unitree_api/msg/detail/response__rosidl_typesupport_introspection_cpp.hpp
[10.494s] -- Symlinking: /home/jason/projects/unitree_sdk2_ws/install/unitree_api/include/unitree_api/unitree_api/msg/detail/response_header__rosidl_typesupport_introspection_cpp.hpp
[10.515s] -- Symlinking: /home/jason/projects/unitree_sdk2_ws/install/unitree_api/include/unitree_api/unitree_api/msg/detail/response_status__rosidl_typesupport_introspection_cpp.hpp
[10.536s] -- Symlinking: /home/jason/projects/unitree_sdk2_ws/install/unitree_api/share/unitree_api/environment/pythonpath.sh
[10.553s] -- Symlinking: /home/jason/projects/unitree_sdk2_ws/install/unitree_api/share/unitree_api/environment/pythonpath.dsv
[10.575s] -- Symlinking: /home/jason/projects/unitree_sdk2_ws/install/unitree_api/local/lib/python3.10/dist-packages/unitree_api-0.0.0-py3.10.egg-info/PKG-INFO
[10.593s] -- Symlinking: /home/jason/projects/unitree_sdk2_ws/install/unitree_api/local/lib/python3.10/dist-packages/unitree_api-0.0.0-py3.10.egg-info/SOURCES.txt
[10.613s] -- Symlinking: /home/jason/projects/unitree_sdk2_ws/install/unitree_api/local/lib/python3.10/dist-packages/unitree_api-0.0.0-py3.10.egg-info/dependency_links.txt
[10.632s] -- Symlinking: /home/jason/projects/unitree_sdk2_ws/install/unitree_api/local/lib/python3.10/dist-packages/unitree_api-0.0.0-py3.10.egg-info/top_level.txt
[10.650s] -- Symlinking: /home/jason/projects/unitree_sdk2_ws/install/unitree_api/local/lib/python3.10/dist-packages/unitree_api/__init__.py
[10.678s] -- Symlinking: /home/jason/projects/unitree_sdk2_ws/install/unitree_api/local/lib/python3.10/dist-packages/unitree_api/_unitree_api_s.ep.rosidl_typesupport_c.c
[10.694s] -- Symlinking: /home/jason/projects/unitree_sdk2_ws/install/unitree_api/local/lib/python3.10/dist-packages/unitree_api/_unitree_api_s.ep.rosidl_typesupport_fastrtps_c.c
[10.712s] -- Symlinking: /home/jason/projects/unitree_sdk2_ws/install/unitree_api/local/lib/python3.10/dist-packages/unitree_api/_unitree_api_s.ep.rosidl_typesupport_introspection_c.c
[10.733s] -- Symlinking: /home/jason/projects/unitree_sdk2_ws/install/unitree_api/local/lib/python3.10/dist-packages/unitree_api/libunitree_api__rosidl_generator_py.so
[10.746s] -- Symlinking: /home/jason/projects/unitree_sdk2_ws/install/unitree_api/local/lib/python3.10/dist-packages/unitree_api/msg/__init__.py
[10.763s] -- Symlinking: /home/jason/projects/unitree_sdk2_ws/install/unitree_api/local/lib/python3.10/dist-packages/unitree_api/msg/_request.py
[10.775s] -- Symlinking: /home/jason/projects/unitree_sdk2_ws/install/unitree_api/local/lib/python3.10/dist-packages/unitree_api/msg/_request_header.py
[10.819s] -- Symlinking: /home/jason/projects/unitree_sdk2_ws/install/unitree_api/local/lib/python3.10/dist-packages/unitree_api/msg/_request_header_s.c
[10.832s] -- Symlinking: /home/jason/projects/unitree_sdk2_ws/install/unitree_api/local/lib/python3.10/dist-packages/unitree_api/msg/_request_identity.py
[10.845s] -- Symlinking: /home/jason/projects/unitree_sdk2_ws/install/unitree_api/local/lib/python3.10/dist-packages/unitree_api/msg/_request_identity_s.c
[10.860s] -- Symlinking: /home/jason/projects/unitree_sdk2_ws/install/unitree_api/local/lib/python3.10/dist-packages/unitree_api/msg/_request_lease.py
[10.873s] -- Symlinking: /home/jason/projects/unitree_sdk2_ws/install/unitree_api/local/lib/python3.10/dist-packages/unitree_api/msg/_request_lease_s.c
[10.890s] -- Symlinking: /home/jason/projects/unitree_sdk2_ws/install/unitree_api/local/lib/python3.10/dist-packages/unitree_api/msg/_request_policy.py
[10.905s] -- Symlinking: /home/jason/projects/unitree_sdk2_ws/install/unitree_api/local/lib/python3.10/dist-packages/unitree_api/msg/_request_policy_s.c
[10.946s] -- Symlinking: /home/jason/projects/unitree_sdk2_ws/install/unitree_api/local/lib/python3.10/dist-packages/unitree_api/msg/_request_s.c
[10.969s] -- Symlinking: /home/jason/projects/unitree_sdk2_ws/install/unitree_api/local/lib/python3.10/dist-packages/unitree_api/msg/_response.py
[10.992s] -- Symlinking: /home/jason/projects/unitree_sdk2_ws/install/unitree_api/local/lib/python3.10/dist-packages/unitree_api/msg/_response_header.py
[11.014s] -- Symlinking: /home/jason/projects/unitree_sdk2_ws/install/unitree_api/local/lib/python3.10/dist-packages/unitree_api/msg/_response_header_s.c
[11.025s] -- Symlinking: /home/jason/projects/unitree_sdk2_ws/install/unitree_api/local/lib/python3.10/dist-packages/unitree_api/msg/_response_s.c
[11.040s] -- Symlinking: /home/jason/projects/unitree_sdk2_ws/install/unitree_api/local/lib/python3.10/dist-packages/unitree_api/msg/_response_status.py
[11.047s] -- Symlinking: /home/jason/projects/unitree_sdk2_ws/install/unitree_api/local/lib/python3.10/dist-packages/unitree_api/msg/_response_status_s.c
[11.063s] -- Symlinking: /home/jason/projects/unitree_sdk2_ws/install/unitree_api/local/lib/python3.10/dist-packages/unitree_api/unitree_api_s__rosidl_typesupport_c.cpython-310-x86_64-linux-gnu.so
[11.080s] -- Symlinking: /home/jason/projects/unitree_sdk2_ws/install/unitree_api/local/lib/python3.10/dist-packages/unitree_api/unitree_api_s__rosidl_typesupport_fastrtps_c.cpython-310-x86_64-linux-gnu.so
[11.095s] -- Symlinking: /home/jason/projects/unitree_sdk2_ws/install/unitree_api/local/lib/python3.10/dist-packages/unitree_api/unitree_api_s__rosidl_typesupport_introspection_c.cpython-310-x86_64-linux-gnu.so
[11.114s] -- Up-to-date symlink: /home/jason/projects/unitree_sdk2_ws/install/unitree_api/local/lib/python3.10/dist-packages/unitree_api/unitree_api_s__rosidl_typesupport_fastrtps_c.cpython-310-x86_64-linux-gnu.so
[11.114s] -- Up-to-date symlink: /home/jason/projects/unitree_sdk2_ws/install/unitree_api/local/lib/python3.10/dist-packages/unitree_api/unitree_api_s__rosidl_typesupport_introspection_c.cpython-310-x86_64-linux-gnu.so
[11.114s] -- Up-to-date symlink: /home/jason/projects/unitree_sdk2_ws/install/unitree_api/local/lib/python3.10/dist-packages/unitree_api/unitree_api_s__rosidl_typesupport_c.cpython-310-x86_64-linux-gnu.so
[11.114s] -- Symlinking: /home/jason/projects/unitree_sdk2_ws/install/unitree_api/share/unitree_api/msg/Request.idl
[11.129s] -- Symlinking: /home/jason/projects/unitree_sdk2_ws/install/unitree_api/share/unitree_api/msg/RequestHeader.idl
[11.145s] -- Symlinking: /home/jason/projects/unitree_sdk2_ws/install/unitree_api/share/unitree_api/msg/RequestIdentity.idl
[11.173s] -- Symlinking: /home/jason/projects/unitree_sdk2_ws/install/unitree_api/share/unitree_api/msg/RequestLease.idl
[11.191s] -- Symlinking: /home/jason/projects/unitree_sdk2_ws/install/unitree_api/share/unitree_api/msg/RequestPolicy.idl
[11.216s] -- Symlinking: /home/jason/projects/unitree_sdk2_ws/install/unitree_api/share/unitree_api/msg/Response.idl
[11.226s] -- Symlinking: /home/jason/projects/unitree_sdk2_ws/install/unitree_api/share/unitree_api/msg/ResponseHeader.idl
[11.241s] -- Symlinking: /home/jason/projects/unitree_sdk2_ws/install/unitree_api/share/unitree_api/msg/ResponseStatus.idl
[11.256s] -- Symlinking: /home/jason/projects/unitree_sdk2_ws/install/unitree_api/share/unitree_api/msg/Request.msg
[11.271s] -- Symlinking: /home/jason/projects/unitree_sdk2_ws/install/unitree_api/share/unitree_api/msg/RequestHeader.msg
[11.286s] -- Symlinking: /home/jason/projects/unitree_sdk2_ws/install/unitree_api/share/unitree_api/msg/RequestIdentity.msg
[11.301s] -- Symlinking: /home/jason/projects/unitree_sdk2_ws/install/unitree_api/share/unitree_api/msg/RequestLease.msg
[11.327s] -- Symlinking: /home/jason/projects/unitree_sdk2_ws/install/unitree_api/share/unitree_api/msg/RequestPolicy.msg
[11.333s] -- Symlinking: /home/jason/projects/unitree_sdk2_ws/install/unitree_api/share/unitree_api/msg/Response.msg
[11.369s] -- Symlinking: /home/jason/projects/unitree_sdk2_ws/install/unitree_api/share/unitree_api/msg/ResponseHeader.msg
[11.383s] -- Symlinking: /home/jason/projects/unitree_sdk2_ws/install/unitree_api/share/unitree_api/msg/ResponseStatus.msg
[11.398s] -- Symlinking: /home/jason/projects/unitree_sdk2_ws/install/unitree_api/share/unitree_api/msg/dds_connext/RequestHeader_.idl
[11.407s] -- Symlinking: /home/jason/projects/unitree_sdk2_ws/install/unitree_api/share/unitree_api/msg/dds_connext/RequestIdentity_.idl
[11.424s] -- Symlinking: /home/jason/projects/unitree_sdk2_ws/install/unitree_api/share/unitree_api/msg/dds_connext/RequestLease_.idl
[11.436s] -- Symlinking: /home/jason/projects/unitree_sdk2_ws/install/unitree_api/share/unitree_api/msg/dds_connext/RequestPolicy_.idl
[11.451s] -- Symlinking: /home/jason/projects/unitree_sdk2_ws/install/unitree_api/share/unitree_api/msg/dds_connext/Request_.idl
[11.458s] -- Symlinking: /home/jason/projects/unitree_sdk2_ws/install/unitree_api/share/unitree_api/msg/dds_connext/ResponseHeader_.idl
[11.477s] -- Symlinking: /home/jason/projects/unitree_sdk2_ws/install/unitree_api/share/unitree_api/msg/dds_connext/ResponseStatus_.idl
[11.485s] -- Symlinking: /home/jason/projects/unitree_sdk2_ws/install/unitree_api/share/unitree_api/msg/dds_connext/Response_.idl
[11.503s] -- Symlinking: /home/jason/projects/unitree_sdk2_ws/install/unitree_api/share/ament_index/resource_index/package_run_dependencies/unitree_api
[11.520s] -- Symlinking: /home/jason/projects/unitree_sdk2_ws/install/unitree_api/share/ament_index/resource_index/parent_prefix_path/unitree_api
[11.535s] -- Symlinking: /home/jason/projects/unitree_sdk2_ws/install/unitree_api/share/unitree_api/environment/ament_prefix_path.sh
[11.550s] -- Symlinking: /home/jason/projects/unitree_sdk2_ws/install/unitree_api/share/unitree_api/environment/ament_prefix_path.dsv
[11.562s] -- Symlinking: /home/jason/projects/unitree_sdk2_ws/install/unitree_api/share/unitree_api/environment/path.sh
[11.581s] -- Symlinking: /home/jason/projects/unitree_sdk2_ws/install/unitree_api/share/unitree_api/environment/path.dsv
[11.594s] -- Symlinking: /home/jason/projects/unitree_sdk2_ws/install/unitree_api/share/unitree_api/local_setup.bash
[11.608s] -- Symlinking: /home/jason/projects/unitree_sdk2_ws/install/unitree_api/share/unitree_api/local_setup.sh
[11.616s] -- Symlinking: /home/jason/projects/unitree_sdk2_ws/install/unitree_api/share/unitree_api/local_setup.zsh
[11.627s] -- Symlinking: /home/jason/projects/unitree_sdk2_ws/install/unitree_api/share/unitree_api/local_setup.dsv
[11.640s] -- Symlinking: /home/jason/projects/unitree_sdk2_ws/install/unitree_api/share/unitree_api/package.dsv
[11.650s] -- Symlinking: /home/jason/projects/unitree_sdk2_ws/install/unitree_api/share/ament_index/resource_index/packages/unitree_api
[11.666s] -- Symlinking: /home/jason/projects/unitree_sdk2_ws/install/unitree_api/share/unitree_api/cmake/rosidl_cmake-extras.cmake
[11.688s] -- Symlinking: /home/jason/projects/unitree_sdk2_ws/install/unitree_api/share/unitree_api/cmake/ament_cmake_export_dependencies-extras.cmake
[11.706s] -- Symlinking: /home/jason/projects/unitree_sdk2_ws/install/unitree_api/share/unitree_api/cmake/ament_cmake_export_include_directories-extras.cmake
[11.725s] -- Symlinking: /home/jason/projects/unitree_sdk2_ws/install/unitree_api/share/unitree_api/cmake/ament_cmake_export_libraries-extras.cmake
[11.738s] -- Symlinking: /home/jason/projects/unitree_sdk2_ws/install/unitree_api/share/unitree_api/cmake/ament_cmake_export_targets-extras.cmake
[11.750s] -- Symlinking: /home/jason/projects/unitree_sdk2_ws/install/unitree_api/share/unitree_api/cmake/rosidl_cmake_export_typesupport_targets-extras.cmake
[11.760s] -- Symlinking: /home/jason/projects/unitree_sdk2_ws/install/unitree_api/share/unitree_api/cmake/rosidl_cmake_export_typesupport_libraries-extras.cmake
[11.775s] -- Symlinking: /home/jason/projects/unitree_sdk2_ws/install/unitree_api/share/unitree_api/cmake/unitree_apiConfig.cmake
[11.793s] -- Symlinking: /home/jason/projects/unitree_sdk2_ws/install/unitree_api/share/unitree_api/cmake/unitree_apiConfig-version.cmake
[11.810s] -- Symlinking: /home/jason/projects/unitree_sdk2_ws/install/unitree_api/share/unitree_api/package.xml
[11.823s] -- Installing: /home/jason/projects/unitree_sdk2_ws/install/unitree_api/lib/libunitree_api__rosidl_generator_c.so
[11.823s] -- Set runtime path of "/home/jason/projects/unitree_sdk2_ws/install/unitree_api/lib/libunitree_api__rosidl_generator_c.so" to ""
[11.823s] -- Installing: /home/jason/projects/unitree_sdk2_ws/install/unitree_api/lib/libunitree_api__rosidl_typesupport_fastrtps_c.so
[11.824s] -- Set runtime path of "/home/jason/projects/unitree_sdk2_ws/install/unitree_api/lib/libunitree_api__rosidl_typesupport_fastrtps_c.so" to ""
[11.824s] -- Installing: /home/jason/projects/unitree_sdk2_ws/install/unitree_api/lib/libunitree_api__rosidl_typesupport_fastrtps_cpp.so
[11.824s] -- Set runtime path of "/home/jason/projects/unitree_sdk2_ws/install/unitree_api/lib/libunitree_api__rosidl_typesupport_fastrtps_cpp.so" to ""
[11.824s] -- Installing: /home/jason/projects/unitree_sdk2_ws/install/unitree_api/lib/libunitree_api__rosidl_typesupport_introspection_c.so
[11.824s] -- Set runtime path of "/home/jason/projects/unitree_sdk2_ws/install/unitree_api/lib/libunitree_api__rosidl_typesupport_introspection_c.so" to ""
[11.824s] -- Installing: /home/jason/projects/unitree_sdk2_ws/install/unitree_api/lib/libunitree_api__rosidl_typesupport_c.so
[11.824s] -- Set runtime path of "/home/jason/projects/unitree_sdk2_ws/install/unitree_api/lib/libunitree_api__rosidl_typesupport_c.so" to ""
[11.824s] -- Installing: /home/jason/projects/unitree_sdk2_ws/install/unitree_api/lib/libunitree_api__rosidl_typesupport_introspection_cpp.so
[11.825s] -- Set runtime path of "/home/jason/projects/unitree_sdk2_ws/install/unitree_api/lib/libunitree_api__rosidl_typesupport_introspection_cpp.so" to ""
[11.825s] -- Installing: /home/jason/projects/unitree_sdk2_ws/install/unitree_api/lib/libunitree_api__rosidl_typesupport_cpp.so
[11.825s] -- Set runtime path of "/home/jason/projects/unitree_sdk2_ws/install/unitree_api/lib/libunitree_api__rosidl_typesupport_cpp.so" to ""
[11.878s] Listing '/home/jason/projects/unitree_sdk2_ws/install/unitree_api/local/lib/python3.10/dist-packages/unitree_api'...
[11.878s] Compiling '/home/jason/projects/unitree_sdk2_ws/install/unitree_api/local/lib/python3.10/dist-packages/unitree_api/__init__.py'...
[11.878s] Listing '/home/jason/projects/unitree_sdk2_ws/install/unitree_api/local/lib/python3.10/dist-packages/unitree_api/msg'...
[11.878s] Compiling '/home/jason/projects/unitree_sdk2_ws/install/unitree_api/local/lib/python3.10/dist-packages/unitree_api/msg/__init__.py'...
[11.878s] Compiling '/home/jason/projects/unitree_sdk2_ws/install/unitree_api/local/lib/python3.10/dist-packages/unitree_api/msg/_request.py'...
[11.878s] Compiling '/home/jason/projects/unitree_sdk2_ws/install/unitree_api/local/lib/python3.10/dist-packages/unitree_api/msg/_request_header.py'...
[11.878s] Compiling '/home/jason/projects/unitree_sdk2_ws/install/unitree_api/local/lib/python3.10/dist-packages/unitree_api/msg/_request_identity.py'...
[11.878s] Compiling '/home/jason/projects/unitree_sdk2_ws/install/unitree_api/local/lib/python3.10/dist-packages/unitree_api/msg/_request_lease.py'...
[11.878s] Compiling '/home/jason/projects/unitree_sdk2_ws/install/unitree_api/local/lib/python3.10/dist-packages/unitree_api/msg/_request_policy.py'...
[11.878s] Compiling '/home/jason/projects/unitree_sdk2_ws/install/unitree_api/local/lib/python3.10/dist-packages/unitree_api/msg/_response.py'...
[11.878s] Compiling '/home/jason/projects/unitree_sdk2_ws/install/unitree_api/local/lib/python3.10/dist-packages/unitree_api/msg/_response_header.py'...
[11.878s] Compiling '/home/jason/projects/unitree_sdk2_ws/install/unitree_api/local/lib/python3.10/dist-packages/unitree_api/msg/_response_status.py'...
[11.895s] -- Installing: /home/jason/projects/unitree_sdk2_ws/install/unitree_api/lib/libunitree_api__rosidl_generator_py.so
[11.896s] -- Set runtime path of "/home/jason/projects/unitree_sdk2_ws/install/unitree_api/lib/libunitree_api__rosidl_generator_py.so" to ""
[11.896s] -- Installing: /home/jason/projects/unitree_sdk2_ws/install/unitree_api/share/unitree_api/cmake/export_unitree_api__rosidl_generator_cExport.cmake
[11.897s] -- Installing: /home/jason/projects/unitree_sdk2_ws/install/unitree_api/share/unitree_api/cmake/export_unitree_api__rosidl_generator_cExport-noconfig.cmake
[11.897s] -- Installing: /home/jason/projects/unitree_sdk2_ws/install/unitree_api/share/unitree_api/cmake/export_unitree_api__rosidl_typesupport_fastrtps_cExport.cmake
[11.897s] -- Installing: /home/jason/projects/unitree_sdk2_ws/install/unitree_api/share/unitree_api/cmake/export_unitree_api__rosidl_typesupport_fastrtps_cExport-noconfig.cmake
[11.897s] -- Installing: /home/jason/projects/unitree_sdk2_ws/install/unitree_api/share/unitree_api/cmake/export_unitree_api__rosidl_generator_cppExport.cmake
[11.897s] -- Installing: /home/jason/projects/unitree_sdk2_ws/install/unitree_api/share/unitree_api/cmake/export_unitree_api__rosidl_typesupport_fastrtps_cppExport.cmake
[11.897s] -- Installing: /home/jason/projects/unitree_sdk2_ws/install/unitree_api/share/unitree_api/cmake/export_unitree_api__rosidl_typesupport_fastrtps_cppExport-noconfig.cmake
[11.898s] -- Installing: /home/jason/projects/unitree_sdk2_ws/install/unitree_api/share/unitree_api/cmake/unitree_api__rosidl_typesupport_introspection_cExport.cmake
[11.898s] -- Installing: /home/jason/projects/unitree_sdk2_ws/install/unitree_api/share/unitree_api/cmake/unitree_api__rosidl_typesupport_introspection_cExport-noconfig.cmake
[11.898s] -- Installing: /home/jason/projects/unitree_sdk2_ws/install/unitree_api/share/unitree_api/cmake/unitree_api__rosidl_typesupport_cExport.cmake
[11.898s] -- Installing: /home/jason/projects/unitree_sdk2_ws/install/unitree_api/share/unitree_api/cmake/unitree_api__rosidl_typesupport_cExport-noconfig.cmake
[11.898s] -- Installing: /home/jason/projects/unitree_sdk2_ws/install/unitree_api/share/unitree_api/cmake/unitree_api__rosidl_typesupport_introspection_cppExport.cmake
[11.898s] -- Installing: /home/jason/projects/unitree_sdk2_ws/install/unitree_api/share/unitree_api/cmake/unitree_api__rosidl_typesupport_introspection_cppExport-noconfig.cmake
[11.898s] -- Installing: /home/jason/projects/unitree_sdk2_ws/install/unitree_api/share/unitree_api/cmake/unitree_api__rosidl_typesupport_cppExport.cmake
[11.898s] -- Installing: /home/jason/projects/unitree_sdk2_ws/install/unitree_api/share/unitree_api/cmake/unitree_api__rosidl_typesupport_cppExport-noconfig.cmake
[11.904s] -- Installing: /home/jason/projects/unitree_sdk2_ws/install/unitree_api/share/unitree_api/cmake/export_unitree_api__rosidl_generator_pyExport.cmake
[11.904s] -- Installing: /home/jason/projects/unitree_sdk2_ws/install/unitree_api/share/unitree_api/cmake/export_unitree_api__rosidl_generator_pyExport-noconfig.cmake
[11.905s] Invoked command in '/home/jason/projects/unitree_sdk2_ws/build/unitree_api' returned '0': CMAKE_PREFIX_PATH=${CMAKE_PREFIX_PATH}:/opt/ros/humble /usr/bin/cmake --install /home/jason/projects/unitree_sdk2_ws/build/unitree_api
