[0.023s] Invoking command in '/home/jason/projects/motion_control_go2/build/stand_go2': CMAKE_PREFIX_PATH=${CMAKE_PREFIX_PATH}:/home/jason/projects/motion_control_go2/install/stand_go2:/home/jason/projects/motion_control_go2/install/robot_viz_cpp:/opt/ros/humble /usr/bin/cmake /home/jason/projects/motion_control_go2/src/unitree_mujoco/example/ros2 -DAMENT_CMAKE_SYMLINK_INSTALL=1 -DCMAKE_INSTALL_PREFIX=/home/jason/projects/motion_control_go2/install/stand_go2
[0.080s] -- The C compiler identification is GNU 11.4.0
[0.114s] -- The CXX compiler identification is GNU 11.4.0
[0.119s] -- Detecting C compiler ABI info
[0.167s] -- Detecting C compiler ABI info - done
[0.170s] -- Check for working C compiler: /usr/bin/cc - skipped
[0.170s] -- Detecting C compile features
[0.170s] -- Detecting C compile features - done
[0.171s] -- Detecting CXX compiler ABI info
[0.225s] -- Detecting CXX compiler ABI info - done
[0.230s] -- Check for working CXX compiler: /usr/bin/c++ - skipped
[0.230s] -- Detecting CXX compile features
[0.230s] -- Detecting CXX compile features - done
[0.231s] -- Found ament_cmake: 1.3.12 (/opt/ros/humble/share/ament_cmake/cmake)
[0.322s] -- Found Python3: /usr/bin/python3 (found version "3.10.12") found components: Interpreter 
[0.350s] -- Override CMake install command with custom implementation using symlinks instead of copying resources
[0.366s] [31mCMake Error at CMakeLists.txt:30 (find_package):
[0.366s]   By not providing "Findunitree_go.cmake" in CMAKE_MODULE_PATH this project
[0.366s]   has asked CMake to find a package configuration file provided by
[0.366s]   "unitree_go", but CMake did not find one.
[0.366s] 
[0.366s]   Could not find a package configuration file provided by "unitree_go" with
[0.366s]   any of the following names:
[0.366s] 
[0.366s]     unitree_goConfig.cmake
[0.366s]     unitree_go-config.cmake
[0.366s] 
[0.366s]   Add the installation prefix of "unitree_go" to CMAKE_PREFIX_PATH or set
[0.366s]   "unitree_go_DIR" to a directory containing one of the above files.  If
[0.366s]   "unitree_go" provides a separate development package or SDK, be sure it has
[0.366s]   been installed.
[0.366s] 
[0.366s] [0m
[0.367s] -- Configuring incomplete, errors occurred!
[0.367s] See also "/home/jason/projects/motion_control_go2/build/stand_go2/CMakeFiles/CMakeOutput.log".
