-- The C compiler identification is GNU 11.4.0
-- The CXX compiler identification is GNU 11.4.0
-- Detecting C compiler ABI info
-- Detecting C compiler ABI info - done
-- Check for working C compiler: /usr/bin/cc - skipped
-- Detecting C compile features
-- Detecting C compile features - done
-- Detecting CXX compiler ABI info
-- Detecting CXX compiler ABI info - done
-- Check for working CXX compiler: /usr/bin/c++ - skipped
-- Detecting CXX compile features
-- Detecting CXX compile features - done
-- Setting build type to 'Release' as none was specified.
-- Performing Test CAN_BUILD_AVX
-- Performing Test CAN_BUILD_AVX - Success
-- Performing Test SUPPORTS_LLD
-- Performing Test SUPPORTS_LLD - Failed
-- Performing Test SUPPORTS_GOLD
-- Performing Test SUPPORTS_GOLD - Success
-- Performing Test SUPPORTS_GC_SECTIONS
-- Performing Test SUPPORTS_GC_SECTIONS - Success
-- mujoco::FindOrFetch: checking for targets in package `qhull`
-- mujoco::FindOrFetch: checking for targets in package `qhull` - target `qhull` not defined.
-- mujoco::FindOrFetch: Using FetchContent to retrieve `qhull`
-- Looking for sys/types.h
-- Looking for sys/types.h - found
-- Looking for inttypes.h
-- Looking for inttypes.h - found
-- Looking for stddef.h
-- Looking for stddef.h - found
-- Looking for stdint.h
-- Looking for stdint.h - found
-- Check size of off_t
-- Check size of off_t - done
-- Looking for fseeko
-- Looking for fseeko - found
-- Looking for ftello
-- Looking for ftello - found
-- Looking for PRIdMAX
-- Looking for PRIdMAX - found
-- 
-- ========== qhull Build Information ==========
-- Build Version:                             8.1-alpha3
-- Install Prefix (CMAKE_INSTALL_PREFIX):     /home/jason/projects/motion_control_go2/install/mujoco
-- Binary Directory (CMAKE_INSTALL_BINDIR):   bin
-- Library Directory (CMAKE_INSTALL_LIBDIR):  lib
-- Include Directory (CMAKE_INSTALL_INCLUDEDIR): include
-- Documentation Directory (CMAKE_INSTALL_DOCDIR): share/doc/mujoco
-- Man Pages Directory (CMAKE_INSTALL_MANDIR): share/man
-- Build Type (CMAKE_BUILD_TYPE):             Release
-- Build static libraries:                    ON
-- Build shared library:                      OFF
-- Use shared library for linking apps:       OFF
-- Build tests:				   OFF
-- To override these options, add -D{OPTION_NAME}=... to the cmake command
--   Build the debug targets                  -DCMAKE_BUILD_TYPE=Debug
-- 
-- To build and install qhull, enter "make" and "make install"
-- To smoketest qhull, enter "ctest"
-- 
-- mujoco::FindOrFetch: Using FetchContent to retrieve `qhull` - Done
-- mujoco::FindOrFetch: checking for targets in package `tinyxml2`
-- mujoco::FindOrFetch: checking for targets in package `tinyxml2` - target `tinyxml2` not defined.
-- mujoco::FindOrFetch: Using FetchContent to retrieve `tinyxml2`
-- mujoco::FindOrFetch: Using FetchContent to retrieve `tinyxml2` - Done
-- mujoco::FindOrFetch: checking for targets in package `tinyobjloader`
-- mujoco::FindOrFetch: checking for targets in package `tinyobjloader` - target `tinyobjloader` not defined.
-- mujoco::FindOrFetch: Using FetchContent to retrieve `tinyobjloader`
[0mCMake Deprecation Warning at /home/jason/projects/motion_control_go2/build/mujoco/_deps/tinyobjloader-src/CMakeLists.txt:5 (cmake_minimum_required):
  Compatibility with CMake < 2.8.12 will be removed from a future version of
  CMake.

  Update the VERSION argument <min> value or use a ...<max> suffix to tell
  CMake that the project does not need compatibility with older versions.

[0m
-- mujoco::FindOrFetch: Using FetchContent to retrieve `tinyobjloader` - Done
-- mujoco::FindOrFetch: checking for targets in package `ccd`
-- mujoco::FindOrFetch: checking for targets in package `ccd` - target `ccd` not defined.
-- mujoco::FindOrFetch: Using FetchContent to retrieve `ccd`
[0mCMake Deprecation Warning at /home/jason/projects/motion_control_go2/build/mujoco/_deps/ccd-src/CMakeLists.txt:1 (cmake_minimum_required):
  Compatibility with CMake < 2.8.12 will be removed from a future version of
  CMake.

  Update the VERSION argument <min> value or use a ...<max> suffix to tell
  CMake that the project does not need compatibility with older versions.

[0m
[33mCMake Warning (dev) at /home/jason/projects/motion_control_go2/build/mujoco/_deps/ccd-src/CMakeLists.txt:9 (project):
  Policy CMP0048 is not set: project() command manages VERSION variables.
  Run "cmake --help-policy CMP0048" for policy details.  Use the cmake_policy
  command to set the policy and suppress this warning.

  The following variable(s) would be set to empty:

    PROJECT_VERSION
    PROJECT_VERSION_MAJOR
    PROJECT_VERSION_MINOR
    PROJECT_VERSION_PATCH
This warning is for project developers.  Use -Wno-dev to suppress it.
[0m
-- Performing Test COMPILER_SUPPORTS_VISIBILITY
-- Performing Test COMPILER_SUPPORTS_VISIBILITY - Success
-- mujoco::FindOrFetch: Using FetchContent to retrieve `ccd` - Done
-- mujoco::FindOrFetch: checking for targets in package `absl`
-- mujoco::FindOrFetch: checking for targets in package `absl` - target `absl::core_headers` not defined.
-- mujoco::FindOrFetch: Using FetchContent to retrieve `abseil-cpp`
-- Performing Test ABSL_INTERNAL_AT_LEAST_CXX17
-- Performing Test ABSL_INTERNAL_AT_LEAST_CXX17 - Success
-- Performing Test ABSL_INTERNAL_AT_LEAST_CXX20
-- Performing Test ABSL_INTERNAL_AT_LEAST_CXX20 - Failed
-- Looking for pthread.h
-- Looking for pthread.h - found
-- Performing Test CMAKE_HAVE_LIBC_PTHREAD
-- Performing Test CMAKE_HAVE_LIBC_PTHREAD - Success
-- Found Threads: TRUE  
-- mujoco::FindOrFetch: Using FetchContent to retrieve `abseil-cpp` - Done
-- mujoco::FindOrFetch: checking for targets in package `GTest`
-- mujoco::FindOrFetch: checking for targets in package `GTest` - target `gtest` not defined.
-- mujoco::FindOrFetch: Using FetchContent to retrieve `googletest`
-- mujoco::FindOrFetch: Using FetchContent to retrieve `googletest` - Done
-- mujoco::FindOrFetch: checking for targets in package `benchmark`
-- mujoco::FindOrFetch: checking for targets in package `benchmark` - target `benchmark::benchmark` not defined.
-- mujoco::FindOrFetch: Using FetchContent to retrieve `benchmark`
-- Failed to find LLVM FileCheck
-- Found Git: /usr/bin/git (found version "2.34.1") 
-- Google Benchmark version: v1.9.1-20-g049f6e79, normalized to 1.9.1.20
-- Looking for shm_open in rt
-- Looking for shm_open in rt - found
-- Performing Test HAVE_CXX_FLAG_WALL
-- Performing Test HAVE_CXX_FLAG_WALL - Success
-- Performing Test HAVE_CXX_FLAG_WEXTRA
-- Performing Test HAVE_CXX_FLAG_WEXTRA - Success
-- Performing Test HAVE_CXX_FLAG_WSHADOW
-- Performing Test HAVE_CXX_FLAG_WSHADOW - Success
-- Performing Test HAVE_CXX_FLAG_WFLOAT_EQUAL
-- Performing Test HAVE_CXX_FLAG_WFLOAT_EQUAL - Success
-- Performing Test HAVE_CXX_FLAG_WOLD_STYLE_CAST
-- Performing Test HAVE_CXX_FLAG_WOLD_STYLE_CAST - Success
-- Performing Test HAVE_CXX_FLAG_WCONVERSION
-- Performing Test HAVE_CXX_FLAG_WCONVERSION - Success
-- Performing Test HAVE_CXX_FLAG_WERROR
-- Performing Test HAVE_CXX_FLAG_WERROR - Success
-- Performing Test HAVE_CXX_FLAG_WSUGGEST_OVERRIDE
-- Performing Test HAVE_CXX_FLAG_WSUGGEST_OVERRIDE - Success
-- Performing Test HAVE_CXX_FLAG_PEDANTIC
-- Performing Test HAVE_CXX_FLAG_PEDANTIC - Success
-- Performing Test HAVE_CXX_FLAG_PEDANTIC_ERRORS
-- Performing Test HAVE_CXX_FLAG_PEDANTIC_ERRORS - Success
-- Performing Test HAVE_CXX_FLAG_WSHORTEN_64_TO_32
-- Performing Test HAVE_CXX_FLAG_WSHORTEN_64_TO_32 - Failed
-- Performing Test HAVE_CXX_FLAG_FSTRICT_ALIASING
-- Performing Test HAVE_CXX_FLAG_FSTRICT_ALIASING - Success
-- Performing Test HAVE_CXX_FLAG_WNO_DEPRECATED_DECLARATIONS
-- Performing Test HAVE_CXX_FLAG_WNO_DEPRECATED_DECLARATIONS - Success
-- Performing Test HAVE_CXX_FLAG_WNO_DEPRECATED
-- Performing Test HAVE_CXX_FLAG_WNO_DEPRECATED - Success
-- Performing Test HAVE_CXX_FLAG_WSTRICT_ALIASING
-- Performing Test HAVE_CXX_FLAG_WSTRICT_ALIASING - Success
-- Performing Test HAVE_CXX_FLAG_WD654
-- Performing Test HAVE_CXX_FLAG_WD654 - Failed
-- Performing Test HAVE_CXX_FLAG_WTHREAD_SAFETY
-- Performing Test HAVE_CXX_FLAG_WTHREAD_SAFETY - Failed
-- Performing Test HAVE_CXX_FLAG_COVERAGE
-- Performing Test HAVE_CXX_FLAG_COVERAGE - Success
-- Compiling and running to test HAVE_STD_REGEX
-- Performing Test HAVE_STD_REGEX -- success
-- Compiling and running to test HAVE_GNU_POSIX_REGEX
-- Performing Test HAVE_GNU_POSIX_REGEX -- failed to compile
-- Compiling and running to test HAVE_POSIX_REGEX
-- Performing Test HAVE_POSIX_REGEX -- success
-- Compiling and running to test HAVE_STEADY_CLOCK
-- Performing Test HAVE_STEADY_CLOCK -- success
-- Compiling and running to test HAVE_PTHREAD_AFFINITY
-- Performing Test HAVE_PTHREAD_AFFINITY -- success
-- mujoco::FindOrFetch: Using FetchContent to retrieve `benchmark` - Done
-- mujoco::FindOrFetch: checking for targets in package `mujoco`
-- mujoco::FindOrFetch: checking for targets in package `mujoco` - found
-- mujoco::FindOrFetch: checking for targets in package `glfw3`
-- mujoco::FindOrFetch: checking for targets in package `glfw3` - target `glfw` not defined.
-- mujoco::FindOrFetch: Using FetchContent to retrieve `glfw3`
-- Including Wayland support
-- Including X11 support
-- Looking for memfd_create
-- Looking for memfd_create - found
-- Found PkgConfig: /usr/bin/pkg-config (found version "0.29.2") 
-- Checking for modules 'wayland-client>=0.2.7;wayland-cursor>=0.2.7;wayland-egl>=0.2.7;xkbcommon>=0.5.0'
--   Found wayland-client, version 1.20.0
--   Found wayland-cursor, version 1.20.0
--   Found wayland-egl, version 18.1.0
--   Found xkbcommon, version 1.4.0
-- Found X11: /usr/include   
-- Looking for XOpenDisplay in /usr/lib/x86_64-linux-gnu/libX11.so;/usr/lib/x86_64-linux-gnu/libXext.so
-- Looking for XOpenDisplay in /usr/lib/x86_64-linux-gnu/libX11.so;/usr/lib/x86_64-linux-gnu/libXext.so - found
-- Looking for gethostbyname
-- Looking for gethostbyname - found
-- Looking for connect
-- Looking for connect - found
-- Looking for remove
-- Looking for remove - found
-- Looking for shmat
-- Looking for shmat - found
-- Looking for IceConnectionNumber in ICE
-- Looking for IceConnectionNumber in ICE - found
-- mujoco::FindOrFetch: Using FetchContent to retrieve `glfw3` - Done
-- mujoco::FindOrFetch: checking for targets in package `mujoco`
-- mujoco::FindOrFetch: checking for targets in package `mujoco` - found
-- mujoco::FindOrFetch: checking for targets in package `glfw3`
-- mujoco::FindOrFetch: checking for targets in package `glfw3` - found
-- Configuring done
-- Generating done
-- Build files have been written to: /home/jason/projects/motion_control_go2/build/mujoco
