The system is: Linux - 6.8.0-83-generic - x86_64
Compiling the C compiler identification source file "CMakeCCompilerId.c" succeeded.
Compiler: /usr/bin/cc 
Build flags: 
Id flags:  

The output was:
0


Compilation of the C compiler identification source "CMakeCCompilerId.c" produced "a.out"

The C compiler identification is GNU, found in "/home/jason/projects/motion_control_go2/src/build/mujoco/CMakeFiles/3.22.1/CompilerIdC/a.out"

Compiling the CXX compiler identification source file "CMakeCXXCompilerId.cpp" succeeded.
Compiler: /usr/bin/c++ 
Build flags: 
Id flags:  

The output was:
0


Compilation of the CXX compiler identification source "CMakeCXXCompilerId.cpp" produced "a.out"

The CXX compiler identification is GNU, found in "/home/jason/projects/motion_control_go2/src/build/mujoco/CMakeFiles/3.22.1/CompilerIdCXX/a.out"

Detecting C compiler ABI info compiled with the following output:
Change Dir: /home/jason/projects/motion_control_go2/src/build/mujoco/CMakeFiles/CMakeTmp

Run Build Command(s):/usr/bin/gmake -f Makefile cmTC_d8b39/fast && /usr/bin/gmake  -f CMakeFiles/cmTC_d8b39.dir/build.make CMakeFiles/cmTC_d8b39.dir/build
gmake[1]: Entering directory '/home/jason/projects/motion_control_go2/src/build/mujoco/CMakeFiles/CMakeTmp'
Building C object CMakeFiles/cmTC_d8b39.dir/CMakeCCompilerABI.c.o
/usr/bin/cc   -v -o CMakeFiles/cmTC_d8b39.dir/CMakeCCompilerABI.c.o -c /usr/share/cmake-3.22/Modules/CMakeCCompilerABI.c
Using built-in specs.
COLLECT_GCC=/usr/bin/cc
OFFLOAD_TARGET_NAMES=nvptx-none:amdgcn-amdhsa
OFFLOAD_TARGET_DEFAULT=1
Target: x86_64-linux-gnu
Configured with: ../src/configure -v --with-pkgversion='Ubuntu 11.4.0-1ubuntu1~22.04.2' --with-bugurl=file:///usr/share/doc/gcc-11/README.Bugs --enable-languages=c,ada,c++,go,brig,d,fortran,objc,obj-c++,m2 --prefix=/usr --with-gcc-major-version-only --program-suffix=-11 --program-prefix=x86_64-linux-gnu- --enable-shared --enable-linker-build-id --libexecdir=/usr/lib --without-included-gettext --enable-threads=posix --libdir=/usr/lib --enable-nls --enable-bootstrap --enable-clocale=gnu --enable-libstdcxx-debug --enable-libstdcxx-time=yes --with-default-libstdcxx-abi=new --enable-gnu-unique-object --disable-vtable-verify --enable-plugin --enable-default-pie --with-system-zlib --enable-libphobos-checking=release --with-target-system-zlib=auto --enable-objc-gc=auto --enable-multiarch --disable-werror --enable-cet --with-arch-32=i686 --with-abi=m64 --with-multilib-list=m32,m64,mx32 --enable-multilib --with-tune=generic --enable-offload-targets=nvptx-none=/build/gcc-11-2Y5pKs/gcc-11-11.4.0/debian/tmp-nvptx/usr,amdgcn-amdhsa=/build/gcc-11-2Y5pKs/gcc-11-11.4.0/debian/tmp-gcn/usr --without-cuda-driver --enable-checking=release --build=x86_64-linux-gnu --host=x86_64-linux-gnu --target=x86_64-linux-gnu --with-build-config=bootstrap-lto-lean --enable-link-serialization=2
Thread model: posix
Supported LTO compression algorithms: zlib zstd
gcc version 11.4.0 (Ubuntu 11.4.0-1ubuntu1~22.04.2) 
COLLECT_GCC_OPTIONS='-v' '-o' 'CMakeFiles/cmTC_d8b39.dir/CMakeCCompilerABI.c.o' '-c' '-mtune=generic' '-march=x86-64' '-dumpdir' 'CMakeFiles/cmTC_d8b39.dir/'
 /usr/lib/gcc/x86_64-linux-gnu/11/cc1 -quiet -v -imultiarch x86_64-linux-gnu /usr/share/cmake-3.22/Modules/CMakeCCompilerABI.c -quiet -dumpdir CMakeFiles/cmTC_d8b39.dir/ -dumpbase CMakeCCompilerABI.c.c -dumpbase-ext .c -mtune=generic -march=x86-64 -version -fasynchronous-unwind-tables -fstack-protector-strong -Wformat -Wformat-security -fstack-clash-protection -fcf-protection -o /tmp/ccvt6N9Y.s
GNU C17 (Ubuntu 11.4.0-1ubuntu1~22.04.2) version 11.4.0 (x86_64-linux-gnu)
	compiled by GNU C version 11.4.0, GMP version 6.2.1, MPFR version 4.1.0, MPC version 1.2.1, isl version isl-0.24-GMP

GGC heuristics: --param ggc-min-expand=100 --param ggc-min-heapsize=131072
ignoring nonexistent directory "/usr/local/include/x86_64-linux-gnu"
ignoring nonexistent directory "/usr/lib/gcc/x86_64-linux-gnu/11/include-fixed"
ignoring nonexistent directory "/usr/lib/gcc/x86_64-linux-gnu/11/../../../../x86_64-linux-gnu/include"
#include "..." search starts here:
#include <...> search starts here:
 /usr/lib/gcc/x86_64-linux-gnu/11/include
 /usr/local/include
 /usr/include/x86_64-linux-gnu
 /usr/include
End of search list.
GNU C17 (Ubuntu 11.4.0-1ubuntu1~22.04.2) version 11.4.0 (x86_64-linux-gnu)
	compiled by GNU C version 11.4.0, GMP version 6.2.1, MPFR version 4.1.0, MPC version 1.2.1, isl version isl-0.24-GMP

GGC heuristics: --param ggc-min-expand=100 --param ggc-min-heapsize=131072
Compiler executable checksum: 4011c2103cba78949d7e02d0f0047a3d
COLLECT_GCC_OPTIONS='-v' '-o' 'CMakeFiles/cmTC_d8b39.dir/CMakeCCompilerABI.c.o' '-c' '-mtune=generic' '-march=x86-64' '-dumpdir' 'CMakeFiles/cmTC_d8b39.dir/'
 as -v --64 -o CMakeFiles/cmTC_d8b39.dir/CMakeCCompilerABI.c.o /tmp/ccvt6N9Y.s
GNU assembler version 2.38 (x86_64-linux-gnu) using BFD version (GNU Binutils for Ubuntu) 2.38
COMPILER_PATH=/usr/lib/gcc/x86_64-linux-gnu/11/:/usr/lib/gcc/x86_64-linux-gnu/11/:/usr/lib/gcc/x86_64-linux-gnu/:/usr/lib/gcc/x86_64-linux-gnu/11/:/usr/lib/gcc/x86_64-linux-gnu/
LIBRARY_PATH=/usr/lib/gcc/x86_64-linux-gnu/11/:/usr/lib/gcc/x86_64-linux-gnu/11/../../../x86_64-linux-gnu/:/usr/lib/gcc/x86_64-linux-gnu/11/../../../../lib/:/lib/x86_64-linux-gnu/:/lib/../lib/:/usr/lib/x86_64-linux-gnu/:/usr/lib/../lib/:/usr/lib/gcc/x86_64-linux-gnu/11/../../../:/lib/:/usr/lib/
COLLECT_GCC_OPTIONS='-v' '-o' 'CMakeFiles/cmTC_d8b39.dir/CMakeCCompilerABI.c.o' '-c' '-mtune=generic' '-march=x86-64' '-dumpdir' 'CMakeFiles/cmTC_d8b39.dir/CMakeCCompilerABI.c.'
Linking C executable cmTC_d8b39
/usr/bin/cmake -E cmake_link_script CMakeFiles/cmTC_d8b39.dir/link.txt --verbose=1
/usr/bin/cc  -v CMakeFiles/cmTC_d8b39.dir/CMakeCCompilerABI.c.o -o cmTC_d8b39 
Using built-in specs.
COLLECT_GCC=/usr/bin/cc
COLLECT_LTO_WRAPPER=/usr/lib/gcc/x86_64-linux-gnu/11/lto-wrapper
OFFLOAD_TARGET_NAMES=nvptx-none:amdgcn-amdhsa
OFFLOAD_TARGET_DEFAULT=1
Target: x86_64-linux-gnu
Configured with: ../src/configure -v --with-pkgversion='Ubuntu 11.4.0-1ubuntu1~22.04.2' --with-bugurl=file:///usr/share/doc/gcc-11/README.Bugs --enable-languages=c,ada,c++,go,brig,d,fortran,objc,obj-c++,m2 --prefix=/usr --with-gcc-major-version-only --program-suffix=-11 --program-prefix=x86_64-linux-gnu- --enable-shared --enable-linker-build-id --libexecdir=/usr/lib --without-included-gettext --enable-threads=posix --libdir=/usr/lib --enable-nls --enable-bootstrap --enable-clocale=gnu --enable-libstdcxx-debug --enable-libstdcxx-time=yes --with-default-libstdcxx-abi=new --enable-gnu-unique-object --disable-vtable-verify --enable-plugin --enable-default-pie --with-system-zlib --enable-libphobos-checking=release --with-target-system-zlib=auto --enable-objc-gc=auto --enable-multiarch --disable-werror --enable-cet --with-arch-32=i686 --with-abi=m64 --with-multilib-list=m32,m64,mx32 --enable-multilib --with-tune=generic --enable-offload-targets=nvptx-none=/build/gcc-11-2Y5pKs/gcc-11-11.4.0/debian/tmp-nvptx/usr,amdgcn-amdhsa=/build/gcc-11-2Y5pKs/gcc-11-11.4.0/debian/tmp-gcn/usr --without-cuda-driver --enable-checking=release --build=x86_64-linux-gnu --host=x86_64-linux-gnu --target=x86_64-linux-gnu --with-build-config=bootstrap-lto-lean --enable-link-serialization=2
Thread model: posix
Supported LTO compression algorithms: zlib zstd
gcc version 11.4.0 (Ubuntu 11.4.0-1ubuntu1~22.04.2) 
COMPILER_PATH=/usr/lib/gcc/x86_64-linux-gnu/11/:/usr/lib/gcc/x86_64-linux-gnu/11/:/usr/lib/gcc/x86_64-linux-gnu/:/usr/lib/gcc/x86_64-linux-gnu/11/:/usr/lib/gcc/x86_64-linux-gnu/
LIBRARY_PATH=/usr/lib/gcc/x86_64-linux-gnu/11/:/usr/lib/gcc/x86_64-linux-gnu/11/../../../x86_64-linux-gnu/:/usr/lib/gcc/x86_64-linux-gnu/11/../../../../lib/:/lib/x86_64-linux-gnu/:/lib/../lib/:/usr/lib/x86_64-linux-gnu/:/usr/lib/../lib/:/usr/lib/gcc/x86_64-linux-gnu/11/../../../:/lib/:/usr/lib/
COLLECT_GCC_OPTIONS='-v' '-o' 'cmTC_d8b39' '-mtune=generic' '-march=x86-64' '-dumpdir' 'cmTC_d8b39.'
 /usr/lib/gcc/x86_64-linux-gnu/11/collect2 -plugin /usr/lib/gcc/x86_64-linux-gnu/11/liblto_plugin.so -plugin-opt=/usr/lib/gcc/x86_64-linux-gnu/11/lto-wrapper -plugin-opt=-fresolution=/tmp/ccqEWvHk.res -plugin-opt=-pass-through=-lgcc -plugin-opt=-pass-through=-lgcc_s -plugin-opt=-pass-through=-lc -plugin-opt=-pass-through=-lgcc -plugin-opt=-pass-through=-lgcc_s --build-id --eh-frame-hdr -m elf_x86_64 --hash-style=gnu --as-needed -dynamic-linker /lib64/ld-linux-x86-64.so.2 -pie -z now -z relro -o cmTC_d8b39 /usr/lib/gcc/x86_64-linux-gnu/11/../../../x86_64-linux-gnu/Scrt1.o /usr/lib/gcc/x86_64-linux-gnu/11/../../../x86_64-linux-gnu/crti.o /usr/lib/gcc/x86_64-linux-gnu/11/crtbeginS.o -L/usr/lib/gcc/x86_64-linux-gnu/11 -L/usr/lib/gcc/x86_64-linux-gnu/11/../../../x86_64-linux-gnu -L/usr/lib/gcc/x86_64-linux-gnu/11/../../../../lib -L/lib/x86_64-linux-gnu -L/lib/../lib -L/usr/lib/x86_64-linux-gnu -L/usr/lib/../lib -L/usr/lib/gcc/x86_64-linux-gnu/11/../../.. CMakeFiles/cmTC_d8b39.dir/CMakeCCompilerABI.c.o -lgcc --push-state --as-needed -lgcc_s --pop-state -lc -lgcc --push-state --as-needed -lgcc_s --pop-state /usr/lib/gcc/x86_64-linux-gnu/11/crtendS.o /usr/lib/gcc/x86_64-linux-gnu/11/../../../x86_64-linux-gnu/crtn.o
COLLECT_GCC_OPTIONS='-v' '-o' 'cmTC_d8b39' '-mtune=generic' '-march=x86-64' '-dumpdir' 'cmTC_d8b39.'
gmake[1]: Leaving directory '/home/jason/projects/motion_control_go2/src/build/mujoco/CMakeFiles/CMakeTmp'



Parsed C implicit include dir info from above output: rv=done
  found start of include info
  found start of implicit include info
    add: [/usr/lib/gcc/x86_64-linux-gnu/11/include]
    add: [/usr/local/include]
    add: [/usr/include/x86_64-linux-gnu]
    add: [/usr/include]
  end of search list found
  collapse include dir [/usr/lib/gcc/x86_64-linux-gnu/11/include] ==> [/usr/lib/gcc/x86_64-linux-gnu/11/include]
  collapse include dir [/usr/local/include] ==> [/usr/local/include]
  collapse include dir [/usr/include/x86_64-linux-gnu] ==> [/usr/include/x86_64-linux-gnu]
  collapse include dir [/usr/include] ==> [/usr/include]
  implicit include dirs: [/usr/lib/gcc/x86_64-linux-gnu/11/include;/usr/local/include;/usr/include/x86_64-linux-gnu;/usr/include]


Parsed C implicit link information from above output:
  link line regex: [^( *|.*[/\])(ld|CMAKE_LINK_STARTFILE-NOTFOUND|([^/\]+-)?ld|collect2)[^/\]*( |$)]
  ignore line: [Change Dir: /home/jason/projects/motion_control_go2/src/build/mujoco/CMakeFiles/CMakeTmp]
  ignore line: []
  ignore line: [Run Build Command(s):/usr/bin/gmake -f Makefile cmTC_d8b39/fast && /usr/bin/gmake  -f CMakeFiles/cmTC_d8b39.dir/build.make CMakeFiles/cmTC_d8b39.dir/build]
  ignore line: [gmake[1]: Entering directory '/home/jason/projects/motion_control_go2/src/build/mujoco/CMakeFiles/CMakeTmp']
  ignore line: [Building C object CMakeFiles/cmTC_d8b39.dir/CMakeCCompilerABI.c.o]
  ignore line: [/usr/bin/cc   -v -o CMakeFiles/cmTC_d8b39.dir/CMakeCCompilerABI.c.o -c /usr/share/cmake-3.22/Modules/CMakeCCompilerABI.c]
  ignore line: [Using built-in specs.]
  ignore line: [COLLECT_GCC=/usr/bin/cc]
  ignore line: [OFFLOAD_TARGET_NAMES=nvptx-none:amdgcn-amdhsa]
  ignore line: [OFFLOAD_TARGET_DEFAULT=1]
  ignore line: [Target: x86_64-linux-gnu]
  ignore line: [Configured with: ../src/configure -v --with-pkgversion='Ubuntu 11.4.0-1ubuntu1~22.04.2' --with-bugurl=file:///usr/share/doc/gcc-11/README.Bugs --enable-languages=c ada c++ go brig d fortran objc obj-c++ m2 --prefix=/usr --with-gcc-major-version-only --program-suffix=-11 --program-prefix=x86_64-linux-gnu- --enable-shared --enable-linker-build-id --libexecdir=/usr/lib --without-included-gettext --enable-threads=posix --libdir=/usr/lib --enable-nls --enable-bootstrap --enable-clocale=gnu --enable-libstdcxx-debug --enable-libstdcxx-time=yes --with-default-libstdcxx-abi=new --enable-gnu-unique-object --disable-vtable-verify --enable-plugin --enable-default-pie --with-system-zlib --enable-libphobos-checking=release --with-target-system-zlib=auto --enable-objc-gc=auto --enable-multiarch --disable-werror --enable-cet --with-arch-32=i686 --with-abi=m64 --with-multilib-list=m32 m64 mx32 --enable-multilib --with-tune=generic --enable-offload-targets=nvptx-none=/build/gcc-11-2Y5pKs/gcc-11-11.4.0/debian/tmp-nvptx/usr amdgcn-amdhsa=/build/gcc-11-2Y5pKs/gcc-11-11.4.0/debian/tmp-gcn/usr --without-cuda-driver --enable-checking=release --build=x86_64-linux-gnu --host=x86_64-linux-gnu --target=x86_64-linux-gnu --with-build-config=bootstrap-lto-lean --enable-link-serialization=2]
  ignore line: [Thread model: posix]
  ignore line: [Supported LTO compression algorithms: zlib zstd]
  ignore line: [gcc version 11.4.0 (Ubuntu 11.4.0-1ubuntu1~22.04.2) ]
  ignore line: [COLLECT_GCC_OPTIONS='-v' '-o' 'CMakeFiles/cmTC_d8b39.dir/CMakeCCompilerABI.c.o' '-c' '-mtune=generic' '-march=x86-64' '-dumpdir' 'CMakeFiles/cmTC_d8b39.dir/']
  ignore line: [ /usr/lib/gcc/x86_64-linux-gnu/11/cc1 -quiet -v -imultiarch x86_64-linux-gnu /usr/share/cmake-3.22/Modules/CMakeCCompilerABI.c -quiet -dumpdir CMakeFiles/cmTC_d8b39.dir/ -dumpbase CMakeCCompilerABI.c.c -dumpbase-ext .c -mtune=generic -march=x86-64 -version -fasynchronous-unwind-tables -fstack-protector-strong -Wformat -Wformat-security -fstack-clash-protection -fcf-protection -o /tmp/ccvt6N9Y.s]
  ignore line: [GNU C17 (Ubuntu 11.4.0-1ubuntu1~22.04.2) version 11.4.0 (x86_64-linux-gnu)]
  ignore line: [	compiled by GNU C version 11.4.0  GMP version 6.2.1  MPFR version 4.1.0  MPC version 1.2.1  isl version isl-0.24-GMP]
  ignore line: []
  ignore line: [GGC heuristics: --param ggc-min-expand=100 --param ggc-min-heapsize=131072]
  ignore line: [ignoring nonexistent directory "/usr/local/include/x86_64-linux-gnu"]
  ignore line: [ignoring nonexistent directory "/usr/lib/gcc/x86_64-linux-gnu/11/include-fixed"]
  ignore line: [ignoring nonexistent directory "/usr/lib/gcc/x86_64-linux-gnu/11/../../../../x86_64-linux-gnu/include"]
  ignore line: [#include "..." search starts here:]
  ignore line: [#include <...> search starts here:]
  ignore line: [ /usr/lib/gcc/x86_64-linux-gnu/11/include]
  ignore line: [ /usr/local/include]
  ignore line: [ /usr/include/x86_64-linux-gnu]
  ignore line: [ /usr/include]
  ignore line: [End of search list.]
  ignore line: [GNU C17 (Ubuntu 11.4.0-1ubuntu1~22.04.2) version 11.4.0 (x86_64-linux-gnu)]
  ignore line: [	compiled by GNU C version 11.4.0  GMP version 6.2.1  MPFR version 4.1.0  MPC version 1.2.1  isl version isl-0.24-GMP]
  ignore line: []
  ignore line: [GGC heuristics: --param ggc-min-expand=100 --param ggc-min-heapsize=131072]
  ignore line: [Compiler executable checksum: 4011c2103cba78949d7e02d0f0047a3d]
  ignore line: [COLLECT_GCC_OPTIONS='-v' '-o' 'CMakeFiles/cmTC_d8b39.dir/CMakeCCompilerABI.c.o' '-c' '-mtune=generic' '-march=x86-64' '-dumpdir' 'CMakeFiles/cmTC_d8b39.dir/']
  ignore line: [ as -v --64 -o CMakeFiles/cmTC_d8b39.dir/CMakeCCompilerABI.c.o /tmp/ccvt6N9Y.s]
  ignore line: [GNU assembler version 2.38 (x86_64-linux-gnu) using BFD version (GNU Binutils for Ubuntu) 2.38]
  ignore line: [COMPILER_PATH=/usr/lib/gcc/x86_64-linux-gnu/11/:/usr/lib/gcc/x86_64-linux-gnu/11/:/usr/lib/gcc/x86_64-linux-gnu/:/usr/lib/gcc/x86_64-linux-gnu/11/:/usr/lib/gcc/x86_64-linux-gnu/]
  ignore line: [LIBRARY_PATH=/usr/lib/gcc/x86_64-linux-gnu/11/:/usr/lib/gcc/x86_64-linux-gnu/11/../../../x86_64-linux-gnu/:/usr/lib/gcc/x86_64-linux-gnu/11/../../../../lib/:/lib/x86_64-linux-gnu/:/lib/../lib/:/usr/lib/x86_64-linux-gnu/:/usr/lib/../lib/:/usr/lib/gcc/x86_64-linux-gnu/11/../../../:/lib/:/usr/lib/]
  ignore line: [COLLECT_GCC_OPTIONS='-v' '-o' 'CMakeFiles/cmTC_d8b39.dir/CMakeCCompilerABI.c.o' '-c' '-mtune=generic' '-march=x86-64' '-dumpdir' 'CMakeFiles/cmTC_d8b39.dir/CMakeCCompilerABI.c.']
  ignore line: [Linking C executable cmTC_d8b39]
  ignore line: [/usr/bin/cmake -E cmake_link_script CMakeFiles/cmTC_d8b39.dir/link.txt --verbose=1]
  ignore line: [/usr/bin/cc  -v CMakeFiles/cmTC_d8b39.dir/CMakeCCompilerABI.c.o -o cmTC_d8b39 ]
  ignore line: [Using built-in specs.]
  ignore line: [COLLECT_GCC=/usr/bin/cc]
  ignore line: [COLLECT_LTO_WRAPPER=/usr/lib/gcc/x86_64-linux-gnu/11/lto-wrapper]
  ignore line: [OFFLOAD_TARGET_NAMES=nvptx-none:amdgcn-amdhsa]
  ignore line: [OFFLOAD_TARGET_DEFAULT=1]
  ignore line: [Target: x86_64-linux-gnu]
  ignore line: [Configured with: ../src/configure -v --with-pkgversion='Ubuntu 11.4.0-1ubuntu1~22.04.2' --with-bugurl=file:///usr/share/doc/gcc-11/README.Bugs --enable-languages=c ada c++ go brig d fortran objc obj-c++ m2 --prefix=/usr --with-gcc-major-version-only --program-suffix=-11 --program-prefix=x86_64-linux-gnu- --enable-shared --enable-linker-build-id --libexecdir=/usr/lib --without-included-gettext --enable-threads=posix --libdir=/usr/lib --enable-nls --enable-bootstrap --enable-clocale=gnu --enable-libstdcxx-debug --enable-libstdcxx-time=yes --with-default-libstdcxx-abi=new --enable-gnu-unique-object --disable-vtable-verify --enable-plugin --enable-default-pie --with-system-zlib --enable-libphobos-checking=release --with-target-system-zlib=auto --enable-objc-gc=auto --enable-multiarch --disable-werror --enable-cet --with-arch-32=i686 --with-abi=m64 --with-multilib-list=m32 m64 mx32 --enable-multilib --with-tune=generic --enable-offload-targets=nvptx-none=/build/gcc-11-2Y5pKs/gcc-11-11.4.0/debian/tmp-nvptx/usr amdgcn-amdhsa=/build/gcc-11-2Y5pKs/gcc-11-11.4.0/debian/tmp-gcn/usr --without-cuda-driver --enable-checking=release --build=x86_64-linux-gnu --host=x86_64-linux-gnu --target=x86_64-linux-gnu --with-build-config=bootstrap-lto-lean --enable-link-serialization=2]
  ignore line: [Thread model: posix]
  ignore line: [Supported LTO compression algorithms: zlib zstd]
  ignore line: [gcc version 11.4.0 (Ubuntu 11.4.0-1ubuntu1~22.04.2) ]
  ignore line: [COMPILER_PATH=/usr/lib/gcc/x86_64-linux-gnu/11/:/usr/lib/gcc/x86_64-linux-gnu/11/:/usr/lib/gcc/x86_64-linux-gnu/:/usr/lib/gcc/x86_64-linux-gnu/11/:/usr/lib/gcc/x86_64-linux-gnu/]
  ignore line: [LIBRARY_PATH=/usr/lib/gcc/x86_64-linux-gnu/11/:/usr/lib/gcc/x86_64-linux-gnu/11/../../../x86_64-linux-gnu/:/usr/lib/gcc/x86_64-linux-gnu/11/../../../../lib/:/lib/x86_64-linux-gnu/:/lib/../lib/:/usr/lib/x86_64-linux-gnu/:/usr/lib/../lib/:/usr/lib/gcc/x86_64-linux-gnu/11/../../../:/lib/:/usr/lib/]
  ignore line: [COLLECT_GCC_OPTIONS='-v' '-o' 'cmTC_d8b39' '-mtune=generic' '-march=x86-64' '-dumpdir' 'cmTC_d8b39.']
  link line: [ /usr/lib/gcc/x86_64-linux-gnu/11/collect2 -plugin /usr/lib/gcc/x86_64-linux-gnu/11/liblto_plugin.so -plugin-opt=/usr/lib/gcc/x86_64-linux-gnu/11/lto-wrapper -plugin-opt=-fresolution=/tmp/ccqEWvHk.res -plugin-opt=-pass-through=-lgcc -plugin-opt=-pass-through=-lgcc_s -plugin-opt=-pass-through=-lc -plugin-opt=-pass-through=-lgcc -plugin-opt=-pass-through=-lgcc_s --build-id --eh-frame-hdr -m elf_x86_64 --hash-style=gnu --as-needed -dynamic-linker /lib64/ld-linux-x86-64.so.2 -pie -z now -z relro -o cmTC_d8b39 /usr/lib/gcc/x86_64-linux-gnu/11/../../../x86_64-linux-gnu/Scrt1.o /usr/lib/gcc/x86_64-linux-gnu/11/../../../x86_64-linux-gnu/crti.o /usr/lib/gcc/x86_64-linux-gnu/11/crtbeginS.o -L/usr/lib/gcc/x86_64-linux-gnu/11 -L/usr/lib/gcc/x86_64-linux-gnu/11/../../../x86_64-linux-gnu -L/usr/lib/gcc/x86_64-linux-gnu/11/../../../../lib -L/lib/x86_64-linux-gnu -L/lib/../lib -L/usr/lib/x86_64-linux-gnu -L/usr/lib/../lib -L/usr/lib/gcc/x86_64-linux-gnu/11/../../.. CMakeFiles/cmTC_d8b39.dir/CMakeCCompilerABI.c.o -lgcc --push-state --as-needed -lgcc_s --pop-state -lc -lgcc --push-state --as-needed -lgcc_s --pop-state /usr/lib/gcc/x86_64-linux-gnu/11/crtendS.o /usr/lib/gcc/x86_64-linux-gnu/11/../../../x86_64-linux-gnu/crtn.o]
    arg [/usr/lib/gcc/x86_64-linux-gnu/11/collect2] ==> ignore
    arg [-plugin] ==> ignore
    arg [/usr/lib/gcc/x86_64-linux-gnu/11/liblto_plugin.so] ==> ignore
    arg [-plugin-opt=/usr/lib/gcc/x86_64-linux-gnu/11/lto-wrapper] ==> ignore
    arg [-plugin-opt=-fresolution=/tmp/ccqEWvHk.res] ==> ignore
    arg [-plugin-opt=-pass-through=-lgcc] ==> ignore
    arg [-plugin-opt=-pass-through=-lgcc_s] ==> ignore
    arg [-plugin-opt=-pass-through=-lc] ==> ignore
    arg [-plugin-opt=-pass-through=-lgcc] ==> ignore
    arg [-plugin-opt=-pass-through=-lgcc_s] ==> ignore
    arg [--build-id] ==> ignore
    arg [--eh-frame-hdr] ==> ignore
    arg [-m] ==> ignore
    arg [elf_x86_64] ==> ignore
    arg [--hash-style=gnu] ==> ignore
    arg [--as-needed] ==> ignore
    arg [-dynamic-linker] ==> ignore
    arg [/lib64/ld-linux-x86-64.so.2] ==> ignore
    arg [-pie] ==> ignore
    arg [-znow] ==> ignore
    arg [-zrelro] ==> ignore
    arg [-o] ==> ignore
    arg [cmTC_d8b39] ==> ignore
    arg [/usr/lib/gcc/x86_64-linux-gnu/11/../../../x86_64-linux-gnu/Scrt1.o] ==> obj [/usr/lib/gcc/x86_64-linux-gnu/11/../../../x86_64-linux-gnu/Scrt1.o]
    arg [/usr/lib/gcc/x86_64-linux-gnu/11/../../../x86_64-linux-gnu/crti.o] ==> obj [/usr/lib/gcc/x86_64-linux-gnu/11/../../../x86_64-linux-gnu/crti.o]
    arg [/usr/lib/gcc/x86_64-linux-gnu/11/crtbeginS.o] ==> obj [/usr/lib/gcc/x86_64-linux-gnu/11/crtbeginS.o]
    arg [-L/usr/lib/gcc/x86_64-linux-gnu/11] ==> dir [/usr/lib/gcc/x86_64-linux-gnu/11]
    arg [-L/usr/lib/gcc/x86_64-linux-gnu/11/../../../x86_64-linux-gnu] ==> dir [/usr/lib/gcc/x86_64-linux-gnu/11/../../../x86_64-linux-gnu]
    arg [-L/usr/lib/gcc/x86_64-linux-gnu/11/../../../../lib] ==> dir [/usr/lib/gcc/x86_64-linux-gnu/11/../../../../lib]
    arg [-L/lib/x86_64-linux-gnu] ==> dir [/lib/x86_64-linux-gnu]
    arg [-L/lib/../lib] ==> dir [/lib/../lib]
    arg [-L/usr/lib/x86_64-linux-gnu] ==> dir [/usr/lib/x86_64-linux-gnu]
    arg [-L/usr/lib/../lib] ==> dir [/usr/lib/../lib]
    arg [-L/usr/lib/gcc/x86_64-linux-gnu/11/../../..] ==> dir [/usr/lib/gcc/x86_64-linux-gnu/11/../../..]
    arg [CMakeFiles/cmTC_d8b39.dir/CMakeCCompilerABI.c.o] ==> ignore
    arg [-lgcc] ==> lib [gcc]
    arg [--push-state] ==> ignore
    arg [--as-needed] ==> ignore
    arg [-lgcc_s] ==> lib [gcc_s]
    arg [--pop-state] ==> ignore
    arg [-lc] ==> lib [c]
    arg [-lgcc] ==> lib [gcc]
    arg [--push-state] ==> ignore
    arg [--as-needed] ==> ignore
    arg [-lgcc_s] ==> lib [gcc_s]
    arg [--pop-state] ==> ignore
    arg [/usr/lib/gcc/x86_64-linux-gnu/11/crtendS.o] ==> obj [/usr/lib/gcc/x86_64-linux-gnu/11/crtendS.o]
    arg [/usr/lib/gcc/x86_64-linux-gnu/11/../../../x86_64-linux-gnu/crtn.o] ==> obj [/usr/lib/gcc/x86_64-linux-gnu/11/../../../x86_64-linux-gnu/crtn.o]
  collapse obj [/usr/lib/gcc/x86_64-linux-gnu/11/../../../x86_64-linux-gnu/Scrt1.o] ==> [/usr/lib/x86_64-linux-gnu/Scrt1.o]
  collapse obj [/usr/lib/gcc/x86_64-linux-gnu/11/../../../x86_64-linux-gnu/crti.o] ==> [/usr/lib/x86_64-linux-gnu/crti.o]
  collapse obj [/usr/lib/gcc/x86_64-linux-gnu/11/../../../x86_64-linux-gnu/crtn.o] ==> [/usr/lib/x86_64-linux-gnu/crtn.o]
  collapse library dir [/usr/lib/gcc/x86_64-linux-gnu/11] ==> [/usr/lib/gcc/x86_64-linux-gnu/11]
  collapse library dir [/usr/lib/gcc/x86_64-linux-gnu/11/../../../x86_64-linux-gnu] ==> [/usr/lib/x86_64-linux-gnu]
  collapse library dir [/usr/lib/gcc/x86_64-linux-gnu/11/../../../../lib] ==> [/usr/lib]
  collapse library dir [/lib/x86_64-linux-gnu] ==> [/lib/x86_64-linux-gnu]
  collapse library dir [/lib/../lib] ==> [/lib]
  collapse library dir [/usr/lib/x86_64-linux-gnu] ==> [/usr/lib/x86_64-linux-gnu]
  collapse library dir [/usr/lib/../lib] ==> [/usr/lib]
  collapse library dir [/usr/lib/gcc/x86_64-linux-gnu/11/../../..] ==> [/usr/lib]
  implicit libs: [gcc;gcc_s;c;gcc;gcc_s]
  implicit objs: [/usr/lib/x86_64-linux-gnu/Scrt1.o;/usr/lib/x86_64-linux-gnu/crti.o;/usr/lib/gcc/x86_64-linux-gnu/11/crtbeginS.o;/usr/lib/gcc/x86_64-linux-gnu/11/crtendS.o;/usr/lib/x86_64-linux-gnu/crtn.o]
  implicit dirs: [/usr/lib/gcc/x86_64-linux-gnu/11;/usr/lib/x86_64-linux-gnu;/usr/lib;/lib/x86_64-linux-gnu;/lib]
  implicit fwks: []


Detecting CXX compiler ABI info compiled with the following output:
Change Dir: /home/jason/projects/motion_control_go2/src/build/mujoco/CMakeFiles/CMakeTmp

Run Build Command(s):/usr/bin/gmake -f Makefile cmTC_afbda/fast && /usr/bin/gmake  -f CMakeFiles/cmTC_afbda.dir/build.make CMakeFiles/cmTC_afbda.dir/build
gmake[1]: Entering directory '/home/jason/projects/motion_control_go2/src/build/mujoco/CMakeFiles/CMakeTmp'
Building CXX object CMakeFiles/cmTC_afbda.dir/CMakeCXXCompilerABI.cpp.o
/usr/bin/c++   -v -o CMakeFiles/cmTC_afbda.dir/CMakeCXXCompilerABI.cpp.o -c /usr/share/cmake-3.22/Modules/CMakeCXXCompilerABI.cpp
Using built-in specs.
COLLECT_GCC=/usr/bin/c++
OFFLOAD_TARGET_NAMES=nvptx-none:amdgcn-amdhsa
OFFLOAD_TARGET_DEFAULT=1
Target: x86_64-linux-gnu
Configured with: ../src/configure -v --with-pkgversion='Ubuntu 11.4.0-1ubuntu1~22.04.2' --with-bugurl=file:///usr/share/doc/gcc-11/README.Bugs --enable-languages=c,ada,c++,go,brig,d,fortran,objc,obj-c++,m2 --prefix=/usr --with-gcc-major-version-only --program-suffix=-11 --program-prefix=x86_64-linux-gnu- --enable-shared --enable-linker-build-id --libexecdir=/usr/lib --without-included-gettext --enable-threads=posix --libdir=/usr/lib --enable-nls --enable-bootstrap --enable-clocale=gnu --enable-libstdcxx-debug --enable-libstdcxx-time=yes --with-default-libstdcxx-abi=new --enable-gnu-unique-object --disable-vtable-verify --enable-plugin --enable-default-pie --with-system-zlib --enable-libphobos-checking=release --with-target-system-zlib=auto --enable-objc-gc=auto --enable-multiarch --disable-werror --enable-cet --with-arch-32=i686 --with-abi=m64 --with-multilib-list=m32,m64,mx32 --enable-multilib --with-tune=generic --enable-offload-targets=nvptx-none=/build/gcc-11-2Y5pKs/gcc-11-11.4.0/debian/tmp-nvptx/usr,amdgcn-amdhsa=/build/gcc-11-2Y5pKs/gcc-11-11.4.0/debian/tmp-gcn/usr --without-cuda-driver --enable-checking=release --build=x86_64-linux-gnu --host=x86_64-linux-gnu --target=x86_64-linux-gnu --with-build-config=bootstrap-lto-lean --enable-link-serialization=2
Thread model: posix
Supported LTO compression algorithms: zlib zstd
gcc version 11.4.0 (Ubuntu 11.4.0-1ubuntu1~22.04.2) 
COLLECT_GCC_OPTIONS='-v' '-o' 'CMakeFiles/cmTC_afbda.dir/CMakeCXXCompilerABI.cpp.o' '-c' '-shared-libgcc' '-mtune=generic' '-march=x86-64' '-dumpdir' 'CMakeFiles/cmTC_afbda.dir/'
 /usr/lib/gcc/x86_64-linux-gnu/11/cc1plus -quiet -v -imultiarch x86_64-linux-gnu -D_GNU_SOURCE /usr/share/cmake-3.22/Modules/CMakeCXXCompilerABI.cpp -quiet -dumpdir CMakeFiles/cmTC_afbda.dir/ -dumpbase CMakeCXXCompilerABI.cpp.cpp -dumpbase-ext .cpp -mtune=generic -march=x86-64 -version -fasynchronous-unwind-tables -fstack-protector-strong -Wformat -Wformat-security -fstack-clash-protection -fcf-protection -o /tmp/ccnQSyZu.s
GNU C++17 (Ubuntu 11.4.0-1ubuntu1~22.04.2) version 11.4.0 (x86_64-linux-gnu)
	compiled by GNU C version 11.4.0, GMP version 6.2.1, MPFR version 4.1.0, MPC version 1.2.1, isl version isl-0.24-GMP

GGC heuristics: --param ggc-min-expand=100 --param ggc-min-heapsize=131072
ignoring duplicate directory "/usr/include/x86_64-linux-gnu/c++/11"
ignoring nonexistent directory "/usr/local/include/x86_64-linux-gnu"
ignoring nonexistent directory "/usr/lib/gcc/x86_64-linux-gnu/11/include-fixed"
ignoring nonexistent directory "/usr/lib/gcc/x86_64-linux-gnu/11/../../../../x86_64-linux-gnu/include"
#include "..." search starts here:
#include <...> search starts here:
 /usr/include/c++/11
 /usr/include/x86_64-linux-gnu/c++/11
 /usr/include/c++/11/backward
 /usr/lib/gcc/x86_64-linux-gnu/11/include
 /usr/local/include
 /usr/include/x86_64-linux-gnu
 /usr/include
End of search list.
GNU C++17 (Ubuntu 11.4.0-1ubuntu1~22.04.2) version 11.4.0 (x86_64-linux-gnu)
	compiled by GNU C version 11.4.0, GMP version 6.2.1, MPFR version 4.1.0, MPC version 1.2.1, isl version isl-0.24-GMP

GGC heuristics: --param ggc-min-expand=100 --param ggc-min-heapsize=131072
Compiler executable checksum: 6c87588fc345655b93b8c25f48f88886
COLLECT_GCC_OPTIONS='-v' '-o' 'CMakeFiles/cmTC_afbda.dir/CMakeCXXCompilerABI.cpp.o' '-c' '-shared-libgcc' '-mtune=generic' '-march=x86-64' '-dumpdir' 'CMakeFiles/cmTC_afbda.dir/'
 as -v --64 -o CMakeFiles/cmTC_afbda.dir/CMakeCXXCompilerABI.cpp.o /tmp/ccnQSyZu.s
GNU assembler version 2.38 (x86_64-linux-gnu) using BFD version (GNU Binutils for Ubuntu) 2.38
COMPILER_PATH=/usr/lib/gcc/x86_64-linux-gnu/11/:/usr/lib/gcc/x86_64-linux-gnu/11/:/usr/lib/gcc/x86_64-linux-gnu/:/usr/lib/gcc/x86_64-linux-gnu/11/:/usr/lib/gcc/x86_64-linux-gnu/
LIBRARY_PATH=/usr/lib/gcc/x86_64-linux-gnu/11/:/usr/lib/gcc/x86_64-linux-gnu/11/../../../x86_64-linux-gnu/:/usr/lib/gcc/x86_64-linux-gnu/11/../../../../lib/:/lib/x86_64-linux-gnu/:/lib/../lib/:/usr/lib/x86_64-linux-gnu/:/usr/lib/../lib/:/usr/lib/gcc/x86_64-linux-gnu/11/../../../:/lib/:/usr/lib/
COLLECT_GCC_OPTIONS='-v' '-o' 'CMakeFiles/cmTC_afbda.dir/CMakeCXXCompilerABI.cpp.o' '-c' '-shared-libgcc' '-mtune=generic' '-march=x86-64' '-dumpdir' 'CMakeFiles/cmTC_afbda.dir/CMakeCXXCompilerABI.cpp.'
Linking CXX executable cmTC_afbda
/usr/bin/cmake -E cmake_link_script CMakeFiles/cmTC_afbda.dir/link.txt --verbose=1
/usr/bin/c++  -v CMakeFiles/cmTC_afbda.dir/CMakeCXXCompilerABI.cpp.o -o cmTC_afbda 
Using built-in specs.
COLLECT_GCC=/usr/bin/c++
COLLECT_LTO_WRAPPER=/usr/lib/gcc/x86_64-linux-gnu/11/lto-wrapper
OFFLOAD_TARGET_NAMES=nvptx-none:amdgcn-amdhsa
OFFLOAD_TARGET_DEFAULT=1
Target: x86_64-linux-gnu
Configured with: ../src/configure -v --with-pkgversion='Ubuntu 11.4.0-1ubuntu1~22.04.2' --with-bugurl=file:///usr/share/doc/gcc-11/README.Bugs --enable-languages=c,ada,c++,go,brig,d,fortran,objc,obj-c++,m2 --prefix=/usr --with-gcc-major-version-only --program-suffix=-11 --program-prefix=x86_64-linux-gnu- --enable-shared --enable-linker-build-id --libexecdir=/usr/lib --without-included-gettext --enable-threads=posix --libdir=/usr/lib --enable-nls --enable-bootstrap --enable-clocale=gnu --enable-libstdcxx-debug --enable-libstdcxx-time=yes --with-default-libstdcxx-abi=new --enable-gnu-unique-object --disable-vtable-verify --enable-plugin --enable-default-pie --with-system-zlib --enable-libphobos-checking=release --with-target-system-zlib=auto --enable-objc-gc=auto --enable-multiarch --disable-werror --enable-cet --with-arch-32=i686 --with-abi=m64 --with-multilib-list=m32,m64,mx32 --enable-multilib --with-tune=generic --enable-offload-targets=nvptx-none=/build/gcc-11-2Y5pKs/gcc-11-11.4.0/debian/tmp-nvptx/usr,amdgcn-amdhsa=/build/gcc-11-2Y5pKs/gcc-11-11.4.0/debian/tmp-gcn/usr --without-cuda-driver --enable-checking=release --build=x86_64-linux-gnu --host=x86_64-linux-gnu --target=x86_64-linux-gnu --with-build-config=bootstrap-lto-lean --enable-link-serialization=2
Thread model: posix
Supported LTO compression algorithms: zlib zstd
gcc version 11.4.0 (Ubuntu 11.4.0-1ubuntu1~22.04.2) 
COMPILER_PATH=/usr/lib/gcc/x86_64-linux-gnu/11/:/usr/lib/gcc/x86_64-linux-gnu/11/:/usr/lib/gcc/x86_64-linux-gnu/:/usr/lib/gcc/x86_64-linux-gnu/11/:/usr/lib/gcc/x86_64-linux-gnu/
LIBRARY_PATH=/usr/lib/gcc/x86_64-linux-gnu/11/:/usr/lib/gcc/x86_64-linux-gnu/11/../../../x86_64-linux-gnu/:/usr/lib/gcc/x86_64-linux-gnu/11/../../../../lib/:/lib/x86_64-linux-gnu/:/lib/../lib/:/usr/lib/x86_64-linux-gnu/:/usr/lib/../lib/:/usr/lib/gcc/x86_64-linux-gnu/11/../../../:/lib/:/usr/lib/
COLLECT_GCC_OPTIONS='-v' '-o' 'cmTC_afbda' '-shared-libgcc' '-mtune=generic' '-march=x86-64' '-dumpdir' 'cmTC_afbda.'
 /usr/lib/gcc/x86_64-linux-gnu/11/collect2 -plugin /usr/lib/gcc/x86_64-linux-gnu/11/liblto_plugin.so -plugin-opt=/usr/lib/gcc/x86_64-linux-gnu/11/lto-wrapper -plugin-opt=-fresolution=/tmp/ccvLMDJL.res -plugin-opt=-pass-through=-lgcc_s -plugin-opt=-pass-through=-lgcc -plugin-opt=-pass-through=-lc -plugin-opt=-pass-through=-lgcc_s -plugin-opt=-pass-through=-lgcc --build-id --eh-frame-hdr -m elf_x86_64 --hash-style=gnu --as-needed -dynamic-linker /lib64/ld-linux-x86-64.so.2 -pie -z now -z relro -o cmTC_afbda /usr/lib/gcc/x86_64-linux-gnu/11/../../../x86_64-linux-gnu/Scrt1.o /usr/lib/gcc/x86_64-linux-gnu/11/../../../x86_64-linux-gnu/crti.o /usr/lib/gcc/x86_64-linux-gnu/11/crtbeginS.o -L/usr/lib/gcc/x86_64-linux-gnu/11 -L/usr/lib/gcc/x86_64-linux-gnu/11/../../../x86_64-linux-gnu -L/usr/lib/gcc/x86_64-linux-gnu/11/../../../../lib -L/lib/x86_64-linux-gnu -L/lib/../lib -L/usr/lib/x86_64-linux-gnu -L/usr/lib/../lib -L/usr/lib/gcc/x86_64-linux-gnu/11/../../.. CMakeFiles/cmTC_afbda.dir/CMakeCXXCompilerABI.cpp.o -lstdc++ -lm -lgcc_s -lgcc -lc -lgcc_s -lgcc /usr/lib/gcc/x86_64-linux-gnu/11/crtendS.o /usr/lib/gcc/x86_64-linux-gnu/11/../../../x86_64-linux-gnu/crtn.o
COLLECT_GCC_OPTIONS='-v' '-o' 'cmTC_afbda' '-shared-libgcc' '-mtune=generic' '-march=x86-64' '-dumpdir' 'cmTC_afbda.'
gmake[1]: Leaving directory '/home/jason/projects/motion_control_go2/src/build/mujoco/CMakeFiles/CMakeTmp'



Parsed CXX implicit include dir info from above output: rv=done
  found start of include info
  found start of implicit include info
    add: [/usr/include/c++/11]
    add: [/usr/include/x86_64-linux-gnu/c++/11]
    add: [/usr/include/c++/11/backward]
    add: [/usr/lib/gcc/x86_64-linux-gnu/11/include]
    add: [/usr/local/include]
    add: [/usr/include/x86_64-linux-gnu]
    add: [/usr/include]
  end of search list found
  collapse include dir [/usr/include/c++/11] ==> [/usr/include/c++/11]
  collapse include dir [/usr/include/x86_64-linux-gnu/c++/11] ==> [/usr/include/x86_64-linux-gnu/c++/11]
  collapse include dir [/usr/include/c++/11/backward] ==> [/usr/include/c++/11/backward]
  collapse include dir [/usr/lib/gcc/x86_64-linux-gnu/11/include] ==> [/usr/lib/gcc/x86_64-linux-gnu/11/include]
  collapse include dir [/usr/local/include] ==> [/usr/local/include]
  collapse include dir [/usr/include/x86_64-linux-gnu] ==> [/usr/include/x86_64-linux-gnu]
  collapse include dir [/usr/include] ==> [/usr/include]
  implicit include dirs: [/usr/include/c++/11;/usr/include/x86_64-linux-gnu/c++/11;/usr/include/c++/11/backward;/usr/lib/gcc/x86_64-linux-gnu/11/include;/usr/local/include;/usr/include/x86_64-linux-gnu;/usr/include]


Parsed CXX implicit link information from above output:
  link line regex: [^( *|.*[/\])(ld|CMAKE_LINK_STARTFILE-NOTFOUND|([^/\]+-)?ld|collect2)[^/\]*( |$)]
  ignore line: [Change Dir: /home/jason/projects/motion_control_go2/src/build/mujoco/CMakeFiles/CMakeTmp]
  ignore line: []
  ignore line: [Run Build Command(s):/usr/bin/gmake -f Makefile cmTC_afbda/fast && /usr/bin/gmake  -f CMakeFiles/cmTC_afbda.dir/build.make CMakeFiles/cmTC_afbda.dir/build]
  ignore line: [gmake[1]: Entering directory '/home/jason/projects/motion_control_go2/src/build/mujoco/CMakeFiles/CMakeTmp']
  ignore line: [Building CXX object CMakeFiles/cmTC_afbda.dir/CMakeCXXCompilerABI.cpp.o]
  ignore line: [/usr/bin/c++   -v -o CMakeFiles/cmTC_afbda.dir/CMakeCXXCompilerABI.cpp.o -c /usr/share/cmake-3.22/Modules/CMakeCXXCompilerABI.cpp]
  ignore line: [Using built-in specs.]
  ignore line: [COLLECT_GCC=/usr/bin/c++]
  ignore line: [OFFLOAD_TARGET_NAMES=nvptx-none:amdgcn-amdhsa]
  ignore line: [OFFLOAD_TARGET_DEFAULT=1]
  ignore line: [Target: x86_64-linux-gnu]
  ignore line: [Configured with: ../src/configure -v --with-pkgversion='Ubuntu 11.4.0-1ubuntu1~22.04.2' --with-bugurl=file:///usr/share/doc/gcc-11/README.Bugs --enable-languages=c ada c++ go brig d fortran objc obj-c++ m2 --prefix=/usr --with-gcc-major-version-only --program-suffix=-11 --program-prefix=x86_64-linux-gnu- --enable-shared --enable-linker-build-id --libexecdir=/usr/lib --without-included-gettext --enable-threads=posix --libdir=/usr/lib --enable-nls --enable-bootstrap --enable-clocale=gnu --enable-libstdcxx-debug --enable-libstdcxx-time=yes --with-default-libstdcxx-abi=new --enable-gnu-unique-object --disable-vtable-verify --enable-plugin --enable-default-pie --with-system-zlib --enable-libphobos-checking=release --with-target-system-zlib=auto --enable-objc-gc=auto --enable-multiarch --disable-werror --enable-cet --with-arch-32=i686 --with-abi=m64 --with-multilib-list=m32 m64 mx32 --enable-multilib --with-tune=generic --enable-offload-targets=nvptx-none=/build/gcc-11-2Y5pKs/gcc-11-11.4.0/debian/tmp-nvptx/usr amdgcn-amdhsa=/build/gcc-11-2Y5pKs/gcc-11-11.4.0/debian/tmp-gcn/usr --without-cuda-driver --enable-checking=release --build=x86_64-linux-gnu --host=x86_64-linux-gnu --target=x86_64-linux-gnu --with-build-config=bootstrap-lto-lean --enable-link-serialization=2]
  ignore line: [Thread model: posix]
  ignore line: [Supported LTO compression algorithms: zlib zstd]
  ignore line: [gcc version 11.4.0 (Ubuntu 11.4.0-1ubuntu1~22.04.2) ]
  ignore line: [COLLECT_GCC_OPTIONS='-v' '-o' 'CMakeFiles/cmTC_afbda.dir/CMakeCXXCompilerABI.cpp.o' '-c' '-shared-libgcc' '-mtune=generic' '-march=x86-64' '-dumpdir' 'CMakeFiles/cmTC_afbda.dir/']
  ignore line: [ /usr/lib/gcc/x86_64-linux-gnu/11/cc1plus -quiet -v -imultiarch x86_64-linux-gnu -D_GNU_SOURCE /usr/share/cmake-3.22/Modules/CMakeCXXCompilerABI.cpp -quiet -dumpdir CMakeFiles/cmTC_afbda.dir/ -dumpbase CMakeCXXCompilerABI.cpp.cpp -dumpbase-ext .cpp -mtune=generic -march=x86-64 -version -fasynchronous-unwind-tables -fstack-protector-strong -Wformat -Wformat-security -fstack-clash-protection -fcf-protection -o /tmp/ccnQSyZu.s]
  ignore line: [GNU C++17 (Ubuntu 11.4.0-1ubuntu1~22.04.2) version 11.4.0 (x86_64-linux-gnu)]
  ignore line: [	compiled by GNU C version 11.4.0  GMP version 6.2.1  MPFR version 4.1.0  MPC version 1.2.1  isl version isl-0.24-GMP]
  ignore line: []
  ignore line: [GGC heuristics: --param ggc-min-expand=100 --param ggc-min-heapsize=131072]
  ignore line: [ignoring duplicate directory "/usr/include/x86_64-linux-gnu/c++/11"]
  ignore line: [ignoring nonexistent directory "/usr/local/include/x86_64-linux-gnu"]
  ignore line: [ignoring nonexistent directory "/usr/lib/gcc/x86_64-linux-gnu/11/include-fixed"]
  ignore line: [ignoring nonexistent directory "/usr/lib/gcc/x86_64-linux-gnu/11/../../../../x86_64-linux-gnu/include"]
  ignore line: [#include "..." search starts here:]
  ignore line: [#include <...> search starts here:]
  ignore line: [ /usr/include/c++/11]
  ignore line: [ /usr/include/x86_64-linux-gnu/c++/11]
  ignore line: [ /usr/include/c++/11/backward]
  ignore line: [ /usr/lib/gcc/x86_64-linux-gnu/11/include]
  ignore line: [ /usr/local/include]
  ignore line: [ /usr/include/x86_64-linux-gnu]
  ignore line: [ /usr/include]
  ignore line: [End of search list.]
  ignore line: [GNU C++17 (Ubuntu 11.4.0-1ubuntu1~22.04.2) version 11.4.0 (x86_64-linux-gnu)]
  ignore line: [	compiled by GNU C version 11.4.0  GMP version 6.2.1  MPFR version 4.1.0  MPC version 1.2.1  isl version isl-0.24-GMP]
  ignore line: []
  ignore line: [GGC heuristics: --param ggc-min-expand=100 --param ggc-min-heapsize=131072]
  ignore line: [Compiler executable checksum: 6c87588fc345655b93b8c25f48f88886]
  ignore line: [COLLECT_GCC_OPTIONS='-v' '-o' 'CMakeFiles/cmTC_afbda.dir/CMakeCXXCompilerABI.cpp.o' '-c' '-shared-libgcc' '-mtune=generic' '-march=x86-64' '-dumpdir' 'CMakeFiles/cmTC_afbda.dir/']
  ignore line: [ as -v --64 -o CMakeFiles/cmTC_afbda.dir/CMakeCXXCompilerABI.cpp.o /tmp/ccnQSyZu.s]
  ignore line: [GNU assembler version 2.38 (x86_64-linux-gnu) using BFD version (GNU Binutils for Ubuntu) 2.38]
  ignore line: [COMPILER_PATH=/usr/lib/gcc/x86_64-linux-gnu/11/:/usr/lib/gcc/x86_64-linux-gnu/11/:/usr/lib/gcc/x86_64-linux-gnu/:/usr/lib/gcc/x86_64-linux-gnu/11/:/usr/lib/gcc/x86_64-linux-gnu/]
  ignore line: [LIBRARY_PATH=/usr/lib/gcc/x86_64-linux-gnu/11/:/usr/lib/gcc/x86_64-linux-gnu/11/../../../x86_64-linux-gnu/:/usr/lib/gcc/x86_64-linux-gnu/11/../../../../lib/:/lib/x86_64-linux-gnu/:/lib/../lib/:/usr/lib/x86_64-linux-gnu/:/usr/lib/../lib/:/usr/lib/gcc/x86_64-linux-gnu/11/../../../:/lib/:/usr/lib/]
  ignore line: [COLLECT_GCC_OPTIONS='-v' '-o' 'CMakeFiles/cmTC_afbda.dir/CMakeCXXCompilerABI.cpp.o' '-c' '-shared-libgcc' '-mtune=generic' '-march=x86-64' '-dumpdir' 'CMakeFiles/cmTC_afbda.dir/CMakeCXXCompilerABI.cpp.']
  ignore line: [Linking CXX executable cmTC_afbda]
  ignore line: [/usr/bin/cmake -E cmake_link_script CMakeFiles/cmTC_afbda.dir/link.txt --verbose=1]
  ignore line: [/usr/bin/c++  -v CMakeFiles/cmTC_afbda.dir/CMakeCXXCompilerABI.cpp.o -o cmTC_afbda ]
  ignore line: [Using built-in specs.]
  ignore line: [COLLECT_GCC=/usr/bin/c++]
  ignore line: [COLLECT_LTO_WRAPPER=/usr/lib/gcc/x86_64-linux-gnu/11/lto-wrapper]
  ignore line: [OFFLOAD_TARGET_NAMES=nvptx-none:amdgcn-amdhsa]
  ignore line: [OFFLOAD_TARGET_DEFAULT=1]
  ignore line: [Target: x86_64-linux-gnu]
  ignore line: [Configured with: ../src/configure -v --with-pkgversion='Ubuntu 11.4.0-1ubuntu1~22.04.2' --with-bugurl=file:///usr/share/doc/gcc-11/README.Bugs --enable-languages=c ada c++ go brig d fortran objc obj-c++ m2 --prefix=/usr --with-gcc-major-version-only --program-suffix=-11 --program-prefix=x86_64-linux-gnu- --enable-shared --enable-linker-build-id --libexecdir=/usr/lib --without-included-gettext --enable-threads=posix --libdir=/usr/lib --enable-nls --enable-bootstrap --enable-clocale=gnu --enable-libstdcxx-debug --enable-libstdcxx-time=yes --with-default-libstdcxx-abi=new --enable-gnu-unique-object --disable-vtable-verify --enable-plugin --enable-default-pie --with-system-zlib --enable-libphobos-checking=release --with-target-system-zlib=auto --enable-objc-gc=auto --enable-multiarch --disable-werror --enable-cet --with-arch-32=i686 --with-abi=m64 --with-multilib-list=m32 m64 mx32 --enable-multilib --with-tune=generic --enable-offload-targets=nvptx-none=/build/gcc-11-2Y5pKs/gcc-11-11.4.0/debian/tmp-nvptx/usr amdgcn-amdhsa=/build/gcc-11-2Y5pKs/gcc-11-11.4.0/debian/tmp-gcn/usr --without-cuda-driver --enable-checking=release --build=x86_64-linux-gnu --host=x86_64-linux-gnu --target=x86_64-linux-gnu --with-build-config=bootstrap-lto-lean --enable-link-serialization=2]
  ignore line: [Thread model: posix]
  ignore line: [Supported LTO compression algorithms: zlib zstd]
  ignore line: [gcc version 11.4.0 (Ubuntu 11.4.0-1ubuntu1~22.04.2) ]
  ignore line: [COMPILER_PATH=/usr/lib/gcc/x86_64-linux-gnu/11/:/usr/lib/gcc/x86_64-linux-gnu/11/:/usr/lib/gcc/x86_64-linux-gnu/:/usr/lib/gcc/x86_64-linux-gnu/11/:/usr/lib/gcc/x86_64-linux-gnu/]
  ignore line: [LIBRARY_PATH=/usr/lib/gcc/x86_64-linux-gnu/11/:/usr/lib/gcc/x86_64-linux-gnu/11/../../../x86_64-linux-gnu/:/usr/lib/gcc/x86_64-linux-gnu/11/../../../../lib/:/lib/x86_64-linux-gnu/:/lib/../lib/:/usr/lib/x86_64-linux-gnu/:/usr/lib/../lib/:/usr/lib/gcc/x86_64-linux-gnu/11/../../../:/lib/:/usr/lib/]
  ignore line: [COLLECT_GCC_OPTIONS='-v' '-o' 'cmTC_afbda' '-shared-libgcc' '-mtune=generic' '-march=x86-64' '-dumpdir' 'cmTC_afbda.']
  link line: [ /usr/lib/gcc/x86_64-linux-gnu/11/collect2 -plugin /usr/lib/gcc/x86_64-linux-gnu/11/liblto_plugin.so -plugin-opt=/usr/lib/gcc/x86_64-linux-gnu/11/lto-wrapper -plugin-opt=-fresolution=/tmp/ccvLMDJL.res -plugin-opt=-pass-through=-lgcc_s -plugin-opt=-pass-through=-lgcc -plugin-opt=-pass-through=-lc -plugin-opt=-pass-through=-lgcc_s -plugin-opt=-pass-through=-lgcc --build-id --eh-frame-hdr -m elf_x86_64 --hash-style=gnu --as-needed -dynamic-linker /lib64/ld-linux-x86-64.so.2 -pie -z now -z relro -o cmTC_afbda /usr/lib/gcc/x86_64-linux-gnu/11/../../../x86_64-linux-gnu/Scrt1.o /usr/lib/gcc/x86_64-linux-gnu/11/../../../x86_64-linux-gnu/crti.o /usr/lib/gcc/x86_64-linux-gnu/11/crtbeginS.o -L/usr/lib/gcc/x86_64-linux-gnu/11 -L/usr/lib/gcc/x86_64-linux-gnu/11/../../../x86_64-linux-gnu -L/usr/lib/gcc/x86_64-linux-gnu/11/../../../../lib -L/lib/x86_64-linux-gnu -L/lib/../lib -L/usr/lib/x86_64-linux-gnu -L/usr/lib/../lib -L/usr/lib/gcc/x86_64-linux-gnu/11/../../.. CMakeFiles/cmTC_afbda.dir/CMakeCXXCompilerABI.cpp.o -lstdc++ -lm -lgcc_s -lgcc -lc -lgcc_s -lgcc /usr/lib/gcc/x86_64-linux-gnu/11/crtendS.o /usr/lib/gcc/x86_64-linux-gnu/11/../../../x86_64-linux-gnu/crtn.o]
    arg [/usr/lib/gcc/x86_64-linux-gnu/11/collect2] ==> ignore
    arg [-plugin] ==> ignore
    arg [/usr/lib/gcc/x86_64-linux-gnu/11/liblto_plugin.so] ==> ignore
    arg [-plugin-opt=/usr/lib/gcc/x86_64-linux-gnu/11/lto-wrapper] ==> ignore
    arg [-plugin-opt=-fresolution=/tmp/ccvLMDJL.res] ==> ignore
    arg [-plugin-opt=-pass-through=-lgcc_s] ==> ignore
    arg [-plugin-opt=-pass-through=-lgcc] ==> ignore
    arg [-plugin-opt=-pass-through=-lc] ==> ignore
    arg [-plugin-opt=-pass-through=-lgcc_s] ==> ignore
    arg [-plugin-opt=-pass-through=-lgcc] ==> ignore
    arg [--build-id] ==> ignore
    arg [--eh-frame-hdr] ==> ignore
    arg [-m] ==> ignore
    arg [elf_x86_64] ==> ignore
    arg [--hash-style=gnu] ==> ignore
    arg [--as-needed] ==> ignore
    arg [-dynamic-linker] ==> ignore
    arg [/lib64/ld-linux-x86-64.so.2] ==> ignore
    arg [-pie] ==> ignore
    arg [-znow] ==> ignore
    arg [-zrelro] ==> ignore
    arg [-o] ==> ignore
    arg [cmTC_afbda] ==> ignore
    arg [/usr/lib/gcc/x86_64-linux-gnu/11/../../../x86_64-linux-gnu/Scrt1.o] ==> obj [/usr/lib/gcc/x86_64-linux-gnu/11/../../../x86_64-linux-gnu/Scrt1.o]
    arg [/usr/lib/gcc/x86_64-linux-gnu/11/../../../x86_64-linux-gnu/crti.o] ==> obj [/usr/lib/gcc/x86_64-linux-gnu/11/../../../x86_64-linux-gnu/crti.o]
    arg [/usr/lib/gcc/x86_64-linux-gnu/11/crtbeginS.o] ==> obj [/usr/lib/gcc/x86_64-linux-gnu/11/crtbeginS.o]
    arg [-L/usr/lib/gcc/x86_64-linux-gnu/11] ==> dir [/usr/lib/gcc/x86_64-linux-gnu/11]
    arg [-L/usr/lib/gcc/x86_64-linux-gnu/11/../../../x86_64-linux-gnu] ==> dir [/usr/lib/gcc/x86_64-linux-gnu/11/../../../x86_64-linux-gnu]
    arg [-L/usr/lib/gcc/x86_64-linux-gnu/11/../../../../lib] ==> dir [/usr/lib/gcc/x86_64-linux-gnu/11/../../../../lib]
    arg [-L/lib/x86_64-linux-gnu] ==> dir [/lib/x86_64-linux-gnu]
    arg [-L/lib/../lib] ==> dir [/lib/../lib]
    arg [-L/usr/lib/x86_64-linux-gnu] ==> dir [/usr/lib/x86_64-linux-gnu]
    arg [-L/usr/lib/../lib] ==> dir [/usr/lib/../lib]
    arg [-L/usr/lib/gcc/x86_64-linux-gnu/11/../../..] ==> dir [/usr/lib/gcc/x86_64-linux-gnu/11/../../..]
    arg [CMakeFiles/cmTC_afbda.dir/CMakeCXXCompilerABI.cpp.o] ==> ignore
    arg [-lstdc++] ==> lib [stdc++]
    arg [-lm] ==> lib [m]
    arg [-lgcc_s] ==> lib [gcc_s]
    arg [-lgcc] ==> lib [gcc]
    arg [-lc] ==> lib [c]
    arg [-lgcc_s] ==> lib [gcc_s]
    arg [-lgcc] ==> lib [gcc]
    arg [/usr/lib/gcc/x86_64-linux-gnu/11/crtendS.o] ==> obj [/usr/lib/gcc/x86_64-linux-gnu/11/crtendS.o]
    arg [/usr/lib/gcc/x86_64-linux-gnu/11/../../../x86_64-linux-gnu/crtn.o] ==> obj [/usr/lib/gcc/x86_64-linux-gnu/11/../../../x86_64-linux-gnu/crtn.o]
  collapse obj [/usr/lib/gcc/x86_64-linux-gnu/11/../../../x86_64-linux-gnu/Scrt1.o] ==> [/usr/lib/x86_64-linux-gnu/Scrt1.o]
  collapse obj [/usr/lib/gcc/x86_64-linux-gnu/11/../../../x86_64-linux-gnu/crti.o] ==> [/usr/lib/x86_64-linux-gnu/crti.o]
  collapse obj [/usr/lib/gcc/x86_64-linux-gnu/11/../../../x86_64-linux-gnu/crtn.o] ==> [/usr/lib/x86_64-linux-gnu/crtn.o]
  collapse library dir [/usr/lib/gcc/x86_64-linux-gnu/11] ==> [/usr/lib/gcc/x86_64-linux-gnu/11]
  collapse library dir [/usr/lib/gcc/x86_64-linux-gnu/11/../../../x86_64-linux-gnu] ==> [/usr/lib/x86_64-linux-gnu]
  collapse library dir [/usr/lib/gcc/x86_64-linux-gnu/11/../../../../lib] ==> [/usr/lib]
  collapse library dir [/lib/x86_64-linux-gnu] ==> [/lib/x86_64-linux-gnu]
  collapse library dir [/lib/../lib] ==> [/lib]
  collapse library dir [/usr/lib/x86_64-linux-gnu] ==> [/usr/lib/x86_64-linux-gnu]
  collapse library dir [/usr/lib/../lib] ==> [/usr/lib]
  collapse library dir [/usr/lib/gcc/x86_64-linux-gnu/11/../../..] ==> [/usr/lib]
  implicit libs: [stdc++;m;gcc_s;gcc;c;gcc_s;gcc]
  implicit objs: [/usr/lib/x86_64-linux-gnu/Scrt1.o;/usr/lib/x86_64-linux-gnu/crti.o;/usr/lib/gcc/x86_64-linux-gnu/11/crtbeginS.o;/usr/lib/gcc/x86_64-linux-gnu/11/crtendS.o;/usr/lib/x86_64-linux-gnu/crtn.o]
  implicit dirs: [/usr/lib/gcc/x86_64-linux-gnu/11;/usr/lib/x86_64-linux-gnu;/usr/lib;/lib/x86_64-linux-gnu;/lib]
  implicit fwks: []


Performing C SOURCE FILE Test CAN_BUILD_AVX succeeded with the following output:
Change Dir: /home/jason/projects/motion_control_go2/src/build/mujoco/CMakeFiles/CMakeTmp

Run Build Command(s):/usr/bin/gmake -f Makefile cmTC_195e2/fast && /usr/bin/gmake  -f CMakeFiles/cmTC_195e2.dir/build.make CMakeFiles/cmTC_195e2.dir/build
gmake[1]: Entering directory '/home/jason/projects/motion_control_go2/src/build/mujoco/CMakeFiles/CMakeTmp'
Building C object CMakeFiles/cmTC_195e2.dir/src.c.o
/usr/bin/cc -DCAN_BUILD_AVX  -mavx -fPIE -std=c11 -o CMakeFiles/cmTC_195e2.dir/src.c.o -c /home/jason/projects/motion_control_go2/src/build/mujoco/CMakeFiles/CMakeTmp/src.c
Linking C executable cmTC_195e2
/usr/bin/cmake -E cmake_link_script CMakeFiles/cmTC_195e2.dir/link.txt --verbose=1
/usr/bin/cc  -mavx CMakeFiles/cmTC_195e2.dir/src.c.o -o cmTC_195e2 
gmake[1]: Leaving directory '/home/jason/projects/motion_control_go2/src/build/mujoco/CMakeFiles/CMakeTmp'


Source file was:

      #include <immintrin.h>
      int main(int argc, char* argv[]) {
        __m256d ymm;
        return 0;
      }
    
Performing C SOURCE FILE Test SUPPORTS_GOLD succeeded with the following output:
Change Dir: /home/jason/projects/motion_control_go2/src/build/mujoco/CMakeFiles/CMakeTmp

Run Build Command(s):/usr/bin/gmake -f Makefile cmTC_f325f/fast && /usr/bin/gmake  -f CMakeFiles/cmTC_f325f.dir/build.make CMakeFiles/cmTC_f325f.dir/build
gmake[1]: Entering directory '/home/jason/projects/motion_control_go2/src/build/mujoco/CMakeFiles/CMakeTmp'
Building C object CMakeFiles/cmTC_f325f.dir/src.c.o
/usr/bin/cc -DSUPPORTS_GOLD  -fuse-ld=gold -fPIE -std=c11 -o CMakeFiles/cmTC_f325f.dir/src.c.o -c /home/jason/projects/motion_control_go2/src/build/mujoco/CMakeFiles/CMakeTmp/src.c
Linking C executable cmTC_f325f
/usr/bin/cmake -E cmake_link_script CMakeFiles/cmTC_f325f.dir/link.txt --verbose=1
/usr/bin/cc  -fuse-ld=gold CMakeFiles/cmTC_f325f.dir/src.c.o -o cmTC_f325f 
gmake[1]: Leaving directory '/home/jason/projects/motion_control_go2/src/build/mujoco/CMakeFiles/CMakeTmp'


Source file was:
int main() {}
Performing C SOURCE FILE Test SUPPORTS_GC_SECTIONS succeeded with the following output:
Change Dir: /home/jason/projects/motion_control_go2/src/build/mujoco/CMakeFiles/CMakeTmp

Run Build Command(s):/usr/bin/gmake -f Makefile cmTC_70831/fast && /usr/bin/gmake  -f CMakeFiles/cmTC_70831.dir/build.make CMakeFiles/cmTC_70831.dir/build
gmake[1]: Entering directory '/home/jason/projects/motion_control_go2/src/build/mujoco/CMakeFiles/CMakeTmp'
Building C object CMakeFiles/cmTC_70831.dir/src.c.o
/usr/bin/cc -DSUPPORTS_GC_SECTIONS  -fuse-ld=gold -fPIE -std=c11 -o CMakeFiles/cmTC_70831.dir/src.c.o -c /home/jason/projects/motion_control_go2/src/build/mujoco/CMakeFiles/CMakeTmp/src.c
Linking C executable cmTC_70831
/usr/bin/cmake -E cmake_link_script CMakeFiles/cmTC_70831.dir/link.txt --verbose=1
/usr/bin/cc  -fuse-ld=gold CMakeFiles/cmTC_70831.dir/src.c.o -o cmTC_70831 
gmake[1]: Leaving directory '/home/jason/projects/motion_control_go2/src/build/mujoco/CMakeFiles/CMakeTmp'


Source file was:
int main() {}
Determining if the include file sys/types.h exists passed with the following output:
Change Dir: /home/jason/projects/motion_control_go2/src/build/mujoco/CMakeFiles/CMakeTmp

Run Build Command(s):/usr/bin/gmake -f Makefile cmTC_d4495/fast && /usr/bin/gmake  -f CMakeFiles/cmTC_d4495.dir/build.make CMakeFiles/cmTC_d4495.dir/build
gmake[1]: Entering directory '/home/jason/projects/motion_control_go2/src/build/mujoco/CMakeFiles/CMakeTmp'
Building C object CMakeFiles/cmTC_d4495.dir/CheckIncludeFile.c.o
/usr/bin/cc -D_FILE_OFFSET_BITS=64 -D_LARGEFILE_SOURCE -D_LARGE_FILES -D__STDC_CONSTANT_MACROS -D__STDC_FORMAT_MACROS -D__STDC_LIMIT_MACROS  -fPIE -std=c11 -o CMakeFiles/cmTC_d4495.dir/CheckIncludeFile.c.o -c /home/jason/projects/motion_control_go2/src/build/mujoco/CMakeFiles/CMakeTmp/CheckIncludeFile.c
Linking C executable cmTC_d4495
/usr/bin/cmake -E cmake_link_script CMakeFiles/cmTC_d4495.dir/link.txt --verbose=1
/usr/bin/cc CMakeFiles/cmTC_d4495.dir/CheckIncludeFile.c.o -o cmTC_d4495 
gmake[1]: Leaving directory '/home/jason/projects/motion_control_go2/src/build/mujoco/CMakeFiles/CMakeTmp'



Determining if the include file inttypes.h exists passed with the following output:
Change Dir: /home/jason/projects/motion_control_go2/src/build/mujoco/CMakeFiles/CMakeTmp

Run Build Command(s):/usr/bin/gmake -f Makefile cmTC_a2d4d/fast && /usr/bin/gmake  -f CMakeFiles/cmTC_a2d4d.dir/build.make CMakeFiles/cmTC_a2d4d.dir/build
gmake[1]: Entering directory '/home/jason/projects/motion_control_go2/src/build/mujoco/CMakeFiles/CMakeTmp'
Building C object CMakeFiles/cmTC_a2d4d.dir/CheckIncludeFile.c.o
/usr/bin/cc -D_FILE_OFFSET_BITS=64 -D_LARGEFILE_SOURCE -D_LARGE_FILES -D__STDC_CONSTANT_MACROS -D__STDC_FORMAT_MACROS -D__STDC_LIMIT_MACROS  -fPIE -std=c11 -o CMakeFiles/cmTC_a2d4d.dir/CheckIncludeFile.c.o -c /home/jason/projects/motion_control_go2/src/build/mujoco/CMakeFiles/CMakeTmp/CheckIncludeFile.c
Linking C executable cmTC_a2d4d
/usr/bin/cmake -E cmake_link_script CMakeFiles/cmTC_a2d4d.dir/link.txt --verbose=1
/usr/bin/cc CMakeFiles/cmTC_a2d4d.dir/CheckIncludeFile.c.o -o cmTC_a2d4d 
gmake[1]: Leaving directory '/home/jason/projects/motion_control_go2/src/build/mujoco/CMakeFiles/CMakeTmp'



Determining if the include file stddef.h exists passed with the following output:
Change Dir: /home/jason/projects/motion_control_go2/src/build/mujoco/CMakeFiles/CMakeTmp

Run Build Command(s):/usr/bin/gmake -f Makefile cmTC_b1971/fast && /usr/bin/gmake  -f CMakeFiles/cmTC_b1971.dir/build.make CMakeFiles/cmTC_b1971.dir/build
gmake[1]: Entering directory '/home/jason/projects/motion_control_go2/src/build/mujoco/CMakeFiles/CMakeTmp'
Building C object CMakeFiles/cmTC_b1971.dir/CheckIncludeFile.c.o
/usr/bin/cc -D_FILE_OFFSET_BITS=64 -D_LARGEFILE_SOURCE -D_LARGE_FILES -D__STDC_CONSTANT_MACROS -D__STDC_FORMAT_MACROS -D__STDC_LIMIT_MACROS  -fPIE -std=c11 -o CMakeFiles/cmTC_b1971.dir/CheckIncludeFile.c.o -c /home/jason/projects/motion_control_go2/src/build/mujoco/CMakeFiles/CMakeTmp/CheckIncludeFile.c
Linking C executable cmTC_b1971
/usr/bin/cmake -E cmake_link_script CMakeFiles/cmTC_b1971.dir/link.txt --verbose=1
/usr/bin/cc CMakeFiles/cmTC_b1971.dir/CheckIncludeFile.c.o -o cmTC_b1971 
gmake[1]: Leaving directory '/home/jason/projects/motion_control_go2/src/build/mujoco/CMakeFiles/CMakeTmp'



Determining if the include file stdint.h exists passed with the following output:
Change Dir: /home/jason/projects/motion_control_go2/src/build/mujoco/CMakeFiles/CMakeTmp

Run Build Command(s):/usr/bin/gmake -f Makefile cmTC_6d47b/fast && /usr/bin/gmake  -f CMakeFiles/cmTC_6d47b.dir/build.make CMakeFiles/cmTC_6d47b.dir/build
gmake[1]: Entering directory '/home/jason/projects/motion_control_go2/src/build/mujoco/CMakeFiles/CMakeTmp'
Building C object CMakeFiles/cmTC_6d47b.dir/CheckIncludeFile.c.o
/usr/bin/cc -D_FILE_OFFSET_BITS=64 -D_LARGEFILE_SOURCE -D_LARGE_FILES -D__STDC_CONSTANT_MACROS -D__STDC_FORMAT_MACROS -D__STDC_LIMIT_MACROS  -fPIE -std=c11 -o CMakeFiles/cmTC_6d47b.dir/CheckIncludeFile.c.o -c /home/jason/projects/motion_control_go2/src/build/mujoco/CMakeFiles/CMakeTmp/CheckIncludeFile.c
Linking C executable cmTC_6d47b
/usr/bin/cmake -E cmake_link_script CMakeFiles/cmTC_6d47b.dir/link.txt --verbose=1
/usr/bin/cc CMakeFiles/cmTC_6d47b.dir/CheckIncludeFile.c.o -o cmTC_6d47b 
gmake[1]: Leaving directory '/home/jason/projects/motion_control_go2/src/build/mujoco/CMakeFiles/CMakeTmp'



Determining size of off_t passed with the following output:
Change Dir: /home/jason/projects/motion_control_go2/src/build/mujoco/CMakeFiles/CMakeTmp

Run Build Command(s):/usr/bin/gmake -f Makefile cmTC_79d2a/fast && /usr/bin/gmake  -f CMakeFiles/cmTC_79d2a.dir/build.make CMakeFiles/cmTC_79d2a.dir/build
gmake[1]: Entering directory '/home/jason/projects/motion_control_go2/src/build/mujoco/CMakeFiles/CMakeTmp'
Building C object CMakeFiles/cmTC_79d2a.dir/SIZEOF_OFF_T.c.o
/usr/bin/cc -D_FILE_OFFSET_BITS=64 -D_LARGEFILE_SOURCE -D_LARGE_FILES -D__STDC_CONSTANT_MACROS -D__STDC_FORMAT_MACROS -D__STDC_LIMIT_MACROS  -fPIE -std=c11 -o CMakeFiles/cmTC_79d2a.dir/SIZEOF_OFF_T.c.o -c /home/jason/projects/motion_control_go2/src/build/mujoco/CMakeFiles/CheckTypeSize/SIZEOF_OFF_T.c
Linking C executable cmTC_79d2a
/usr/bin/cmake -E cmake_link_script CMakeFiles/cmTC_79d2a.dir/link.txt --verbose=1
/usr/bin/cc CMakeFiles/cmTC_79d2a.dir/SIZEOF_OFF_T.c.o -o cmTC_79d2a 
gmake[1]: Leaving directory '/home/jason/projects/motion_control_go2/src/build/mujoco/CMakeFiles/CMakeTmp'



Determining if the fseeko exist passed with the following output:
Change Dir: /home/jason/projects/motion_control_go2/src/build/mujoco/CMakeFiles/CMakeTmp

Run Build Command(s):/usr/bin/gmake -f Makefile cmTC_41b39/fast && /usr/bin/gmake  -f CMakeFiles/cmTC_41b39.dir/build.make CMakeFiles/cmTC_41b39.dir/build
gmake[1]: Entering directory '/home/jason/projects/motion_control_go2/src/build/mujoco/CMakeFiles/CMakeTmp'
Building C object CMakeFiles/cmTC_41b39.dir/CheckSymbolExists.c.o
/usr/bin/cc -D_FILE_OFFSET_BITS=64 -D_LARGEFILE_SOURCE -D_LARGE_FILES -D__STDC_CONSTANT_MACROS -D__STDC_FORMAT_MACROS -D__STDC_LIMIT_MACROS  -fPIE -std=c11 -o CMakeFiles/cmTC_41b39.dir/CheckSymbolExists.c.o -c /home/jason/projects/motion_control_go2/src/build/mujoco/CMakeFiles/CMakeTmp/CheckSymbolExists.c
Linking C executable cmTC_41b39
/usr/bin/cmake -E cmake_link_script CMakeFiles/cmTC_41b39.dir/link.txt --verbose=1
/usr/bin/cc CMakeFiles/cmTC_41b39.dir/CheckSymbolExists.c.o -o cmTC_41b39 
gmake[1]: Leaving directory '/home/jason/projects/motion_control_go2/src/build/mujoco/CMakeFiles/CMakeTmp'


File /home/jason/projects/motion_control_go2/src/build/mujoco/CMakeFiles/CMakeTmp/CheckSymbolExists.c:
/* */
#include <stdio.h>

int main(int argc, char** argv)
{
  (void)argv;
#ifndef fseeko
  return ((int*)(&fseeko))[argc];
#else
  (void)argc;
  return 0;
#endif
}
Determining if the ftello exist passed with the following output:
Change Dir: /home/jason/projects/motion_control_go2/src/build/mujoco/CMakeFiles/CMakeTmp

Run Build Command(s):/usr/bin/gmake -f Makefile cmTC_4d7b9/fast && /usr/bin/gmake  -f CMakeFiles/cmTC_4d7b9.dir/build.make CMakeFiles/cmTC_4d7b9.dir/build
gmake[1]: Entering directory '/home/jason/projects/motion_control_go2/src/build/mujoco/CMakeFiles/CMakeTmp'
Building C object CMakeFiles/cmTC_4d7b9.dir/CheckSymbolExists.c.o
/usr/bin/cc -D_FILE_OFFSET_BITS=64 -D_LARGEFILE_SOURCE -D_LARGE_FILES -D__STDC_CONSTANT_MACROS -D__STDC_FORMAT_MACROS -D__STDC_LIMIT_MACROS  -fPIE -std=c11 -o CMakeFiles/cmTC_4d7b9.dir/CheckSymbolExists.c.o -c /home/jason/projects/motion_control_go2/src/build/mujoco/CMakeFiles/CMakeTmp/CheckSymbolExists.c
Linking C executable cmTC_4d7b9
/usr/bin/cmake -E cmake_link_script CMakeFiles/cmTC_4d7b9.dir/link.txt --verbose=1
/usr/bin/cc CMakeFiles/cmTC_4d7b9.dir/CheckSymbolExists.c.o -o cmTC_4d7b9 
gmake[1]: Leaving directory '/home/jason/projects/motion_control_go2/src/build/mujoco/CMakeFiles/CMakeTmp'


File /home/jason/projects/motion_control_go2/src/build/mujoco/CMakeFiles/CMakeTmp/CheckSymbolExists.c:
/* */
#include <stdio.h>

int main(int argc, char** argv)
{
  (void)argv;
#ifndef ftello
  return ((int*)(&ftello))[argc];
#else
  (void)argc;
  return 0;
#endif
}
Determining if the PRIdMAX exist passed with the following output:
Change Dir: /home/jason/projects/motion_control_go2/src/build/mujoco/CMakeFiles/CMakeTmp

Run Build Command(s):/usr/bin/gmake -f Makefile cmTC_096b7/fast && /usr/bin/gmake  -f CMakeFiles/cmTC_096b7.dir/build.make CMakeFiles/cmTC_096b7.dir/build
gmake[1]: Entering directory '/home/jason/projects/motion_control_go2/src/build/mujoco/CMakeFiles/CMakeTmp'
Building C object CMakeFiles/cmTC_096b7.dir/CheckSymbolExists.c.o
/usr/bin/cc -D_FILE_OFFSET_BITS=64 -D_LARGEFILE_SOURCE -D_LARGE_FILES -D__STDC_CONSTANT_MACROS -D__STDC_FORMAT_MACROS -D__STDC_LIMIT_MACROS  -fPIE -std=c11 -o CMakeFiles/cmTC_096b7.dir/CheckSymbolExists.c.o -c /home/jason/projects/motion_control_go2/src/build/mujoco/CMakeFiles/CMakeTmp/CheckSymbolExists.c
Linking C executable cmTC_096b7
/usr/bin/cmake -E cmake_link_script CMakeFiles/cmTC_096b7.dir/link.txt --verbose=1
/usr/bin/cc CMakeFiles/cmTC_096b7.dir/CheckSymbolExists.c.o -o cmTC_096b7 
gmake[1]: Leaving directory '/home/jason/projects/motion_control_go2/src/build/mujoco/CMakeFiles/CMakeTmp'


File /home/jason/projects/motion_control_go2/src/build/mujoco/CMakeFiles/CMakeTmp/CheckSymbolExists.c:
/* */
#include <inttypes.h>

int main(int argc, char** argv)
{
  (void)argv;
#ifndef PRIdMAX
  return ((int*)(&PRIdMAX))[argc];
#else
  (void)argc;
  return 0;
#endif
}
Performing C++ SOURCE FILE Test COMPILER_SUPPORTS_VISIBILITY succeeded with the following output:
Change Dir: /home/jason/projects/motion_control_go2/src/build/mujoco/CMakeFiles/CMakeTmp

Run Build Command(s):/usr/bin/gmake -f Makefile cmTC_fd061/fast && /usr/bin/gmake  -f CMakeFiles/cmTC_fd061.dir/build.make CMakeFiles/cmTC_fd061.dir/build
gmake[1]: Entering directory '/home/jason/projects/motion_control_go2/src/build/mujoco/CMakeFiles/CMakeTmp'
Building CXX object CMakeFiles/cmTC_fd061.dir/src.cxx.o
/usr/bin/c++ -DCOMPILER_SUPPORTS_VISIBILITY  -fPIE   -fvisibility=hidden -std=c++17 -o CMakeFiles/cmTC_fd061.dir/src.cxx.o -c /home/jason/projects/motion_control_go2/src/build/mujoco/CMakeFiles/CMakeTmp/src.cxx
Linking CXX executable cmTC_fd061
/usr/bin/cmake -E cmake_link_script CMakeFiles/cmTC_fd061.dir/link.txt --verbose=1
/usr/bin/c++ CMakeFiles/cmTC_fd061.dir/src.cxx.o -o cmTC_fd061 
gmake[1]: Leaving directory '/home/jason/projects/motion_control_go2/src/build/mujoco/CMakeFiles/CMakeTmp'


Source file was:
int main() { return 0; }
Performing C++ SOURCE FILE Test ABSL_INTERNAL_AT_LEAST_CXX17 succeeded with the following output:
Change Dir: /home/jason/projects/motion_control_go2/src/build/mujoco/CMakeFiles/CMakeTmp

Run Build Command(s):/usr/bin/gmake -f Makefile cmTC_d4b87/fast && /usr/bin/gmake  -f CMakeFiles/cmTC_d4b87.dir/build.make CMakeFiles/cmTC_d4b87.dir/build
gmake[1]: Entering directory '/home/jason/projects/motion_control_go2/src/build/mujoco/CMakeFiles/CMakeTmp'
Building CXX object CMakeFiles/cmTC_d4b87.dir/src.cxx.o
/usr/bin/c++ -DABSL_INTERNAL_AT_LEAST_CXX17  -fPIE -std=c++17 -o CMakeFiles/cmTC_d4b87.dir/src.cxx.o -c /home/jason/projects/motion_control_go2/src/build/mujoco/CMakeFiles/CMakeTmp/src.cxx
Linking CXX executable cmTC_d4b87
/usr/bin/cmake -E cmake_link_script CMakeFiles/cmTC_d4b87.dir/link.txt --verbose=1
/usr/bin/c++ CMakeFiles/cmTC_d4b87.dir/src.cxx.o -o cmTC_d4b87 
gmake[1]: Leaving directory '/home/jason/projects/motion_control_go2/src/build/mujoco/CMakeFiles/CMakeTmp'


Source file was:
#ifdef _MSC_VER
#  if _MSVC_LANG < 201703L
#    error "The compiler defaults or is configured for C++ < 17"
#  endif
#elif __cplusplus < 201703L
#  error "The compiler defaults or is configured for C++ < 17"
#endif
int main() { return 0; }

Determining if the include file pthread.h exists passed with the following output:
Change Dir: /home/jason/projects/motion_control_go2/src/build/mujoco/CMakeFiles/CMakeTmp

Run Build Command(s):/usr/bin/gmake -f Makefile cmTC_f7f21/fast && /usr/bin/gmake  -f CMakeFiles/cmTC_f7f21.dir/build.make CMakeFiles/cmTC_f7f21.dir/build
gmake[1]: Entering directory '/home/jason/projects/motion_control_go2/src/build/mujoco/CMakeFiles/CMakeTmp'
Building C object CMakeFiles/cmTC_f7f21.dir/CheckIncludeFile.c.o
/usr/bin/cc   -fPIE -std=c11 -o CMakeFiles/cmTC_f7f21.dir/CheckIncludeFile.c.o -c /home/jason/projects/motion_control_go2/src/build/mujoco/CMakeFiles/CMakeTmp/CheckIncludeFile.c
Linking C executable cmTC_f7f21
/usr/bin/cmake -E cmake_link_script CMakeFiles/cmTC_f7f21.dir/link.txt --verbose=1
/usr/bin/cc CMakeFiles/cmTC_f7f21.dir/CheckIncludeFile.c.o -o cmTC_f7f21 
gmake[1]: Leaving directory '/home/jason/projects/motion_control_go2/src/build/mujoco/CMakeFiles/CMakeTmp'



Performing C SOURCE FILE Test CMAKE_HAVE_LIBC_PTHREAD succeeded with the following output:
Change Dir: /home/jason/projects/motion_control_go2/src/build/mujoco/CMakeFiles/CMakeTmp

Run Build Command(s):/usr/bin/gmake -f Makefile cmTC_d86fb/fast && /usr/bin/gmake  -f CMakeFiles/cmTC_d86fb.dir/build.make CMakeFiles/cmTC_d86fb.dir/build
gmake[1]: Entering directory '/home/jason/projects/motion_control_go2/src/build/mujoco/CMakeFiles/CMakeTmp'
Building C object CMakeFiles/cmTC_d86fb.dir/src.c.o
/usr/bin/cc -DCMAKE_HAVE_LIBC_PTHREAD  -fPIE -std=c11 -o CMakeFiles/cmTC_d86fb.dir/src.c.o -c /home/jason/projects/motion_control_go2/src/build/mujoco/CMakeFiles/CMakeTmp/src.c
Linking C executable cmTC_d86fb
/usr/bin/cmake -E cmake_link_script CMakeFiles/cmTC_d86fb.dir/link.txt --verbose=1
/usr/bin/cc CMakeFiles/cmTC_d86fb.dir/src.c.o -o cmTC_d86fb 
gmake[1]: Leaving directory '/home/jason/projects/motion_control_go2/src/build/mujoco/CMakeFiles/CMakeTmp'


Source file was:
#include <pthread.h>

static void* test_func(void* data)
{
  return data;
}

int main(void)
{
  pthread_t thread;
  pthread_create(&thread, NULL, test_func, NULL);
  pthread_detach(thread);
  pthread_cancel(thread);
  pthread_join(thread, NULL);
  pthread_atfork(NULL, NULL, NULL);
  pthread_exit(NULL);

  return 0;
}

Determining if the function shm_open exists in the rt passed with the following output:
Change Dir: /home/jason/projects/motion_control_go2/src/build/mujoco/CMakeFiles/CMakeTmp

Run Build Command(s):/usr/bin/gmake -f Makefile cmTC_9473f/fast && /usr/bin/gmake  -f CMakeFiles/cmTC_9473f.dir/build.make CMakeFiles/cmTC_9473f.dir/build
gmake[1]: Entering directory '/home/jason/projects/motion_control_go2/src/build/mujoco/CMakeFiles/CMakeTmp'
Building C object CMakeFiles/cmTC_9473f.dir/CheckFunctionExists.c.o
/usr/bin/cc   -DCHECK_FUNCTION_EXISTS=shm_open -fPIE -std=c11 -o CMakeFiles/cmTC_9473f.dir/CheckFunctionExists.c.o -c /usr/share/cmake-3.22/Modules/CheckFunctionExists.c
Linking C executable cmTC_9473f
/usr/bin/cmake -E cmake_link_script CMakeFiles/cmTC_9473f.dir/link.txt --verbose=1
/usr/bin/cc  -DCHECK_FUNCTION_EXISTS=shm_open CMakeFiles/cmTC_9473f.dir/CheckFunctionExists.c.o -o cmTC_9473f  -lrt 
gmake[1]: Leaving directory '/home/jason/projects/motion_control_go2/src/build/mujoco/CMakeFiles/CMakeTmp'



Performing C++ SOURCE FILE Test HAVE_CXX_FLAG_WALL succeeded with the following output:
Change Dir: /home/jason/projects/motion_control_go2/src/build/mujoco/CMakeFiles/CMakeTmp

Run Build Command(s):/usr/bin/gmake -f Makefile cmTC_27bf0/fast && /usr/bin/gmake  -f CMakeFiles/cmTC_27bf0.dir/build.make CMakeFiles/cmTC_27bf0.dir/build
gmake[1]: Entering directory '/home/jason/projects/motion_control_go2/src/build/mujoco/CMakeFiles/CMakeTmp'
Building CXX object CMakeFiles/cmTC_27bf0.dir/src.cxx.o
/usr/bin/c++ -DHAVE_CXX_FLAG_WALL  -Wall -fPIE   -Wall -std=c++17 -o CMakeFiles/cmTC_27bf0.dir/src.cxx.o -c /home/jason/projects/motion_control_go2/src/build/mujoco/CMakeFiles/CMakeTmp/src.cxx
Linking CXX executable cmTC_27bf0
/usr/bin/cmake -E cmake_link_script CMakeFiles/cmTC_27bf0.dir/link.txt --verbose=1
/usr/bin/c++   -Wall CMakeFiles/cmTC_27bf0.dir/src.cxx.o -o cmTC_27bf0 
gmake[1]: Leaving directory '/home/jason/projects/motion_control_go2/src/build/mujoco/CMakeFiles/CMakeTmp'


Source file was:
int main() { return 0; }
Performing C++ SOURCE FILE Test HAVE_CXX_FLAG_WEXTRA succeeded with the following output:
Change Dir: /home/jason/projects/motion_control_go2/src/build/mujoco/CMakeFiles/CMakeTmp

Run Build Command(s):/usr/bin/gmake -f Makefile cmTC_ae22e/fast && /usr/bin/gmake  -f CMakeFiles/cmTC_ae22e.dir/build.make CMakeFiles/cmTC_ae22e.dir/build
gmake[1]: Entering directory '/home/jason/projects/motion_control_go2/src/build/mujoco/CMakeFiles/CMakeTmp'
Building CXX object CMakeFiles/cmTC_ae22e.dir/src.cxx.o
/usr/bin/c++ -DHAVE_CXX_FLAG_WEXTRA  -Wall  -Wextra -fPIE   -Wextra -std=c++17 -o CMakeFiles/cmTC_ae22e.dir/src.cxx.o -c /home/jason/projects/motion_control_go2/src/build/mujoco/CMakeFiles/CMakeTmp/src.cxx
Linking CXX executable cmTC_ae22e
/usr/bin/cmake -E cmake_link_script CMakeFiles/cmTC_ae22e.dir/link.txt --verbose=1
/usr/bin/c++   -Wall  -Wextra CMakeFiles/cmTC_ae22e.dir/src.cxx.o -o cmTC_ae22e 
gmake[1]: Leaving directory '/home/jason/projects/motion_control_go2/src/build/mujoco/CMakeFiles/CMakeTmp'


Source file was:
int main() { return 0; }
Performing C++ SOURCE FILE Test HAVE_CXX_FLAG_WSHADOW succeeded with the following output:
Change Dir: /home/jason/projects/motion_control_go2/src/build/mujoco/CMakeFiles/CMakeTmp

Run Build Command(s):/usr/bin/gmake -f Makefile cmTC_a6fc6/fast && /usr/bin/gmake  -f CMakeFiles/cmTC_a6fc6.dir/build.make CMakeFiles/cmTC_a6fc6.dir/build
gmake[1]: Entering directory '/home/jason/projects/motion_control_go2/src/build/mujoco/CMakeFiles/CMakeTmp'
Building CXX object CMakeFiles/cmTC_a6fc6.dir/src.cxx.o
/usr/bin/c++ -DHAVE_CXX_FLAG_WSHADOW  -Wall  -Wextra  -Wshadow -fPIE   -Wshadow -std=c++17 -o CMakeFiles/cmTC_a6fc6.dir/src.cxx.o -c /home/jason/projects/motion_control_go2/src/build/mujoco/CMakeFiles/CMakeTmp/src.cxx
Linking CXX executable cmTC_a6fc6
/usr/bin/cmake -E cmake_link_script CMakeFiles/cmTC_a6fc6.dir/link.txt --verbose=1
/usr/bin/c++   -Wall  -Wextra  -Wshadow CMakeFiles/cmTC_a6fc6.dir/src.cxx.o -o cmTC_a6fc6 
gmake[1]: Leaving directory '/home/jason/projects/motion_control_go2/src/build/mujoco/CMakeFiles/CMakeTmp'


Source file was:
int main() { return 0; }
Performing C++ SOURCE FILE Test HAVE_CXX_FLAG_WFLOAT_EQUAL succeeded with the following output:
Change Dir: /home/jason/projects/motion_control_go2/src/build/mujoco/CMakeFiles/CMakeTmp

Run Build Command(s):/usr/bin/gmake -f Makefile cmTC_a5b23/fast && /usr/bin/gmake  -f CMakeFiles/cmTC_a5b23.dir/build.make CMakeFiles/cmTC_a5b23.dir/build
gmake[1]: Entering directory '/home/jason/projects/motion_control_go2/src/build/mujoco/CMakeFiles/CMakeTmp'
Building CXX object CMakeFiles/cmTC_a5b23.dir/src.cxx.o
/usr/bin/c++ -DHAVE_CXX_FLAG_WFLOAT_EQUAL  -Wall  -Wextra  -Wshadow  -Wfloat-equal -fPIE   -Wfloat-equal -std=c++17 -o CMakeFiles/cmTC_a5b23.dir/src.cxx.o -c /home/jason/projects/motion_control_go2/src/build/mujoco/CMakeFiles/CMakeTmp/src.cxx
Linking CXX executable cmTC_a5b23
/usr/bin/cmake -E cmake_link_script CMakeFiles/cmTC_a5b23.dir/link.txt --verbose=1
/usr/bin/c++   -Wall  -Wextra  -Wshadow  -Wfloat-equal CMakeFiles/cmTC_a5b23.dir/src.cxx.o -o cmTC_a5b23 
gmake[1]: Leaving directory '/home/jason/projects/motion_control_go2/src/build/mujoco/CMakeFiles/CMakeTmp'


Source file was:
int main() { return 0; }
Performing C++ SOURCE FILE Test HAVE_CXX_FLAG_WOLD_STYLE_CAST succeeded with the following output:
Change Dir: /home/jason/projects/motion_control_go2/src/build/mujoco/CMakeFiles/CMakeTmp

Run Build Command(s):/usr/bin/gmake -f Makefile cmTC_349f7/fast && /usr/bin/gmake  -f CMakeFiles/cmTC_349f7.dir/build.make CMakeFiles/cmTC_349f7.dir/build
gmake[1]: Entering directory '/home/jason/projects/motion_control_go2/src/build/mujoco/CMakeFiles/CMakeTmp'
Building CXX object CMakeFiles/cmTC_349f7.dir/src.cxx.o
/usr/bin/c++ -DHAVE_CXX_FLAG_WOLD_STYLE_CAST  -Wall  -Wextra  -Wshadow  -Wfloat-equal  -Wold-style-cast -fPIE   -Wold-style-cast -std=c++17 -o CMakeFiles/cmTC_349f7.dir/src.cxx.o -c /home/jason/projects/motion_control_go2/src/build/mujoco/CMakeFiles/CMakeTmp/src.cxx
Linking CXX executable cmTC_349f7
/usr/bin/cmake -E cmake_link_script CMakeFiles/cmTC_349f7.dir/link.txt --verbose=1
/usr/bin/c++   -Wall  -Wextra  -Wshadow  -Wfloat-equal  -Wold-style-cast CMakeFiles/cmTC_349f7.dir/src.cxx.o -o cmTC_349f7 
gmake[1]: Leaving directory '/home/jason/projects/motion_control_go2/src/build/mujoco/CMakeFiles/CMakeTmp'


Source file was:
int main() { return 0; }
Performing C++ SOURCE FILE Test HAVE_CXX_FLAG_WCONVERSION succeeded with the following output:
Change Dir: /home/jason/projects/motion_control_go2/src/build/mujoco/CMakeFiles/CMakeTmp

Run Build Command(s):/usr/bin/gmake -f Makefile cmTC_18e08/fast && /usr/bin/gmake  -f CMakeFiles/cmTC_18e08.dir/build.make CMakeFiles/cmTC_18e08.dir/build
gmake[1]: Entering directory '/home/jason/projects/motion_control_go2/src/build/mujoco/CMakeFiles/CMakeTmp'
Building CXX object CMakeFiles/cmTC_18e08.dir/src.cxx.o
/usr/bin/c++ -DHAVE_CXX_FLAG_WCONVERSION  -Wall  -Wextra  -Wshadow  -Wfloat-equal  -Wold-style-cast  -Wconversion -fPIE   -Wconversion -std=c++17 -o CMakeFiles/cmTC_18e08.dir/src.cxx.o -c /home/jason/projects/motion_control_go2/src/build/mujoco/CMakeFiles/CMakeTmp/src.cxx
Linking CXX executable cmTC_18e08
/usr/bin/cmake -E cmake_link_script CMakeFiles/cmTC_18e08.dir/link.txt --verbose=1
/usr/bin/c++   -Wall  -Wextra  -Wshadow  -Wfloat-equal  -Wold-style-cast  -Wconversion CMakeFiles/cmTC_18e08.dir/src.cxx.o -o cmTC_18e08 
gmake[1]: Leaving directory '/home/jason/projects/motion_control_go2/src/build/mujoco/CMakeFiles/CMakeTmp'


Source file was:
int main() { return 0; }
Performing C++ SOURCE FILE Test HAVE_CXX_FLAG_WERROR succeeded with the following output:
Change Dir: /home/jason/projects/motion_control_go2/src/build/mujoco/CMakeFiles/CMakeTmp

Run Build Command(s):/usr/bin/gmake -f Makefile cmTC_b945d/fast && /usr/bin/gmake  -f CMakeFiles/cmTC_b945d.dir/build.make CMakeFiles/cmTC_b945d.dir/build
gmake[1]: Entering directory '/home/jason/projects/motion_control_go2/src/build/mujoco/CMakeFiles/CMakeTmp'
Building CXX object CMakeFiles/cmTC_b945d.dir/src.cxx.o
/usr/bin/c++ -DHAVE_CXX_FLAG_WERROR  -Wall  -Wextra  -Wshadow  -Wfloat-equal  -Wold-style-cast  -Wconversion  -Werror -fPIE   -Werror -std=c++17 -o CMakeFiles/cmTC_b945d.dir/src.cxx.o -c /home/jason/projects/motion_control_go2/src/build/mujoco/CMakeFiles/CMakeTmp/src.cxx
Linking CXX executable cmTC_b945d
/usr/bin/cmake -E cmake_link_script CMakeFiles/cmTC_b945d.dir/link.txt --verbose=1
/usr/bin/c++   -Wall  -Wextra  -Wshadow  -Wfloat-equal  -Wold-style-cast  -Wconversion  -Werror CMakeFiles/cmTC_b945d.dir/src.cxx.o -o cmTC_b945d 
gmake[1]: Leaving directory '/home/jason/projects/motion_control_go2/src/build/mujoco/CMakeFiles/CMakeTmp'


Source file was:
int main() { return 0; }
Performing C++ SOURCE FILE Test HAVE_CXX_FLAG_WSUGGEST_OVERRIDE succeeded with the following output:
Change Dir: /home/jason/projects/motion_control_go2/src/build/mujoco/CMakeFiles/CMakeTmp

Run Build Command(s):/usr/bin/gmake -f Makefile cmTC_d85c8/fast && /usr/bin/gmake  -f CMakeFiles/cmTC_d85c8.dir/build.make CMakeFiles/cmTC_d85c8.dir/build
gmake[1]: Entering directory '/home/jason/projects/motion_control_go2/src/build/mujoco/CMakeFiles/CMakeTmp'
Building CXX object CMakeFiles/cmTC_d85c8.dir/src.cxx.o
/usr/bin/c++ -DHAVE_CXX_FLAG_WSUGGEST_OVERRIDE  -Wall  -Wextra  -Wshadow  -Wfloat-equal  -Wold-style-cast  -Wconversion  -Werror  -Wsuggest-override -fPIE   -Wsuggest-override -std=c++17 -o CMakeFiles/cmTC_d85c8.dir/src.cxx.o -c /home/jason/projects/motion_control_go2/src/build/mujoco/CMakeFiles/CMakeTmp/src.cxx
Linking CXX executable cmTC_d85c8
/usr/bin/cmake -E cmake_link_script CMakeFiles/cmTC_d85c8.dir/link.txt --verbose=1
/usr/bin/c++   -Wall  -Wextra  -Wshadow  -Wfloat-equal  -Wold-style-cast  -Wconversion  -Werror  -Wsuggest-override CMakeFiles/cmTC_d85c8.dir/src.cxx.o -o cmTC_d85c8 
gmake[1]: Leaving directory '/home/jason/projects/motion_control_go2/src/build/mujoco/CMakeFiles/CMakeTmp'


Source file was:
int main() { return 0; }
Performing C++ SOURCE FILE Test HAVE_CXX_FLAG_PEDANTIC succeeded with the following output:
Change Dir: /home/jason/projects/motion_control_go2/src/build/mujoco/CMakeFiles/CMakeTmp

Run Build Command(s):/usr/bin/gmake -f Makefile cmTC_0f6b9/fast && /usr/bin/gmake  -f CMakeFiles/cmTC_0f6b9.dir/build.make CMakeFiles/cmTC_0f6b9.dir/build
gmake[1]: Entering directory '/home/jason/projects/motion_control_go2/src/build/mujoco/CMakeFiles/CMakeTmp'
Building CXX object CMakeFiles/cmTC_0f6b9.dir/src.cxx.o
/usr/bin/c++ -DHAVE_CXX_FLAG_PEDANTIC  -Wall  -Wextra  -Wshadow  -Wfloat-equal  -Wold-style-cast  -Wconversion  -Werror  -Wsuggest-override  -pedantic -fPIE   -pedantic -std=c++17 -o CMakeFiles/cmTC_0f6b9.dir/src.cxx.o -c /home/jason/projects/motion_control_go2/src/build/mujoco/CMakeFiles/CMakeTmp/src.cxx
Linking CXX executable cmTC_0f6b9
/usr/bin/cmake -E cmake_link_script CMakeFiles/cmTC_0f6b9.dir/link.txt --verbose=1
/usr/bin/c++   -Wall  -Wextra  -Wshadow  -Wfloat-equal  -Wold-style-cast  -Wconversion  -Werror  -Wsuggest-override  -pedantic CMakeFiles/cmTC_0f6b9.dir/src.cxx.o -o cmTC_0f6b9 
gmake[1]: Leaving directory '/home/jason/projects/motion_control_go2/src/build/mujoco/CMakeFiles/CMakeTmp'


Source file was:
int main() { return 0; }
Performing C++ SOURCE FILE Test HAVE_CXX_FLAG_PEDANTIC_ERRORS succeeded with the following output:
Change Dir: /home/jason/projects/motion_control_go2/src/build/mujoco/CMakeFiles/CMakeTmp

Run Build Command(s):/usr/bin/gmake -f Makefile cmTC_80134/fast && /usr/bin/gmake  -f CMakeFiles/cmTC_80134.dir/build.make CMakeFiles/cmTC_80134.dir/build
gmake[1]: Entering directory '/home/jason/projects/motion_control_go2/src/build/mujoco/CMakeFiles/CMakeTmp'
Building CXX object CMakeFiles/cmTC_80134.dir/src.cxx.o
/usr/bin/c++ -DHAVE_CXX_FLAG_PEDANTIC_ERRORS  -Wall  -Wextra  -Wshadow  -Wfloat-equal  -Wold-style-cast  -Wconversion  -Werror  -Wsuggest-override  -pedantic  -pedantic-errors -fPIE   -pedantic-errors -std=c++17 -o CMakeFiles/cmTC_80134.dir/src.cxx.o -c /home/jason/projects/motion_control_go2/src/build/mujoco/CMakeFiles/CMakeTmp/src.cxx
Linking CXX executable cmTC_80134
/usr/bin/cmake -E cmake_link_script CMakeFiles/cmTC_80134.dir/link.txt --verbose=1
/usr/bin/c++   -Wall  -Wextra  -Wshadow  -Wfloat-equal  -Wold-style-cast  -Wconversion  -Werror  -Wsuggest-override  -pedantic  -pedantic-errors CMakeFiles/cmTC_80134.dir/src.cxx.o -o cmTC_80134 
gmake[1]: Leaving directory '/home/jason/projects/motion_control_go2/src/build/mujoco/CMakeFiles/CMakeTmp'


Source file was:
int main() { return 0; }
Performing C++ SOURCE FILE Test HAVE_CXX_FLAG_FSTRICT_ALIASING succeeded with the following output:
Change Dir: /home/jason/projects/motion_control_go2/src/build/mujoco/CMakeFiles/CMakeTmp

Run Build Command(s):/usr/bin/gmake -f Makefile cmTC_6dc6a/fast && /usr/bin/gmake  -f CMakeFiles/cmTC_6dc6a.dir/build.make CMakeFiles/cmTC_6dc6a.dir/build
gmake[1]: Entering directory '/home/jason/projects/motion_control_go2/src/build/mujoco/CMakeFiles/CMakeTmp'
Building CXX object CMakeFiles/cmTC_6dc6a.dir/src.cxx.o
/usr/bin/c++ -DHAVE_CXX_FLAG_FSTRICT_ALIASING  -Wall  -Wextra  -Wshadow  -Wfloat-equal  -Wold-style-cast  -Wconversion  -Werror  -Wsuggest-override  -pedantic  -pedantic-errors  -fstrict-aliasing -fPIE   -fstrict-aliasing -std=c++17 -o CMakeFiles/cmTC_6dc6a.dir/src.cxx.o -c /home/jason/projects/motion_control_go2/src/build/mujoco/CMakeFiles/CMakeTmp/src.cxx
Linking CXX executable cmTC_6dc6a
/usr/bin/cmake -E cmake_link_script CMakeFiles/cmTC_6dc6a.dir/link.txt --verbose=1
/usr/bin/c++   -Wall  -Wextra  -Wshadow  -Wfloat-equal  -Wold-style-cast  -Wconversion  -Werror  -Wsuggest-override  -pedantic  -pedantic-errors  -fstrict-aliasing CMakeFiles/cmTC_6dc6a.dir/src.cxx.o -o cmTC_6dc6a 
gmake[1]: Leaving directory '/home/jason/projects/motion_control_go2/src/build/mujoco/CMakeFiles/CMakeTmp'


Source file was:
int main() { return 0; }
Performing C++ SOURCE FILE Test HAVE_CXX_FLAG_WNO_DEPRECATED_DECLARATIONS succeeded with the following output:
Change Dir: /home/jason/projects/motion_control_go2/src/build/mujoco/CMakeFiles/CMakeTmp

Run Build Command(s):/usr/bin/gmake -f Makefile cmTC_c3f0f/fast && /usr/bin/gmake  -f CMakeFiles/cmTC_c3f0f.dir/build.make CMakeFiles/cmTC_c3f0f.dir/build
gmake[1]: Entering directory '/home/jason/projects/motion_control_go2/src/build/mujoco/CMakeFiles/CMakeTmp'
Building CXX object CMakeFiles/cmTC_c3f0f.dir/src.cxx.o
/usr/bin/c++ -DHAVE_CXX_FLAG_WNO_DEPRECATED_DECLARATIONS  -Wall  -Wextra  -Wshadow  -Wfloat-equal  -Wold-style-cast  -Wconversion  -Werror  -Wsuggest-override  -pedantic  -pedantic-errors  -fstrict-aliasing  -Wno-deprecated-declarations -fPIE   -Wno-deprecated-declarations -std=c++17 -o CMakeFiles/cmTC_c3f0f.dir/src.cxx.o -c /home/jason/projects/motion_control_go2/src/build/mujoco/CMakeFiles/CMakeTmp/src.cxx
Linking CXX executable cmTC_c3f0f
/usr/bin/cmake -E cmake_link_script CMakeFiles/cmTC_c3f0f.dir/link.txt --verbose=1
/usr/bin/c++   -Wall  -Wextra  -Wshadow  -Wfloat-equal  -Wold-style-cast  -Wconversion  -Werror  -Wsuggest-override  -pedantic  -pedantic-errors  -fstrict-aliasing  -Wno-deprecated-declarations CMakeFiles/cmTC_c3f0f.dir/src.cxx.o -o cmTC_c3f0f 
gmake[1]: Leaving directory '/home/jason/projects/motion_control_go2/src/build/mujoco/CMakeFiles/CMakeTmp'


Source file was:
int main() { return 0; }
Performing C++ SOURCE FILE Test HAVE_CXX_FLAG_WNO_DEPRECATED succeeded with the following output:
Change Dir: /home/jason/projects/motion_control_go2/src/build/mujoco/CMakeFiles/CMakeTmp

Run Build Command(s):/usr/bin/gmake -f Makefile cmTC_3fac8/fast && /usr/bin/gmake  -f CMakeFiles/cmTC_3fac8.dir/build.make CMakeFiles/cmTC_3fac8.dir/build
gmake[1]: Entering directory '/home/jason/projects/motion_control_go2/src/build/mujoco/CMakeFiles/CMakeTmp'
Building CXX object CMakeFiles/cmTC_3fac8.dir/src.cxx.o
/usr/bin/c++ -DHAVE_CXX_FLAG_WNO_DEPRECATED  -Wall  -Wextra  -Wshadow  -Wfloat-equal  -Wold-style-cast  -Wconversion  -Werror  -Wsuggest-override  -pedantic  -pedantic-errors  -fstrict-aliasing  -Wno-deprecated-declarations  -Wno-deprecated -fPIE   -Wno-deprecated -std=c++17 -o CMakeFiles/cmTC_3fac8.dir/src.cxx.o -c /home/jason/projects/motion_control_go2/src/build/mujoco/CMakeFiles/CMakeTmp/src.cxx
Linking CXX executable cmTC_3fac8
/usr/bin/cmake -E cmake_link_script CMakeFiles/cmTC_3fac8.dir/link.txt --verbose=1
/usr/bin/c++   -Wall  -Wextra  -Wshadow  -Wfloat-equal  -Wold-style-cast  -Wconversion  -Werror  -Wsuggest-override  -pedantic  -pedantic-errors  -fstrict-aliasing  -Wno-deprecated-declarations  -Wno-deprecated CMakeFiles/cmTC_3fac8.dir/src.cxx.o -o cmTC_3fac8 
gmake[1]: Leaving directory '/home/jason/projects/motion_control_go2/src/build/mujoco/CMakeFiles/CMakeTmp'


Source file was:
int main() { return 0; }
Performing C++ SOURCE FILE Test HAVE_CXX_FLAG_WSTRICT_ALIASING succeeded with the following output:
Change Dir: /home/jason/projects/motion_control_go2/src/build/mujoco/CMakeFiles/CMakeTmp

Run Build Command(s):/usr/bin/gmake -f Makefile cmTC_c5b3d/fast && /usr/bin/gmake  -f CMakeFiles/cmTC_c5b3d.dir/build.make CMakeFiles/cmTC_c5b3d.dir/build
gmake[1]: Entering directory '/home/jason/projects/motion_control_go2/src/build/mujoco/CMakeFiles/CMakeTmp'
Building CXX object CMakeFiles/cmTC_c5b3d.dir/src.cxx.o
/usr/bin/c++ -DHAVE_CXX_FLAG_WSTRICT_ALIASING  -Wall  -Wextra  -Wshadow  -Wfloat-equal  -Wold-style-cast  -Wconversion  -Werror  -Wsuggest-override  -pedantic  -pedantic-errors  -fstrict-aliasing  -Wno-deprecated-declarations  -Wno-deprecated  -Wstrict-aliasing -fPIE   -Wstrict-aliasing -std=c++17 -o CMakeFiles/cmTC_c5b3d.dir/src.cxx.o -c /home/jason/projects/motion_control_go2/src/build/mujoco/CMakeFiles/CMakeTmp/src.cxx
Linking CXX executable cmTC_c5b3d
/usr/bin/cmake -E cmake_link_script CMakeFiles/cmTC_c5b3d.dir/link.txt --verbose=1
/usr/bin/c++   -Wall  -Wextra  -Wshadow  -Wfloat-equal  -Wold-style-cast  -Wconversion  -Werror  -Wsuggest-override  -pedantic  -pedantic-errors  -fstrict-aliasing  -Wno-deprecated-declarations  -Wno-deprecated  -Wstrict-aliasing CMakeFiles/cmTC_c5b3d.dir/src.cxx.o -o cmTC_c5b3d 
gmake[1]: Leaving directory '/home/jason/projects/motion_control_go2/src/build/mujoco/CMakeFiles/CMakeTmp'


Source file was:
int main() { return 0; }
Performing C++ SOURCE FILE Test HAVE_CXX_FLAG_COVERAGE succeeded with the following output:
Change Dir: /home/jason/projects/motion_control_go2/src/build/mujoco/CMakeFiles/CMakeTmp

Run Build Command(s):/usr/bin/gmake -f Makefile cmTC_5db20/fast && /usr/bin/gmake  -f CMakeFiles/cmTC_5db20.dir/build.make CMakeFiles/cmTC_5db20.dir/build
gmake[1]: Entering directory '/home/jason/projects/motion_control_go2/src/build/mujoco/CMakeFiles/CMakeTmp'
Building CXX object CMakeFiles/cmTC_5db20.dir/src.cxx.o
/usr/bin/c++ -DHAVE_CXX_FLAG_COVERAGE  -Wall  -Wextra  -Wshadow  -Wfloat-equal  -Wold-style-cast  -Wconversion  -Werror  -Wsuggest-override  -pedantic  -pedantic-errors  -fstrict-aliasing  -Wno-deprecated-declarations  -Wno-deprecated  -Wstrict-aliasing  --coverage -fPIE   --coverage -std=c++17 -o CMakeFiles/cmTC_5db20.dir/src.cxx.o -c /home/jason/projects/motion_control_go2/src/build/mujoco/CMakeFiles/CMakeTmp/src.cxx
Linking CXX executable cmTC_5db20
/usr/bin/cmake -E cmake_link_script CMakeFiles/cmTC_5db20.dir/link.txt --verbose=1
/usr/bin/c++   -Wall  -Wextra  -Wshadow  -Wfloat-equal  -Wold-style-cast  -Wconversion  -Werror  -Wsuggest-override  -pedantic  -pedantic-errors  -fstrict-aliasing  -Wno-deprecated-declarations  -Wno-deprecated  -Wstrict-aliasing  --coverage CMakeFiles/cmTC_5db20.dir/src.cxx.o -o cmTC_5db20 
gmake[1]: Leaving directory '/home/jason/projects/motion_control_go2/src/build/mujoco/CMakeFiles/CMakeTmp'


Source file was:
int main() { return 0; }
Determining if the function memfd_create exists passed with the following output:
Change Dir: /home/jason/projects/motion_control_go2/src/build/mujoco/CMakeFiles/CMakeTmp

Run Build Command(s):/usr/bin/gmake -f Makefile cmTC_dedc3/fast && /usr/bin/gmake  -f CMakeFiles/cmTC_dedc3.dir/build.make CMakeFiles/cmTC_dedc3.dir/build
gmake[1]: Entering directory '/home/jason/projects/motion_control_go2/src/build/mujoco/CMakeFiles/CMakeTmp'
Building C object CMakeFiles/cmTC_dedc3.dir/CheckFunctionExists.c.o
/usr/bin/cc   -DCHECK_FUNCTION_EXISTS=memfd_create -fPIE -std=c11 -o CMakeFiles/cmTC_dedc3.dir/CheckFunctionExists.c.o -c /usr/share/cmake-3.22/Modules/CheckFunctionExists.c
Linking C executable cmTC_dedc3
/usr/bin/cmake -E cmake_link_script CMakeFiles/cmTC_dedc3.dir/link.txt --verbose=1
/usr/bin/cc  -DCHECK_FUNCTION_EXISTS=memfd_create CMakeFiles/cmTC_dedc3.dir/CheckFunctionExists.c.o -o cmTC_dedc3 
gmake[1]: Leaving directory '/home/jason/projects/motion_control_go2/src/build/mujoco/CMakeFiles/CMakeTmp'



Determining if the function XOpenDisplay exists in the /usr/lib/x86_64-linux-gnu/libX11.so;/usr/lib/x86_64-linux-gnu/libXext.so passed with the following output:
Change Dir: /home/jason/projects/motion_control_go2/src/build/mujoco/CMakeFiles/CMakeTmp

Run Build Command(s):/usr/bin/gmake -f Makefile cmTC_919c3/fast && /usr/bin/gmake  -f CMakeFiles/cmTC_919c3.dir/build.make CMakeFiles/cmTC_919c3.dir/build
gmake[1]: Entering directory '/home/jason/projects/motion_control_go2/src/build/mujoco/CMakeFiles/CMakeTmp'
Building C object CMakeFiles/cmTC_919c3.dir/CheckFunctionExists.c.o
/usr/bin/cc   -DCHECK_FUNCTION_EXISTS=XOpenDisplay -fPIE -std=c11 -o CMakeFiles/cmTC_919c3.dir/CheckFunctionExists.c.o -c /usr/share/cmake-3.22/Modules/CheckFunctionExists.c
Linking C executable cmTC_919c3
/usr/bin/cmake -E cmake_link_script CMakeFiles/cmTC_919c3.dir/link.txt --verbose=1
/usr/bin/cc  -DCHECK_FUNCTION_EXISTS=XOpenDisplay CMakeFiles/cmTC_919c3.dir/CheckFunctionExists.c.o -o cmTC_919c3  /usr/lib/x86_64-linux-gnu/libX11.so /usr/lib/x86_64-linux-gnu/libXext.so 
gmake[1]: Leaving directory '/home/jason/projects/motion_control_go2/src/build/mujoco/CMakeFiles/CMakeTmp'



Determining if the function gethostbyname exists passed with the following output:
Change Dir: /home/jason/projects/motion_control_go2/src/build/mujoco/CMakeFiles/CMakeTmp

Run Build Command(s):/usr/bin/gmake -f Makefile cmTC_274c8/fast && /usr/bin/gmake  -f CMakeFiles/cmTC_274c8.dir/build.make CMakeFiles/cmTC_274c8.dir/build
gmake[1]: Entering directory '/home/jason/projects/motion_control_go2/src/build/mujoco/CMakeFiles/CMakeTmp'
Building C object CMakeFiles/cmTC_274c8.dir/CheckFunctionExists.c.o
/usr/bin/cc   -DCHECK_FUNCTION_EXISTS=gethostbyname -fPIE -std=c11 -o CMakeFiles/cmTC_274c8.dir/CheckFunctionExists.c.o -c /usr/share/cmake-3.22/Modules/CheckFunctionExists.c
Linking C executable cmTC_274c8
/usr/bin/cmake -E cmake_link_script CMakeFiles/cmTC_274c8.dir/link.txt --verbose=1
/usr/bin/cc  -DCHECK_FUNCTION_EXISTS=gethostbyname CMakeFiles/cmTC_274c8.dir/CheckFunctionExists.c.o -o cmTC_274c8 
gmake[1]: Leaving directory '/home/jason/projects/motion_control_go2/src/build/mujoco/CMakeFiles/CMakeTmp'



Determining if the function connect exists passed with the following output:
Change Dir: /home/jason/projects/motion_control_go2/src/build/mujoco/CMakeFiles/CMakeTmp

Run Build Command(s):/usr/bin/gmake -f Makefile cmTC_cb2b2/fast && /usr/bin/gmake  -f CMakeFiles/cmTC_cb2b2.dir/build.make CMakeFiles/cmTC_cb2b2.dir/build
gmake[1]: Entering directory '/home/jason/projects/motion_control_go2/src/build/mujoco/CMakeFiles/CMakeTmp'
Building C object CMakeFiles/cmTC_cb2b2.dir/CheckFunctionExists.c.o
/usr/bin/cc   -DCHECK_FUNCTION_EXISTS=connect -fPIE -std=c11 -o CMakeFiles/cmTC_cb2b2.dir/CheckFunctionExists.c.o -c /usr/share/cmake-3.22/Modules/CheckFunctionExists.c
Linking C executable cmTC_cb2b2
/usr/bin/cmake -E cmake_link_script CMakeFiles/cmTC_cb2b2.dir/link.txt --verbose=1
/usr/bin/cc  -DCHECK_FUNCTION_EXISTS=connect CMakeFiles/cmTC_cb2b2.dir/CheckFunctionExists.c.o -o cmTC_cb2b2 
gmake[1]: Leaving directory '/home/jason/projects/motion_control_go2/src/build/mujoco/CMakeFiles/CMakeTmp'



Determining if the function remove exists passed with the following output:
Change Dir: /home/jason/projects/motion_control_go2/src/build/mujoco/CMakeFiles/CMakeTmp

Run Build Command(s):/usr/bin/gmake -f Makefile cmTC_6dae3/fast && /usr/bin/gmake  -f CMakeFiles/cmTC_6dae3.dir/build.make CMakeFiles/cmTC_6dae3.dir/build
gmake[1]: Entering directory '/home/jason/projects/motion_control_go2/src/build/mujoco/CMakeFiles/CMakeTmp'
Building C object CMakeFiles/cmTC_6dae3.dir/CheckFunctionExists.c.o
/usr/bin/cc   -DCHECK_FUNCTION_EXISTS=remove -fPIE -std=c11 -o CMakeFiles/cmTC_6dae3.dir/CheckFunctionExists.c.o -c /usr/share/cmake-3.22/Modules/CheckFunctionExists.c
Linking C executable cmTC_6dae3
/usr/bin/cmake -E cmake_link_script CMakeFiles/cmTC_6dae3.dir/link.txt --verbose=1
/usr/bin/cc  -DCHECK_FUNCTION_EXISTS=remove CMakeFiles/cmTC_6dae3.dir/CheckFunctionExists.c.o -o cmTC_6dae3 
gmake[1]: Leaving directory '/home/jason/projects/motion_control_go2/src/build/mujoco/CMakeFiles/CMakeTmp'



Determining if the function shmat exists passed with the following output:
Change Dir: /home/jason/projects/motion_control_go2/src/build/mujoco/CMakeFiles/CMakeTmp

Run Build Command(s):/usr/bin/gmake -f Makefile cmTC_d48d7/fast && /usr/bin/gmake  -f CMakeFiles/cmTC_d48d7.dir/build.make CMakeFiles/cmTC_d48d7.dir/build
gmake[1]: Entering directory '/home/jason/projects/motion_control_go2/src/build/mujoco/CMakeFiles/CMakeTmp'
Building C object CMakeFiles/cmTC_d48d7.dir/CheckFunctionExists.c.o
/usr/bin/cc   -DCHECK_FUNCTION_EXISTS=shmat -fPIE -std=c11 -o CMakeFiles/cmTC_d48d7.dir/CheckFunctionExists.c.o -c /usr/share/cmake-3.22/Modules/CheckFunctionExists.c
Linking C executable cmTC_d48d7
/usr/bin/cmake -E cmake_link_script CMakeFiles/cmTC_d48d7.dir/link.txt --verbose=1
/usr/bin/cc  -DCHECK_FUNCTION_EXISTS=shmat CMakeFiles/cmTC_d48d7.dir/CheckFunctionExists.c.o -o cmTC_d48d7 
gmake[1]: Leaving directory '/home/jason/projects/motion_control_go2/src/build/mujoco/CMakeFiles/CMakeTmp'



Determining if the function IceConnectionNumber exists in the ICE passed with the following output:
Change Dir: /home/jason/projects/motion_control_go2/src/build/mujoco/CMakeFiles/CMakeTmp

Run Build Command(s):/usr/bin/gmake -f Makefile cmTC_0c656/fast && /usr/bin/gmake  -f CMakeFiles/cmTC_0c656.dir/build.make CMakeFiles/cmTC_0c656.dir/build
gmake[1]: Entering directory '/home/jason/projects/motion_control_go2/src/build/mujoco/CMakeFiles/CMakeTmp'
Building C object CMakeFiles/cmTC_0c656.dir/CheckFunctionExists.c.o
/usr/bin/cc   -DCHECK_FUNCTION_EXISTS=IceConnectionNumber -fPIE -std=c11 -o CMakeFiles/cmTC_0c656.dir/CheckFunctionExists.c.o -c /usr/share/cmake-3.22/Modules/CheckFunctionExists.c
Linking C executable cmTC_0c656
/usr/bin/cmake -E cmake_link_script CMakeFiles/cmTC_0c656.dir/link.txt --verbose=1
/usr/bin/cc  -DCHECK_FUNCTION_EXISTS=IceConnectionNumber CMakeFiles/cmTC_0c656.dir/CheckFunctionExists.c.o -o cmTC_0c656  -lICE 
gmake[1]: Leaving directory '/home/jason/projects/motion_control_go2/src/build/mujoco/CMakeFiles/CMakeTmp'



