[0.024s] Invoking command in '/home/jason/projects/motion_control_go2/build/go2_description': /usr/bin/cmake /home/jason/projects/motion_control_go2/src/unitree_ros/robots/go2_description -DCATKIN_INSTALL_INTO_PREFIX_ROOT=0 -DCATKIN_SYMLINK_INSTALL=ON -DCMAKE_INSTALL_PREFIX=/home/jason/projects/motion_control_go2/install/go2_description
[0.044s] [0mCMake Deprecation Warning at CMakeLists.txt:1 (cmake_minimum_required):
[0.044s]   Compatibility with CMake < 2.8.12 will be removed from a future version of
[0.044s]   CMake.
[0.044s] 
[0.044s]   Update the VERSION argument <min> value or use a ...<max> suffix to tell
[0.044s]   CMake that the project does not need compatibility with older versions.
[0.044s] 
[0.044s] [0m
[0.074s] -- The C compiler identification is GNU 11.4.0
[0.115s] -- The CXX compiler identification is GNU 11.4.0
[0.121s] -- Detecting C compiler ABI info
[0.171s] -- Detecting C compiler ABI info - done
[0.176s] -- Check for working C compiler: /usr/bin/cc - skipped
[0.176s] -- Detecting C compile features
[0.176s] -- Detecting C compile features - done
[0.180s] -- Detecting CXX compiler ABI info
[0.224s] -- Detecting CXX compiler ABI info - done
[0.228s] -- Check for working CXX compiler: /usr/bin/c++ - skipped
[0.229s] -- Detecting CXX compile features
[0.229s] -- Detecting CXX compile features - done
[0.237s] [31mCMake Error at CMakeLists.txt:5 (find_package):
[0.237s]   By not providing "Findcatkin.cmake" in CMAKE_MODULE_PATH this project has
[0.237s]   asked CMake to find a package configuration file provided by "catkin", but
[0.238s]   CMake did not find one.
[0.238s] 
[0.238s] -- Configuring incomplete, errors occurred!
[0.238s] See also "/home/jason/projects/motion_control_go2/build/go2_description/CMakeFiles/CMakeOutput.log".
[0.238s]   Could not find a package configuration file provided by "catkin" with any
[0.238s]   of the following names:
[0.238s] 
[0.238s]     catkinConfig.cmake
[0.238s]     catkin-config.cmake
[0.238s] 
[0.238s]   Add the installation prefix of "catkin" to CMAKE_PREFIX_PATH or set
[0.238s]   "catkin_DIR" to a directory containing one of the above files.  If "catkin"
[0.238s]   provides a separate development package or SDK, be sure it has been
[0.238s]   installed.
[0.238s] 
[0.238s] [0m
[0.240s] Invoked command in '/home/jason/projects/motion_control_go2/build/go2_description' returned '1': /usr/bin/cmake /home/jason/projects/motion_control_go2/src/unitree_ros/robots/go2_description -DCATKIN_INSTALL_INTO_PREFIX_ROOT=0 -DCATKIN_SYMLINK_INSTALL=ON -DCMAKE_INSTALL_PREFIX=/home/jason/projects/motion_control_go2/install/go2_description
