-- The C compiler identification is GNU 11.4.0
-- The CXX compiler identification is GNU 11.4.0
-- Detecting C compiler ABI info
-- Detecting C compiler ABI info - done
-- Check for working C compiler: /usr/bin/cc - skipped
-- Detecting C compile features
-- Detecting C compile features - done
-- Detecting CXX compiler ABI info
-- Detecting CXX compiler ABI info - done
-- Check for working CXX compiler: /usr/bin/c++ - skipped
-- Detecting CXX compile features
-- Detecting CXX compile features - done
[0mRelease mode[0m
-- Found OpenGL: /usr/lib/x86_64-linux-gnu/libOpenGL.so   
-- Looking for pthread.h
-- Looking for pthread.h - found
-- Performing Test CMAKE_HAVE_LIBC_PTHREAD
-- Performing Test CMAKE_HAVE_LIBC_PTHREAD - Success
-- Found Threads: TRUE  
-- Found Boost: /usr/lib/x86_64-linux-gnu/cmake/Boost-1.74.0/BoostConfig.cmake (found version "1.74.0") found components: program_options 
-- Configuring done
-- Generating done
-- Build files have been written to: /home/jason/projects/motion_control_go2/build/unitree_mujoco
[ 20%] [32mBuilding CXX object CMakeFiles/unitree_mujoco.dir/src/mujoco/glfw_dispatch.cc.o[0m
[ 20%] [32mBuilding CXX object CMakeFiles/unitree_mujoco.dir/src/mujoco/platform_ui_adapter.cc.o[0m
[ 30%] [32mBuilding CXX object CMakeFiles/unitree_mujoco.dir/src/mujoco/simulate.cc.o[0m
[ 40%] [32mBuilding CXX object CMakeFiles/unitree_mujoco.dir/src/main.cc.o[0m
[ 50%] [32mBuilding CXX object CMakeFiles/jstest.dir/src/joystick/joystick.cc.o[0m
[ 60%] [32mBuilding CXX object CMakeFiles/jstest.dir/src/joystick/jstest.cc.o[0m
[ 70%] [32mBuilding CXX object CMakeFiles/unitree_mujoco.dir/src/joystick/joystick.cc.o[0m
[ 80%] [32mBuilding CXX object CMakeFiles/unitree_mujoco.dir/src/mujoco/glfw_adapter.cc.o[0m
In file included from [01m[K/home/jason/projects/motion_control_go2/src/unitree_mujoco/simulate/src/mujoco/simulate.cc:15[m[K:
[01m[K/home/jason/projects/motion_control_go2/src/unitree_mujoco/simulate/src/mujoco/simulate.h:149:5:[m[K [01;31m[Kerror: [m[K‘[01m[KmjvSceneState[m[K’ does not name a type; did you mean ‘[01m[KmjvScene_[m[K’?
  149 |     [01;31m[KmjvSceneState[m[K scnstate_;
      |     [01;31m[K^~~~~~~~~~~~~[m[K
      |     [32m[KmjvScene_[m[K
In file included from [01m[K/home/jason/projects/motion_control_go2/install/mujoco/include/mujoco/mujoco.h:29[m[K,
                 from [01m[K/home/jason/projects/motion_control_go2/src/unitree_mujoco/simulate/src/mujoco/simulate.h:30[m[K,
                 from [01m[K/home/jason/projects/motion_control_go2/src/unitree_mujoco/simulate/src/mujoco/simulate.cc:15[m[K:
[01m[K/home/jason/projects/motion_control_go2/src/unitree_mujoco/simulate/src/mujoco/simulate.cc:[m[K In function ‘[01m[Kvoid {anonymous}::UpdateProfiler(mujoco::Simulate*, const mjModel*, const mjData*)[m[K’:
[01m[K/home/jason/projects/motion_control_go2/src/unitree_mujoco/simulate/src/mujoco/simulate.cc:321:28:[m[K [01;31m[Kerror: [m[K‘[01m[Kconst mjData[m[K’ {aka ‘[01m[Kconst struct mjData_[m[K’} has no member named ‘[01m[Ksolver_nisland[m[K’; did you mean ‘[01m[Ksolver_niter[m[K’?
  321 |     int nisland = mjMIN(d->[01;31m[Ksolver_nisland[m[K, mjNISLAND);
      |                            [01;31m[K^~~~~~~~~~~~~~[m[K
[01m[K/home/jason/projects/motion_control_go2/src/unitree_mujoco/simulate/src/mujoco/simulate.cc:321:28:[m[K [01;31m[Kerror: [m[K‘[01m[Kconst mjData[m[K’ {aka ‘[01m[Kconst struct mjData_[m[K’} has no member named ‘[01m[Ksolver_nisland[m[K’; did you mean ‘[01m[Ksolver_niter[m[K’?
  321 |     int nisland = mjMIN(d->[01;31m[Ksolver_nisland[m[K, mjNISLAND);
      |                            [01;31m[K^~~~~~~~~~~~~~[m[K
[01m[K/home/jason/projects/motion_control_go2/src/unitree_mujoco/simulate/src/mujoco/simulate.cc:356:48:[m[K [01;31m[Kerror: [m[K‘[01m[Kconst mjData[m[K’ {aka ‘[01m[Kconst struct mjData_[m[K’} has no member named ‘[01m[Kisland_efcnum[m[K’; did you mean ‘[01m[Kisland_nefc[m[K’?
  356 |         int nefc = nisland == 1 ? d->nefc : d->[01;31m[Kisland_efcnum[m[K[k];
      |                                                [01;31m[K^~~~~~~~~~~~~[m[K
      |                                                [32m[Kisland_nefc[m[K
In file included from [01m[K/home/jason/projects/motion_control_go2/install/mujoco/include/mujoco/mujoco.h:29[m[K,
                 from [01m[K/home/jason/projects/motion_control_go2/src/unitree_mujoco/simulate/src/mujoco/simulate.h:30[m[K,
                 from [01m[K/home/jason/projects/motion_control_go2/src/unitree_mujoco/simulate/src/mujoco/simulate.cc:15[m[K:
[01m[K/home/jason/projects/motion_control_go2/src/unitree_mujoco/simulate/src/mujoco/simulate.cc:[m[K In function ‘[01m[Kvoid {anonymous}::UpdateInfoText(mujoco::Simulate*, const mjModel*, const mjData*, char (&)[1000], char (&)[1000])[m[K’:
[01m[K/home/jason/projects/motion_control_go2/src/unitree_mujoco/simulate/src/mujoco/simulate.cc:613:28:[m[K [01;31m[Kerror: [m[K‘[01m[Kconst mjData[m[K’ {aka ‘[01m[Kconst struct mjData_[m[K’} has no member named ‘[01m[Ksolver_nisland[m[K’; did you mean ‘[01m[Ksolver_niter[m[K’?
  613 |     int nisland = mjMIN(d->[01;31m[Ksolver_nisland[m[K, mjNISLAND);
      |                            [01;31m[K^~~~~~~~~~~~~~[m[K
[01m[K/home/jason/projects/motion_control_go2/src/unitree_mujoco/simulate/src/mujoco/simulate.cc:613:28:[m[K [01;31m[Kerror: [m[K‘[01m[Kconst mjData[m[K’ {aka ‘[01m[Kconst struct mjData_[m[K’} has no member named ‘[01m[Ksolver_nisland[m[K’; did you mean ‘[01m[Ksolver_niter[m[K’?
  613 |     int nisland = mjMIN(d->[01;31m[Ksolver_nisland[m[K, mjNISLAND);
      |                            [01;31m[K^~~~~~~~~~~~~~[m[K
[01m[K/home/jason/projects/motion_control_go2/src/unitree_mujoco/simulate/src/mujoco/simulate.cc:684:21:[m[K [01;31m[Kerror: [m[K‘[01m[KmjENBL_ISLAND[m[K’ was not declared in this scope; did you mean ‘[01m[KmjDSBL_ISLAND[m[K’?
  684 |       if (mjENABLED([01;31m[KmjENBL_ISLAND[m[K))
      |                     [01;31m[K^~~~~~~~~~~~~[m[K
[01m[K/home/jason/projects/motion_control_go2/src/unitree_mujoco/simulate/src/mujoco/simulate.cc:[m[K In function ‘[01m[Kvoid {anonymous}::MakePhysicsSection(mujoco::Simulate*)[m[K’:
[01m[K/home/jason/projects/motion_control_go2/src/unitree_mujoco/simulate/src/mujoco/simulate.cc:734:46:[m[K [01;31m[Kerror: [m[K‘[01m[Kclass mujoco::Simulate[m[K’ has no member named ‘[01m[Kscnstate_[m[K’
  734 |     mjOption *opt = sim->is_passive_ ? &sim->[01;31m[Kscnstate_[m[K.model.opt : &sim->m_->opt;
      |                                              [01;31m[K^~~~~~~~~[m[K
[01m[K/home/jason/projects/motion_control_go2/src/unitree_mujoco/simulate/src/mujoco/simulate.cc:[m[K In function ‘[01m[Kvoid {anonymous}::MakeVisualizationSection(mujoco::Simulate*, const mjModel*)[m[K’:
[01m[K/home/jason/projects/motion_control_go2/src/unitree_mujoco/simulate/src/mujoco/simulate.cc:925:50:[m[K [01;31m[Kerror: [m[K‘[01m[Kclass mujoco::Simulate[m[K’ has no member named ‘[01m[Kscnstate_[m[K’
  925 |     mjStatistic *stat = sim->is_passive_ ? &sim->[01;31m[Kscnstate_[m[K.model.stat : &sim->m_->stat;
      |                                                  [01;31m[K^~~~~~~~~[m[K
[01m[K/home/jason/projects/motion_control_go2/src/unitree_mujoco/simulate/src/mujoco/simulate.cc:926:46:[m[K [01;31m[Kerror: [m[K‘[01m[Kclass mujoco::Simulate[m[K’ has no member named ‘[01m[Kscnstate_[m[K’
  926 |     mjVisual *vis = sim->is_passive_ ? &sim->[01;31m[Kscnstate_[m[K.model.vis : &sim->m_->vis;
      |                                              [01;31m[K^~~~~~~~~[m[K
[01m[K/home/jason/projects/motion_control_go2/src/unitree_mujoco/simulate/src/mujoco/simulate.cc:[m[K In function ‘[01m[Kvoid {anonymous}::UiEvent(mjuiState*)[m[K’:
[01m[K/home/jason/projects/motion_control_go2/src/unitree_mujoco/simulate/src/mujoco/simulate.cc:1565:50:[m[K [01;31m[Kerror: [m[K‘[01m[Kclass mujoco::Simulate[m[K’ has no member named ‘[01m[Kscnstate_[m[K’
 1565 |         mjOption *opt = sim->is_passive_ ? &sim->[01;31m[Kscnstate_[m[K.model.opt : &sim->m_->opt;
      |                                                  [01;31m[K^~~~~~~~~[m[K
[01m[K/home/jason/projects/motion_control_go2/src/unitree_mujoco/simulate/src/mujoco/simulate.cc:1894:19:[m[K [01;31m[Kerror: [m[K‘[01m[Kclass mujoco::Simulate[m[K’ has no member named ‘[01m[Kscnstate_[m[K’
 1894 |             &sim->[01;31m[Kscnstate_[m[K, mjMOUSE_ZOOM, 0, -zoom_increment * state->sy, &sim->scn, &sim->cam);
      |                   [01;31m[K^~~~~~~~~[m[K
[01m[K/home/jason/projects/motion_control_go2/src/unitree_mujoco/simulate/src/mujoco/simulate.cc:1893:9:[m[K [01;31m[Kerror: [m[K‘[01m[Kmjv_moveCameraFromState[m[K’ was not declared in this scope
 1893 |         [01;31m[Kmjv_moveCameraFromState[m[K(
      |         [01;31m[K^~~~~~~~~~~~~~~~~~~~~~~[m[K
[01m[K/home/jason/projects/motion_control_go2/src/unitree_mujoco/simulate/src/mujoco/simulate.cc:1975:21:[m[K [01;31m[Kerror: [m[K‘[01m[Kclass mujoco::Simulate[m[K’ has no member named ‘[01m[Kscnstate_[m[K’
 1975 |               &sim->[01;31m[Kscnstate_[m[K, action, state->dx / r.height, -state->dy / r.height,
      |                     [01;31m[K^~~~~~~~~[m[K
[01m[K/home/jason/projects/motion_control_go2/src/unitree_mujoco/simulate/src/mujoco/simulate.cc:1974:11:[m[K [01;31m[Kerror: [m[K‘[01m[Kmjv_movePerturbFromState[m[K’ was not declared in this scope
 1974 |           [01;31m[Kmjv_movePerturbFromState[m[K(
      |           [01;31m[K^~~~~~~~~~~~~~~~~~~~~~~~[m[K
[01m[K/home/jason/projects/motion_control_go2/src/unitree_mujoco/simulate/src/mujoco/simulate.cc:1990:21:[m[K [01;31m[Kerror: [m[K‘[01m[Kclass mujoco::Simulate[m[K’ has no member named ‘[01m[Kscnstate_[m[K’
 1990 |               &sim->[01;31m[Kscnstate_[m[K, action, state->dx / r.height, -state->dy / r.height,
      |                     [01;31m[K^~~~~~~~~[m[K
[01m[K/home/jason/projects/motion_control_go2/src/unitree_mujoco/simulate/src/mujoco/simulate.cc:1989:11:[m[K [01;31m[Kerror: [m[K‘[01m[Kmjv_moveCameraFromState[m[K’ was not declared in this scope
 1989 |           [01;31m[Kmjv_moveCameraFromState[m[K(
      |           [01;31m[K^~~~~~~~~~~~~~~~~~~~~~~[m[K
[01m[K/home/jason/projects/motion_control_go2/src/unitree_mujoco/simulate/src/mujoco/simulate.cc:[m[K In constructor ‘[01m[Kmujoco::Simulate::Simulate(std::unique_ptr<mujoco::PlatformUIAdapter>, mjvCamera*, mjvOption*, mjvPerturb*, bool)[m[K’:
[01m[K/home/jason/projects/motion_control_go2/src/unitree_mujoco/simulate/src/mujoco/simulate.cc:2032:28:[m[K [01;31m[Kerror: [m[K‘[01m[Kscnstate_[m[K’ was not declared in this scope; did you mean ‘[01m[Ksetstate_r[m[K’?
 2032 |     mjv_defaultSceneState(&[01;31m[Kscnstate_[m[K);
      |                            [01;31m[K^~~~~~~~~[m[K
      |                            [32m[Ksetstate_r[m[K
[01m[K/home/jason/projects/motion_control_go2/src/unitree_mujoco/simulate/src/mujoco/simulate.cc:2032:5:[m[K [01;31m[Kerror: [m[K‘[01m[Kmjv_defaultSceneState[m[K’ was not declared in this scope; did you mean ‘[01m[Kmjv_defaultScene[m[K’?
 2032 |     [01;31m[Kmjv_defaultSceneState[m[K(&scnstate_);
      |     [01;31m[K^~~~~~~~~~~~~~~~~~~~~[m[K
      |     [32m[Kmjv_defaultScene[m[K
[01m[K/home/jason/projects/motion_control_go2/src/unitree_mujoco/simulate/src/mujoco/simulate.cc:[m[K In member function ‘[01m[Kvoid mujoco::Simulate::Sync()[m[K’:
[01m[K/home/jason/projects/motion_control_go2/src/unitree_mujoco/simulate/src/mujoco/simulate.cc:2119:19:[m[K [01;31m[Kerror: [m[K‘[01m[Kscnstate_[m[K’ was not declared in this scope; did you mean ‘[01m[Ksetstate_r[m[K’?
 2119 |   if (IsDifferent([01;31m[Kscnstate_[m[K.model.opt.name, mjopt_prev_.name)) \
      |                   [01;31m[K^~~~~~~~~[m[K
[01m[K/home/jason/projects/motion_control_go2/src/unitree_mujoco/simulate/src/mujoco/simulate.cc:2125:7:[m[K [01;36m[Knote: [m[Kin expansion of macro ‘[01m[KX[m[K’
 2125 |       [01;36m[KX[m[K(timestep);
      |       [01;36m[K^[m[K
[01m[K/home/jason/projects/motion_control_go2/src/unitree_mujoco/simulate/src/mujoco/simulate.cc:2119:19:[m[K [01;31m[Kerror: [m[K‘[01m[Kscnstate_[m[K’ was not declared in this scope; did you mean ‘[01m[Ksetstate_r[m[K’?
 2119 |   if (IsDifferent([01;31m[Kscnstate_[m[K.model.opt.name, mjopt_prev_.name)) \
      |                   [01;31m[K^~~~~~~~~[m[K
[01m[K/home/jason/projects/motion_control_go2/src/unitree_mujoco/simulate/src/mujoco/simulate.cc:2126:7:[m[K [01;36m[Knote: [m[Kin expansion of macro ‘[01m[KX[m[K’
 2126 |       [01;36m[KX[m[K(apirate);
      |       [01;36m[K^[m[K
[01m[K/home/jason/projects/motion_control_go2/src/unitree_mujoco/simulate/src/mujoco/simulate.cc:2119:19:[m[K [01;31m[Kerror: [m[K‘[01m[Kscnstate_[m[K’ was not declared in this scope; did you mean ‘[01m[Ksetstate_r[m[K’?
 2119 |   if (IsDifferent([01;31m[Kscnstate_[m[K.model.opt.name, mjopt_prev_.name)) \
      |                   [01;31m[K^~~~~~~~~[m[K
[01m[K/home/jason/projects/motion_control_go2/src/unitree_mujoco/simulate/src/mujoco/simulate.cc:2127:7:[m[K [01;36m[Knote: [m[Kin expansion of macro ‘[01m[KX[m[K’
 2127 |       [01;36m[KX[m[K(impratio);
      |       [01;36m[K^[m[K
[ 90%] [32m[1mLinking CXX executable jstest[0m
[01m[K/home/jason/projects/motion_control_go2/src/unitree_mujoco/simulate/src/mujoco/simulate.cc:2119:19:[m[K [01;31m[Kerror: [m[K‘[01m[Kscnstate_[m[K’ was not declared in this scope; did you mean ‘[01m[Ksetstate_r[m[K’?
 2119 |   if (IsDifferent([01;31m[Kscnstate_[m[K.model.opt.name, mjopt_prev_.name)) \
      |                   [01;31m[K^~~~~~~~~[m[K
[01m[K/home/jason/projects/motion_control_go2/src/unitree_mujoco/simulate/src/mujoco/simulate.cc:2128:7:[m[K [01;36m[Knote: [m[Kin expansion of macro ‘[01m[KX[m[K’
 2128 |       [01;36m[KX[m[K(tolerance);
      |       [01;36m[K^[m[K
[01m[K/home/jason/projects/motion_control_go2/src/unitree_mujoco/simulate/src/mujoco/simulate.cc:2119:19:[m[K [01;31m[Kerror: [m[K‘[01m[Kscnstate_[m[K’ was not declared in this scope; did you mean ‘[01m[Ksetstate_r[m[K’?
 2119 |   if (IsDifferent([01;31m[Kscnstate_[m[K.model.opt.name, mjopt_prev_.name)) \
      |                   [01;31m[K^~~~~~~~~[m[K
[01m[K/home/jason/projects/motion_control_go2/src/unitree_mujoco/simulate/src/mujoco/simulate.cc:2129:7:[m[K [01;36m[Knote: [m[Kin expansion of macro ‘[01m[KX[m[K’
 2129 |       [01;36m[KX[m[K(noslip_tolerance);
      |       [01;36m[K^[m[K
[01m[K/home/jason/projects/motion_control_go2/src/unitree_mujoco/simulate/src/mujoco/simulate.cc:2119:19:[m[K [01;31m[Kerror: [m[K‘[01m[Kscnstate_[m[K’ was not declared in this scope; did you mean ‘[01m[Ksetstate_r[m[K’?
 2119 |   if (IsDifferent([01;31m[Kscnstate_[m[K.model.opt.name, mjopt_prev_.name)) \
      |                   [01;31m[K^~~~~~~~~[m[K
[01m[K/home/jason/projects/motion_control_go2/src/unitree_mujoco/simulate/src/mujoco/simulate.cc:2130:7:[m[K [01;36m[Knote: [m[Kin expansion of macro ‘[01m[KX[m[K’
 2130 |       [01;36m[KX[m[K(ccd_tolerance);
      |       [01;36m[K^[m[K
[01m[K/home/jason/projects/motion_control_go2/src/unitree_mujoco/simulate/src/mujoco/simulate.cc:2119:19:[m[K [01;31m[Kerror: [m[K‘[01m[Kscnstate_[m[K’ was not declared in this scope; did you mean ‘[01m[Ksetstate_r[m[K’?
 2119 |   if (IsDifferent([01;31m[Kscnstate_[m[K.model.opt.name, mjopt_prev_.name)) \
      |                   [01;31m[K^~~~~~~~~[m[K
[01m[K/home/jason/projects/motion_control_go2/src/unitree_mujoco/simulate/src/mujoco/simulate.cc:2131:7:[m[K [01;36m[Knote: [m[Kin expansion of macro ‘[01m[KX[m[K’
 2131 |       [01;36m[KX[m[K(gravity);
      |       [01;36m[K^[m[K
[01m[K/home/jason/projects/motion_control_go2/src/unitree_mujoco/simulate/src/mujoco/simulate.cc:2119:19:[m[K [01;31m[Kerror: [m[K‘[01m[Kscnstate_[m[K’ was not declared in this scope; did you mean ‘[01m[Ksetstate_r[m[K’?
 2119 |   if (IsDifferent([01;31m[Kscnstate_[m[K.model.opt.name, mjopt_prev_.name)) \
      |                   [01;31m[K^~~~~~~~~[m[K
[01m[K/home/jason/projects/motion_control_go2/src/unitree_mujoco/simulate/src/mujoco/simulate.cc:2132:7:[m[K [01;36m[Knote: [m[Kin expansion of macro ‘[01m[KX[m[K’
 2132 |       [01;36m[KX[m[K(wind);
      |       [01;36m[K^[m[K
[01m[K/home/jason/projects/motion_control_go2/src/unitree_mujoco/simulate/src/mujoco/simulate.cc:2119:19:[m[K [01;31m[Kerror: [m[K‘[01m[Kscnstate_[m[K’ was not declared in this scope; did you mean ‘[01m[Ksetstate_r[m[K’?
 2119 |   if (IsDifferent([01;31m[Kscnstate_[m[K.model.opt.name, mjopt_prev_.name)) \
      |                   [01;31m[K^~~~~~~~~[m[K
[01m[K/home/jason/projects/motion_control_go2/src/unitree_mujoco/simulate/src/mujoco/simulate.cc:2133:7:[m[K [01;36m[Knote: [m[Kin expansion of macro ‘[01m[KX[m[K’
 2133 |       [01;36m[KX[m[K(magnetic);
      |       [01;36m[K^[m[K
[01m[K/home/jason/projects/motion_control_go2/src/unitree_mujoco/simulate/src/mujoco/simulate.cc:2119:19:[m[K [01;31m[Kerror: [m[K‘[01m[Kscnstate_[m[K’ was not declared in this scope; did you mean ‘[01m[Ksetstate_r[m[K’?
 2119 |   if (IsDifferent([01;31m[Kscnstate_[m[K.model.opt.name, mjopt_prev_.name)) \
      |                   [01;31m[K^~~~~~~~~[m[K
[01m[K/home/jason/projects/motion_control_go2/src/unitree_mujoco/simulate/src/mujoco/simulate.cc:2134:7:[m[K [01;36m[Knote: [m[Kin expansion of macro ‘[01m[KX[m[K’
 2134 |       [01;36m[KX[m[K(density);
      |       [01;36m[K^[m[K
[01m[K/home/jason/projects/motion_control_go2/src/unitree_mujoco/simulate/src/mujoco/simulate.cc:2119:19:[m[K [01;31m[Kerror: [m[K‘[01m[Kscnstate_[m[K’ was not declared in this scope; did you mean ‘[01m[Ksetstate_r[m[K’?
 2119 |   if (IsDifferent([01;31m[Kscnstate_[m[K.model.opt.name, mjopt_prev_.name)) \
      |                   [01;31m[K^~~~~~~~~[m[K
[01m[K/home/jason/projects/motion_control_go2/src/unitree_mujoco/simulate/src/mujoco/simulate.cc:2135:7:[m[K [01;36m[Knote: [m[Kin expansion of macro ‘[01m[KX[m[K’
 2135 |       [01;36m[KX[m[K(viscosity);
      |       [01;36m[K^[m[K
[01m[K/home/jason/projects/motion_control_go2/src/unitree_mujoco/simulate/src/mujoco/simulate.cc:2119:19:[m[K [01;31m[Kerror: [m[K‘[01m[Kscnstate_[m[K’ was not declared in this scope; did you mean ‘[01m[Ksetstate_r[m[K’?
 2119 |   if (IsDifferent([01;31m[Kscnstate_[m[K.model.opt.name, mjopt_prev_.name)) \
      |                   [01;31m[K^~~~~~~~~[m[K
[01m[K/home/jason/projects/motion_control_go2/src/unitree_mujoco/simulate/src/mujoco/simulate.cc:2136:7:[m[K [01;36m[Knote: [m[Kin expansion of macro ‘[01m[KX[m[K’
 2136 |       [01;36m[KX[m[K(o_margin);
      |       [01;36m[K^[m[K
[01m[K/home/jason/projects/motion_control_go2/src/unitree_mujoco/simulate/src/mujoco/simulate.cc:2119:19:[m[K [01;31m[Kerror: [m[K‘[01m[Kscnstate_[m[K’ was not declared in this scope; did you mean ‘[01m[Ksetstate_r[m[K’?
 2119 |   if (IsDifferent([01;31m[Kscnstate_[m[K.model.opt.name, mjopt_prev_.name)) \
      |                   [01;31m[K^~~~~~~~~[m[K
[01m[K/home/jason/projects/motion_control_go2/src/unitree_mujoco/simulate/src/mujoco/simulate.cc:2137:7:[m[K [01;36m[Knote: [m[Kin expansion of macro ‘[01m[KX[m[K’
 2137 |       [01;36m[KX[m[K(o_solref);
      |       [01;36m[K^[m[K
[01m[K/home/jason/projects/motion_control_go2/src/unitree_mujoco/simulate/src/mujoco/simulate.cc:2119:19:[m[K [01;31m[Kerror: [m[K‘[01m[Kscnstate_[m[K’ was not declared in this scope; did you mean ‘[01m[Ksetstate_r[m[K’?
 2119 |   if (IsDifferent([01;31m[Kscnstate_[m[K.model.opt.name, mjopt_prev_.name)) \
      |                   [01;31m[K^~~~~~~~~[m[K
[01m[K/home/jason/projects/motion_control_go2/src/unitree_mujoco/simulate/src/mujoco/simulate.cc:2138:7:[m[K [01;36m[Knote: [m[Kin expansion of macro ‘[01m[KX[m[K’
 2138 |       [01;36m[KX[m[K(o_solimp);
      |       [01;36m[K^[m[K
[01m[K/home/jason/projects/motion_control_go2/src/unitree_mujoco/simulate/src/mujoco/simulate.cc:2119:19:[m[K [01;31m[Kerror: [m[K‘[01m[Kscnstate_[m[K’ was not declared in this scope; did you mean ‘[01m[Ksetstate_r[m[K’?
 2119 |   if (IsDifferent([01;31m[Kscnstate_[m[K.model.opt.name, mjopt_prev_.name)) \
      |                   [01;31m[K^~~~~~~~~[m[K
[01m[K/home/jason/projects/motion_control_go2/src/unitree_mujoco/simulate/src/mujoco/simulate.cc:2139:7:[m[K [01;36m[Knote: [m[Kin expansion of macro ‘[01m[KX[m[K’
 2139 |       [01;36m[KX[m[K(o_friction);
      |       [01;36m[K^[m[K
[01m[K/home/jason/projects/motion_control_go2/src/unitree_mujoco/simulate/src/mujoco/simulate.cc:2119:19:[m[K [01;31m[Kerror: [m[K‘[01m[Kscnstate_[m[K’ was not declared in this scope; did you mean ‘[01m[Ksetstate_r[m[K’?
 2119 |   if (IsDifferent([01;31m[Kscnstate_[m[K.model.opt.name, mjopt_prev_.name)) \
      |                   [01;31m[K^~~~~~~~~[m[K
[01m[K/home/jason/projects/motion_control_go2/src/unitree_mujoco/simulate/src/mujoco/simulate.cc:2140:7:[m[K [01;36m[Knote: [m[Kin expansion of macro ‘[01m[KX[m[K’
 2140 |       [01;36m[KX[m[K(integrator);
      |       [01;36m[K^[m[K
[ 90%] Built target jstest
[01m[K/home/jason/projects/motion_control_go2/src/unitree_mujoco/simulate/src/mujoco/simulate.cc:2119:19:[m[K [01;31m[Kerror: [m[K‘[01m[Kscnstate_[m[K’ was not declared in this scope; did you mean ‘[01m[Ksetstate_r[m[K’?
 2119 |   if (IsDifferent([01;31m[Kscnstate_[m[K.model.opt.name, mjopt_prev_.name)) \
      |                   [01;31m[K^~~~~~~~~[m[K
[01m[K/home/jason/projects/motion_control_go2/src/unitree_mujoco/simulate/src/mujoco/simulate.cc:2141:7:[m[K [01;36m[Knote: [m[Kin expansion of macro ‘[01m[KX[m[K’
 2141 |       [01;36m[KX[m[K(cone);
      |       [01;36m[K^[m[K
[01m[K/home/jason/projects/motion_control_go2/src/unitree_mujoco/simulate/src/mujoco/simulate.cc:2119:19:[m[K [01;31m[Kerror: [m[K‘[01m[Kscnstate_[m[K’ was not declared in this scope; did you mean ‘[01m[Ksetstate_r[m[K’?
 2119 |   if (IsDifferent([01;31m[Kscnstate_[m[K.model.opt.name, mjopt_prev_.name)) \
      |                   [01;31m[K^~~~~~~~~[m[K
[01m[K/home/jason/projects/motion_control_go2/src/unitree_mujoco/simulate/src/mujoco/simulate.cc:2142:7:[m[K [01;36m[Knote: [m[Kin expansion of macro ‘[01m[KX[m[K’
 2142 |       [01;36m[KX[m[K(jacobian);
      |       [01;36m[K^[m[K
[01m[K/home/jason/projects/motion_control_go2/src/unitree_mujoco/simulate/src/mujoco/simulate.cc:2119:19:[m[K [01;31m[Kerror: [m[K‘[01m[Kscnstate_[m[K’ was not declared in this scope; did you mean ‘[01m[Ksetstate_r[m[K’?
 2119 |   if (IsDifferent([01;31m[Kscnstate_[m[K.model.opt.name, mjopt_prev_.name)) \
      |                   [01;31m[K^~~~~~~~~[m[K
[01m[K/home/jason/projects/motion_control_go2/src/unitree_mujoco/simulate/src/mujoco/simulate.cc:2143:7:[m[K [01;36m[Knote: [m[Kin expansion of macro ‘[01m[KX[m[K’
 2143 |       [01;36m[KX[m[K(solver);
      |       [01;36m[K^[m[K
[01m[K/home/jason/projects/motion_control_go2/src/unitree_mujoco/simulate/src/mujoco/simulate.cc:2119:19:[m[K [01;31m[Kerror: [m[K‘[01m[Kscnstate_[m[K’ was not declared in this scope; did you mean ‘[01m[Ksetstate_r[m[K’?
 2119 |   if (IsDifferent([01;31m[Kscnstate_[m[K.model.opt.name, mjopt_prev_.name)) \
      |                   [01;31m[K^~~~~~~~~[m[K
[01m[K/home/jason/projects/motion_control_go2/src/unitree_mujoco/simulate/src/mujoco/simulate.cc:2144:7:[m[K [01;36m[Knote: [m[Kin expansion of macro ‘[01m[KX[m[K’
 2144 |       [01;36m[KX[m[K(iterations);
      |       [01;36m[K^[m[K
[01m[K/home/jason/projects/motion_control_go2/src/unitree_mujoco/simulate/src/mujoco/simulate.cc:2119:19:[m[K [01;31m[Kerror: [m[K‘[01m[Kscnstate_[m[K’ was not declared in this scope; did you mean ‘[01m[Ksetstate_r[m[K’?
 2119 |   if (IsDifferent([01;31m[Kscnstate_[m[K.model.opt.name, mjopt_prev_.name)) \
      |                   [01;31m[K^~~~~~~~~[m[K
[01m[K/home/jason/projects/motion_control_go2/src/unitree_mujoco/simulate/src/mujoco/simulate.cc:2145:7:[m[K [01;36m[Knote: [m[Kin expansion of macro ‘[01m[KX[m[K’
 2145 |       [01;36m[KX[m[K(noslip_iterations);
      |       [01;36m[K^[m[K
[01m[K/home/jason/projects/motion_control_go2/src/unitree_mujoco/simulate/src/mujoco/simulate.cc:2119:19:[m[K [01;31m[Kerror: [m[K‘[01m[Kscnstate_[m[K’ was not declared in this scope; did you mean ‘[01m[Ksetstate_r[m[K’?
 2119 |   if (IsDifferent([01;31m[Kscnstate_[m[K.model.opt.name, mjopt_prev_.name)) \
      |                   [01;31m[K^~~~~~~~~[m[K
[01m[K/home/jason/projects/motion_control_go2/src/unitree_mujoco/simulate/src/mujoco/simulate.cc:2146:7:[m[K [01;36m[Knote: [m[Kin expansion of macro ‘[01m[KX[m[K’
 2146 |       [01;36m[KX[m[K(ccd_iterations);
      |       [01;36m[K^[m[K
[01m[K/home/jason/projects/motion_control_go2/src/unitree_mujoco/simulate/src/mujoco/simulate.cc:2119:19:[m[K [01;31m[Kerror: [m[K‘[01m[Kscnstate_[m[K’ was not declared in this scope; did you mean ‘[01m[Ksetstate_r[m[K’?
 2119 |   if (IsDifferent([01;31m[Kscnstate_[m[K.model.opt.name, mjopt_prev_.name)) \
      |                   [01;31m[K^~~~~~~~~[m[K
[01m[K/home/jason/projects/motion_control_go2/src/unitree_mujoco/simulate/src/mujoco/simulate.cc:2147:7:[m[K [01;36m[Knote: [m[Kin expansion of macro ‘[01m[KX[m[K’
 2147 |       [01;36m[KX[m[K(disableflags);
      |       [01;36m[K^[m[K
[01m[K/home/jason/projects/motion_control_go2/src/unitree_mujoco/simulate/src/mujoco/simulate.cc:2119:19:[m[K [01;31m[Kerror: [m[K‘[01m[Kscnstate_[m[K’ was not declared in this scope; did you mean ‘[01m[Ksetstate_r[m[K’?
 2119 |   if (IsDifferent([01;31m[Kscnstate_[m[K.model.opt.name, mjopt_prev_.name)) \
      |                   [01;31m[K^~~~~~~~~[m[K
[01m[K/home/jason/projects/motion_control_go2/src/unitree_mujoco/simulate/src/mujoco/simulate.cc:2148:7:[m[K [01;36m[Knote: [m[Kin expansion of macro ‘[01m[KX[m[K’
 2148 |       [01;36m[KX[m[K(enableflags);
      |       [01;36m[K^[m[K
[01m[K/home/jason/projects/motion_control_go2/src/unitree_mujoco/simulate/src/mujoco/simulate.cc:2119:19:[m[K [01;31m[Kerror: [m[K‘[01m[Kscnstate_[m[K’ was not declared in this scope; did you mean ‘[01m[Ksetstate_r[m[K’?
 2119 |   if (IsDifferent([01;31m[Kscnstate_[m[K.model.opt.name, mjopt_prev_.name)) \
      |                   [01;31m[K^~~~~~~~~[m[K
[01m[K/home/jason/projects/motion_control_go2/src/unitree_mujoco/simulate/src/mujoco/simulate.cc:2149:7:[m[K [01;36m[Knote: [m[Kin expansion of macro ‘[01m[KX[m[K’
 2149 |       [01;36m[KX[m[K(disableactuator);
      |       [01;36m[K^[m[K
[01m[K/home/jason/projects/motion_control_go2/src/unitree_mujoco/simulate/src/mujoco/simulate.cc:2119:19:[m[K [01;31m[Kerror: [m[K‘[01m[Kscnstate_[m[K’ was not declared in this scope; did you mean ‘[01m[Ksetstate_r[m[K’?
 2119 |   if (IsDifferent([01;31m[Kscnstate_[m[K.model.opt.name, mjopt_prev_.name)) \
      |                   [01;31m[K^~~~~~~~~[m[K
[01m[K/home/jason/projects/motion_control_go2/src/unitree_mujoco/simulate/src/mujoco/simulate.cc:2150:7:[m[K [01;36m[Knote: [m[Kin expansion of macro ‘[01m[KX[m[K’
 2150 |       [01;36m[KX[m[K(sdf_initpoints);
      |       [01;36m[K^[m[K
[01m[K/home/jason/projects/motion_control_go2/src/unitree_mujoco/simulate/src/mujoco/simulate.cc:2119:19:[m[K [01;31m[Kerror: [m[K‘[01m[Kscnstate_[m[K’ was not declared in this scope; did you mean ‘[01m[Ksetstate_r[m[K’?
 2119 |   if (IsDifferent([01;31m[Kscnstate_[m[K.model.opt.name, mjopt_prev_.name)) \
      |                   [01;31m[K^~~~~~~~~[m[K
[01m[K/home/jason/projects/motion_control_go2/src/unitree_mujoco/simulate/src/mujoco/simulate.cc:2151:7:[m[K [01;36m[Knote: [m[Kin expansion of macro ‘[01m[KX[m[K’
 2151 |       [01;36m[KX[m[K(sdf_iterations);
      |       [01;36m[K^[m[K
[01m[K/home/jason/projects/motion_control_go2/src/unitree_mujoco/simulate/src/mujoco/simulate.cc:2156:11:[m[K [01;31m[Kerror: [m[K‘[01m[Kscnstate_[m[K’ was not declared in this scope; did you mean ‘[01m[Ksetstate_r[m[K’?
 2156 |       if ([01;31m[Kscnstate_[m[K.data.warning[mjWARN_VGEOMFULL].number > warn_vgeomfull_prev_)
      |           [01;31m[K^~~~~~~~~[m[K
      |           [32m[Ksetstate_r[m[K
[01m[K/home/jason/projects/motion_control_go2/src/unitree_mujoco/simulate/src/mujoco/simulate.cc:2343:49:[m[K [01;31m[Kerror: [m[K‘[01m[Kscnstate_[m[K’ was not declared in this scope; did you mean ‘[01m[Ksetstate_r[m[K’?
 2343 |       mjv_updateSceneState(m_, d_, &this->opt, &[01;31m[Kscnstate_[m[K);
      |                                                 [01;31m[K^~~~~~~~~[m[K
      |                                                 [32m[Ksetstate_r[m[K
[01m[K/home/jason/projects/motion_control_go2/src/unitree_mujoco/simulate/src/mujoco/simulate.cc:2343:7:[m[K [01;31m[Kerror: [m[K‘[01m[Kmjv_updateSceneState[m[K’ was not declared in this scope; did you mean ‘[01m[Kmjv_updateScene[m[K’?
 2343 |       [01;31m[Kmjv_updateSceneState[m[K(m_, d_, &this->opt, &scnstate_);
      |       [01;31m[K^~~~~~~~~~~~~~~~~~~~[m[K
      |       [32m[Kmjv_updateScene[m[K
[01m[K/home/jason/projects/motion_control_go2/src/unitree_mujoco/simulate/src/mujoco/simulate.cc:[m[K In member function ‘[01m[Kvoid mujoco::Simulate::LoadOnRenderThread()[m[K’:
[01m[K/home/jason/projects/motion_control_go2/src/unitree_mujoco/simulate/src/mujoco/simulate.cc:2573:53:[m[K [01;31m[Kerror: [m[K‘[01m[Kclass mujoco::Simulate[m[K’ has no member named ‘[01m[Kscnstate_[m[K’
 2573 |       mjv_makeSceneState(this->m_, this->d_, &this->[01;31m[Kscnstate_[m[K, kMaxGeom);
      |                                                     [01;31m[K^~~~~~~~~[m[K
[01m[K/home/jason/projects/motion_control_go2/src/unitree_mujoco/simulate/src/mujoco/simulate.cc:2573:7:[m[K [01;31m[Kerror: [m[K‘[01m[Kmjv_makeSceneState[m[K’ was not declared in this scope; did you mean ‘[01m[Kmjv_makeScene[m[K’?
 2573 |       [01;31m[Kmjv_makeSceneState[m[K(this->m_, this->d_, &this->scnstate_, kMaxGeom);
      |       [01;31m[K^~~~~~~~~~~~~~~~~~[m[K
      |       [32m[Kmjv_makeScene[m[K
[01m[K/home/jason/projects/motion_control_go2/src/unitree_mujoco/simulate/src/mujoco/simulate.cc:2614:67:[m[K [01;31m[Kerror: [m[K‘[01m[Kclass mujoco::Simulate[m[K’ has no member named ‘[01m[Kscnstate_[m[K’
 2614 |       mjv_updateSceneState(this->m_, this->d_, &this->opt, &this->[01;31m[Kscnstate_[m[K);
      |                                                                   [01;31m[K^~~~~~~~~[m[K
[01m[K/home/jason/projects/motion_control_go2/src/unitree_mujoco/simulate/src/mujoco/simulate.cc:2614:7:[m[K [01;31m[Kerror: [m[K‘[01m[Kmjv_updateSceneState[m[K’ was not declared in this scope; did you mean ‘[01m[Kmjv_updateScene[m[K’?
 2614 |       [01;31m[Kmjv_updateSceneState[m[K(this->m_, this->d_, &this->opt, &this->scnstate_);
      |       [01;31m[K^~~~~~~~~~~~~~~~~~~~[m[K
      |       [32m[Kmjv_updateScene[m[K
[01m[K/home/jason/projects/motion_control_go2/src/unitree_mujoco/simulate/src/mujoco/simulate.cc:[m[K In member function ‘[01m[Kvoid mujoco::Simulate::RenderLoop()[m[K’:
[01m[K/home/jason/projects/motion_control_go2/src/unitree_mujoco/simulate/src/mujoco/simulate.cc:3087:11:[m[K [01;31m[Kerror: [m[K‘[01m[Kscnstate_[m[K’ was not declared in this scope; did you mean ‘[01m[Ksetstate_r[m[K’?
 3087 |           [01;31m[Kscnstate_[m[K.data.warning[mjWARN_VGEOMFULL].number += mjv_updateSceneFromState(
      |           [01;31m[K^~~~~~~~~[m[K
      |           [32m[Ksetstate_r[m[K
[01m[K/home/jason/projects/motion_control_go2/src/unitree_mujoco/simulate/src/mujoco/simulate.cc:3087:62:[m[K [01;31m[Kerror: [m[K‘[01m[Kmjv_updateSceneFromState[m[K’ was not declared in this scope
 3087 |           scnstate_.data.warning[mjWARN_VGEOMFULL].number += [01;31m[Kmjv_updateSceneFromState[m[K(
      |                                                              [01;31m[K^~~~~~~~~~~~~~~~~~~~~~~~[m[K
[01m[K/home/jason/projects/motion_control_go2/src/unitree_mujoco/simulate/src/mujoco/simulate.cc:3130:27:[m[K [01;31m[Kerror: [m[K‘[01m[Kscnstate_[m[K’ was not declared in this scope; did you mean ‘[01m[Ksetstate_r[m[K’?
 3130 |       mjv_freeSceneState(&[01;31m[Kscnstate_[m[K);
      |                           [01;31m[K^~~~~~~~~[m[K
      |                           [32m[Ksetstate_r[m[K
[01m[K/home/jason/projects/motion_control_go2/src/unitree_mujoco/simulate/src/mujoco/simulate.cc:3130:7:[m[K [01;31m[Kerror: [m[K‘[01m[Kmjv_freeSceneState[m[K’ was not declared in this scope; did you mean ‘[01m[Kmjv_freeScene[m[K’?
 3130 |       [01;31m[Kmjv_freeSceneState[m[K(&scnstate_);
      |       [01;31m[K^~~~~~~~~~~~~~~~~~[m[K
      |       [32m[Kmjv_freeScene[m[K
In file included from [01m[K/home/jason/projects/motion_control_go2/src/unitree_mujoco/simulate/src/main.cc:29[m[K:
[01m[K/home/jason/projects/motion_control_go2/src/unitree_mujoco/simulate/src/mujoco/simulate.h:149:5:[m[K [01;31m[Kerror: [m[K‘[01m[KmjvSceneState[m[K’ does not name a type; did you mean ‘[01m[KmjvScene_[m[K’?
  149 |     [01;31m[KmjvSceneState[m[K scnstate_;
      |     [01;31m[K^~~~~~~~~~~~~[m[K
      |     [32m[KmjvScene_[m[K
gmake[2]: *** [CMakeFiles/unitree_mujoco.dir/build.make:132: CMakeFiles/unitree_mujoco.dir/src/mujoco/simulate.cc.o] Error 1
gmake[2]: *** Waiting for unfinished jobs....
gmake[2]: *** [CMakeFiles/unitree_mujoco.dir/build.make:146: CMakeFiles/unitree_mujoco.dir/src/main.cc.o] Error 1
gmake[1]: *** [CMakeFiles/Makefile2:85: CMakeFiles/unitree_mujoco.dir/all] Error 2
gmake: *** [Makefile:91: all] Error 2
