-- The C compiler identification is GNU 11.4.0
-- The CXX compiler identification is GNU 11.4.0
-- Detecting C compiler ABI info
-- Detecting C compiler ABI info - done
-- Check for working C compiler: /usr/bin/cc - skipped
-- Detecting C compile features
-- Detecting C compile features - done
-- Detecting CXX compiler ABI info
-- Detecting CXX compiler ABI info - done
-- Check for working CXX compiler: /usr/bin/c++ - skipped
-- Detecting CXX compile features
-- Detecting CXX compile features - done
-- Found OpenGL: /usr/lib/x86_64-linux-gnu/libOpenGL.so   
-- Looking for pthread.h
-- Looking for pthread.h - found
-- Performing Test CMAKE_HAVE_LIBC_PTHREAD
-- Performing Test CMAKE_HAVE_LIBC_PTHREAD - Success
-- Found Threads: TRUE  
-- Found Boost: /usr/lib/x86_64-linux-gnu/cmake/Boost-1.74.0/BoostConfig.cmake (found version "1.74.0") found components: program_options 
-- Configuring done
-- Generating done
-- Build files have been written to: /home/jason/projects/motion_control_go2/build/unitree_mujoco
[ 20%] [32mBuilding CXX object CMakeFiles/unitree_mujoco.dir/src/mujoco/glfw_dispatch.cc.o[0m
[ 20%] [32mBuilding CXX object CMakeFiles/unitree_mujoco.dir/src/mujoco/platform_ui_adapter.cc.o[0m
[ 30%] [32mBuilding CXX object CMakeFiles/unitree_mujoco.dir/src/mujoco/simulate.cc.o[0m
[ 40%] [32mBuilding CXX object CMakeFiles/unitree_mujoco.dir/src/main.cc.o[0m
[ 50%] [32mBuilding CXX object CMakeFiles/jstest.dir/src/joystick/joystick.cc.o[0m
[ 60%] [32mBuilding CXX object CMakeFiles/jstest.dir/src/joystick/jstest.cc.o[0m
[ 70%] [32mBuilding CXX object CMakeFiles/unitree_mujoco.dir/src/joystick/joystick.cc.o[0m
[ 80%] [32mBuilding CXX object CMakeFiles/unitree_mujoco.dir/src/mujoco/glfw_adapter.cc.o[0m
[ 90%] [32m[1mLinking CXX executable jstest[0m
[ 90%] Built target jstest
