[0.010s] Invoking command in '/home/jason/projects/motion_control_go2/build/unitree_mujoco': CMAKE_PREFIX_PATH=/home/jason/projects/motion_control_go2/install/mujoco:/usr/local:/usr/local:/usr/local LD_LIBRARY_PATH=/home/jason/projects/motion_control_go2/install/mujoco/lib:${LD_LIBRARY_PATH} PATH=/home/jason/projects/motion_control_go2/install/mujoco/bin:${PATH} /usr/bin/cmake /home/jason/projects/motion_control_go2/src/unitree_mujoco/simulate -DCMAKE_INSTALL_PREFIX=/home/jason/projects/motion_control_go2/install/unitree_mujoco
[0.061s] -- The C compiler identification is GNU 11.4.0
[0.162s] -- The CXX compiler identification is GNU 11.4.0
[0.170s] -- Detecting C compiler ABI info
[0.264s] -- Detecting C compiler ABI info - done
[0.273s] -- Check for working C compiler: /usr/bin/cc - skipped
[0.273s] -- Detecting C compile features
[0.273s] -- Detecting C compile features - done
[0.277s] -- Detecting CXX compiler ABI info
[0.386s] -- Detecting CXX compiler ABI info - done
[0.389s] -- Check for working CXX compiler: /usr/bin/c++ - skipped
[0.389s] -- Detecting CXX compile features
[0.389s] -- Detecting CXX compile features - done
[0.390s] [0mRelease mode[0m
[0.395s] -- Found OpenGL: /usr/lib/x86_64-linux-gnu/libOpenGL.so   
[0.396s] -- Looking for pthread.h
[0.441s] -- Looking for pthread.h - found
[0.441s] -- Performing Test CMAKE_HAVE_LIBC_PTHREAD
[0.515s] -- Performing Test CMAKE_HAVE_LIBC_PTHREAD - Success
[0.515s] -- Found Threads: TRUE  
[0.524s] -- Found Boost: /usr/lib/x86_64-linux-gnu/cmake/Boost-1.74.0/BoostConfig.cmake (found version "1.74.0") found components: program_options 
[0.525s] -- Configuring done
[0.528s] -- Generating done
[0.530s] -- Build files have been written to: /home/jason/projects/motion_control_go2/build/unitree_mujoco
[0.534s] Invoked command in '/home/jason/projects/motion_control_go2/build/unitree_mujoco' returned '0': CMAKE_PREFIX_PATH=/home/jason/projects/motion_control_go2/install/mujoco:/usr/local:/usr/local:/usr/local LD_LIBRARY_PATH=/home/jason/projects/motion_control_go2/install/mujoco/lib:${LD_LIBRARY_PATH} PATH=/home/jason/projects/motion_control_go2/install/mujoco/bin:${PATH} /usr/bin/cmake /home/jason/projects/motion_control_go2/src/unitree_mujoco/simulate -DCMAKE_INSTALL_PREFIX=/home/jason/projects/motion_control_go2/install/unitree_mujoco
[0.536s] Invoking command in '/home/jason/projects/motion_control_go2/build/unitree_mujoco': CMAKE_PREFIX_PATH=/home/jason/projects/motion_control_go2/install/mujoco:/usr/local:/usr/local:/usr/local LD_LIBRARY_PATH=/home/jason/projects/motion_control_go2/install/mujoco/lib:${LD_LIBRARY_PATH} PATH=/home/jason/projects/motion_control_go2/install/mujoco/bin:${PATH} /usr/bin/cmake --build /home/jason/projects/motion_control_go2/build/unitree_mujoco -- -j16 -l16
[0.580s] [ 20%] [32mBuilding CXX object CMakeFiles/unitree_mujoco.dir/src/mujoco/glfw_dispatch.cc.o[0m
[0.580s] [ 20%] [32mBuilding CXX object CMakeFiles/unitree_mujoco.dir/src/mujoco/platform_ui_adapter.cc.o[0m
[0.580s] [ 30%] [32mBuilding CXX object CMakeFiles/unitree_mujoco.dir/src/mujoco/simulate.cc.o[0m
[0.580s] [ 40%] [32mBuilding CXX object CMakeFiles/unitree_mujoco.dir/src/main.cc.o[0m
[0.580s] [ 50%] [32mBuilding CXX object CMakeFiles/jstest.dir/src/joystick/joystick.cc.o[0m
[0.581s] [ 60%] [32mBuilding CXX object CMakeFiles/jstest.dir/src/joystick/jstest.cc.o[0m
[0.581s] [ 70%] [32mBuilding CXX object CMakeFiles/unitree_mujoco.dir/src/joystick/joystick.cc.o[0m
[0.591s] [ 80%] [32mBuilding CXX object CMakeFiles/unitree_mujoco.dir/src/mujoco/glfw_adapter.cc.o[0m
[0.817s] In file included from [01m[K/home/jason/projects/motion_control_go2/src/unitree_mujoco/simulate/src/mujoco/simulate.cc:15[m[K:
[0.817s] [01m[K/home/jason/projects/motion_control_go2/src/unitree_mujoco/simulate/src/mujoco/simulate.h:149:5:[m[K [01;31m[Kerror: [m[K‘[01m[KmjvSceneState[m[K’ does not name a type; did you mean ‘[01m[KmjvScene_[m[K’?
[0.817s]   149 |     [01;31m[KmjvSceneState[m[K scnstate_;
[0.817s]       |     [01;31m[K^~~~~~~~~~~~~[m[K
[0.817s]       |     [32m[KmjvScene_[m[K
[0.857s] In file included from [01m[K/home/jason/projects/motion_control_go2/install/mujoco/include/mujoco/mujoco.h:29[m[K,
[0.857s]                  from [01m[K/home/jason/projects/motion_control_go2/src/unitree_mujoco/simulate/src/mujoco/simulate.h:30[m[K,
[0.857s]                  from [01m[K/home/jason/projects/motion_control_go2/src/unitree_mujoco/simulate/src/mujoco/simulate.cc:15[m[K:
[0.857s] [01m[K/home/jason/projects/motion_control_go2/src/unitree_mujoco/simulate/src/mujoco/simulate.cc:[m[K In function ‘[01m[Kvoid {anonymous}::UpdateProfiler(mujoco::Simulate*, const mjModel*, const mjData*)[m[K’:
[0.857s] [01m[K/home/jason/projects/motion_control_go2/src/unitree_mujoco/simulate/src/mujoco/simulate.cc:321:28:[m[K [01;31m[Kerror: [m[K‘[01m[Kconst mjData[m[K’ {aka ‘[01m[Kconst struct mjData_[m[K’} has no member named ‘[01m[Ksolver_nisland[m[K’; did you mean ‘[01m[Ksolver_niter[m[K’?
[0.857s]   321 |     int nisland = mjMIN(d->[01;31m[Ksolver_nisland[m[K, mjNISLAND);
[0.857s]       |                            [01;31m[K^~~~~~~~~~~~~~[m[K
[0.857s] [01m[K/home/jason/projects/motion_control_go2/src/unitree_mujoco/simulate/src/mujoco/simulate.cc:321:28:[m[K [01;31m[Kerror: [m[K‘[01m[Kconst mjData[m[K’ {aka ‘[01m[Kconst struct mjData_[m[K’} has no member named ‘[01m[Ksolver_nisland[m[K’; did you mean ‘[01m[Ksolver_niter[m[K’?
[0.857s]   321 |     int nisland = mjMIN(d->[01;31m[Ksolver_nisland[m[K, mjNISLAND);
[0.857s]       |                            [01;31m[K^~~~~~~~~~~~~~[m[K
[0.857s] [01m[K/home/jason/projects/motion_control_go2/src/unitree_mujoco/simulate/src/mujoco/simulate.cc:356:48:[m[K [01;31m[Kerror: [m[K‘[01m[Kconst mjData[m[K’ {aka ‘[01m[Kconst struct mjData_[m[K’} has no member named ‘[01m[Kisland_efcnum[m[K’; did you mean ‘[01m[Kisland_nefc[m[K’?
[0.858s]   356 |         int nefc = nisland == 1 ? d->nefc : d->[01;31m[Kisland_efcnum[m[K[k];
[0.858s]       |                                                [01;31m[K^~~~~~~~~~~~~[m[K
[0.858s]       |                                                [32m[Kisland_nefc[m[K
[0.858s] In file included from [01m[K/home/jason/projects/motion_control_go2/install/mujoco/include/mujoco/mujoco.h:29[m[K,
[0.858s]                  from [01m[K/home/jason/projects/motion_control_go2/src/unitree_mujoco/simulate/src/mujoco/simulate.h:30[m[K,
[0.859s]                  from [01m[K/home/jason/projects/motion_control_go2/src/unitree_mujoco/simulate/src/mujoco/simulate.cc:15[m[K:
[0.859s] [01m[K/home/jason/projects/motion_control_go2/src/unitree_mujoco/simulate/src/mujoco/simulate.cc:[m[K In function ‘[01m[Kvoid {anonymous}::UpdateInfoText(mujoco::Simulate*, const mjModel*, const mjData*, char (&)[1000], char (&)[1000])[m[K’:
[0.859s] [01m[K/home/jason/projects/motion_control_go2/src/unitree_mujoco/simulate/src/mujoco/simulate.cc:613:28:[m[K [01;31m[Kerror: [m[K‘[01m[Kconst mjData[m[K’ {aka ‘[01m[Kconst struct mjData_[m[K’} has no member named ‘[01m[Ksolver_nisland[m[K’; did you mean ‘[01m[Ksolver_niter[m[K’?
[0.859s]   613 |     int nisland = mjMIN(d->[01;31m[Ksolver_nisland[m[K, mjNISLAND);
[0.859s]       |                            [01;31m[K^~~~~~~~~~~~~~[m[K
[0.859s] [01m[K/home/jason/projects/motion_control_go2/src/unitree_mujoco/simulate/src/mujoco/simulate.cc:613:28:[m[K [01;31m[Kerror: [m[K‘[01m[Kconst mjData[m[K’ {aka ‘[01m[Kconst struct mjData_[m[K’} has no member named ‘[01m[Ksolver_nisland[m[K’; did you mean ‘[01m[Ksolver_niter[m[K’?
[0.859s]   613 |     int nisland = mjMIN(d->[01;31m[Ksolver_nisland[m[K, mjNISLAND);
[0.859s]       |                            [01;31m[K^~~~~~~~~~~~~~[m[K
[0.863s] [01m[K/home/jason/projects/motion_control_go2/src/unitree_mujoco/simulate/src/mujoco/simulate.cc:684:21:[m[K [01;31m[Kerror: [m[K‘[01m[KmjENBL_ISLAND[m[K’ was not declared in this scope; did you mean ‘[01m[KmjDSBL_ISLAND[m[K’?
[0.864s]   684 |       if (mjENABLED([01;31m[KmjENBL_ISLAND[m[K))
[0.864s]       |                     [01;31m[K^~~~~~~~~~~~~[m[K
[0.868s] [01m[K/home/jason/projects/motion_control_go2/src/unitree_mujoco/simulate/src/mujoco/simulate.cc:[m[K In function ‘[01m[Kvoid {anonymous}::MakePhysicsSection(mujoco::Simulate*)[m[K’:
[0.868s] [01m[K/home/jason/projects/motion_control_go2/src/unitree_mujoco/simulate/src/mujoco/simulate.cc:734:46:[m[K [01;31m[Kerror: [m[K‘[01m[Kclass mujoco::Simulate[m[K’ has no member named ‘[01m[Kscnstate_[m[K’
[0.868s]   734 |     mjOption *opt = sim->is_passive_ ? &sim->[01;31m[Kscnstate_[m[K.model.opt : &sim->m_->opt;
[0.868s]       |                                              [01;31m[K^~~~~~~~~[m[K
[0.869s] [01m[K/home/jason/projects/motion_control_go2/src/unitree_mujoco/simulate/src/mujoco/simulate.cc:[m[K In function ‘[01m[Kvoid {anonymous}::MakeVisualizationSection(mujoco::Simulate*, const mjModel*)[m[K’:
[0.869s] [01m[K/home/jason/projects/motion_control_go2/src/unitree_mujoco/simulate/src/mujoco/simulate.cc:925:50:[m[K [01;31m[Kerror: [m[K‘[01m[Kclass mujoco::Simulate[m[K’ has no member named ‘[01m[Kscnstate_[m[K’
[0.869s]   925 |     mjStatistic *stat = sim->is_passive_ ? &sim->[01;31m[Kscnstate_[m[K.model.stat : &sim->m_->stat;
[0.869s]       |                                                  [01;31m[K^~~~~~~~~[m[K
[0.869s] [01m[K/home/jason/projects/motion_control_go2/src/unitree_mujoco/simulate/src/mujoco/simulate.cc:926:46:[m[K [01;31m[Kerror: [m[K‘[01m[Kclass mujoco::Simulate[m[K’ has no member named ‘[01m[Kscnstate_[m[K’
[0.870s]   926 |     mjVisual *vis = sim->is_passive_ ? &sim->[01;31m[Kscnstate_[m[K.model.vis : &sim->m_->vis;
[0.870s]       |                                              [01;31m[K^~~~~~~~~[m[K
[0.877s] [01m[K/home/jason/projects/motion_control_go2/src/unitree_mujoco/simulate/src/mujoco/simulate.cc:[m[K In function ‘[01m[Kvoid {anonymous}::UiEvent(mjuiState*)[m[K’:
[0.877s] [01m[K/home/jason/projects/motion_control_go2/src/unitree_mujoco/simulate/src/mujoco/simulate.cc:1565:50:[m[K [01;31m[Kerror: [m[K‘[01m[Kclass mujoco::Simulate[m[K’ has no member named ‘[01m[Kscnstate_[m[K’
[0.877s]  1565 |         mjOption *opt = sim->is_passive_ ? &sim->[01;31m[Kscnstate_[m[K.model.opt : &sim->m_->opt;
[0.877s]       |                                                  [01;31m[K^~~~~~~~~[m[K
[0.878s] [01m[K/home/jason/projects/motion_control_go2/src/unitree_mujoco/simulate/src/mujoco/simulate.cc:1894:19:[m[K [01;31m[Kerror: [m[K‘[01m[Kclass mujoco::Simulate[m[K’ has no member named ‘[01m[Kscnstate_[m[K’
[0.878s]  1894 |             &sim->[01;31m[Kscnstate_[m[K, mjMOUSE_ZOOM, 0, -zoom_increment * state->sy, &sim->scn, &sim->cam);
[0.878s]       |                   [01;31m[K^~~~~~~~~[m[K
[0.890s] [01m[K/home/jason/projects/motion_control_go2/src/unitree_mujoco/simulate/src/mujoco/simulate.cc:1893:9:[m[K [01;31m[Kerror: [m[K‘[01m[Kmjv_moveCameraFromState[m[K’ was not declared in this scope
[0.891s]  1893 |         [01;31m[Kmjv_moveCameraFromState[m[K(
[0.891s]       |         [01;31m[K^~~~~~~~~~~~~~~~~~~~~~~[m[K
[0.891s] [01m[K/home/jason/projects/motion_control_go2/src/unitree_mujoco/simulate/src/mujoco/simulate.cc:1975:21:[m[K [01;31m[Kerror: [m[K‘[01m[Kclass mujoco::Simulate[m[K’ has no member named ‘[01m[Kscnstate_[m[K’
[0.891s]  1975 |               &sim->[01;31m[Kscnstate_[m[K, action, state->dx / r.height, -state->dy / r.height,
[0.891s]       |                     [01;31m[K^~~~~~~~~[m[K
[0.904s] [01m[K/home/jason/projects/motion_control_go2/src/unitree_mujoco/simulate/src/mujoco/simulate.cc:1974:11:[m[K [01;31m[Kerror: [m[K‘[01m[Kmjv_movePerturbFromState[m[K’ was not declared in this scope
[0.904s]  1974 |           [01;31m[Kmjv_movePerturbFromState[m[K(
[0.904s]       |           [01;31m[K^~~~~~~~~~~~~~~~~~~~~~~~[m[K
[0.904s] [01m[K/home/jason/projects/motion_control_go2/src/unitree_mujoco/simulate/src/mujoco/simulate.cc:1990:21:[m[K [01;31m[Kerror: [m[K‘[01m[Kclass mujoco::Simulate[m[K’ has no member named ‘[01m[Kscnstate_[m[K’
[0.904s]  1990 |               &sim->[01;31m[Kscnstate_[m[K, action, state->dx / r.height, -state->dy / r.height,
[0.904s]       |                     [01;31m[K^~~~~~~~~[m[K
[0.916s] [01m[K/home/jason/projects/motion_control_go2/src/unitree_mujoco/simulate/src/mujoco/simulate.cc:1989:11:[m[K [01;31m[Kerror: [m[K‘[01m[Kmjv_moveCameraFromState[m[K’ was not declared in this scope
[0.916s]  1989 |           [01;31m[Kmjv_moveCameraFromState[m[K(
[0.916s]       |           [01;31m[K^~~~~~~~~~~~~~~~~~~~~~~[m[K
[0.926s] [01m[K/home/jason/projects/motion_control_go2/src/unitree_mujoco/simulate/src/mujoco/simulate.cc:[m[K In constructor ‘[01m[Kmujoco::Simulate::Simulate(std::unique_ptr<mujoco::PlatformUIAdapter>, mjvCamera*, mjvOption*, mjvPerturb*, bool)[m[K’:
[0.926s] [01m[K/home/jason/projects/motion_control_go2/src/unitree_mujoco/simulate/src/mujoco/simulate.cc:2032:28:[m[K [01;31m[Kerror: [m[K‘[01m[Kscnstate_[m[K’ was not declared in this scope; did you mean ‘[01m[Ksetstate_r[m[K’?
[0.926s]  2032 |     mjv_defaultSceneState(&[01;31m[Kscnstate_[m[K);
[0.926s]       |                            [01;31m[K^~~~~~~~~[m[K
[0.926s]       |                            [32m[Ksetstate_r[m[K
[0.938s] [01m[K/home/jason/projects/motion_control_go2/src/unitree_mujoco/simulate/src/mujoco/simulate.cc:2032:5:[m[K [01;31m[Kerror: [m[K‘[01m[Kmjv_defaultSceneState[m[K’ was not declared in this scope; did you mean ‘[01m[Kmjv_defaultScene[m[K’?
[0.938s]  2032 |     [01;31m[Kmjv_defaultSceneState[m[K(&scnstate_);
[0.938s]       |     [01;31m[K^~~~~~~~~~~~~~~~~~~~~[m[K
[0.938s]       |     [32m[Kmjv_defaultScene[m[K
[0.946s] [01m[K/home/jason/projects/motion_control_go2/src/unitree_mujoco/simulate/src/mujoco/simulate.cc:[m[K In member function ‘[01m[Kvoid mujoco::Simulate::Sync()[m[K’:
[0.946s] [01m[K/home/jason/projects/motion_control_go2/src/unitree_mujoco/simulate/src/mujoco/simulate.cc:2119:19:[m[K [01;31m[Kerror: [m[K‘[01m[Kscnstate_[m[K’ was not declared in this scope; did you mean ‘[01m[Ksetstate_r[m[K’?
[0.946s]  2119 |   if (IsDifferent([01;31m[Kscnstate_[m[K.model.opt.name, mjopt_prev_.name)) \
[0.946s]       |                   [01;31m[K^~~~~~~~~[m[K
[0.946s] [01m[K/home/jason/projects/motion_control_go2/src/unitree_mujoco/simulate/src/mujoco/simulate.cc:2125:7:[m[K [01;36m[Knote: [m[Kin expansion of macro ‘[01m[KX[m[K’
[0.946s]  2125 |       [01;36m[KX[m[K(timestep);
[0.946s]       |       [01;36m[K^[m[K
[0.953s] [01m[K/home/jason/projects/motion_control_go2/src/unitree_mujoco/simulate/src/mujoco/simulate.cc:2119:19:[m[K [01;31m[Kerror: [m[K‘[01m[Kscnstate_[m[K’ was not declared in this scope; did you mean ‘[01m[Ksetstate_r[m[K’?
[0.953s]  2119 |   if (IsDifferent([01;31m[Kscnstate_[m[K.model.opt.name, mjopt_prev_.name)) \
[0.953s]       |                   [01;31m[K^~~~~~~~~[m[K
[0.953s] [01m[K/home/jason/projects/motion_control_go2/src/unitree_mujoco/simulate/src/mujoco/simulate.cc:2126:7:[m[K [01;36m[Knote: [m[Kin expansion of macro ‘[01m[KX[m[K’
[0.953s]  2126 |       [01;36m[KX[m[K(apirate);
[0.953s]       |       [01;36m[K^[m[K
[0.955s] [01m[K/home/jason/projects/motion_control_go2/src/unitree_mujoco/simulate/src/mujoco/simulate.cc:2119:19:[m[K [01;31m[Kerror: [m[K‘[01m[Kscnstate_[m[K’ was not declared in this scope; did you mean ‘[01m[Ksetstate_r[m[K’?
[0.955s]  2119 |   if (IsDifferent([01;31m[Kscnstate_[m[K.model.opt.name, mjopt_prev_.name)) \
[0.955s]       |                   [01;31m[K^~~~~~~~~[m[K
[0.955s] [01m[K/home/jason/projects/motion_control_go2/src/unitree_mujoco/simulate/src/mujoco/simulate.cc:2127:7:[m[K [01;36m[Knote: [m[Kin expansion of macro ‘[01m[KX[m[K’
[0.955s]  2127 |       [01;36m[KX[m[K(impratio);
[0.955s]       |       [01;36m[K^[m[K
[0.957s] [ 90%] [32m[1mLinking CXX executable jstest[0m
[0.960s] [01m[K/home/jason/projects/motion_control_go2/src/unitree_mujoco/simulate/src/mujoco/simulate.cc:2119:19:[m[K [01;31m[Kerror: [m[K‘[01m[Kscnstate_[m[K’ was not declared in this scope; did you mean ‘[01m[Ksetstate_r[m[K’?
[0.960s]  2119 |   if (IsDifferent([01;31m[Kscnstate_[m[K.model.opt.name, mjopt_prev_.name)) \
[0.960s]       |                   [01;31m[K^~~~~~~~~[m[K
[0.960s] [01m[K/home/jason/projects/motion_control_go2/src/unitree_mujoco/simulate/src/mujoco/simulate.cc:2128:7:[m[K [01;36m[Knote: [m[Kin expansion of macro ‘[01m[KX[m[K’
[0.960s]  2128 |       [01;36m[KX[m[K(tolerance);
[0.960s]       |       [01;36m[K^[m[K
[0.964s] [01m[K/home/jason/projects/motion_control_go2/src/unitree_mujoco/simulate/src/mujoco/simulate.cc:2119:19:[m[K [01;31m[Kerror: [m[K‘[01m[Kscnstate_[m[K’ was not declared in this scope; did you mean ‘[01m[Ksetstate_r[m[K’?
[0.965s]  2119 |   if (IsDifferent([01;31m[Kscnstate_[m[K.model.opt.name, mjopt_prev_.name)) \
[0.965s]       |                   [01;31m[K^~~~~~~~~[m[K
[0.965s] [01m[K/home/jason/projects/motion_control_go2/src/unitree_mujoco/simulate/src/mujoco/simulate.cc:2129:7:[m[K [01;36m[Knote: [m[Kin expansion of macro ‘[01m[KX[m[K’
[0.965s]  2129 |       [01;36m[KX[m[K(noslip_tolerance);
[0.965s]       |       [01;36m[K^[m[K
[0.969s] [01m[K/home/jason/projects/motion_control_go2/src/unitree_mujoco/simulate/src/mujoco/simulate.cc:2119:19:[m[K [01;31m[Kerror: [m[K‘[01m[Kscnstate_[m[K’ was not declared in this scope; did you mean ‘[01m[Ksetstate_r[m[K’?
[0.969s]  2119 |   if (IsDifferent([01;31m[Kscnstate_[m[K.model.opt.name, mjopt_prev_.name)) \
[0.969s]       |                   [01;31m[K^~~~~~~~~[m[K
[0.969s] [01m[K/home/jason/projects/motion_control_go2/src/unitree_mujoco/simulate/src/mujoco/simulate.cc:2130:7:[m[K [01;36m[Knote: [m[Kin expansion of macro ‘[01m[KX[m[K’
[0.969s]  2130 |       [01;36m[KX[m[K(ccd_tolerance);
[0.970s]       |       [01;36m[K^[m[K
[0.974s] [01m[K/home/jason/projects/motion_control_go2/src/unitree_mujoco/simulate/src/mujoco/simulate.cc:2119:19:[m[K [01;31m[Kerror: [m[K‘[01m[Kscnstate_[m[K’ was not declared in this scope; did you mean ‘[01m[Ksetstate_r[m[K’?
[0.974s]  2119 |   if (IsDifferent([01;31m[Kscnstate_[m[K.model.opt.name, mjopt_prev_.name)) \
[0.974s]       |                   [01;31m[K^~~~~~~~~[m[K
[0.974s] [01m[K/home/jason/projects/motion_control_go2/src/unitree_mujoco/simulate/src/mujoco/simulate.cc:2131:7:[m[K [01;36m[Knote: [m[Kin expansion of macro ‘[01m[KX[m[K’
[0.974s]  2131 |       [01;36m[KX[m[K(gravity);
[0.974s]       |       [01;36m[K^[m[K
[0.979s] [01m[K/home/jason/projects/motion_control_go2/src/unitree_mujoco/simulate/src/mujoco/simulate.cc:2119:19:[m[K [01;31m[Kerror: [m[K‘[01m[Kscnstate_[m[K’ was not declared in this scope; did you mean ‘[01m[Ksetstate_r[m[K’?
[0.979s]  2119 |   if (IsDifferent([01;31m[Kscnstate_[m[K.model.opt.name, mjopt_prev_.name)) \
[0.979s]       |                   [01;31m[K^~~~~~~~~[m[K
[0.979s] [01m[K/home/jason/projects/motion_control_go2/src/unitree_mujoco/simulate/src/mujoco/simulate.cc:2132:7:[m[K [01;36m[Knote: [m[Kin expansion of macro ‘[01m[KX[m[K’
[0.979s]  2132 |       [01;36m[KX[m[K(wind);
[0.979s]       |       [01;36m[K^[m[K
[0.983s] [01m[K/home/jason/projects/motion_control_go2/src/unitree_mujoco/simulate/src/mujoco/simulate.cc:2119:19:[m[K [01;31m[Kerror: [m[K‘[01m[Kscnstate_[m[K’ was not declared in this scope; did you mean ‘[01m[Ksetstate_r[m[K’?
[0.984s]  2119 |   if (IsDifferent([01;31m[Kscnstate_[m[K.model.opt.name, mjopt_prev_.name)) \
[0.984s]       |                   [01;31m[K^~~~~~~~~[m[K
[0.984s] [01m[K/home/jason/projects/motion_control_go2/src/unitree_mujoco/simulate/src/mujoco/simulate.cc:2133:7:[m[K [01;36m[Knote: [m[Kin expansion of macro ‘[01m[KX[m[K’
[0.984s]  2133 |       [01;36m[KX[m[K(magnetic);
[0.984s]       |       [01;36m[K^[m[K
[0.988s] [01m[K/home/jason/projects/motion_control_go2/src/unitree_mujoco/simulate/src/mujoco/simulate.cc:2119:19:[m[K [01;31m[Kerror: [m[K‘[01m[Kscnstate_[m[K’ was not declared in this scope; did you mean ‘[01m[Ksetstate_r[m[K’?
[0.989s]  2119 |   if (IsDifferent([01;31m[Kscnstate_[m[K.model.opt.name, mjopt_prev_.name)) \
[0.989s]       |                   [01;31m[K^~~~~~~~~[m[K
[0.989s] [01m[K/home/jason/projects/motion_control_go2/src/unitree_mujoco/simulate/src/mujoco/simulate.cc:2134:7:[m[K [01;36m[Knote: [m[Kin expansion of macro ‘[01m[KX[m[K’
[0.989s]  2134 |       [01;36m[KX[m[K(density);
[0.989s]       |       [01;36m[K^[m[K
[0.993s] [01m[K/home/jason/projects/motion_control_go2/src/unitree_mujoco/simulate/src/mujoco/simulate.cc:2119:19:[m[K [01;31m[Kerror: [m[K‘[01m[Kscnstate_[m[K’ was not declared in this scope; did you mean ‘[01m[Ksetstate_r[m[K’?
[0.994s]  2119 |   if (IsDifferent([01;31m[Kscnstate_[m[K.model.opt.name, mjopt_prev_.name)) \
[0.994s]       |                   [01;31m[K^~~~~~~~~[m[K
[0.994s] [01m[K/home/jason/projects/motion_control_go2/src/unitree_mujoco/simulate/src/mujoco/simulate.cc:2135:7:[m[K [01;36m[Knote: [m[Kin expansion of macro ‘[01m[KX[m[K’
[0.994s]  2135 |       [01;36m[KX[m[K(viscosity);
[0.994s]       |       [01;36m[K^[m[K
[0.998s] [01m[K/home/jason/projects/motion_control_go2/src/unitree_mujoco/simulate/src/mujoco/simulate.cc:2119:19:[m[K [01;31m[Kerror: [m[K‘[01m[Kscnstate_[m[K’ was not declared in this scope; did you mean ‘[01m[Ksetstate_r[m[K’?
[0.999s]  2119 |   if (IsDifferent([01;31m[Kscnstate_[m[K.model.opt.name, mjopt_prev_.name)) \
[0.999s]       |                   [01;31m[K^~~~~~~~~[m[K
[0.999s] [01m[K/home/jason/projects/motion_control_go2/src/unitree_mujoco/simulate/src/mujoco/simulate.cc:2136:7:[m[K [01;36m[Knote: [m[Kin expansion of macro ‘[01m[KX[m[K’
[0.999s]  2136 |       [01;36m[KX[m[K(o_margin);
[0.999s]       |       [01;36m[K^[m[K
[1.003s] [01m[K/home/jason/projects/motion_control_go2/src/unitree_mujoco/simulate/src/mujoco/simulate.cc:2119:19:[m[K [01;31m[Kerror: [m[K‘[01m[Kscnstate_[m[K’ was not declared in this scope; did you mean ‘[01m[Ksetstate_r[m[K’?
[1.003s]  2119 |   if (IsDifferent([01;31m[Kscnstate_[m[K.model.opt.name, mjopt_prev_.name)) \
[1.003s]       |                   [01;31m[K^~~~~~~~~[m[K
[1.003s] [01m[K/home/jason/projects/motion_control_go2/src/unitree_mujoco/simulate/src/mujoco/simulate.cc:2137:7:[m[K [01;36m[Knote: [m[Kin expansion of macro ‘[01m[KX[m[K’
[1.003s]  2137 |       [01;36m[KX[m[K(o_solref);
[1.004s]       |       [01;36m[K^[m[K
[1.008s] [01m[K/home/jason/projects/motion_control_go2/src/unitree_mujoco/simulate/src/mujoco/simulate.cc:2119:19:[m[K [01;31m[Kerror: [m[K‘[01m[Kscnstate_[m[K’ was not declared in this scope; did you mean ‘[01m[Ksetstate_r[m[K’?
[1.008s]  2119 |   if (IsDifferent([01;31m[Kscnstate_[m[K.model.opt.name, mjopt_prev_.name)) \
[1.008s]       |                   [01;31m[K^~~~~~~~~[m[K
[1.008s] [01m[K/home/jason/projects/motion_control_go2/src/unitree_mujoco/simulate/src/mujoco/simulate.cc:2138:7:[m[K [01;36m[Knote: [m[Kin expansion of macro ‘[01m[KX[m[K’
[1.009s]  2138 |       [01;36m[KX[m[K(o_solimp);
[1.009s]       |       [01;36m[K^[m[K
[1.013s] [01m[K/home/jason/projects/motion_control_go2/src/unitree_mujoco/simulate/src/mujoco/simulate.cc:2119:19:[m[K [01;31m[Kerror: [m[K‘[01m[Kscnstate_[m[K’ was not declared in this scope; did you mean ‘[01m[Ksetstate_r[m[K’?
[1.013s]  2119 |   if (IsDifferent([01;31m[Kscnstate_[m[K.model.opt.name, mjopt_prev_.name)) \
[1.013s]       |                   [01;31m[K^~~~~~~~~[m[K
[1.013s] [01m[K/home/jason/projects/motion_control_go2/src/unitree_mujoco/simulate/src/mujoco/simulate.cc:2139:7:[m[K [01;36m[Knote: [m[Kin expansion of macro ‘[01m[KX[m[K’
[1.013s]  2139 |       [01;36m[KX[m[K(o_friction);
[1.013s]       |       [01;36m[K^[m[K
[1.017s] [01m[K/home/jason/projects/motion_control_go2/src/unitree_mujoco/simulate/src/mujoco/simulate.cc:2119:19:[m[K [01;31m[Kerror: [m[K‘[01m[Kscnstate_[m[K’ was not declared in this scope; did you mean ‘[01m[Ksetstate_r[m[K’?
[1.018s]  2119 |   if (IsDifferent([01;31m[Kscnstate_[m[K.model.opt.name, mjopt_prev_.name)) \
[1.018s]       |                   [01;31m[K^~~~~~~~~[m[K
[1.018s] [01m[K/home/jason/projects/motion_control_go2/src/unitree_mujoco/simulate/src/mujoco/simulate.cc:2140:7:[m[K [01;36m[Knote: [m[Kin expansion of macro ‘[01m[KX[m[K’
[1.018s]  2140 |       [01;36m[KX[m[K(integrator);
[1.018s]       |       [01;36m[K^[m[K
[1.020s] [ 90%] Built target jstest
[1.022s] [01m[K/home/jason/projects/motion_control_go2/src/unitree_mujoco/simulate/src/mujoco/simulate.cc:2119:19:[m[K [01;31m[Kerror: [m[K‘[01m[Kscnstate_[m[K’ was not declared in this scope; did you mean ‘[01m[Ksetstate_r[m[K’?
[1.022s]  2119 |   if (IsDifferent([01;31m[Kscnstate_[m[K.model.opt.name, mjopt_prev_.name)) \
[1.022s]       |                   [01;31m[K^~~~~~~~~[m[K
[1.022s] [01m[K/home/jason/projects/motion_control_go2/src/unitree_mujoco/simulate/src/mujoco/simulate.cc:2141:7:[m[K [01;36m[Knote: [m[Kin expansion of macro ‘[01m[KX[m[K’
[1.022s]  2141 |       [01;36m[KX[m[K(cone);
[1.022s]       |       [01;36m[K^[m[K
[1.027s] [01m[K/home/jason/projects/motion_control_go2/src/unitree_mujoco/simulate/src/mujoco/simulate.cc:2119:19:[m[K [01;31m[Kerror: [m[K‘[01m[Kscnstate_[m[K’ was not declared in this scope; did you mean ‘[01m[Ksetstate_r[m[K’?
[1.027s]  2119 |   if (IsDifferent([01;31m[Kscnstate_[m[K.model.opt.name, mjopt_prev_.name)) \
[1.027s]       |                   [01;31m[K^~~~~~~~~[m[K
[1.027s] [01m[K/home/jason/projects/motion_control_go2/src/unitree_mujoco/simulate/src/mujoco/simulate.cc:2142:7:[m[K [01;36m[Knote: [m[Kin expansion of macro ‘[01m[KX[m[K’
[1.027s]  2142 |       [01;36m[KX[m[K(jacobian);
[1.027s]       |       [01;36m[K^[m[K
[1.031s] [01m[K/home/jason/projects/motion_control_go2/src/unitree_mujoco/simulate/src/mujoco/simulate.cc:2119:19:[m[K [01;31m[Kerror: [m[K‘[01m[Kscnstate_[m[K’ was not declared in this scope; did you mean ‘[01m[Ksetstate_r[m[K’?
[1.031s]  2119 |   if (IsDifferent([01;31m[Kscnstate_[m[K.model.opt.name, mjopt_prev_.name)) \
[1.031s]       |                   [01;31m[K^~~~~~~~~[m[K
[1.031s] [01m[K/home/jason/projects/motion_control_go2/src/unitree_mujoco/simulate/src/mujoco/simulate.cc:2143:7:[m[K [01;36m[Knote: [m[Kin expansion of macro ‘[01m[KX[m[K’
[1.031s]  2143 |       [01;36m[KX[m[K(solver);
[1.031s]       |       [01;36m[K^[m[K
[1.036s] [01m[K/home/jason/projects/motion_control_go2/src/unitree_mujoco/simulate/src/mujoco/simulate.cc:2119:19:[m[K [01;31m[Kerror: [m[K‘[01m[Kscnstate_[m[K’ was not declared in this scope; did you mean ‘[01m[Ksetstate_r[m[K’?
[1.036s]  2119 |   if (IsDifferent([01;31m[Kscnstate_[m[K.model.opt.name, mjopt_prev_.name)) \
[1.036s]       |                   [01;31m[K^~~~~~~~~[m[K
[1.036s] [01m[K/home/jason/projects/motion_control_go2/src/unitree_mujoco/simulate/src/mujoco/simulate.cc:2144:7:[m[K [01;36m[Knote: [m[Kin expansion of macro ‘[01m[KX[m[K’
[1.036s]  2144 |       [01;36m[KX[m[K(iterations);
[1.036s]       |       [01;36m[K^[m[K
[1.040s] [01m[K/home/jason/projects/motion_control_go2/src/unitree_mujoco/simulate/src/mujoco/simulate.cc:2119:19:[m[K [01;31m[Kerror: [m[K‘[01m[Kscnstate_[m[K’ was not declared in this scope; did you mean ‘[01m[Ksetstate_r[m[K’?
[1.040s]  2119 |   if (IsDifferent([01;31m[Kscnstate_[m[K.model.opt.name, mjopt_prev_.name)) \
[1.040s]       |                   [01;31m[K^~~~~~~~~[m[K
[1.040s] [01m[K/home/jason/projects/motion_control_go2/src/unitree_mujoco/simulate/src/mujoco/simulate.cc:2145:7:[m[K [01;36m[Knote: [m[Kin expansion of macro ‘[01m[KX[m[K’
[1.040s]  2145 |       [01;36m[KX[m[K(noslip_iterations);
[1.041s]       |       [01;36m[K^[m[K
[1.045s] [01m[K/home/jason/projects/motion_control_go2/src/unitree_mujoco/simulate/src/mujoco/simulate.cc:2119:19:[m[K [01;31m[Kerror: [m[K‘[01m[Kscnstate_[m[K’ was not declared in this scope; did you mean ‘[01m[Ksetstate_r[m[K’?
[1.045s]  2119 |   if (IsDifferent([01;31m[Kscnstate_[m[K.model.opt.name, mjopt_prev_.name)) \
[1.045s]       |                   [01;31m[K^~~~~~~~~[m[K
[1.045s] [01m[K/home/jason/projects/motion_control_go2/src/unitree_mujoco/simulate/src/mujoco/simulate.cc:2146:7:[m[K [01;36m[Knote: [m[Kin expansion of macro ‘[01m[KX[m[K’
[1.045s]  2146 |       [01;36m[KX[m[K(ccd_iterations);
[1.045s]       |       [01;36m[K^[m[K
[1.050s] [01m[K/home/jason/projects/motion_control_go2/src/unitree_mujoco/simulate/src/mujoco/simulate.cc:2119:19:[m[K [01;31m[Kerror: [m[K‘[01m[Kscnstate_[m[K’ was not declared in this scope; did you mean ‘[01m[Ksetstate_r[m[K’?
[1.050s]  2119 |   if (IsDifferent([01;31m[Kscnstate_[m[K.model.opt.name, mjopt_prev_.name)) \
[1.050s]       |                   [01;31m[K^~~~~~~~~[m[K
[1.050s] [01m[K/home/jason/projects/motion_control_go2/src/unitree_mujoco/simulate/src/mujoco/simulate.cc:2147:7:[m[K [01;36m[Knote: [m[Kin expansion of macro ‘[01m[KX[m[K’
[1.050s]  2147 |       [01;36m[KX[m[K(disableflags);
[1.050s]       |       [01;36m[K^[m[K
[1.055s] [01m[K/home/jason/projects/motion_control_go2/src/unitree_mujoco/simulate/src/mujoco/simulate.cc:2119:19:[m[K [01;31m[Kerror: [m[K‘[01m[Kscnstate_[m[K’ was not declared in this scope; did you mean ‘[01m[Ksetstate_r[m[K’?
[1.055s]  2119 |   if (IsDifferent([01;31m[Kscnstate_[m[K.model.opt.name, mjopt_prev_.name)) \
[1.055s]       |                   [01;31m[K^~~~~~~~~[m[K
[1.055s] [01m[K/home/jason/projects/motion_control_go2/src/unitree_mujoco/simulate/src/mujoco/simulate.cc:2148:7:[m[K [01;36m[Knote: [m[Kin expansion of macro ‘[01m[KX[m[K’
[1.055s]  2148 |       [01;36m[KX[m[K(enableflags);
[1.055s]       |       [01;36m[K^[m[K
[1.062s] [01m[K/home/jason/projects/motion_control_go2/src/unitree_mujoco/simulate/src/mujoco/simulate.cc:2119:19:[m[K [01;31m[Kerror: [m[K‘[01m[Kscnstate_[m[K’ was not declared in this scope; did you mean ‘[01m[Ksetstate_r[m[K’?
[1.062s]  2119 |   if (IsDifferent([01;31m[Kscnstate_[m[K.model.opt.name, mjopt_prev_.name)) \
[1.062s]       |                   [01;31m[K^~~~~~~~~[m[K
[1.062s] [01m[K/home/jason/projects/motion_control_go2/src/unitree_mujoco/simulate/src/mujoco/simulate.cc:2149:7:[m[K [01;36m[Knote: [m[Kin expansion of macro ‘[01m[KX[m[K’
[1.062s]  2149 |       [01;36m[KX[m[K(disableactuator);
[1.062s]       |       [01;36m[K^[m[K
[1.066s] [01m[K/home/jason/projects/motion_control_go2/src/unitree_mujoco/simulate/src/mujoco/simulate.cc:2119:19:[m[K [01;31m[Kerror: [m[K‘[01m[Kscnstate_[m[K’ was not declared in this scope; did you mean ‘[01m[Ksetstate_r[m[K’?
[1.066s]  2119 |   if (IsDifferent([01;31m[Kscnstate_[m[K.model.opt.name, mjopt_prev_.name)) \
[1.066s]       |                   [01;31m[K^~~~~~~~~[m[K
[1.066s] [01m[K/home/jason/projects/motion_control_go2/src/unitree_mujoco/simulate/src/mujoco/simulate.cc:2150:7:[m[K [01;36m[Knote: [m[Kin expansion of macro ‘[01m[KX[m[K’
[1.066s]  2150 |       [01;36m[KX[m[K(sdf_initpoints);
[1.066s]       |       [01;36m[K^[m[K
[1.069s] [01m[K/home/jason/projects/motion_control_go2/src/unitree_mujoco/simulate/src/mujoco/simulate.cc:2119:19:[m[K [01;31m[Kerror: [m[K‘[01m[Kscnstate_[m[K’ was not declared in this scope; did you mean ‘[01m[Ksetstate_r[m[K’?
[1.069s]  2119 |   if (IsDifferent([01;31m[Kscnstate_[m[K.model.opt.name, mjopt_prev_.name)) \
[1.070s]       |                   [01;31m[K^~~~~~~~~[m[K
[1.070s] [01m[K/home/jason/projects/motion_control_go2/src/unitree_mujoco/simulate/src/mujoco/simulate.cc:2151:7:[m[K [01;36m[Knote: [m[Kin expansion of macro ‘[01m[KX[m[K’
[1.070s]  2151 |       [01;36m[KX[m[K(sdf_iterations);
[1.070s]       |       [01;36m[K^[m[K
[1.074s] [01m[K/home/jason/projects/motion_control_go2/src/unitree_mujoco/simulate/src/mujoco/simulate.cc:2156:11:[m[K [01;31m[Kerror: [m[K‘[01m[Kscnstate_[m[K’ was not declared in this scope; did you mean ‘[01m[Ksetstate_r[m[K’?
[1.074s]  2156 |       if ([01;31m[Kscnstate_[m[K.data.warning[mjWARN_VGEOMFULL].number > warn_vgeomfull_prev_)
[1.074s]       |           [01;31m[K^~~~~~~~~[m[K
[1.074s]       |           [32m[Ksetstate_r[m[K
[1.082s] [01m[K/home/jason/projects/motion_control_go2/src/unitree_mujoco/simulate/src/mujoco/simulate.cc:2343:49:[m[K [01;31m[Kerror: [m[K‘[01m[Kscnstate_[m[K’ was not declared in this scope; did you mean ‘[01m[Ksetstate_r[m[K’?
[1.083s]  2343 |       mjv_updateSceneState(m_, d_, &this->opt, &[01;31m[Kscnstate_[m[K);
[1.083s]       |                                                 [01;31m[K^~~~~~~~~[m[K
[1.083s]       |                                                 [32m[Ksetstate_r[m[K
[1.091s] [01m[K/home/jason/projects/motion_control_go2/src/unitree_mujoco/simulate/src/mujoco/simulate.cc:2343:7:[m[K [01;31m[Kerror: [m[K‘[01m[Kmjv_updateSceneState[m[K’ was not declared in this scope; did you mean ‘[01m[Kmjv_updateScene[m[K’?
[1.091s]  2343 |       [01;31m[Kmjv_updateSceneState[m[K(m_, d_, &this->opt, &scnstate_);
[1.091s]       |       [01;31m[K^~~~~~~~~~~~~~~~~~~~[m[K
[1.091s]       |       [32m[Kmjv_updateScene[m[K
[1.093s] [01m[K/home/jason/projects/motion_control_go2/src/unitree_mujoco/simulate/src/mujoco/simulate.cc:[m[K In member function ‘[01m[Kvoid mujoco::Simulate::LoadOnRenderThread()[m[K’:
[1.093s] [01m[K/home/jason/projects/motion_control_go2/src/unitree_mujoco/simulate/src/mujoco/simulate.cc:2573:53:[m[K [01;31m[Kerror: [m[K‘[01m[Kclass mujoco::Simulate[m[K’ has no member named ‘[01m[Kscnstate_[m[K’
[1.093s]  2573 |       mjv_makeSceneState(this->m_, this->d_, &this->[01;31m[Kscnstate_[m[K, kMaxGeom);
[1.093s]       |                                                     [01;31m[K^~~~~~~~~[m[K
[1.104s] [01m[K/home/jason/projects/motion_control_go2/src/unitree_mujoco/simulate/src/mujoco/simulate.cc:2573:7:[m[K [01;31m[Kerror: [m[K‘[01m[Kmjv_makeSceneState[m[K’ was not declared in this scope; did you mean ‘[01m[Kmjv_makeScene[m[K’?
[1.104s]  2573 |       [01;31m[Kmjv_makeSceneState[m[K(this->m_, this->d_, &this->scnstate_, kMaxGeom);
[1.104s]       |       [01;31m[K^~~~~~~~~~~~~~~~~~[m[K
[1.104s]       |       [32m[Kmjv_makeScene[m[K
[1.105s] [01m[K/home/jason/projects/motion_control_go2/src/unitree_mujoco/simulate/src/mujoco/simulate.cc:2614:67:[m[K [01;31m[Kerror: [m[K‘[01m[Kclass mujoco::Simulate[m[K’ has no member named ‘[01m[Kscnstate_[m[K’
[1.105s]  2614 |       mjv_updateSceneState(this->m_, this->d_, &this->opt, &this->[01;31m[Kscnstate_[m[K);
[1.105s]       |                                                                   [01;31m[K^~~~~~~~~[m[K
[1.117s] [01m[K/home/jason/projects/motion_control_go2/src/unitree_mujoco/simulate/src/mujoco/simulate.cc:2614:7:[m[K [01;31m[Kerror: [m[K‘[01m[Kmjv_updateSceneState[m[K’ was not declared in this scope; did you mean ‘[01m[Kmjv_updateScene[m[K’?
[1.118s]  2614 |       [01;31m[Kmjv_updateSceneState[m[K(this->m_, this->d_, &this->opt, &this->scnstate_);
[1.118s]       |       [01;31m[K^~~~~~~~~~~~~~~~~~~~[m[K
[1.118s]       |       [32m[Kmjv_updateScene[m[K
[1.128s] [01m[K/home/jason/projects/motion_control_go2/src/unitree_mujoco/simulate/src/mujoco/simulate.cc:[m[K In member function ‘[01m[Kvoid mujoco::Simulate::RenderLoop()[m[K’:
[1.128s] [01m[K/home/jason/projects/motion_control_go2/src/unitree_mujoco/simulate/src/mujoco/simulate.cc:3087:11:[m[K [01;31m[Kerror: [m[K‘[01m[Kscnstate_[m[K’ was not declared in this scope; did you mean ‘[01m[Ksetstate_r[m[K’?
[1.128s]  3087 |           [01;31m[Kscnstate_[m[K.data.warning[mjWARN_VGEOMFULL].number += mjv_updateSceneFromState(
[1.128s]       |           [01;31m[K^~~~~~~~~[m[K
[1.128s]       |           [32m[Ksetstate_r[m[K
[1.147s] [01m[K/home/jason/projects/motion_control_go2/src/unitree_mujoco/simulate/src/mujoco/simulate.cc:3087:62:[m[K [01;31m[Kerror: [m[K‘[01m[Kmjv_updateSceneFromState[m[K’ was not declared in this scope
[1.147s]  3087 |           scnstate_.data.warning[mjWARN_VGEOMFULL].number += [01;31m[Kmjv_updateSceneFromState[m[K(
[1.147s]       |                                                              [01;31m[K^~~~~~~~~~~~~~~~~~~~~~~~[m[K
[1.152s] [01m[K/home/jason/projects/motion_control_go2/src/unitree_mujoco/simulate/src/mujoco/simulate.cc:3130:27:[m[K [01;31m[Kerror: [m[K‘[01m[Kscnstate_[m[K’ was not declared in this scope; did you mean ‘[01m[Ksetstate_r[m[K’?
[1.152s]  3130 |       mjv_freeSceneState(&[01;31m[Kscnstate_[m[K);
[1.152s]       |                           [01;31m[K^~~~~~~~~[m[K
[1.152s]       |                           [32m[Ksetstate_r[m[K
[1.163s] [01m[K/home/jason/projects/motion_control_go2/src/unitree_mujoco/simulate/src/mujoco/simulate.cc:3130:7:[m[K [01;31m[Kerror: [m[K‘[01m[Kmjv_freeSceneState[m[K’ was not declared in this scope; did you mean ‘[01m[Kmjv_freeScene[m[K’?
[1.163s]  3130 |       [01;31m[Kmjv_freeSceneState[m[K(&scnstate_);
[1.163s]       |       [01;31m[K^~~~~~~~~~~~~~~~~~[m[K
[1.163s]       |       [32m[Kmjv_freeScene[m[K
[1.262s] In file included from [01m[K/home/jason/projects/motion_control_go2/src/unitree_mujoco/simulate/src/main.cc:29[m[K:
[1.262s] [01m[K/home/jason/projects/motion_control_go2/src/unitree_mujoco/simulate/src/mujoco/simulate.h:149:5:[m[K [01;31m[Kerror: [m[K‘[01m[KmjvSceneState[m[K’ does not name a type; did you mean ‘[01m[KmjvScene_[m[K’?
[1.262s]   149 |     [01;31m[KmjvSceneState[m[K scnstate_;
[1.262s]       |     [01;31m[K^~~~~~~~~~~~~[m[K
[1.262s]       |     [32m[KmjvScene_[m[K
[1.338s] gmake[2]: *** [CMakeFiles/unitree_mujoco.dir/build.make:132: CMakeFiles/unitree_mujoco.dir/src/mujoco/simulate.cc.o] Error 1
[1.338s] gmake[2]: *** Waiting for unfinished jobs....
[4.941s] gmake[2]: *** [CMakeFiles/unitree_mujoco.dir/build.make:146: CMakeFiles/unitree_mujoco.dir/src/main.cc.o] Error 1
[4.941s] gmake[1]: *** [CMakeFiles/Makefile2:85: CMakeFiles/unitree_mujoco.dir/all] Error 2
[4.941s] gmake: *** [Makefile:91: all] Error 2
[4.944s] Invoked command in '/home/jason/projects/motion_control_go2/build/unitree_mujoco' returned '2': CMAKE_PREFIX_PATH=/home/jason/projects/motion_control_go2/install/mujoco:/usr/local:/usr/local:/usr/local LD_LIBRARY_PATH=/home/jason/projects/motion_control_go2/install/mujoco/lib:${LD_LIBRARY_PATH} PATH=/home/jason/projects/motion_control_go2/install/mujoco/bin:${PATH} /usr/bin/cmake --build /home/jason/projects/motion_control_go2/build/unitree_mujoco -- -j16 -l16
