[0.015s] Invoking command in '/home/jason/projects/motion_control_go2/src/build/unitree_gazebo': /usr/bin/cmake /home/jason/projects/motion_control_go2/src/unitree_ros/unitree_gazebo -DCATKIN_INSTALL_INTO_PREFIX_ROOT=0 -DCATKIN_SYMLINK_INSTALL=ON -DCMAKE_INSTALL_PREFIX=/home/jason/projects/motion_control_go2/src/install/unitree_gazebo
[0.026s] [0mCMake Deprecation Warning at CMakeLists.txt:1 (cmake_minimum_required):
[0.026s]   Compatibility with CMake < 2.8.12 will be removed from a future version of
[0.026s]   CMake.
[0.026s] 
[0.026s]   Update the VERSION argument <min> value or use a ...<max> suffix to tell
[0.026s]   CMake that the project does not need compatibility with older versions.
[0.026s] 
[0.026s] [0m
[0.069s] -- The C compiler identification is GNU 11.4.0
[0.106s] -- The CXX compiler identification is GNU 11.4.0
[0.111s] -- Detecting C compiler ABI info
[0.155s] -- Detecting C compiler ABI info - done
[0.159s] -- Check for working C compiler: /usr/bin/cc - skipped
[0.159s] -- Detecting C compile features
[0.159s] -- Detecting C compile features - done
[0.161s] -- Detecting CXX compiler ABI info
[0.209s] -- Detecting CXX compiler ABI info - done
[0.215s] -- Check for working CXX compiler: /usr/bin/c++ - skipped
[0.218s] -- Detecting CXX compile features
[0.218s] -- Detecting CXX compile features - done
[0.220s] -- Configuring incomplete, errors occurred!
[0.223s] See also "/home/jason/projects/motion_control_go2/src/build/unitree_gazebo/CMakeFiles/CMakeOutput.log".
[0.223s] [31mCMake Error at CMakeLists.txt:4 (find_package):
[0.223s]   By not providing "Findcatkin.cmake" in CMAKE_MODULE_PATH this project has
[0.223s]   asked CMake to find a package configuration file provided by "catkin", but
[0.223s]   CMake did not find one.
[0.223s] 
[0.223s]   Could not find a package configuration file provided by "catkin" with any
[0.223s]   of the following names:
[0.223s] 
[0.223s]     catkinConfig.cmake
[0.223s]     catkin-config.cmake
[0.223s] 
[0.223s]   Add the installation prefix of "catkin" to CMAKE_PREFIX_PATH or set
[0.223s]   "catkin_DIR" to a directory containing one of the above files.  If "catkin"
[0.224s]   provides a separate development package or SDK, be sure it has been
[0.224s]   installed.
[0.224s] 
[0.224s] [0m
