-- The C compiler identification is GNU 11.4.0
-- The CXX compiler identification is GNU 11.4.0
-- Detecting C compiler ABI info
-- Detecting C compiler ABI info - done
-- Check for working C compiler: /usr/bin/cc - skipped
-- Detecting C compile features
-- Detecting C compile features - done
-- Detecting CXX compiler ABI info
-- Detecting CXX compiler ABI info - done
-- Check for working CXX compiler: /usr/bin/c++ - skipped
-- Detecting CXX compile features
-- Detecting CXX compile features - done
-- Found ament_cmake: 1.3.12 (/opt/ros/humble/share/ament_cmake/cmake)
-- Found Python3: /usr/bin/python3 (found version "3.10.12") found components: Interpreter 
-- Override CMake install command with custom implementation using symlinks instead of copying resources
-- Found unitree_go: 0.0.0 (/home/jason/projects/unitree_sdk2_ws/install/unitree_go/share/unitree_go/cmake)
-- Found rosidl_generator_c: 3.1.7 (/opt/ros/humble/share/rosidl_generator_c/cmake)
-- Found rosidl_adapter: 3.1.7 (/opt/ros/humble/share/rosidl_adapter/cmake)
-- Found rosidl_generator_cpp: 3.1.7 (/opt/ros/humble/share/rosidl_generator_cpp/cmake)
-- Using all available rosidl_typesupport_c: rosidl_typesupport_fastrtps_c;rosidl_typesupport_introspection_c
-- Using all available rosidl_typesupport_cpp: rosidl_typesupport_fastrtps_cpp;rosidl_typesupport_introspection_cpp
-- Found unitree_hg: 0.0.0 (/home/jason/projects/unitree_sdk2_ws/install/unitree_hg/share/unitree_hg/cmake)
-- Found unitree_api: 0.0.0 (/home/jason/projects/unitree_sdk2_ws/install/unitree_api/share/unitree_api/cmake)
-- Found rclcpp: 16.0.15 (/opt/ros/humble/share/rclcpp/cmake)
-- Found rmw_implementation_cmake: 6.1.2 (/opt/ros/humble/share/rmw_implementation_cmake/cmake)
-- Found rmw_fastrtps_cpp: 6.2.8 (/opt/ros/humble/share/rmw_fastrtps_cpp/cmake)
-- Found OpenSSL: /usr/lib/x86_64-linux-gnu/libcrypto.so (found version "3.0.2")  
-- Found FastRTPS: /opt/ros/humble/include  
-- Using RMW implementation 'rmw_fastrtps_cpp' as default
-- Looking for pthread.h
-- Looking for pthread.h - found
-- Performing Test CMAKE_HAVE_LIBC_PTHREAD
-- Performing Test CMAKE_HAVE_LIBC_PTHREAD - Success
-- Found Threads: TRUE  
-- Found rosbag2_cpp: 0.15.15 (/opt/ros/humble/share/rosbag2_cpp/cmake)
-- Found ament_lint_auto: 0.12.14 (/opt/ros/humble/share/ament_lint_auto/cmake)
-- Added test 'copyright' to check source files copyright and LICENSE
-- Added test 'cppcheck' to perform static code analysis on C / C++ code
-- Configured cppcheck include dirs: /home/jason/projects/unitree_sdk2_ws/unitree_ros2/example/src/include;/home/jason/projects/unitree_sdk2_ws/unitree_ros2/example/src/include/common;/home/jason/projects/unitree_sdk2_ws/unitree_ros2/example/src/include/nlohmann
-- Configured cppcheck exclude dirs and/or files: 
-- Added test 'cpplint' to check C / C++ code against the Google style
-- Configured cpplint exclude dirs and/or files: 
-- Added test 'lint_cmake' to check CMake code style
-- Added test 'uncrustify' to check C / C++ code style
-- Configured uncrustify additional arguments: 
-- Added test 'xmllint' to check XML markup files
-- Configuring done
-- Generating done
-- Build files have been written to: /home/jason/projects/unitree_sdk2_ws/build/unitree_ros2_example
[  2%] [32mBuilding CXX object CMakeFiles/low_level_ctrl_hg.dir/src/h1-2/lowlevel/low_level_ctrl_hg.cpp.o[0m
[  4%] [32mBuilding CXX object CMakeFiles/read_wireless_controller.dir/src/read_wireless_controller.cpp.o[0m
[  6%] [32mBuilding CXX object CMakeFiles/g1_low_level_example.dir/src/g1/lowlevel/g1_low_level_example.cpp.o[0m
[  8%] [32mBuilding CXX object CMakeFiles/go2_robot_state_client.dir/src/go2/go2_robot_state_client.cpp.o[0m
[ 10%] [32mBuilding CXX object CMakeFiles/read_low_state_hg.dir/src/read_low_state_hg.cpp.o[0m
[ 13%] [32mBuilding CXX object CMakeFiles/go2_stand_example.dir/src/go2/go2_stand_example.cpp.o[0m
[ 15%] [32mBuilding CXX object CMakeFiles/g1_dual_arm_example.dir/src/g1/lowlevel/g1_dual_arm_example.cpp.o[0m
[ 17%] [32mBuilding CXX object CMakeFiles/low_level_ctrl.dir/src/low_level_ctrl.cpp.o[0m
[ 19%] [32mBuilding CXX object CMakeFiles/g1_arm_action_example.dir/src/g1/high_level/g1_arm_action_example.cpp.o[0m
[ 21%] [32mBuilding CXX object CMakeFiles/g1_loco_client_example.dir/src/g1/high_level/loco_client_example.cpp.o[0m
[ 23%] [32mBuilding CXX object CMakeFiles/g1_ankle_swing_example.dir/src/g1/lowlevel/g1_ankle_swing_example.cpp.o[0m
[ 26%] [32mBuilding CXX object CMakeFiles/go2_sport_client.dir/src/go2/go2_sport_client.cpp.o[0m
[ 28%] [32mBuilding CXX object CMakeFiles/g1_arm_sdk_dds_example.dir/src/g1/high_level/g1_arm_sdk_dds_example.cpp.o[0m
[ 30%] [32mBuilding CXX object CMakeFiles/read_motion_state.dir/src/read_motion_state.cpp.o[0m
[ 32%] [32mBuilding CXX object CMakeFiles/g1_dex3_example.dir/src/g1/dex3/g1_dex3_example.cpp.o[0m
[ 34%] [32mBuilding CXX object CMakeFiles/read_low_state.dir/src/read_low_state.cpp.o[0m
[ 36%] [32m[1mLinking CXX executable read_wireless_controller[0m
[ 39%] [32m[1mLinking CXX executable read_motion_state[0m
[ 41%] [32m[1mLinking CXX executable read_low_state[0m
[ 43%] [32mBuilding CXX object CMakeFiles/low_level_ctrl_hg.dir/src/common/motor_crc_hg.cpp.o[0m
[ 43%] Built target read_low_state
[ 45%] [32mBuilding CXX object CMakeFiles/g1_audio_client_example.dir/src/g1/audio_client/g1_audio_client_example.cpp.o[0m
[ 45%] Built target read_wireless_controller
[ 47%] [32mBuilding CXX object CMakeFiles/go2_sport_client.dir/src/common/ros2_sport_client.cpp.o[0m
[ 47%] Built target read_motion_state
[ 50%] [32mBuilding CXX object CMakeFiles/g1_arm_action_example.dir/src/common/motor_crc.cpp.o[0m
[ 52%] [32mBuilding CXX object CMakeFiles/low_level_ctrl.dir/src/common/motor_crc.cpp.o[0m
[ 54%] [32mBuilding CXX object CMakeFiles/g1_loco_client_example.dir/src/common/motor_crc.cpp.o[0m
[ 56%] [32mBuilding CXX object CMakeFiles/g1_dex3_example.dir/src/common/motor_crc.cpp.o[0m
[ 58%] [32m[1mLinking CXX executable read_low_state_hg[0m
[ 60%] [32mBuilding CXX object CMakeFiles/g1_low_level_example.dir/src/common/motor_crc_hg.cpp.o[0m
[ 63%] [32mBuilding CXX object CMakeFiles/g1_arm_sdk_dds_example.dir/src/common/motor_crc.cpp.o[0m
[ 65%] [32mBuilding CXX object CMakeFiles/go2_stand_example.dir/src/common/motor_crc.cpp.o[0m
[ 65%] Built target read_low_state_hg
[ 67%] [32mBuilding CXX object CMakeFiles/g1_ankle_swing_example.dir/src/common/motor_crc_hg.cpp.o[0m
[ 69%] [32m[1mLinking CXX executable low_level_ctrl_hg[0m
[ 71%] [32m[1mLinking CXX executable low_level_ctrl[0m
[ 71%] Built target low_level_ctrl
[ 73%] [32mBuilding CXX object CMakeFiles/go2_robot_state_client.dir/src/common/motor_crc.cpp.o[0m
[ 76%] [32mBuilding CXX object CMakeFiles/g1_dual_arm_example.dir/src/common/motor_crc_hg.cpp.o[0m
[ 78%] [32m[1mLinking CXX executable g1_loco_client_example[0m
[ 80%] [32m[1mLinking CXX executable g1_dex3_example[0m
[ 80%] Built target low_level_ctrl_hg
[ 80%] Built target g1_loco_client_example
[ 80%] Built target g1_dex3_example
[ 82%] [32m[1mLinking CXX executable g1_low_level_example[0m
[ 84%] [32m[1mLinking CXX executable g1_arm_action_example[0m
[ 84%] Built target g1_low_level_example
[ 84%] Built target g1_arm_action_example
[ 86%] [32m[1mLinking CXX executable g1_arm_sdk_dds_example[0m
[ 89%] [32m[1mLinking CXX executable go2_stand_example[0m
[ 89%] Built target g1_arm_sdk_dds_example
[ 91%] [32m[1mLinking CXX executable g1_ankle_swing_example[0m
[ 91%] Built target go2_stand_example
[ 93%] [32m[1mLinking CXX executable go2_robot_state_client[0m
[ 93%] Built target g1_ankle_swing_example
[ 93%] Built target go2_robot_state_client
[ 95%] [32m[1mLinking CXX executable g1_dual_arm_example[0m
[ 97%] [32m[1mLinking CXX executable g1_audio_client_example[0m
[ 97%] Built target g1_audio_client_example
[ 97%] Built target g1_dual_arm_example
[100%] [32m[1mLinking CXX executable go2_sport_client[0m
[100%] Built target go2_sport_client
-- Install configuration: ""
-- Execute custom install script
-- Symlinking: /home/jason/projects/unitree_sdk2_ws/install/unitree_ros2_example//low_level_ctrl
-- Symlinking: /home/jason/projects/unitree_sdk2_ws/install/unitree_ros2_example//low_level_ctrl_hg
-- Symlinking: /home/jason/projects/unitree_sdk2_ws/install/unitree_ros2_example//g1_low_level_example
-- Symlinking: /home/jason/projects/unitree_sdk2_ws/install/unitree_ros2_example//read_low_state
-- Symlinking: /home/jason/projects/unitree_sdk2_ws/install/unitree_ros2_example//read_low_state_hg
-- Symlinking: /home/jason/projects/unitree_sdk2_ws/install/unitree_ros2_example//read_motion_state
-- Symlinking: /home/jason/projects/unitree_sdk2_ws/install/unitree_ros2_example//read_wireless_controller
-- Symlinking: /home/jason/projects/unitree_sdk2_ws/install/unitree_ros2_example//go2_sport_client
-- Symlinking: /home/jason/projects/unitree_sdk2_ws/install/unitree_ros2_example//go2_stand_example
-- Symlinking: /home/jason/projects/unitree_sdk2_ws/install/unitree_ros2_example//go2_robot_state_client
-- Symlinking: /home/jason/projects/unitree_sdk2_ws/install/unitree_ros2_example//g1_arm_sdk_dds_example
-- Symlinking: /home/jason/projects/unitree_sdk2_ws/install/unitree_ros2_example//g1_arm_action_example
-- Symlinking: /home/jason/projects/unitree_sdk2_ws/install/unitree_ros2_example//g1_dex3_example
-- Symlinking: /home/jason/projects/unitree_sdk2_ws/install/unitree_ros2_example//g1_loco_client_example
-- Symlinking: /home/jason/projects/unitree_sdk2_ws/install/unitree_ros2_example//g1_ankle_swing_example
-- Symlinking: /home/jason/projects/unitree_sdk2_ws/install/unitree_ros2_example//g1_dual_arm_example
-- Symlinking: /home/jason/projects/unitree_sdk2_ws/install/unitree_ros2_example//g1_audio_client_example
-- Symlinking: /home/jason/projects/unitree_sdk2_ws/install/unitree_ros2_example/share/ament_index/resource_index/package_run_dependencies/unitree_ros2_example
-- Symlinking: /home/jason/projects/unitree_sdk2_ws/install/unitree_ros2_example/share/ament_index/resource_index/parent_prefix_path/unitree_ros2_example
-- Symlinking: /home/jason/projects/unitree_sdk2_ws/install/unitree_ros2_example/share/unitree_ros2_example/environment/ament_prefix_path.sh
-- Symlinking: /home/jason/projects/unitree_sdk2_ws/install/unitree_ros2_example/share/unitree_ros2_example/environment/ament_prefix_path.dsv
-- Symlinking: /home/jason/projects/unitree_sdk2_ws/install/unitree_ros2_example/share/unitree_ros2_example/environment/path.sh
-- Symlinking: /home/jason/projects/unitree_sdk2_ws/install/unitree_ros2_example/share/unitree_ros2_example/environment/path.dsv
-- Symlinking: /home/jason/projects/unitree_sdk2_ws/install/unitree_ros2_example/share/unitree_ros2_example/local_setup.bash
-- Symlinking: /home/jason/projects/unitree_sdk2_ws/install/unitree_ros2_example/share/unitree_ros2_example/local_setup.sh
-- Symlinking: /home/jason/projects/unitree_sdk2_ws/install/unitree_ros2_example/share/unitree_ros2_example/local_setup.zsh
-- Symlinking: /home/jason/projects/unitree_sdk2_ws/install/unitree_ros2_example/share/unitree_ros2_example/local_setup.dsv
-- Symlinking: /home/jason/projects/unitree_sdk2_ws/install/unitree_ros2_example/share/unitree_ros2_example/package.dsv
-- Symlinking: /home/jason/projects/unitree_sdk2_ws/install/unitree_ros2_example/share/ament_index/resource_index/packages/unitree_ros2_example
-- Symlinking: /home/jason/projects/unitree_sdk2_ws/install/unitree_ros2_example/share/unitree_ros2_example/cmake/unitree_ros2_exampleConfig.cmake
-- Symlinking: /home/jason/projects/unitree_sdk2_ws/install/unitree_ros2_example/share/unitree_ros2_example/cmake/unitree_ros2_exampleConfig-version.cmake
-- Symlinking: /home/jason/projects/unitree_sdk2_ws/install/unitree_ros2_example/share/unitree_ros2_example/package.xml
