[0.007s] Invoking command in '/home/jason/projects/unitree_sdk2_ws/build/unitree_hg': CMAKE_PREFIX_PATH=${CMAKE_PREFIX_PATH}:/opt/ros/humble /usr/bin/cmake /home/jason/projects/unitree_sdk2_ws/unitree_ros2/cyclonedds_ws/src/unitree/unitree_hg -DAMENT_CMAKE_SYMLINK_INSTALL=1 -DCMAKE_INSTALL_PREFIX=/home/jason/projects/unitree_sdk2_ws/install/unitree_hg
[0.064s] -- The C compiler identification is GNU 11.4.0
[0.100s] -- The CXX compiler identification is GNU 11.4.0
[0.109s] -- Detecting C compiler ABI info
[0.167s] -- Detecting C compiler ABI info - done
[0.171s] -- Check for working C compiler: /usr/bin/cc - skipped
[0.171s] -- Detecting C compile features
[0.171s] -- Detecting C compile features - done
[0.173s] -- Detecting CXX compiler ABI info
[0.255s] -- Detecting CXX compiler ABI info - done
[0.264s] -- Check for working CXX compiler: /usr/bin/c++ - skipped
[0.264s] -- Detecting CXX compile features
[0.265s] -- Detecting CXX compile features - done
[0.277s] -- Found ament_cmake: 1.3.12 (/opt/ros/humble/share/ament_cmake/cmake)
[0.376s] -- Found Python3: /usr/bin/python3 (found version "3.10.12") found components: Interpreter 
[0.413s] -- Override CMake install command with custom implementation using symlinks instead of copying resources
[0.435s] -- Found geometry_msgs: 4.9.0 (/opt/ros/humble/share/geometry_msgs/cmake)
[0.460s] -- Found rosidl_generator_c: 3.1.7 (/opt/ros/humble/share/rosidl_generator_c/cmake)
[0.462s] -- Found rosidl_adapter: 3.1.7 (/opt/ros/humble/share/rosidl_adapter/cmake)
[0.472s] -- Found rosidl_generator_cpp: 3.1.7 (/opt/ros/humble/share/rosidl_generator_cpp/cmake)
[0.485s] -- Using all available rosidl_typesupport_c: rosidl_typesupport_fastrtps_c;rosidl_typesupport_introspection_c
[0.498s] -- Using all available rosidl_typesupport_cpp: rosidl_typesupport_fastrtps_cpp;rosidl_typesupport_introspection_cpp
[0.544s] -- Found rosidl_default_generators: 1.2.0 (/opt/ros/humble/share/rosidl_default_generators/cmake)
[0.558s] -- Found rosidl_generator_dds_idl: 0.8.1 (/opt/ros/humble/share/rosidl_generator_dds_idl/cmake)
[0.952s] -- Found ament_cmake_ros: 0.10.0 (/opt/ros/humble/share/ament_cmake_ros/cmake)
[1.473s] -- Using all available rosidl_typesupport_c: rosidl_typesupport_fastrtps_c;rosidl_typesupport_introspection_c
[1.640s] -- Using all available rosidl_typesupport_cpp: rosidl_typesupport_fastrtps_cpp;rosidl_typesupport_introspection_cpp
[1.661s] -- Found PythonInterp: /usr/bin/python3 (found suitable version "3.10.12", minimum required is "3.6") 
[1.664s] -- Found python_cmake_module: 0.10.0 (/opt/ros/humble/share/python_cmake_module/cmake)
[1.709s] -- Found PythonLibs: /usr/lib/x86_64-linux-gnu/libpython3.10.so (found suitable version "3.10.12", minimum required is "3.5") 
[1.709s] -- Using PYTHON_EXECUTABLE: /usr/bin/python3
[1.709s] -- Using PYTHON_INCLUDE_DIRS: /usr/include/python3.10
[1.709s] -- Using PYTHON_LIBRARIES: /usr/lib/x86_64-linux-gnu/libpython3.10.so
[1.793s] -- Found PythonExtra: .so  
[1.916s] -- Found ament_lint_auto: 0.12.14 (/opt/ros/humble/share/ament_lint_auto/cmake)
[1.947s] -- Added test 'copyright' to check source files copyright and LICENSE
[1.953s] -- Added test 'lint_cmake' to check CMake code style
[1.954s] -- Added test 'xmllint' to check XML markup files
[1.958s] -- Configuring done
[2.000s] -- Generating done
[2.008s] -- Build files have been written to: /home/jason/projects/unitree_sdk2_ws/build/unitree_hg
[2.026s] Invoked command in '/home/jason/projects/unitree_sdk2_ws/build/unitree_hg' returned '0': CMAKE_PREFIX_PATH=${CMAKE_PREFIX_PATH}:/opt/ros/humble /usr/bin/cmake /home/jason/projects/unitree_sdk2_ws/unitree_ros2/cyclonedds_ws/src/unitree/unitree_hg -DAMENT_CMAKE_SYMLINK_INSTALL=1 -DCMAKE_INSTALL_PREFIX=/home/jason/projects/unitree_sdk2_ws/install/unitree_hg
[2.026s] Invoking command in '/home/jason/projects/unitree_sdk2_ws/build/unitree_hg': CMAKE_PREFIX_PATH=${CMAKE_PREFIX_PATH}:/opt/ros/humble /usr/bin/cmake --build /home/jason/projects/unitree_sdk2_ws/build/unitree_hg -- -j16 -l16
[2.087s] [  1%] [34m[1mGenerating C code for ROS interfaces[0m
[2.118s] [  1%] [34m[1mGenerating C++ code for ROS interfaces[0m
[2.124s] [  1%] Built target ament_cmake_python_symlink_unitree_hg
[2.132s] [  2%] [34m[1mGenerating DDS interfaces[0m
[2.516s] running egg_info
[2.516s] creating unitree_hg.egg-info
[2.516s] writing unitree_hg.egg-info/PKG-INFO
[2.516s] writing dependency_links to unitree_hg.egg-info/dependency_links.txt
[2.516s] writing top-level names to unitree_hg.egg-info/top_level.txt
[2.517s] writing manifest file 'unitree_hg.egg-info/SOURCES.txt'
[2.520s] reading manifest file 'unitree_hg.egg-info/SOURCES.txt'
[2.523s] writing manifest file 'unitree_hg.egg-info/SOURCES.txt'
[2.605s] [  2%] Built target ament_cmake_python_build_unitree_hg_egg
[2.851s] [  2%] Built target unitree_hg__dds_connext_idl
[3.208s] [  2%] Built target unitree_hg__cpp
[3.227s] [  3%] [34m[1mGenerating C++ type support for eProsima Fast-RTPS[0m
[3.229s] [  4%] [34m[1mGenerating C++ type support dispatch for ROS interfaces[0m
[3.242s] [  5%] [34m[1mGenerating C++ introspection for ROS interfaces[0m
[4.227s] [  6%] [32mBuilding CXX object CMakeFiles/unitree_hg__rosidl_typesupport_cpp.dir/rosidl_typesupport_cpp/unitree_hg/msg/bms_cmd__type_support.cpp.o[0m
[4.237s] [  7%] [32mBuilding CXX object CMakeFiles/unitree_hg__rosidl_typesupport_cpp.dir/rosidl_typesupport_cpp/unitree_hg/msg/bms_state__type_support.cpp.o[0m
[4.237s] [  7%] [32mBuilding CXX object CMakeFiles/unitree_hg__rosidl_typesupport_cpp.dir/rosidl_typesupport_cpp/unitree_hg/msg/hand_cmd__type_support.cpp.o[0m
[4.246s] [  8%] [32mBuilding CXX object CMakeFiles/unitree_hg__rosidl_typesupport_cpp.dir/rosidl_typesupport_cpp/unitree_hg/msg/hand_state__type_support.cpp.o[0m
[4.246s] [  9%] [32mBuilding CXX object CMakeFiles/unitree_hg__rosidl_typesupport_cpp.dir/rosidl_typesupport_cpp/unitree_hg/msg/imu_state__type_support.cpp.o[0m
[4.280s] [ 10%] [32mBuilding CXX object CMakeFiles/unitree_hg__rosidl_typesupport_cpp.dir/rosidl_typesupport_cpp/unitree_hg/msg/low_cmd__type_support.cpp.o[0m
[4.281s] [ 11%] [32mBuilding CXX object CMakeFiles/unitree_hg__rosidl_typesupport_cpp.dir/rosidl_typesupport_cpp/unitree_hg/msg/low_state__type_support.cpp.o[0m
[4.291s] [ 12%] [32mBuilding CXX object CMakeFiles/unitree_hg__rosidl_typesupport_cpp.dir/rosidl_typesupport_cpp/unitree_hg/msg/main_board_state__type_support.cpp.o[0m
[4.299s] [ 13%] [32mBuilding CXX object CMakeFiles/unitree_hg__rosidl_typesupport_cpp.dir/rosidl_typesupport_cpp/unitree_hg/msg/motor_cmd__type_support.cpp.o[0m
[4.303s] [ 14%] [32mBuilding CXX object CMakeFiles/unitree_hg__rosidl_typesupport_cpp.dir/rosidl_typesupport_cpp/unitree_hg/msg/motor_state__type_support.cpp.o[0m
[4.315s] [ 15%] [32mBuilding CXX object CMakeFiles/unitree_hg__rosidl_typesupport_cpp.dir/rosidl_typesupport_cpp/unitree_hg/msg/press_sensor_state__type_support.cpp.o[0m
[4.342s] [ 16%] [32mBuilding CXX object CMakeFiles/unitree_hg__rosidl_typesupport_introspection_cpp.dir/rosidl_typesupport_introspection_cpp/unitree_hg/msg/detail/bms_cmd__type_support.cpp.o[0m
[4.359s] [ 17%] [32mBuilding CXX object CMakeFiles/unitree_hg__rosidl_typesupport_introspection_cpp.dir/rosidl_typesupport_introspection_cpp/unitree_hg/msg/detail/bms_state__type_support.cpp.o[0m
[4.361s] [ 17%] [32mBuilding CXX object CMakeFiles/unitree_hg__rosidl_typesupport_introspection_cpp.dir/rosidl_typesupport_introspection_cpp/unitree_hg/msg/detail/hand_cmd__type_support.cpp.o[0m
[4.645s] [ 18%] [32mBuilding CXX object CMakeFiles/unitree_hg__rosidl_typesupport_introspection_cpp.dir/rosidl_typesupport_introspection_cpp/unitree_hg/msg/detail/hand_state__type_support.cpp.o[0m
[4.648s] [ 19%] [32mBuilding CXX object CMakeFiles/unitree_hg__rosidl_typesupport_introspection_cpp.dir/rosidl_typesupport_introspection_cpp/unitree_hg/msg/detail/imu_state__type_support.cpp.o[0m
[4.702s] [ 20%] [32mBuilding CXX object CMakeFiles/unitree_hg__rosidl_typesupport_introspection_cpp.dir/rosidl_typesupport_introspection_cpp/unitree_hg/msg/detail/low_cmd__type_support.cpp.o[0m
[4.713s] [ 21%] [32mBuilding CXX object CMakeFiles/unitree_hg__rosidl_typesupport_introspection_cpp.dir/rosidl_typesupport_introspection_cpp/unitree_hg/msg/detail/low_state__type_support.cpp.o[0m
[4.717s] [ 22%] [32mBuilding CXX object CMakeFiles/unitree_hg__rosidl_typesupport_introspection_cpp.dir/rosidl_typesupport_introspection_cpp/unitree_hg/msg/detail/main_board_state__type_support.cpp.o[0m
[4.725s] [ 23%] [32mBuilding CXX object CMakeFiles/unitree_hg__rosidl_typesupport_introspection_cpp.dir/rosidl_typesupport_introspection_cpp/unitree_hg/msg/detail/motor_cmd__type_support.cpp.o[0m
[4.756s] [ 24%] [32mBuilding CXX object CMakeFiles/unitree_hg__rosidl_typesupport_introspection_cpp.dir/rosidl_typesupport_introspection_cpp/unitree_hg/msg/detail/motor_state__type_support.cpp.o[0m
[4.773s] [ 25%] [32mBuilding CXX object CMakeFiles/unitree_hg__rosidl_typesupport_introspection_cpp.dir/rosidl_typesupport_introspection_cpp/unitree_hg/msg/detail/press_sensor_state__type_support.cpp.o[0m
[5.038s] [ 26%] [32m[1mLinking CXX shared library libunitree_hg__rosidl_typesupport_cpp.so[0m
[5.055s] [ 27%] [32mBuilding CXX object CMakeFiles/unitree_hg__rosidl_typesupport_fastrtps_cpp.dir/rosidl_typesupport_fastrtps_cpp/unitree_hg/msg/detail/dds_fastrtps/bms_cmd__type_support.cpp.o[0m
[5.061s] [ 27%] [32mBuilding CXX object CMakeFiles/unitree_hg__rosidl_typesupport_fastrtps_cpp.dir/rosidl_typesupport_fastrtps_cpp/unitree_hg/msg/detail/dds_fastrtps/hand_cmd__type_support.cpp.o[0m
[5.063s] [ 28%] [32mBuilding CXX object CMakeFiles/unitree_hg__rosidl_typesupport_fastrtps_cpp.dir/rosidl_typesupport_fastrtps_cpp/unitree_hg/msg/detail/dds_fastrtps/bms_state__type_support.cpp.o[0m
[5.071s] [ 29%] [32mBuilding CXX object CMakeFiles/unitree_hg__rosidl_typesupport_fastrtps_cpp.dir/rosidl_typesupport_fastrtps_cpp/unitree_hg/msg/detail/dds_fastrtps/hand_state__type_support.cpp.o[0m
[5.143s] [ 29%] Built target unitree_hg__rosidl_typesupport_cpp
[5.161s] [ 30%] [32mBuilding CXX object CMakeFiles/unitree_hg__rosidl_typesupport_fastrtps_cpp.dir/rosidl_typesupport_fastrtps_cpp/unitree_hg/msg/detail/dds_fastrtps/imu_state__type_support.cpp.o[0m
[5.183s] [ 31%] [32mBuilding CXX object CMakeFiles/unitree_hg__rosidl_typesupport_fastrtps_cpp.dir/rosidl_typesupport_fastrtps_cpp/unitree_hg/msg/detail/dds_fastrtps/low_cmd__type_support.cpp.o[0m
[5.205s] [ 32%] [32mBuilding CXX object CMakeFiles/unitree_hg__rosidl_typesupport_fastrtps_cpp.dir/rosidl_typesupport_fastrtps_cpp/unitree_hg/msg/detail/dds_fastrtps/low_state__type_support.cpp.o[0m
[5.259s] [ 33%] [32mBuilding CXX object CMakeFiles/unitree_hg__rosidl_typesupport_fastrtps_cpp.dir/rosidl_typesupport_fastrtps_cpp/unitree_hg/msg/detail/dds_fastrtps/main_board_state__type_support.cpp.o[0m
[5.374s] [ 34%] [32mBuilding CXX object CMakeFiles/unitree_hg__rosidl_typesupport_fastrtps_cpp.dir/rosidl_typesupport_fastrtps_cpp/unitree_hg/msg/detail/dds_fastrtps/motor_cmd__type_support.cpp.o[0m
[5.375s] [ 35%] [32mBuilding CXX object CMakeFiles/unitree_hg__rosidl_typesupport_fastrtps_cpp.dir/rosidl_typesupport_fastrtps_cpp/unitree_hg/msg/detail/dds_fastrtps/motor_state__type_support.cpp.o[0m
[5.410s] [ 36%] [32mBuilding CXX object CMakeFiles/unitree_hg__rosidl_typesupport_fastrtps_cpp.dir/rosidl_typesupport_fastrtps_cpp/unitree_hg/msg/detail/dds_fastrtps/press_sensor_state__type_support.cpp.o[0m
[5.603s] [ 37%] [32mBuilding C object CMakeFiles/unitree_hg__rosidl_generator_c.dir/rosidl_generator_c/unitree_hg/msg/detail/bms_cmd__functions.c.o[0m
[5.603s] [ 38%] [32mBuilding C object CMakeFiles/unitree_hg__rosidl_generator_c.dir/rosidl_generator_c/unitree_hg/msg/detail/bms_state__functions.c.o[0m
[5.607s] [ 39%] [32mBuilding C object CMakeFiles/unitree_hg__rosidl_generator_c.dir/rosidl_generator_c/unitree_hg/msg/detail/hand_cmd__functions.c.o[0m
[5.614s] [ 40%] [32mBuilding C object CMakeFiles/unitree_hg__rosidl_generator_c.dir/rosidl_generator_c/unitree_hg/msg/detail/hand_state__functions.c.o[0m
[5.693s] [ 42%] [32mBuilding C object CMakeFiles/unitree_hg__rosidl_generator_c.dir/rosidl_generator_c/unitree_hg/msg/detail/imu_state__functions.c.o[0m
[5.693s] [ 42%] [32mBuilding C object CMakeFiles/unitree_hg__rosidl_generator_c.dir/rosidl_generator_c/unitree_hg/msg/detail/low_state__functions.c.o[0m
[5.697s] [ 43%] [32mBuilding C object CMakeFiles/unitree_hg__rosidl_generator_c.dir/rosidl_generator_c/unitree_hg/msg/detail/low_cmd__functions.c.o[0m
[5.701s] [ 43%] [32mBuilding C object CMakeFiles/unitree_hg__rosidl_generator_c.dir/rosidl_generator_c/unitree_hg/msg/detail/main_board_state__functions.c.o[0m
[5.705s] [ 44%] [32mBuilding C object CMakeFiles/unitree_hg__rosidl_generator_c.dir/rosidl_generator_c/unitree_hg/msg/detail/motor_cmd__functions.c.o[0m
[5.711s] [ 45%] [32mBuilding C object CMakeFiles/unitree_hg__rosidl_generator_c.dir/rosidl_generator_c/unitree_hg/msg/detail/motor_state__functions.c.o[0m
[5.730s] [ 46%] [32mBuilding C object CMakeFiles/unitree_hg__rosidl_generator_c.dir/rosidl_generator_c/unitree_hg/msg/detail/press_sensor_state__functions.c.o[0m
[5.811s] [ 47%] [32m[1mLinking C shared library libunitree_hg__rosidl_generator_c.so[0m
[5.868s] [ 47%] Built target unitree_hg__rosidl_generator_c
[5.882s] [ 47%] [34m[1mGenerating C type support dispatch for ROS interfaces[0m
[5.882s] [ 47%] [34m[1mGenerating C introspection for ROS interfaces[0m
[5.885s] [ 47%] [34m[1mGenerating C type support for eProsima Fast-RTPS[0m
[5.975s] [ 48%] [32m[1mLinking CXX shared library libunitree_hg__rosidl_typesupport_fastrtps_cpp.so[0m
[6.099s] [ 48%] Built target unitree_hg__rosidl_typesupport_fastrtps_cpp
[6.283s] [ 49%] [32m[1mLinking CXX shared library libunitree_hg__rosidl_typesupport_introspection_cpp.so[0m
[6.473s] [ 49%] Built target unitree_hg__rosidl_typesupport_introspection_cpp
[6.507s] [ 50%] [32mBuilding CXX object CMakeFiles/unitree_hg__rosidl_typesupport_c.dir/rosidl_typesupport_c/unitree_hg/msg/bms_state__type_support.cpp.o[0m
[6.512s] [ 52%] [32mBuilding CXX object CMakeFiles/unitree_hg__rosidl_typesupport_c.dir/rosidl_typesupport_c/unitree_hg/msg/hand_cmd__type_support.cpp.o[0m
[6.512s] [ 52%] [32mBuilding CXX object CMakeFiles/unitree_hg__rosidl_typesupport_c.dir/rosidl_typesupport_c/unitree_hg/msg/bms_cmd__type_support.cpp.o[0m
[6.513s] [ 55%] [32mBuilding CXX object CMakeFiles/unitree_hg__rosidl_typesupport_c.dir/rosidl_typesupport_c/unitree_hg/msg/imu_state__type_support.cpp.o[0m
[6.514s] [ 56%] [32mBuilding CXX object CMakeFiles/unitree_hg__rosidl_typesupport_c.dir/rosidl_typesupport_c/unitree_hg/msg/low_state__type_support.cpp.o[0m
[6.514s] [ 53%] [32mBuilding CXX object CMakeFiles/unitree_hg__rosidl_typesupport_c.dir/rosidl_typesupport_c/unitree_hg/msg/low_cmd__type_support.cpp.o[0m
[6.519s] [ 54%] [32mBuilding CXX object CMakeFiles/unitree_hg__rosidl_typesupport_c.dir/rosidl_typesupport_c/unitree_hg/msg/hand_state__type_support.cpp.o[0m
[6.519s] [ 57%] [32mBuilding CXX object CMakeFiles/unitree_hg__rosidl_typesupport_c.dir/rosidl_typesupport_c/unitree_hg/msg/motor_state__type_support.cpp.o[0m
[6.519s] [ 58%] [32mBuilding CXX object CMakeFiles/unitree_hg__rosidl_typesupport_c.dir/rosidl_typesupport_c/unitree_hg/msg/main_board_state__type_support.cpp.o[0m
[6.524s] [ 59%] [32mBuilding CXX object CMakeFiles/unitree_hg__rosidl_typesupport_c.dir/rosidl_typesupport_c/unitree_hg/msg/press_sensor_state__type_support.cpp.o[0m
[6.535s] [ 59%] [32mBuilding CXX object CMakeFiles/unitree_hg__rosidl_typesupport_c.dir/rosidl_typesupport_c/unitree_hg/msg/motor_cmd__type_support.cpp.o[0m
[6.608s] [ 60%] [32m[1mLinking CXX shared library libunitree_hg__rosidl_typesupport_c.so[0m
[6.655s] [ 61%] [32mBuilding CXX object CMakeFiles/unitree_hg__rosidl_typesupport_fastrtps_c.dir/rosidl_typesupport_fastrtps_c/unitree_hg/msg/detail/bms_cmd__type_support_c.cpp.o[0m
[6.656s] [ 62%] [32mBuilding CXX object CMakeFiles/unitree_hg__rosidl_typesupport_fastrtps_c.dir/rosidl_typesupport_fastrtps_c/unitree_hg/msg/detail/bms_state__type_support_c.cpp.o[0m
[6.664s] [ 64%] [32mBuilding CXX object CMakeFiles/unitree_hg__rosidl_typesupport_fastrtps_c.dir/rosidl_typesupport_fastrtps_c/unitree_hg/msg/detail/hand_state__type_support_c.cpp.o[0m
[6.664s] [ 65%] [32mBuilding CXX object CMakeFiles/unitree_hg__rosidl_typesupport_fastrtps_c.dir/rosidl_typesupport_fastrtps_c/unitree_hg/msg/detail/low_cmd__type_support_c.cpp.o[0m
[6.667s] [ 64%] [32mBuilding CXX object CMakeFiles/unitree_hg__rosidl_typesupport_fastrtps_c.dir/rosidl_typesupport_fastrtps_c/unitree_hg/msg/detail/imu_state__type_support_c.cpp.o[0m
[6.670s] [ 67%] [32mBuilding CXX object CMakeFiles/unitree_hg__rosidl_typesupport_fastrtps_c.dir/rosidl_typesupport_fastrtps_c/unitree_hg/msg/detail/low_state__type_support_c.cpp.o[0m
[6.670s] [ 67%] Built target unitree_hg__rosidl_typesupport_c
[6.672s] [ 67%] [32mBuilding CXX object CMakeFiles/unitree_hg__rosidl_typesupport_fastrtps_c.dir/rosidl_typesupport_fastrtps_c/unitree_hg/msg/detail/hand_cmd__type_support_c.cpp.o[0m
[6.681s] [ 68%] [32mBuilding CXX object CMakeFiles/unitree_hg__rosidl_typesupport_fastrtps_c.dir/rosidl_typesupport_fastrtps_c/unitree_hg/msg/detail/main_board_state__type_support_c.cpp.o[0m
[6.706s] [ 69%] [32mBuilding CXX object CMakeFiles/unitree_hg__rosidl_typesupport_fastrtps_c.dir/rosidl_typesupport_fastrtps_c/unitree_hg/msg/detail/motor_state__type_support_c.cpp.o[0m
[6.706s] [ 69%] [32mBuilding CXX object CMakeFiles/unitree_hg__rosidl_typesupport_fastrtps_c.dir/rosidl_typesupport_fastrtps_c/unitree_hg/msg/detail/motor_cmd__type_support_c.cpp.o[0m
[6.721s] [ 70%] [32mBuilding CXX object CMakeFiles/unitree_hg__rosidl_typesupport_fastrtps_c.dir/rosidl_typesupport_fastrtps_c/unitree_hg/msg/detail/press_sensor_state__type_support_c.cpp.o[0m
[6.955s] [ 71%] [32mBuilding C object CMakeFiles/unitree_hg__rosidl_typesupport_introspection_c.dir/rosidl_typesupport_introspection_c/unitree_hg/msg/detail/bms_cmd__type_support.c.o[0m
[6.955s] [ 72%] [32mBuilding C object CMakeFiles/unitree_hg__rosidl_typesupport_introspection_c.dir/rosidl_typesupport_introspection_c/unitree_hg/msg/detail/bms_state__type_support.c.o[0m
[6.966s] [ 73%] [32mBuilding C object CMakeFiles/unitree_hg__rosidl_typesupport_introspection_c.dir/rosidl_typesupport_introspection_c/unitree_hg/msg/detail/hand_state__type_support.c.o[0m
[6.978s] [ 75%] [32mBuilding C object CMakeFiles/unitree_hg__rosidl_typesupport_introspection_c.dir/rosidl_typesupport_introspection_c/unitree_hg/msg/detail/imu_state__type_support.c.o[0m
[6.978s] [ 75%] [32mBuilding C object CMakeFiles/unitree_hg__rosidl_typesupport_introspection_c.dir/rosidl_typesupport_introspection_c/unitree_hg/msg/detail/hand_cmd__type_support.c.o[0m
[7.002s] [ 76%] [32mBuilding C object CMakeFiles/unitree_hg__rosidl_typesupport_introspection_c.dir/rosidl_typesupport_introspection_c/unitree_hg/msg/detail/low_cmd__type_support.c.o[0m
[7.008s] [ 77%] [32mBuilding C object CMakeFiles/unitree_hg__rosidl_typesupport_introspection_c.dir/rosidl_typesupport_introspection_c/unitree_hg/msg/detail/low_state__type_support.c.o[0m
[7.014s] [ 78%] [32mBuilding C object CMakeFiles/unitree_hg__rosidl_typesupport_introspection_c.dir/rosidl_typesupport_introspection_c/unitree_hg/msg/detail/main_board_state__type_support.c.o[0m
[7.024s] [ 78%] [32mBuilding C object CMakeFiles/unitree_hg__rosidl_typesupport_introspection_c.dir/rosidl_typesupport_introspection_c/unitree_hg/msg/detail/motor_cmd__type_support.c.o[0m
[7.053s] [ 79%] [32mBuilding C object CMakeFiles/unitree_hg__rosidl_typesupport_introspection_c.dir/rosidl_typesupport_introspection_c/unitree_hg/msg/detail/motor_state__type_support.c.o[0m
[7.060s] [ 80%] [32mBuilding C object CMakeFiles/unitree_hg__rosidl_typesupport_introspection_c.dir/rosidl_typesupport_introspection_c/unitree_hg/msg/detail/press_sensor_state__type_support.c.o[0m
[7.132s] [ 81%] [32m[1mLinking C shared library libunitree_hg__rosidl_typesupport_introspection_c.so[0m
[7.186s] [ 81%] Built target unitree_hg__rosidl_typesupport_introspection_c
[8.358s] [ 82%] [32m[1mLinking CXX shared library libunitree_hg__rosidl_typesupport_fastrtps_c.so[0m
[8.499s] [ 82%] Built target unitree_hg__rosidl_typesupport_fastrtps_c
[8.545s] [ 82%] Built target unitree_hg
[8.612s] [ 83%] [34m[1mGenerating Python code for ROS interfaces[0m
[10.809s] [ 83%] Built target unitree_hg__py
[10.853s] [ 84%] [32mBuilding C object CMakeFiles/unitree_hg__rosidl_generator_py.dir/rosidl_generator_py/unitree_hg/msg/_bms_cmd_s.c.o[0m
[10.854s] [ 85%] [32mBuilding C object CMakeFiles/unitree_hg__rosidl_generator_py.dir/rosidl_generator_py/unitree_hg/msg/_bms_state_s.c.o[0m
[10.860s] [ 85%] [32mBuilding C object CMakeFiles/unitree_hg__rosidl_generator_py.dir/rosidl_generator_py/unitree_hg/msg/_hand_cmd_s.c.o[0m
[10.860s] [ 86%] [32mBuilding C object CMakeFiles/unitree_hg__rosidl_generator_py.dir/rosidl_generator_py/unitree_hg/msg/_hand_state_s.c.o[0m
[10.869s] [ 87%] [32mBuilding C object CMakeFiles/unitree_hg__rosidl_generator_py.dir/rosidl_generator_py/unitree_hg/msg/_imu_state_s.c.o[0m
[10.911s] [ 89%] [32mBuilding C object CMakeFiles/unitree_hg__rosidl_generator_py.dir/rosidl_generator_py/unitree_hg/msg/_low_cmd_s.c.o[0m
[10.920s] [ 89%] [32mBuilding C object CMakeFiles/unitree_hg__rosidl_generator_py.dir/rosidl_generator_py/unitree_hg/msg/_main_board_state_s.c.o[0m
[10.921s] [ 90%] [32mBuilding C object CMakeFiles/unitree_hg__rosidl_generator_py.dir/rosidl_generator_py/unitree_hg/msg/_low_state_s.c.o[0m
[10.950s] [ 91%] [32mBuilding C object CMakeFiles/unitree_hg__rosidl_generator_py.dir/rosidl_generator_py/unitree_hg/msg/_motor_cmd_s.c.o[0m
[10.951s] [ 92%] [32mBuilding C object CMakeFiles/unitree_hg__rosidl_generator_py.dir/rosidl_generator_py/unitree_hg/msg/_press_sensor_state_s.c.o[0m
[10.957s] [ 93%] [32mBuilding C object CMakeFiles/unitree_hg__rosidl_generator_py.dir/rosidl_generator_py/unitree_hg/msg/_motor_state_s.c.o[0m
[11.199s] [ 94%] [32m[1mLinking C shared library rosidl_generator_py/unitree_hg/libunitree_hg__rosidl_generator_py.so[0m
[11.311s] [ 94%] Built target unitree_hg__rosidl_generator_py
[11.359s] [ 95%] [32mBuilding C object CMakeFiles/unitree_hg__rosidl_typesupport_fastrtps_c__pyext.dir/rosidl_generator_py/unitree_hg/_unitree_hg_s.ep.rosidl_typesupport_fastrtps_c.c.o[0m
[11.360s] [ 96%] [32mBuilding C object CMakeFiles/unitree_hg__rosidl_typesupport_c__pyext.dir/rosidl_generator_py/unitree_hg/_unitree_hg_s.ep.rosidl_typesupport_c.c.o[0m
[11.364s] [ 97%] [32mBuilding C object CMakeFiles/unitree_hg__rosidl_typesupport_introspection_c__pyext.dir/rosidl_generator_py/unitree_hg/_unitree_hg_s.ep.rosidl_typesupport_introspection_c.c.o[0m
[11.558s] [ 98%] [32m[1mLinking C shared library rosidl_generator_py/unitree_hg/unitree_hg_s__rosidl_typesupport_introspection_c.cpython-310-x86_64-linux-gnu.so[0m
[11.581s] [ 99%] [32m[1mLinking C shared library rosidl_generator_py/unitree_hg/unitree_hg_s__rosidl_typesupport_fastrtps_c.cpython-310-x86_64-linux-gnu.so[0m
[11.587s] [100%] [32m[1mLinking C shared library rosidl_generator_py/unitree_hg/unitree_hg_s__rosidl_typesupport_c.cpython-310-x86_64-linux-gnu.so[0m
[11.646s] [100%] Built target unitree_hg__rosidl_typesupport_c__pyext
[11.646s] [100%] Built target unitree_hg__rosidl_typesupport_fastrtps_c__pyext
[11.647s] [100%] Built target unitree_hg__rosidl_typesupport_introspection_c__pyext
[11.693s] Invoked command in '/home/jason/projects/unitree_sdk2_ws/build/unitree_hg' returned '0': CMAKE_PREFIX_PATH=${CMAKE_PREFIX_PATH}:/opt/ros/humble /usr/bin/cmake --build /home/jason/projects/unitree_sdk2_ws/build/unitree_hg -- -j16 -l16
[11.698s] Invoking command in '/home/jason/projects/unitree_sdk2_ws/build/unitree_hg': CMAKE_PREFIX_PATH=${CMAKE_PREFIX_PATH}:/opt/ros/humble /usr/bin/cmake --install /home/jason/projects/unitree_sdk2_ws/build/unitree_hg
[11.711s] -- Install configuration: ""
[11.713s] -- Execute custom install script
[11.713s] -- Symlinking: /home/jason/projects/unitree_sdk2_ws/install/unitree_hg/share/ament_index/resource_index/rosidl_interfaces/unitree_hg
[11.731s] -- Symlinking: /home/jason/projects/unitree_sdk2_ws/install/unitree_hg/include/unitree_hg/unitree_hg/msg/bms_cmd.h
[11.738s] -- Symlinking: /home/jason/projects/unitree_sdk2_ws/install/unitree_hg/include/unitree_hg/unitree_hg/msg/bms_state.h
[11.753s] -- Symlinking: /home/jason/projects/unitree_sdk2_ws/install/unitree_hg/include/unitree_hg/unitree_hg/msg/detail/bms_cmd__functions.h
[11.769s] -- Symlinking: /home/jason/projects/unitree_sdk2_ws/install/unitree_hg/include/unitree_hg/unitree_hg/msg/detail/bms_cmd__struct.h
[11.780s] -- Symlinking: /home/jason/projects/unitree_sdk2_ws/install/unitree_hg/include/unitree_hg/unitree_hg/msg/detail/bms_cmd__type_support.h
[11.795s] -- Symlinking: /home/jason/projects/unitree_sdk2_ws/install/unitree_hg/include/unitree_hg/unitree_hg/msg/detail/bms_state__functions.h
[11.808s] -- Symlinking: /home/jason/projects/unitree_sdk2_ws/install/unitree_hg/include/unitree_hg/unitree_hg/msg/detail/bms_state__struct.h
[11.825s] -- Symlinking: /home/jason/projects/unitree_sdk2_ws/install/unitree_hg/include/unitree_hg/unitree_hg/msg/detail/bms_state__type_support.h
[11.845s] -- Symlinking: /home/jason/projects/unitree_sdk2_ws/install/unitree_hg/include/unitree_hg/unitree_hg/msg/detail/hand_cmd__functions.h
[11.858s] -- Symlinking: /home/jason/projects/unitree_sdk2_ws/install/unitree_hg/include/unitree_hg/unitree_hg/msg/detail/hand_cmd__struct.h
[11.876s] -- Symlinking: /home/jason/projects/unitree_sdk2_ws/install/unitree_hg/include/unitree_hg/unitree_hg/msg/detail/hand_cmd__type_support.h
[11.891s] -- Symlinking: /home/jason/projects/unitree_sdk2_ws/install/unitree_hg/include/unitree_hg/unitree_hg/msg/detail/hand_state__functions.h
[11.906s] -- Symlinking: /home/jason/projects/unitree_sdk2_ws/install/unitree_hg/include/unitree_hg/unitree_hg/msg/detail/hand_state__struct.h
[11.922s] -- Symlinking: /home/jason/projects/unitree_sdk2_ws/install/unitree_hg/include/unitree_hg/unitree_hg/msg/detail/hand_state__type_support.h
[11.932s] -- Symlinking: /home/jason/projects/unitree_sdk2_ws/install/unitree_hg/include/unitree_hg/unitree_hg/msg/detail/imu_state__functions.h
[11.948s] -- Symlinking: /home/jason/projects/unitree_sdk2_ws/install/unitree_hg/include/unitree_hg/unitree_hg/msg/detail/imu_state__struct.h
[11.959s] -- Symlinking: /home/jason/projects/unitree_sdk2_ws/install/unitree_hg/include/unitree_hg/unitree_hg/msg/detail/imu_state__type_support.h
[11.973s] -- Symlinking: /home/jason/projects/unitree_sdk2_ws/install/unitree_hg/include/unitree_hg/unitree_hg/msg/detail/low_cmd__functions.h
[11.988s] -- Symlinking: /home/jason/projects/unitree_sdk2_ws/install/unitree_hg/include/unitree_hg/unitree_hg/msg/detail/low_cmd__struct.h
[12.004s] -- Symlinking: /home/jason/projects/unitree_sdk2_ws/install/unitree_hg/include/unitree_hg/unitree_hg/msg/detail/low_cmd__type_support.h
[12.010s] -- Symlinking: /home/jason/projects/unitree_sdk2_ws/install/unitree_hg/include/unitree_hg/unitree_hg/msg/detail/low_state__functions.h
[12.018s] -- Symlinking: /home/jason/projects/unitree_sdk2_ws/install/unitree_hg/include/unitree_hg/unitree_hg/msg/detail/low_state__struct.h
[12.025s] -- Symlinking: /home/jason/projects/unitree_sdk2_ws/install/unitree_hg/include/unitree_hg/unitree_hg/msg/detail/low_state__type_support.h
[12.035s] -- Symlinking: /home/jason/projects/unitree_sdk2_ws/install/unitree_hg/include/unitree_hg/unitree_hg/msg/detail/main_board_state__functions.h
[12.040s] -- Symlinking: /home/jason/projects/unitree_sdk2_ws/install/unitree_hg/include/unitree_hg/unitree_hg/msg/detail/main_board_state__struct.h
[12.047s] -- Symlinking: /home/jason/projects/unitree_sdk2_ws/install/unitree_hg/include/unitree_hg/unitree_hg/msg/detail/main_board_state__type_support.h
[12.055s] -- Symlinking: /home/jason/projects/unitree_sdk2_ws/install/unitree_hg/include/unitree_hg/unitree_hg/msg/detail/motor_cmd__functions.h
[12.063s] -- Symlinking: /home/jason/projects/unitree_sdk2_ws/install/unitree_hg/include/unitree_hg/unitree_hg/msg/detail/motor_cmd__struct.h
[12.076s] -- Symlinking: /home/jason/projects/unitree_sdk2_ws/install/unitree_hg/include/unitree_hg/unitree_hg/msg/detail/motor_cmd__type_support.h
[12.089s] -- Symlinking: /home/jason/projects/unitree_sdk2_ws/install/unitree_hg/include/unitree_hg/unitree_hg/msg/detail/motor_state__functions.h
[12.101s] -- Symlinking: /home/jason/projects/unitree_sdk2_ws/install/unitree_hg/include/unitree_hg/unitree_hg/msg/detail/motor_state__struct.h
[12.133s] -- Symlinking: /home/jason/projects/unitree_sdk2_ws/install/unitree_hg/include/unitree_hg/unitree_hg/msg/detail/motor_state__type_support.h
[12.144s] -- Symlinking: /home/jason/projects/unitree_sdk2_ws/install/unitree_hg/include/unitree_hg/unitree_hg/msg/detail/press_sensor_state__functions.h
[12.158s] -- Symlinking: /home/jason/projects/unitree_sdk2_ws/install/unitree_hg/include/unitree_hg/unitree_hg/msg/detail/press_sensor_state__struct.h
[12.174s] -- Symlinking: /home/jason/projects/unitree_sdk2_ws/install/unitree_hg/include/unitree_hg/unitree_hg/msg/detail/press_sensor_state__type_support.h
[12.201s] -- Symlinking: /home/jason/projects/unitree_sdk2_ws/install/unitree_hg/include/unitree_hg/unitree_hg/msg/hand_cmd.h
[12.215s] -- Symlinking: /home/jason/projects/unitree_sdk2_ws/install/unitree_hg/include/unitree_hg/unitree_hg/msg/hand_state.h
[12.227s] -- Symlinking: /home/jason/projects/unitree_sdk2_ws/install/unitree_hg/include/unitree_hg/unitree_hg/msg/imu_state.h
[12.239s] -- Symlinking: /home/jason/projects/unitree_sdk2_ws/install/unitree_hg/include/unitree_hg/unitree_hg/msg/low_cmd.h
[12.251s] -- Symlinking: /home/jason/projects/unitree_sdk2_ws/install/unitree_hg/include/unitree_hg/unitree_hg/msg/low_state.h
[12.265s] -- Symlinking: /home/jason/projects/unitree_sdk2_ws/install/unitree_hg/include/unitree_hg/unitree_hg/msg/main_board_state.h
[12.277s] -- Symlinking: /home/jason/projects/unitree_sdk2_ws/install/unitree_hg/include/unitree_hg/unitree_hg/msg/motor_cmd.h
[12.303s] -- Symlinking: /home/jason/projects/unitree_sdk2_ws/install/unitree_hg/include/unitree_hg/unitree_hg/msg/motor_state.h
[12.313s] -- Symlinking: /home/jason/projects/unitree_sdk2_ws/install/unitree_hg/include/unitree_hg/unitree_hg/msg/press_sensor_state.h
[12.321s] -- Symlinking: /home/jason/projects/unitree_sdk2_ws/install/unitree_hg/include/unitree_hg/unitree_hg/msg/rosidl_generator_c__visibility_control.h
[12.329s] -- Symlinking: /home/jason/projects/unitree_sdk2_ws/install/unitree_hg/share/unitree_hg/environment/library_path.sh
[12.337s] -- Symlinking: /home/jason/projects/unitree_sdk2_ws/install/unitree_hg/share/unitree_hg/environment/library_path.dsv
[12.345s] -- Symlinking: /home/jason/projects/unitree_sdk2_ws/install/unitree_hg/include/unitree_hg/unitree_hg/msg/detail/bms_cmd__rosidl_typesupport_fastrtps_c.h
[12.352s] -- Symlinking: /home/jason/projects/unitree_sdk2_ws/install/unitree_hg/include/unitree_hg/unitree_hg/msg/detail/bms_state__rosidl_typesupport_fastrtps_c.h
[12.360s] -- Symlinking: /home/jason/projects/unitree_sdk2_ws/install/unitree_hg/include/unitree_hg/unitree_hg/msg/detail/hand_cmd__rosidl_typesupport_fastrtps_c.h
[12.374s] -- Symlinking: /home/jason/projects/unitree_sdk2_ws/install/unitree_hg/include/unitree_hg/unitree_hg/msg/detail/hand_state__rosidl_typesupport_fastrtps_c.h
[12.388s] -- Symlinking: /home/jason/projects/unitree_sdk2_ws/install/unitree_hg/include/unitree_hg/unitree_hg/msg/detail/imu_state__rosidl_typesupport_fastrtps_c.h
[12.398s] -- Symlinking: /home/jason/projects/unitree_sdk2_ws/install/unitree_hg/include/unitree_hg/unitree_hg/msg/detail/low_cmd__rosidl_typesupport_fastrtps_c.h
[12.406s] -- Symlinking: /home/jason/projects/unitree_sdk2_ws/install/unitree_hg/include/unitree_hg/unitree_hg/msg/detail/low_state__rosidl_typesupport_fastrtps_c.h
[12.414s] -- Symlinking: /home/jason/projects/unitree_sdk2_ws/install/unitree_hg/include/unitree_hg/unitree_hg/msg/detail/main_board_state__rosidl_typesupport_fastrtps_c.h
[12.424s] -- Symlinking: /home/jason/projects/unitree_sdk2_ws/install/unitree_hg/include/unitree_hg/unitree_hg/msg/detail/motor_cmd__rosidl_typesupport_fastrtps_c.h
[12.428s] -- Symlinking: /home/jason/projects/unitree_sdk2_ws/install/unitree_hg/include/unitree_hg/unitree_hg/msg/detail/motor_state__rosidl_typesupport_fastrtps_c.h
[12.435s] -- Symlinking: /home/jason/projects/unitree_sdk2_ws/install/unitree_hg/include/unitree_hg/unitree_hg/msg/detail/press_sensor_state__rosidl_typesupport_fastrtps_c.h
[12.448s] -- Symlinking: /home/jason/projects/unitree_sdk2_ws/install/unitree_hg/include/unitree_hg/unitree_hg/msg/rosidl_typesupport_fastrtps_c__visibility_control.h
[12.464s] -- Symlinking: /home/jason/projects/unitree_sdk2_ws/install/unitree_hg/include/unitree_hg/unitree_hg/msg/bms_cmd.hpp
[12.479s] -- Symlinking: /home/jason/projects/unitree_sdk2_ws/install/unitree_hg/include/unitree_hg/unitree_hg/msg/bms_state.hpp
[12.492s] -- Symlinking: /home/jason/projects/unitree_sdk2_ws/install/unitree_hg/include/unitree_hg/unitree_hg/msg/detail/bms_cmd__builder.hpp
[12.502s] -- Symlinking: /home/jason/projects/unitree_sdk2_ws/install/unitree_hg/include/unitree_hg/unitree_hg/msg/detail/bms_cmd__struct.hpp
[12.520s] -- Symlinking: /home/jason/projects/unitree_sdk2_ws/install/unitree_hg/include/unitree_hg/unitree_hg/msg/detail/bms_cmd__traits.hpp
[12.536s] -- Symlinking: /home/jason/projects/unitree_sdk2_ws/install/unitree_hg/include/unitree_hg/unitree_hg/msg/detail/bms_cmd__type_support.hpp
[12.563s] -- Symlinking: /home/jason/projects/unitree_sdk2_ws/install/unitree_hg/include/unitree_hg/unitree_hg/msg/detail/bms_state__builder.hpp
[12.600s] -- Symlinking: /home/jason/projects/unitree_sdk2_ws/install/unitree_hg/include/unitree_hg/unitree_hg/msg/detail/bms_state__struct.hpp
[12.635s] -- Symlinking: /home/jason/projects/unitree_sdk2_ws/install/unitree_hg/include/unitree_hg/unitree_hg/msg/detail/bms_state__traits.hpp
[12.648s] -- Symlinking: /home/jason/projects/unitree_sdk2_ws/install/unitree_hg/include/unitree_hg/unitree_hg/msg/detail/bms_state__type_support.hpp
[12.663s] -- Symlinking: /home/jason/projects/unitree_sdk2_ws/install/unitree_hg/include/unitree_hg/unitree_hg/msg/detail/hand_cmd__builder.hpp
[12.678s] -- Symlinking: /home/jason/projects/unitree_sdk2_ws/install/unitree_hg/include/unitree_hg/unitree_hg/msg/detail/hand_cmd__struct.hpp
[12.692s] -- Symlinking: /home/jason/projects/unitree_sdk2_ws/install/unitree_hg/include/unitree_hg/unitree_hg/msg/detail/hand_cmd__traits.hpp
[12.699s] -- Symlinking: /home/jason/projects/unitree_sdk2_ws/install/unitree_hg/include/unitree_hg/unitree_hg/msg/detail/hand_cmd__type_support.hpp
[12.708s] -- Symlinking: /home/jason/projects/unitree_sdk2_ws/install/unitree_hg/include/unitree_hg/unitree_hg/msg/detail/hand_state__builder.hpp
[12.716s] -- Symlinking: /home/jason/projects/unitree_sdk2_ws/install/unitree_hg/include/unitree_hg/unitree_hg/msg/detail/hand_state__struct.hpp
[12.725s] -- Symlinking: /home/jason/projects/unitree_sdk2_ws/install/unitree_hg/include/unitree_hg/unitree_hg/msg/detail/hand_state__traits.hpp
[12.733s] -- Symlinking: /home/jason/projects/unitree_sdk2_ws/install/unitree_hg/include/unitree_hg/unitree_hg/msg/detail/hand_state__type_support.hpp
[12.741s] -- Symlinking: /home/jason/projects/unitree_sdk2_ws/install/unitree_hg/include/unitree_hg/unitree_hg/msg/detail/imu_state__builder.hpp
[12.750s] -- Symlinking: /home/jason/projects/unitree_sdk2_ws/install/unitree_hg/include/unitree_hg/unitree_hg/msg/detail/imu_state__struct.hpp
[12.757s] -- Symlinking: /home/jason/projects/unitree_sdk2_ws/install/unitree_hg/include/unitree_hg/unitree_hg/msg/detail/imu_state__traits.hpp
[12.765s] -- Symlinking: /home/jason/projects/unitree_sdk2_ws/install/unitree_hg/include/unitree_hg/unitree_hg/msg/detail/imu_state__type_support.hpp
[12.772s] -- Symlinking: /home/jason/projects/unitree_sdk2_ws/install/unitree_hg/include/unitree_hg/unitree_hg/msg/detail/low_cmd__builder.hpp
[12.779s] -- Symlinking: /home/jason/projects/unitree_sdk2_ws/install/unitree_hg/include/unitree_hg/unitree_hg/msg/detail/low_cmd__struct.hpp
[12.787s] -- Symlinking: /home/jason/projects/unitree_sdk2_ws/install/unitree_hg/include/unitree_hg/unitree_hg/msg/detail/low_cmd__traits.hpp
[12.795s] -- Symlinking: /home/jason/projects/unitree_sdk2_ws/install/unitree_hg/include/unitree_hg/unitree_hg/msg/detail/low_cmd__type_support.hpp
[12.803s] -- Symlinking: /home/jason/projects/unitree_sdk2_ws/install/unitree_hg/include/unitree_hg/unitree_hg/msg/detail/low_state__builder.hpp
[12.810s] -- Symlinking: /home/jason/projects/unitree_sdk2_ws/install/unitree_hg/include/unitree_hg/unitree_hg/msg/detail/low_state__struct.hpp
[12.818s] -- Symlinking: /home/jason/projects/unitree_sdk2_ws/install/unitree_hg/include/unitree_hg/unitree_hg/msg/detail/low_state__traits.hpp
[12.826s] -- Symlinking: /home/jason/projects/unitree_sdk2_ws/install/unitree_hg/include/unitree_hg/unitree_hg/msg/detail/low_state__type_support.hpp
[12.833s] -- Symlinking: /home/jason/projects/unitree_sdk2_ws/install/unitree_hg/include/unitree_hg/unitree_hg/msg/detail/main_board_state__builder.hpp
[12.841s] -- Symlinking: /home/jason/projects/unitree_sdk2_ws/install/unitree_hg/include/unitree_hg/unitree_hg/msg/detail/main_board_state__struct.hpp
[12.848s] -- Symlinking: /home/jason/projects/unitree_sdk2_ws/install/unitree_hg/include/unitree_hg/unitree_hg/msg/detail/main_board_state__traits.hpp
[12.856s] -- Symlinking: /home/jason/projects/unitree_sdk2_ws/install/unitree_hg/include/unitree_hg/unitree_hg/msg/detail/main_board_state__type_support.hpp
[12.864s] -- Symlinking: /home/jason/projects/unitree_sdk2_ws/install/unitree_hg/include/unitree_hg/unitree_hg/msg/detail/motor_cmd__builder.hpp
[12.873s] -- Symlinking: /home/jason/projects/unitree_sdk2_ws/install/unitree_hg/include/unitree_hg/unitree_hg/msg/detail/motor_cmd__struct.hpp
[12.883s] -- Symlinking: /home/jason/projects/unitree_sdk2_ws/install/unitree_hg/include/unitree_hg/unitree_hg/msg/detail/motor_cmd__traits.hpp
[12.891s] -- Symlinking: /home/jason/projects/unitree_sdk2_ws/install/unitree_hg/include/unitree_hg/unitree_hg/msg/detail/motor_cmd__type_support.hpp
[12.900s] -- Symlinking: /home/jason/projects/unitree_sdk2_ws/install/unitree_hg/include/unitree_hg/unitree_hg/msg/detail/motor_state__builder.hpp
[12.916s] -- Symlinking: /home/jason/projects/unitree_sdk2_ws/install/unitree_hg/include/unitree_hg/unitree_hg/msg/detail/motor_state__struct.hpp
[12.925s] -- Symlinking: /home/jason/projects/unitree_sdk2_ws/install/unitree_hg/include/unitree_hg/unitree_hg/msg/detail/motor_state__traits.hpp
[12.931s] -- Symlinking: /home/jason/projects/unitree_sdk2_ws/install/unitree_hg/include/unitree_hg/unitree_hg/msg/detail/motor_state__type_support.hpp
[12.939s] -- Symlinking: /home/jason/projects/unitree_sdk2_ws/install/unitree_hg/include/unitree_hg/unitree_hg/msg/detail/press_sensor_state__builder.hpp
[12.947s] -- Symlinking: /home/jason/projects/unitree_sdk2_ws/install/unitree_hg/include/unitree_hg/unitree_hg/msg/detail/press_sensor_state__struct.hpp
[12.955s] -- Symlinking: /home/jason/projects/unitree_sdk2_ws/install/unitree_hg/include/unitree_hg/unitree_hg/msg/detail/press_sensor_state__traits.hpp
[12.963s] -- Symlinking: /home/jason/projects/unitree_sdk2_ws/install/unitree_hg/include/unitree_hg/unitree_hg/msg/detail/press_sensor_state__type_support.hpp
[12.972s] -- Symlinking: /home/jason/projects/unitree_sdk2_ws/install/unitree_hg/include/unitree_hg/unitree_hg/msg/hand_cmd.hpp
[12.981s] -- Symlinking: /home/jason/projects/unitree_sdk2_ws/install/unitree_hg/include/unitree_hg/unitree_hg/msg/hand_state.hpp
[12.991s] -- Symlinking: /home/jason/projects/unitree_sdk2_ws/install/unitree_hg/include/unitree_hg/unitree_hg/msg/imu_state.hpp
[13.001s] -- Symlinking: /home/jason/projects/unitree_sdk2_ws/install/unitree_hg/include/unitree_hg/unitree_hg/msg/low_cmd.hpp
[13.009s] -- Symlinking: /home/jason/projects/unitree_sdk2_ws/install/unitree_hg/include/unitree_hg/unitree_hg/msg/low_state.hpp
[13.018s] -- Symlinking: /home/jason/projects/unitree_sdk2_ws/install/unitree_hg/include/unitree_hg/unitree_hg/msg/main_board_state.hpp
[13.028s] -- Symlinking: /home/jason/projects/unitree_sdk2_ws/install/unitree_hg/include/unitree_hg/unitree_hg/msg/motor_cmd.hpp
[13.039s] -- Symlinking: /home/jason/projects/unitree_sdk2_ws/install/unitree_hg/include/unitree_hg/unitree_hg/msg/motor_state.hpp
[13.048s] -- Symlinking: /home/jason/projects/unitree_sdk2_ws/install/unitree_hg/include/unitree_hg/unitree_hg/msg/press_sensor_state.hpp
[13.055s] -- Symlinking: /home/jason/projects/unitree_sdk2_ws/install/unitree_hg/include/unitree_hg/unitree_hg/msg/rosidl_generator_cpp__visibility_control.hpp
[13.064s] -- Symlinking: /home/jason/projects/unitree_sdk2_ws/install/unitree_hg/include/unitree_hg/unitree_hg/msg/detail/bms_cmd__rosidl_typesupport_fastrtps_cpp.hpp
[13.071s] -- Symlinking: /home/jason/projects/unitree_sdk2_ws/install/unitree_hg/include/unitree_hg/unitree_hg/msg/detail/bms_state__rosidl_typesupport_fastrtps_cpp.hpp
[13.080s] -- Symlinking: /home/jason/projects/unitree_sdk2_ws/install/unitree_hg/include/unitree_hg/unitree_hg/msg/detail/hand_cmd__rosidl_typesupport_fastrtps_cpp.hpp
[13.091s] -- Symlinking: /home/jason/projects/unitree_sdk2_ws/install/unitree_hg/include/unitree_hg/unitree_hg/msg/detail/hand_state__rosidl_typesupport_fastrtps_cpp.hpp
[13.100s] -- Symlinking: /home/jason/projects/unitree_sdk2_ws/install/unitree_hg/include/unitree_hg/unitree_hg/msg/detail/imu_state__rosidl_typesupport_fastrtps_cpp.hpp
[13.111s] -- Symlinking: /home/jason/projects/unitree_sdk2_ws/install/unitree_hg/include/unitree_hg/unitree_hg/msg/detail/low_cmd__rosidl_typesupport_fastrtps_cpp.hpp
[13.123s] -- Symlinking: /home/jason/projects/unitree_sdk2_ws/install/unitree_hg/include/unitree_hg/unitree_hg/msg/detail/low_state__rosidl_typesupport_fastrtps_cpp.hpp
[13.133s] -- Symlinking: /home/jason/projects/unitree_sdk2_ws/install/unitree_hg/include/unitree_hg/unitree_hg/msg/detail/main_board_state__rosidl_typesupport_fastrtps_cpp.hpp
[13.140s] -- Symlinking: /home/jason/projects/unitree_sdk2_ws/install/unitree_hg/include/unitree_hg/unitree_hg/msg/detail/motor_cmd__rosidl_typesupport_fastrtps_cpp.hpp
[13.150s] -- Symlinking: /home/jason/projects/unitree_sdk2_ws/install/unitree_hg/include/unitree_hg/unitree_hg/msg/detail/motor_state__rosidl_typesupport_fastrtps_cpp.hpp
[13.162s] -- Symlinking: /home/jason/projects/unitree_sdk2_ws/install/unitree_hg/include/unitree_hg/unitree_hg/msg/detail/press_sensor_state__rosidl_typesupport_fastrtps_cpp.hpp
[13.171s] -- Symlinking: /home/jason/projects/unitree_sdk2_ws/install/unitree_hg/include/unitree_hg/unitree_hg/msg/rosidl_typesupport_fastrtps_cpp__visibility_control.h
[13.180s] -- Symlinking: /home/jason/projects/unitree_sdk2_ws/install/unitree_hg/include/unitree_hg/unitree_hg/msg/detail/bms_cmd__rosidl_typesupport_introspection_c.h
[13.188s] -- Symlinking: /home/jason/projects/unitree_sdk2_ws/install/unitree_hg/include/unitree_hg/unitree_hg/msg/detail/bms_state__rosidl_typesupport_introspection_c.h
[13.196s] -- Symlinking: /home/jason/projects/unitree_sdk2_ws/install/unitree_hg/include/unitree_hg/unitree_hg/msg/detail/hand_cmd__rosidl_typesupport_introspection_c.h
[13.207s] -- Symlinking: /home/jason/projects/unitree_sdk2_ws/install/unitree_hg/include/unitree_hg/unitree_hg/msg/detail/hand_state__rosidl_typesupport_introspection_c.h
[13.214s] -- Symlinking: /home/jason/projects/unitree_sdk2_ws/install/unitree_hg/include/unitree_hg/unitree_hg/msg/detail/imu_state__rosidl_typesupport_introspection_c.h
[13.221s] -- Symlinking: /home/jason/projects/unitree_sdk2_ws/install/unitree_hg/include/unitree_hg/unitree_hg/msg/detail/low_cmd__rosidl_typesupport_introspection_c.h
[13.229s] -- Symlinking: /home/jason/projects/unitree_sdk2_ws/install/unitree_hg/include/unitree_hg/unitree_hg/msg/detail/low_state__rosidl_typesupport_introspection_c.h
[13.236s] -- Symlinking: /home/jason/projects/unitree_sdk2_ws/install/unitree_hg/include/unitree_hg/unitree_hg/msg/detail/main_board_state__rosidl_typesupport_introspection_c.h
[13.249s] -- Symlinking: /home/jason/projects/unitree_sdk2_ws/install/unitree_hg/include/unitree_hg/unitree_hg/msg/detail/motor_cmd__rosidl_typesupport_introspection_c.h
[13.258s] -- Symlinking: /home/jason/projects/unitree_sdk2_ws/install/unitree_hg/include/unitree_hg/unitree_hg/msg/detail/motor_state__rosidl_typesupport_introspection_c.h
[13.265s] -- Symlinking: /home/jason/projects/unitree_sdk2_ws/install/unitree_hg/include/unitree_hg/unitree_hg/msg/detail/press_sensor_state__rosidl_typesupport_introspection_c.h
[13.273s] -- Symlinking: /home/jason/projects/unitree_sdk2_ws/install/unitree_hg/include/unitree_hg/unitree_hg/msg/rosidl_typesupport_introspection_c__visibility_control.h
[13.280s] -- Symlinking: /home/jason/projects/unitree_sdk2_ws/install/unitree_hg/include/unitree_hg/unitree_hg/msg/detail/bms_cmd__rosidl_typesupport_introspection_cpp.hpp
[13.289s] -- Symlinking: /home/jason/projects/unitree_sdk2_ws/install/unitree_hg/include/unitree_hg/unitree_hg/msg/detail/bms_state__rosidl_typesupport_introspection_cpp.hpp
[13.297s] -- Symlinking: /home/jason/projects/unitree_sdk2_ws/install/unitree_hg/include/unitree_hg/unitree_hg/msg/detail/hand_cmd__rosidl_typesupport_introspection_cpp.hpp
[13.304s] -- Symlinking: /home/jason/projects/unitree_sdk2_ws/install/unitree_hg/include/unitree_hg/unitree_hg/msg/detail/hand_state__rosidl_typesupport_introspection_cpp.hpp
[13.311s] -- Symlinking: /home/jason/projects/unitree_sdk2_ws/install/unitree_hg/include/unitree_hg/unitree_hg/msg/detail/imu_state__rosidl_typesupport_introspection_cpp.hpp
[13.317s] -- Symlinking: /home/jason/projects/unitree_sdk2_ws/install/unitree_hg/include/unitree_hg/unitree_hg/msg/detail/low_cmd__rosidl_typesupport_introspection_cpp.hpp
[13.325s] -- Symlinking: /home/jason/projects/unitree_sdk2_ws/install/unitree_hg/include/unitree_hg/unitree_hg/msg/detail/low_state__rosidl_typesupport_introspection_cpp.hpp
[13.332s] -- Symlinking: /home/jason/projects/unitree_sdk2_ws/install/unitree_hg/include/unitree_hg/unitree_hg/msg/detail/main_board_state__rosidl_typesupport_introspection_cpp.hpp
[13.340s] -- Symlinking: /home/jason/projects/unitree_sdk2_ws/install/unitree_hg/include/unitree_hg/unitree_hg/msg/detail/motor_cmd__rosidl_typesupport_introspection_cpp.hpp
[13.347s] -- Symlinking: /home/jason/projects/unitree_sdk2_ws/install/unitree_hg/include/unitree_hg/unitree_hg/msg/detail/motor_state__rosidl_typesupport_introspection_cpp.hpp
[13.355s] -- Symlinking: /home/jason/projects/unitree_sdk2_ws/install/unitree_hg/include/unitree_hg/unitree_hg/msg/detail/press_sensor_state__rosidl_typesupport_introspection_cpp.hpp
[13.368s] -- Symlinking: /home/jason/projects/unitree_sdk2_ws/install/unitree_hg/share/unitree_hg/environment/pythonpath.sh
[13.377s] -- Symlinking: /home/jason/projects/unitree_sdk2_ws/install/unitree_hg/share/unitree_hg/environment/pythonpath.dsv
[13.384s] -- Symlinking: /home/jason/projects/unitree_sdk2_ws/install/unitree_hg/local/lib/python3.10/dist-packages/unitree_hg-0.0.0-py3.10.egg-info/PKG-INFO
[13.399s] -- Symlinking: /home/jason/projects/unitree_sdk2_ws/install/unitree_hg/local/lib/python3.10/dist-packages/unitree_hg-0.0.0-py3.10.egg-info/SOURCES.txt
[13.406s] -- Symlinking: /home/jason/projects/unitree_sdk2_ws/install/unitree_hg/local/lib/python3.10/dist-packages/unitree_hg-0.0.0-py3.10.egg-info/dependency_links.txt
[13.415s] -- Symlinking: /home/jason/projects/unitree_sdk2_ws/install/unitree_hg/local/lib/python3.10/dist-packages/unitree_hg-0.0.0-py3.10.egg-info/top_level.txt
[13.423s] -- Symlinking: /home/jason/projects/unitree_sdk2_ws/install/unitree_hg/local/lib/python3.10/dist-packages/unitree_hg/__init__.py
[13.430s] -- Symlinking: /home/jason/projects/unitree_sdk2_ws/install/unitree_hg/local/lib/python3.10/dist-packages/unitree_hg/_unitree_hg_s.ep.rosidl_typesupport_c.c
[13.437s] -- Symlinking: /home/jason/projects/unitree_sdk2_ws/install/unitree_hg/local/lib/python3.10/dist-packages/unitree_hg/_unitree_hg_s.ep.rosidl_typesupport_fastrtps_c.c
[13.443s] -- Symlinking: /home/jason/projects/unitree_sdk2_ws/install/unitree_hg/local/lib/python3.10/dist-packages/unitree_hg/_unitree_hg_s.ep.rosidl_typesupport_introspection_c.c
[13.449s] -- Symlinking: /home/jason/projects/unitree_sdk2_ws/install/unitree_hg/local/lib/python3.10/dist-packages/unitree_hg/libunitree_hg__rosidl_generator_py.so
[13.457s] -- Symlinking: /home/jason/projects/unitree_sdk2_ws/install/unitree_hg/local/lib/python3.10/dist-packages/unitree_hg/msg/__init__.py
[13.463s] -- Symlinking: /home/jason/projects/unitree_sdk2_ws/install/unitree_hg/local/lib/python3.10/dist-packages/unitree_hg/msg/_bms_cmd.py
[13.469s] -- Symlinking: /home/jason/projects/unitree_sdk2_ws/install/unitree_hg/local/lib/python3.10/dist-packages/unitree_hg/msg/_bms_cmd_s.c
[13.476s] -- Symlinking: /home/jason/projects/unitree_sdk2_ws/install/unitree_hg/local/lib/python3.10/dist-packages/unitree_hg/msg/_bms_state.py
[13.483s] -- Symlinking: /home/jason/projects/unitree_sdk2_ws/install/unitree_hg/local/lib/python3.10/dist-packages/unitree_hg/msg/_bms_state_s.c
[13.489s] -- Symlinking: /home/jason/projects/unitree_sdk2_ws/install/unitree_hg/local/lib/python3.10/dist-packages/unitree_hg/msg/_hand_cmd.py
[13.495s] -- Symlinking: /home/jason/projects/unitree_sdk2_ws/install/unitree_hg/local/lib/python3.10/dist-packages/unitree_hg/msg/_hand_cmd_s.c
[13.501s] -- Symlinking: /home/jason/projects/unitree_sdk2_ws/install/unitree_hg/local/lib/python3.10/dist-packages/unitree_hg/msg/_hand_state.py
[13.507s] -- Symlinking: /home/jason/projects/unitree_sdk2_ws/install/unitree_hg/local/lib/python3.10/dist-packages/unitree_hg/msg/_hand_state_s.c
[13.514s] -- Symlinking: /home/jason/projects/unitree_sdk2_ws/install/unitree_hg/local/lib/python3.10/dist-packages/unitree_hg/msg/_imu_state.py
[13.520s] -- Symlinking: /home/jason/projects/unitree_sdk2_ws/install/unitree_hg/local/lib/python3.10/dist-packages/unitree_hg/msg/_imu_state_s.c
[13.526s] -- Symlinking: /home/jason/projects/unitree_sdk2_ws/install/unitree_hg/local/lib/python3.10/dist-packages/unitree_hg/msg/_low_cmd.py
[13.532s] -- Symlinking: /home/jason/projects/unitree_sdk2_ws/install/unitree_hg/local/lib/python3.10/dist-packages/unitree_hg/msg/_low_cmd_s.c
[13.542s] -- Symlinking: /home/jason/projects/unitree_sdk2_ws/install/unitree_hg/local/lib/python3.10/dist-packages/unitree_hg/msg/_low_state.py
[13.548s] -- Symlinking: /home/jason/projects/unitree_sdk2_ws/install/unitree_hg/local/lib/python3.10/dist-packages/unitree_hg/msg/_low_state_s.c
[13.555s] -- Symlinking: /home/jason/projects/unitree_sdk2_ws/install/unitree_hg/local/lib/python3.10/dist-packages/unitree_hg/msg/_main_board_state.py
[13.561s] -- Symlinking: /home/jason/projects/unitree_sdk2_ws/install/unitree_hg/local/lib/python3.10/dist-packages/unitree_hg/msg/_main_board_state_s.c
[13.568s] -- Symlinking: /home/jason/projects/unitree_sdk2_ws/install/unitree_hg/local/lib/python3.10/dist-packages/unitree_hg/msg/_motor_cmd.py
[13.575s] -- Symlinking: /home/jason/projects/unitree_sdk2_ws/install/unitree_hg/local/lib/python3.10/dist-packages/unitree_hg/msg/_motor_cmd_s.c
[13.581s] -- Symlinking: /home/jason/projects/unitree_sdk2_ws/install/unitree_hg/local/lib/python3.10/dist-packages/unitree_hg/msg/_motor_state.py
[13.588s] -- Symlinking: /home/jason/projects/unitree_sdk2_ws/install/unitree_hg/local/lib/python3.10/dist-packages/unitree_hg/msg/_motor_state_s.c
[13.594s] -- Symlinking: /home/jason/projects/unitree_sdk2_ws/install/unitree_hg/local/lib/python3.10/dist-packages/unitree_hg/msg/_press_sensor_state.py
[13.600s] -- Symlinking: /home/jason/projects/unitree_sdk2_ws/install/unitree_hg/local/lib/python3.10/dist-packages/unitree_hg/msg/_press_sensor_state_s.c
[13.607s] -- Symlinking: /home/jason/projects/unitree_sdk2_ws/install/unitree_hg/local/lib/python3.10/dist-packages/unitree_hg/unitree_hg_s__rosidl_typesupport_c.cpython-310-x86_64-linux-gnu.so
[13.613s] -- Symlinking: /home/jason/projects/unitree_sdk2_ws/install/unitree_hg/local/lib/python3.10/dist-packages/unitree_hg/unitree_hg_s__rosidl_typesupport_fastrtps_c.cpython-310-x86_64-linux-gnu.so
[13.620s] -- Symlinking: /home/jason/projects/unitree_sdk2_ws/install/unitree_hg/local/lib/python3.10/dist-packages/unitree_hg/unitree_hg_s__rosidl_typesupport_introspection_c.cpython-310-x86_64-linux-gnu.so
[13.626s] -- Up-to-date symlink: /home/jason/projects/unitree_sdk2_ws/install/unitree_hg/local/lib/python3.10/dist-packages/unitree_hg/unitree_hg_s__rosidl_typesupport_fastrtps_c.cpython-310-x86_64-linux-gnu.so
[13.626s] -- Up-to-date symlink: /home/jason/projects/unitree_sdk2_ws/install/unitree_hg/local/lib/python3.10/dist-packages/unitree_hg/unitree_hg_s__rosidl_typesupport_introspection_c.cpython-310-x86_64-linux-gnu.so
[13.626s] -- Up-to-date symlink: /home/jason/projects/unitree_sdk2_ws/install/unitree_hg/local/lib/python3.10/dist-packages/unitree_hg/unitree_hg_s__rosidl_typesupport_c.cpython-310-x86_64-linux-gnu.so
[13.627s] -- Symlinking: /home/jason/projects/unitree_sdk2_ws/install/unitree_hg/share/unitree_hg/msg/BmsCmd.idl
[13.634s] -- Symlinking: /home/jason/projects/unitree_sdk2_ws/install/unitree_hg/share/unitree_hg/msg/BmsState.idl
[13.640s] -- Symlinking: /home/jason/projects/unitree_sdk2_ws/install/unitree_hg/share/unitree_hg/msg/HandCmd.idl
[13.646s] -- Symlinking: /home/jason/projects/unitree_sdk2_ws/install/unitree_hg/share/unitree_hg/msg/HandState.idl
[13.653s] -- Symlinking: /home/jason/projects/unitree_sdk2_ws/install/unitree_hg/share/unitree_hg/msg/IMUState.idl
[13.664s] -- Symlinking: /home/jason/projects/unitree_sdk2_ws/install/unitree_hg/share/unitree_hg/msg/LowCmd.idl
[13.670s] -- Symlinking: /home/jason/projects/unitree_sdk2_ws/install/unitree_hg/share/unitree_hg/msg/LowState.idl
[13.677s] -- Symlinking: /home/jason/projects/unitree_sdk2_ws/install/unitree_hg/share/unitree_hg/msg/MainBoardState.idl
[13.685s] -- Symlinking: /home/jason/projects/unitree_sdk2_ws/install/unitree_hg/share/unitree_hg/msg/MotorCmd.idl
[13.691s] -- Symlinking: /home/jason/projects/unitree_sdk2_ws/install/unitree_hg/share/unitree_hg/msg/MotorState.idl
[13.699s] -- Symlinking: /home/jason/projects/unitree_sdk2_ws/install/unitree_hg/share/unitree_hg/msg/PressSensorState.idl
[13.706s] -- Symlinking: /home/jason/projects/unitree_sdk2_ws/install/unitree_hg/share/unitree_hg/msg/BmsCmd.msg
[13.712s] -- Symlinking: /home/jason/projects/unitree_sdk2_ws/install/unitree_hg/share/unitree_hg/msg/BmsState.msg
[13.719s] -- Symlinking: /home/jason/projects/unitree_sdk2_ws/install/unitree_hg/share/unitree_hg/msg/HandCmd.msg
[13.725s] -- Symlinking: /home/jason/projects/unitree_sdk2_ws/install/unitree_hg/share/unitree_hg/msg/HandState.msg
[13.732s] -- Symlinking: /home/jason/projects/unitree_sdk2_ws/install/unitree_hg/share/unitree_hg/msg/IMUState.msg
[13.738s] -- Symlinking: /home/jason/projects/unitree_sdk2_ws/install/unitree_hg/share/unitree_hg/msg/LowCmd.msg
[13.746s] -- Symlinking: /home/jason/projects/unitree_sdk2_ws/install/unitree_hg/share/unitree_hg/msg/LowState.msg
[13.752s] -- Symlinking: /home/jason/projects/unitree_sdk2_ws/install/unitree_hg/share/unitree_hg/msg/MainBoardState.msg
[13.764s] -- Symlinking: /home/jason/projects/unitree_sdk2_ws/install/unitree_hg/share/unitree_hg/msg/MotorCmd.msg
[13.770s] -- Symlinking: /home/jason/projects/unitree_sdk2_ws/install/unitree_hg/share/unitree_hg/msg/MotorState.msg
[13.777s] -- Symlinking: /home/jason/projects/unitree_sdk2_ws/install/unitree_hg/share/unitree_hg/msg/PressSensorState.msg
[13.783s] -- Symlinking: /home/jason/projects/unitree_sdk2_ws/install/unitree_hg/share/unitree_hg/msg/dds_connext/BmsCmd_.idl
[13.790s] -- Symlinking: /home/jason/projects/unitree_sdk2_ws/install/unitree_hg/share/unitree_hg/msg/dds_connext/BmsState_.idl
[13.800s] -- Symlinking: /home/jason/projects/unitree_sdk2_ws/install/unitree_hg/share/unitree_hg/msg/dds_connext/HandCmd_.idl
[13.807s] -- Symlinking: /home/jason/projects/unitree_sdk2_ws/install/unitree_hg/share/unitree_hg/msg/dds_connext/HandState_.idl
[13.813s] -- Symlinking: /home/jason/projects/unitree_sdk2_ws/install/unitree_hg/share/unitree_hg/msg/dds_connext/IMUState_.idl
[13.821s] -- Symlinking: /home/jason/projects/unitree_sdk2_ws/install/unitree_hg/share/unitree_hg/msg/dds_connext/LowCmd_.idl
[13.827s] -- Symlinking: /home/jason/projects/unitree_sdk2_ws/install/unitree_hg/share/unitree_hg/msg/dds_connext/LowState_.idl
[13.835s] -- Symlinking: /home/jason/projects/unitree_sdk2_ws/install/unitree_hg/share/unitree_hg/msg/dds_connext/MainBoardState_.idl
[13.841s] -- Symlinking: /home/jason/projects/unitree_sdk2_ws/install/unitree_hg/share/unitree_hg/msg/dds_connext/MotorCmd_.idl
[13.850s] -- Symlinking: /home/jason/projects/unitree_sdk2_ws/install/unitree_hg/share/unitree_hg/msg/dds_connext/MotorState_.idl
[13.856s] -- Symlinking: /home/jason/projects/unitree_sdk2_ws/install/unitree_hg/share/unitree_hg/msg/dds_connext/PressSensorState_.idl
[13.863s] -- Symlinking: /home/jason/projects/unitree_sdk2_ws/install/unitree_hg/share/ament_index/resource_index/package_run_dependencies/unitree_hg
[13.870s] -- Symlinking: /home/jason/projects/unitree_sdk2_ws/install/unitree_hg/share/ament_index/resource_index/parent_prefix_path/unitree_hg
[13.876s] -- Symlinking: /home/jason/projects/unitree_sdk2_ws/install/unitree_hg/share/unitree_hg/environment/ament_prefix_path.sh
[13.882s] -- Symlinking: /home/jason/projects/unitree_sdk2_ws/install/unitree_hg/share/unitree_hg/environment/ament_prefix_path.dsv
[13.889s] -- Symlinking: /home/jason/projects/unitree_sdk2_ws/install/unitree_hg/share/unitree_hg/environment/path.sh
[13.895s] -- Symlinking: /home/jason/projects/unitree_sdk2_ws/install/unitree_hg/share/unitree_hg/environment/path.dsv
[13.901s] -- Symlinking: /home/jason/projects/unitree_sdk2_ws/install/unitree_hg/share/unitree_hg/local_setup.bash
[13.908s] -- Symlinking: /home/jason/projects/unitree_sdk2_ws/install/unitree_hg/share/unitree_hg/local_setup.sh
[13.914s] -- Symlinking: /home/jason/projects/unitree_sdk2_ws/install/unitree_hg/share/unitree_hg/local_setup.zsh
[13.920s] -- Symlinking: /home/jason/projects/unitree_sdk2_ws/install/unitree_hg/share/unitree_hg/local_setup.dsv
[13.927s] -- Symlinking: /home/jason/projects/unitree_sdk2_ws/install/unitree_hg/share/unitree_hg/package.dsv
[13.933s] -- Symlinking: /home/jason/projects/unitree_sdk2_ws/install/unitree_hg/share/ament_index/resource_index/packages/unitree_hg
[13.939s] -- Symlinking: /home/jason/projects/unitree_sdk2_ws/install/unitree_hg/share/unitree_hg/cmake/rosidl_cmake-extras.cmake
[13.945s] -- Symlinking: /home/jason/projects/unitree_sdk2_ws/install/unitree_hg/share/unitree_hg/cmake/ament_cmake_export_dependencies-extras.cmake
[13.951s] -- Symlinking: /home/jason/projects/unitree_sdk2_ws/install/unitree_hg/share/unitree_hg/cmake/ament_cmake_export_include_directories-extras.cmake
[13.961s] -- Symlinking: /home/jason/projects/unitree_sdk2_ws/install/unitree_hg/share/unitree_hg/cmake/ament_cmake_export_libraries-extras.cmake
[13.968s] -- Symlinking: /home/jason/projects/unitree_sdk2_ws/install/unitree_hg/share/unitree_hg/cmake/ament_cmake_export_targets-extras.cmake
[13.974s] -- Symlinking: /home/jason/projects/unitree_sdk2_ws/install/unitree_hg/share/unitree_hg/cmake/rosidl_cmake_export_typesupport_targets-extras.cmake
[13.981s] -- Symlinking: /home/jason/projects/unitree_sdk2_ws/install/unitree_hg/share/unitree_hg/cmake/rosidl_cmake_export_typesupport_libraries-extras.cmake
[13.987s] -- Symlinking: /home/jason/projects/unitree_sdk2_ws/install/unitree_hg/share/unitree_hg/cmake/unitree_hgConfig.cmake
[13.993s] -- Symlinking: /home/jason/projects/unitree_sdk2_ws/install/unitree_hg/share/unitree_hg/cmake/unitree_hgConfig-version.cmake
[14.000s] -- Symlinking: /home/jason/projects/unitree_sdk2_ws/install/unitree_hg/share/unitree_hg/package.xml
[14.006s] -- Installing: /home/jason/projects/unitree_sdk2_ws/install/unitree_hg/lib/libunitree_hg__rosidl_generator_c.so
[14.006s] -- Set runtime path of "/home/jason/projects/unitree_sdk2_ws/install/unitree_hg/lib/libunitree_hg__rosidl_generator_c.so" to ""
[14.006s] -- Installing: /home/jason/projects/unitree_sdk2_ws/install/unitree_hg/lib/libunitree_hg__rosidl_typesupport_fastrtps_c.so
[14.007s] -- Set runtime path of "/home/jason/projects/unitree_sdk2_ws/install/unitree_hg/lib/libunitree_hg__rosidl_typesupport_fastrtps_c.so" to ""
[14.007s] -- Installing: /home/jason/projects/unitree_sdk2_ws/install/unitree_hg/lib/libunitree_hg__rosidl_typesupport_fastrtps_cpp.so
[14.007s] -- Set runtime path of "/home/jason/projects/unitree_sdk2_ws/install/unitree_hg/lib/libunitree_hg__rosidl_typesupport_fastrtps_cpp.so" to ""
[14.007s] -- Installing: /home/jason/projects/unitree_sdk2_ws/install/unitree_hg/lib/libunitree_hg__rosidl_typesupport_introspection_c.so
[14.007s] -- Set runtime path of "/home/jason/projects/unitree_sdk2_ws/install/unitree_hg/lib/libunitree_hg__rosidl_typesupport_introspection_c.so" to ""
[14.007s] -- Installing: /home/jason/projects/unitree_sdk2_ws/install/unitree_hg/lib/libunitree_hg__rosidl_typesupport_c.so
[14.007s] -- Set runtime path of "/home/jason/projects/unitree_sdk2_ws/install/unitree_hg/lib/libunitree_hg__rosidl_typesupport_c.so" to ""
[14.007s] -- Installing: /home/jason/projects/unitree_sdk2_ws/install/unitree_hg/lib/libunitree_hg__rosidl_typesupport_introspection_cpp.so
[14.008s] -- Set runtime path of "/home/jason/projects/unitree_sdk2_ws/install/unitree_hg/lib/libunitree_hg__rosidl_typesupport_introspection_cpp.so" to ""
[14.008s] -- Installing: /home/jason/projects/unitree_sdk2_ws/install/unitree_hg/lib/libunitree_hg__rosidl_typesupport_cpp.so
[14.008s] -- Set runtime path of "/home/jason/projects/unitree_sdk2_ws/install/unitree_hg/lib/libunitree_hg__rosidl_typesupport_cpp.so" to ""
[14.039s] Listing '/home/jason/projects/unitree_sdk2_ws/install/unitree_hg/local/lib/python3.10/dist-packages/unitree_hg'...
[14.039s] Compiling '/home/jason/projects/unitree_sdk2_ws/install/unitree_hg/local/lib/python3.10/dist-packages/unitree_hg/__init__.py'...
[14.039s] Listing '/home/jason/projects/unitree_sdk2_ws/install/unitree_hg/local/lib/python3.10/dist-packages/unitree_hg/msg'...
[14.039s] Compiling '/home/jason/projects/unitree_sdk2_ws/install/unitree_hg/local/lib/python3.10/dist-packages/unitree_hg/msg/__init__.py'...
[14.039s] Compiling '/home/jason/projects/unitree_sdk2_ws/install/unitree_hg/local/lib/python3.10/dist-packages/unitree_hg/msg/_bms_cmd.py'...
[14.039s] Compiling '/home/jason/projects/unitree_sdk2_ws/install/unitree_hg/local/lib/python3.10/dist-packages/unitree_hg/msg/_bms_state.py'...
[14.039s] Compiling '/home/jason/projects/unitree_sdk2_ws/install/unitree_hg/local/lib/python3.10/dist-packages/unitree_hg/msg/_hand_cmd.py'...
[14.040s] Compiling '/home/jason/projects/unitree_sdk2_ws/install/unitree_hg/local/lib/python3.10/dist-packages/unitree_hg/msg/_hand_state.py'...
[14.040s] Compiling '/home/jason/projects/unitree_sdk2_ws/install/unitree_hg/local/lib/python3.10/dist-packages/unitree_hg/msg/_imu_state.py'...
[14.040s] Compiling '/home/jason/projects/unitree_sdk2_ws/install/unitree_hg/local/lib/python3.10/dist-packages/unitree_hg/msg/_low_cmd.py'...
[14.040s] Compiling '/home/jason/projects/unitree_sdk2_ws/install/unitree_hg/local/lib/python3.10/dist-packages/unitree_hg/msg/_low_state.py'...
[14.040s] Compiling '/home/jason/projects/unitree_sdk2_ws/install/unitree_hg/local/lib/python3.10/dist-packages/unitree_hg/msg/_main_board_state.py'...
[14.040s] Compiling '/home/jason/projects/unitree_sdk2_ws/install/unitree_hg/local/lib/python3.10/dist-packages/unitree_hg/msg/_motor_cmd.py'...
[14.040s] Compiling '/home/jason/projects/unitree_sdk2_ws/install/unitree_hg/local/lib/python3.10/dist-packages/unitree_hg/msg/_motor_state.py'...
[14.040s] Compiling '/home/jason/projects/unitree_sdk2_ws/install/unitree_hg/local/lib/python3.10/dist-packages/unitree_hg/msg/_press_sensor_state.py'...
[14.043s] -- Installing: /home/jason/projects/unitree_sdk2_ws/install/unitree_hg/lib/libunitree_hg__rosidl_generator_py.so
[14.045s] -- Set runtime path of "/home/jason/projects/unitree_sdk2_ws/install/unitree_hg/lib/libunitree_hg__rosidl_generator_py.so" to ""
[14.046s] -- Installing: /home/jason/projects/unitree_sdk2_ws/install/unitree_hg/share/unitree_hg/cmake/export_unitree_hg__rosidl_generator_cExport.cmake
[14.046s] -- Installing: /home/jason/projects/unitree_sdk2_ws/install/unitree_hg/share/unitree_hg/cmake/export_unitree_hg__rosidl_generator_cExport-noconfig.cmake
[14.046s] -- Installing: /home/jason/projects/unitree_sdk2_ws/install/unitree_hg/share/unitree_hg/cmake/export_unitree_hg__rosidl_typesupport_fastrtps_cExport.cmake
[14.047s] -- Installing: /home/jason/projects/unitree_sdk2_ws/install/unitree_hg/share/unitree_hg/cmake/export_unitree_hg__rosidl_typesupport_fastrtps_cExport-noconfig.cmake
[14.047s] -- Installing: /home/jason/projects/unitree_sdk2_ws/install/unitree_hg/share/unitree_hg/cmake/export_unitree_hg__rosidl_generator_cppExport.cmake
[14.047s] -- Installing: /home/jason/projects/unitree_sdk2_ws/install/unitree_hg/share/unitree_hg/cmake/export_unitree_hg__rosidl_typesupport_fastrtps_cppExport.cmake
[14.047s] -- Installing: /home/jason/projects/unitree_sdk2_ws/install/unitree_hg/share/unitree_hg/cmake/export_unitree_hg__rosidl_typesupport_fastrtps_cppExport-noconfig.cmake
[14.047s] -- Installing: /home/jason/projects/unitree_sdk2_ws/install/unitree_hg/share/unitree_hg/cmake/unitree_hg__rosidl_typesupport_introspection_cExport.cmake
[14.047s] -- Installing: /home/jason/projects/unitree_sdk2_ws/install/unitree_hg/share/unitree_hg/cmake/unitree_hg__rosidl_typesupport_introspection_cExport-noconfig.cmake
[14.047s] -- Installing: /home/jason/projects/unitree_sdk2_ws/install/unitree_hg/share/unitree_hg/cmake/unitree_hg__rosidl_typesupport_cExport.cmake
[14.047s] -- Installing: /home/jason/projects/unitree_sdk2_ws/install/unitree_hg/share/unitree_hg/cmake/unitree_hg__rosidl_typesupport_cExport-noconfig.cmake
[14.047s] -- Installing: /home/jason/projects/unitree_sdk2_ws/install/unitree_hg/share/unitree_hg/cmake/unitree_hg__rosidl_typesupport_introspection_cppExport.cmake
[14.047s] -- Installing: /home/jason/projects/unitree_sdk2_ws/install/unitree_hg/share/unitree_hg/cmake/unitree_hg__rosidl_typesupport_introspection_cppExport-noconfig.cmake
[14.047s] -- Installing: /home/jason/projects/unitree_sdk2_ws/install/unitree_hg/share/unitree_hg/cmake/unitree_hg__rosidl_typesupport_cppExport.cmake
[14.047s] -- Installing: /home/jason/projects/unitree_sdk2_ws/install/unitree_hg/share/unitree_hg/cmake/unitree_hg__rosidl_typesupport_cppExport-noconfig.cmake
[14.047s] -- Installing: /home/jason/projects/unitree_sdk2_ws/install/unitree_hg/share/unitree_hg/cmake/export_unitree_hg__rosidl_generator_pyExport.cmake
[14.047s] -- Installing: /home/jason/projects/unitree_sdk2_ws/install/unitree_hg/share/unitree_hg/cmake/export_unitree_hg__rosidl_generator_pyExport-noconfig.cmake
[14.049s] Invoked command in '/home/jason/projects/unitree_sdk2_ws/build/unitree_hg' returned '0': CMAKE_PREFIX_PATH=${CMAKE_PREFIX_PATH}:/opt/ros/humble /usr/bin/cmake --install /home/jason/projects/unitree_sdk2_ws/build/unitree_hg
