[0.006s] Invoking command in '/home/jason/projects/motion_control_go2/src/build/go2_pinocchio_demo': CMAKE_PREFIX_PATH=${CMAKE_PREFIX_PATH}:/opt/ros/humble /usr/bin/cmake /home/jason/projects/motion_control_go2/src/go2_pinocchio_demo -DCMAKE_INSTALL_PREFIX=/home/jason/projects/motion_control_go2/src/install/go2_pinocchio_demo
[0.103s] -- The C compiler identification is GNU 11.4.0
[0.183s] -- The CXX compiler identification is GNU 11.4.0
[0.193s] -- Detecting C compiler ABI info
[0.267s] -- Detecting C compiler ABI info - done
[0.274s] -- Check for working C compiler: /usr/bin/cc - skipped
[0.409s] -- Detecting C compile features
[0.410s] -- Detecting C compile features - done
[0.414s] -- Detecting CXX compiler ABI info
[0.495s] -- Detecting CXX compiler ABI info - done
[0.504s] -- Check for working CXX compiler: /usr/bin/c++ - skipped
[0.504s] -- Detecting CXX compile features
[0.505s] -- Detecting CXX compile features - done
[0.561s] -- Found ament_cmake: 1.3.12 (/opt/ros/humble/share/ament_cmake/cmake)
[0.702s] -- Found Python3: /usr/bin/python3 (found version "3.10.12") found components: Interpreter 
[0.777s] -- Found rclcpp: 16.0.15 (/opt/ros/humble/share/rclcpp/cmake)
[0.820s] -- Found rosidl_generator_c: 3.1.7 (/opt/ros/humble/share/rosidl_generator_c/cmake)
[0.823s] -- Found rosidl_adapter: 3.1.7 (/opt/ros/humble/share/rosidl_adapter/cmake)
[0.828s] -- Found rosidl_generator_cpp: 3.1.7 (/opt/ros/humble/share/rosidl_generator_cpp/cmake)
[0.836s] -- Using all available rosidl_typesupport_c: rosidl_typesupport_fastrtps_c;rosidl_typesupport_introspection_c
[0.847s] -- Using all available rosidl_typesupport_cpp: rosidl_typesupport_fastrtps_cpp;rosidl_typesupport_introspection_cpp
[0.878s] -- Found rmw_implementation_cmake: 6.1.2 (/opt/ros/humble/share/rmw_implementation_cmake/cmake)
[0.880s] -- Found rmw_fastrtps_cpp: 6.2.8 (/opt/ros/humble/share/rmw_fastrtps_cpp/cmake)
[0.943s] -- Found OpenSSL: /usr/lib/x86_64-linux-gnu/libcrypto.so (found version "3.0.2")  
[0.978s] -- Found FastRTPS: /opt/ros/humble/include  
[1.003s] -- Using RMW implementation 'rmw_fastrtps_cpp' as default
[1.010s] -- Looking for pthread.h
[1.081s] -- Looking for pthread.h - found
[1.081s] -- Performing Test CMAKE_HAVE_LIBC_PTHREAD
[1.197s] -- Performing Test CMAKE_HAVE_LIBC_PTHREAD - Success
[1.198s] -- Found Threads: TRUE  
[1.322s] -- Found sensor_msgs: 4.9.0 (/opt/ros/humble/share/sensor_msgs/cmake)
[1.342s] -- pinocchio_default FOUND. pinocchio_default at /opt/ros/humble/lib/x86_64-linux-gnu/libpinocchio_default.so
[1.343s] -- pinocchio_parsers FOUND. pinocchio_parsers at /opt/ros/humble/lib/x86_64-linux-gnu/libpinocchio_parsers.so
[1.343s] -- boost_filesystem FOUND. boost_filesystem at /lib/x86_64-linux-gnu/libboost_filesystem.so
[1.343s] -- boost_serialization FOUND. boost_serialization at /lib/x86_64-linux-gnu/libboost_serialization.so
[1.343s] -- boost_system FOUND. boost_system at /lib/x86_64-linux-gnu/libboost_system.so
[1.370s] -- Found Boost: /usr/include (found version "1.74.0") found components: filesystem serialization system 
[1.371s] -- eigenpy FOUND. eigenpy at /opt/ros/humble/lib/x86_64-linux-gnu/libeigenpy.so
[1.396s] -- Checking for NumPy
[1.571s] --   NUMPY_INCLUDE_DIRS=/home/jason/.local/lib/python3.10/site-packages/numpy/_core/include
[1.613s] --   NUMPY_VERSION=2.2.6
[1.732s] -- Found Python3: /usr/bin/python3 (found version "3.10.12") found components: Interpreter Development.Module NumPy 
[1.732s] -- PythonLibraryDirs: 
[1.732s] -- PythonLibVersionString: 3.10.12
[1.742s] -- Python site lib: lib/python3.10/site-packages
[1.742s] -- Python include dirs: /usr/include/python3.10
[1.765s] -- Checking for NumPy
[1.806s] --   NUMPY_INCLUDE_DIRS=/home/jason/.local/lib/python3.10/site-packages/numpy/_core/include
[1.847s] --   NUMPY_VERSION=2.2.6
[1.847s] -- NumPy include dir: /home/jason/.local/lib/python3.10/site-packages/numpy/_core/include
[1.849s] [33mCMake Warning at /usr/share/cmake-3.22/Modules/FindBoost.cmake:2201 (message):
[1.850s]   No header defined for python310; skipping header check (note: header-only
[1.850s]   libraries have no designated component)
[1.850s] Call Stack (most recent call first):
[1.850s]   /opt/ros/humble/lib/x86_64-linux-gnu/cmake/eigenpy/boost.cmake:148 (find_package)
[1.850s]   /opt/ros/humble/lib/x86_64-linux-gnu/cmake/eigenpy/eigenpyConfig.cmake:149 (SEARCH_FOR_BOOST_PYTHON)
[1.850s]   /usr/share/cmake-3.22/Modules/CMakeFindDependencyMacro.cmake:47 (find_package)
[1.850s]   /opt/ros/humble/lib/x86_64-linux-gnu/cmake/pinocchio/pinocchioConfig.cmake:161 (find_dependency)
[1.850s]   CMakeLists.txt:13 (find_package)
[1.850s] 
[1.850s] [0m
[1.851s] -- Found Boost: /usr/include (found version "1.74.0") found components: python310 
[2.065s] -- Default C++ standard: 201703
[2.065s] -- Minimal C++ standard upgraded to 11
[2.065s] -- C++ standard sufficient: Minimal required 11, currently defined: 17
[2.066s] -- CMAKE_CXX_STANDARD was not set: automatically set to currently defined standard 17
[2.151s] -- hpp-fcl FOUND. hpp-fcl at /opt/ros/humble/lib/x86_64-linux-gnu/libhpp-fcl.so
[2.165s] -- Found Boost: /usr/include (found version "1.74.0") found components: chrono serialization filesystem 
[2.172s] -- C++ standard sufficient: Minimal required 11, currently defined: 17
[2.173s] -- C++ standard sufficient: Minimal required 11, currently defined: 17
[2.223s] -- Configuring done
[2.227s] [31mCMake Error at CMakeLists.txt:16 (add_executable):
[2.227s]   Cannot find source file:
[2.227s] 
[2.227s]     src/fk_ik_id_example.cpp
[2.227s] 
[2.227s]   Tried extensions .c .C .c++ .cc .cpp .cxx .cu .mpp .m .M .mm .ixx .cppm .h
[2.227s]   .hh .h++ .hm .hpp .hxx .in .txx .f .F .for .f77 .f90 .f95 .f03 .hip .ispc
[2.227s] 
[2.227s] [0m
[2.227s] [31mCMake Error at CMakeLists.txt:16 (add_executable):
[2.227s]   No SOURCES given to target: fk_ik_id_example
[2.228s] 
[2.228s] [0m
[2.228s] [0mCMake Generate step failed.  Build files cannot be regenerated correctly.[0m
[2.240s] Invoked command in '/home/jason/projects/motion_control_go2/src/build/go2_pinocchio_demo' returned '1': CMAKE_PREFIX_PATH=${CMAKE_PREFIX_PATH}:/opt/ros/humble /usr/bin/cmake /home/jason/projects/motion_control_go2/src/go2_pinocchio_demo -DCMAKE_INSTALL_PREFIX=/home/jason/projects/motion_control_go2/src/install/go2_pinocchio_demo
