[0.024s] Invoking command in '/home/jason/projects/motion_control_go2/build/unitree_controller': /usr/bin/cmake /home/jason/projects/motion_control_go2/src/unitree_ros/unitree_controller -DCATKIN_INSTALL_INTO_PREFIX_ROOT=0 -DCATKIN_SYMLINK_INSTALL=ON -DCMAKE_INSTALL_PREFIX=/home/jason/projects/motion_control_go2/install/unitree_controller
[0.038s] [0mCMake Deprecation Warning at CMakeLists.txt:1 (cmake_minimum_required):
[0.041s]   Compatibility with CMake < 2.8.12 will be removed from a future version of
[0.041s]   CMake.
[0.041s] 
[0.041s]   Update the VERSION argument <min> value or use a ...<max> suffix to tell
[0.041s]   CMake that the project does not need compatibility with older versions.
[0.041s] 
[0.041s] [0m
[0.077s] -- The C compiler identification is GNU 11.4.0
[0.119s] -- The CXX compiler identification is GNU 11.4.0
[0.126s] -- Detecting C compiler ABI info
[0.170s] -- Detecting C compiler ABI info - done
[0.173s] -- Check for working C compiler: /usr/bin/cc - skipped
[0.174s] -- Detecting C compile features
[0.174s] -- Detecting C compile features - done
[0.175s] -- Detecting CXX compiler ABI info
[0.227s] -- Detecting CXX compiler ABI info - done
[0.235s] -- Check for working CXX compiler: /usr/bin/c++ - skipped
[0.235s] -- Detecting CXX compile features
[0.235s] -- Detecting CXX compile features - done
[0.239s] -- Configuring incomplete, errors occurred!
[0.239s] See also "/home/jason/projects/motion_control_go2/build/unitree_controller/CMakeFiles/CMakeOutput.log".
[0.239s] [31mCMake Error at CMakeLists.txt:4 (find_package):
[0.239s]   By not providing "Findcatkin.cmake" in CMAKE_MODULE_PATH this project has
[0.239s]   asked CMake to find a package configuration file provided by "catkin", but
[0.239s]   CMake did not find one.
[0.239s] 
[0.239s]   Could not find a package configuration file provided by "catkin" with any
[0.239s]   of the following names:
[0.239s] 
[0.239s]     catkinConfig.cmake
[0.239s]     catkin-config.cmake
[0.239s] 
[0.239s]   Add the installation prefix of "catkin" to CMAKE_PREFIX_PATH or set
[0.239s]   "catkin_DIR" to a directory containing one of the above files.  If "catkin"
[0.239s]   provides a separate development package or SDK, be sure it has been
[0.239s]   installed.
[0.239s] 
[0.239s] [0m
