[0.015s] Invoking command in '/home/jason/projects/motion_control_go2/build/unitree_ros2_example': AMENT_PREFIX_PATH=/home/jason/projects/motion_control_go2/install/unitree_hg:/home/jason/projects/motion_control_go2/install/unitree_go:/home/jason/projects/motion_control_go2/install/unitree_api:${AMENT_PREFIX_PATH} CMAKE_PREFIX_PATH=/home/jason/projects/motion_control_go2/install/unitree_hg:/home/jason/projects/motion_control_go2/install/unitree_go:/home/jason/projects/motion_control_go2/install/unitree_api:/usr/local:/usr/local:/usr/local:/opt/ros/humble LD_LIBRARY_PATH=/home/jason/projects/motion_control_go2/install/unitree_hg/lib:/home/jason/projects/motion_control_go2/install/unitree_go/lib:/home/jason/projects/motion_control_go2/install/unitree_api/lib:${LD_LIBRARY_PATH} PYTHONPATH=/home/jason/projects/motion_control_go2/install/unitree_hg/local/lib/python3.10/dist-packages:/home/jason/projects/motion_control_go2/install/unitree_go/local/lib/python3.10/dist-packages:/home/jason/projects/motion_control_go2/install/unitree_api/local/lib/python3.10/dist-packages:${PYTHONPATH} /usr/bin/cmake /home/jason/projects/motion_control_go2/src/unitree_ros2/example/src -DAMENT_CMAKE_SYMLINK_INSTALL=1 -DCMAKE_INSTALL_PREFIX=/home/jason/projects/motion_control_go2/install/unitree_ros2_example
[0.048s] -- The C compiler identification is GNU 11.4.0
[0.079s] -- The CXX compiler identification is GNU 11.4.0
[0.087s] -- Detecting C compiler ABI info
[0.144s] -- Detecting C compiler ABI info - done
[0.144s] -- Check for working C compiler: /usr/bin/cc - skipped
[0.145s] -- Detecting C compile features
[0.145s] -- Detecting C compile features - done
[0.145s] -- Detecting CXX compiler ABI info
[0.185s] -- Detecting CXX compiler ABI info - done
[0.190s] -- Check for working CXX compiler: /usr/bin/c++ - skipped
[0.190s] -- Detecting CXX compile features
[0.190s] -- Detecting CXX compile features - done
[0.192s] -- Found ament_cmake: 1.3.12 (/opt/ros/humble/share/ament_cmake/cmake)
[0.282s] -- Found Python3: /usr/bin/python3 (found version "3.10.12") found components: Interpreter 
[0.315s] -- Override CMake install command with custom implementation using symlinks instead of copying resources
[0.332s] -- Found unitree_go: 0.0.0 (/home/jason/projects/motion_control_go2/install/unitree_go/share/unitree_go/cmake)
[0.360s] -- Found rosidl_generator_c: 3.1.7 (/opt/ros/humble/share/rosidl_generator_c/cmake)
[0.361s] -- Found rosidl_adapter: 3.1.7 (/opt/ros/humble/share/rosidl_adapter/cmake)
[0.365s] -- Found rosidl_generator_cpp: 3.1.7 (/opt/ros/humble/share/rosidl_generator_cpp/cmake)
[0.374s] -- Using all available rosidl_typesupport_c: rosidl_typesupport_fastrtps_c;rosidl_typesupport_introspection_c
[0.384s] -- Using all available rosidl_typesupport_cpp: rosidl_typesupport_fastrtps_cpp;rosidl_typesupport_introspection_cpp
[0.413s] -- Found unitree_hg: 0.0.0 (/home/jason/projects/motion_control_go2/install/unitree_hg/share/unitree_hg/cmake)
[0.423s] -- Found unitree_api: 0.0.0 (/home/jason/projects/motion_control_go2/install/unitree_api/share/unitree_api/cmake)
[0.427s] -- Found rclcpp: 16.0.15 (/opt/ros/humble/share/rclcpp/cmake)
[0.446s] -- Found rmw_implementation_cmake: 6.1.2 (/opt/ros/humble/share/rmw_implementation_cmake/cmake)
[0.449s] -- Found rmw_fastrtps_cpp: 6.2.8 (/opt/ros/humble/share/rmw_fastrtps_cpp/cmake)
[0.515s] -- Found OpenSSL: /usr/lib/x86_64-linux-gnu/libcrypto.so (found version "3.0.2")  
[0.532s] -- Found FastRTPS: /opt/ros/humble/include  
[0.556s] -- Using RMW implementation 'rmw_fastrtps_cpp' as default
[0.560s] -- Looking for pthread.h
[0.608s] -- Looking for pthread.h - found
[0.608s] -- Performing Test CMAKE_HAVE_LIBC_PTHREAD
[0.653s] -- Performing Test CMAKE_HAVE_LIBC_PTHREAD - Success
[0.656s] -- Found Threads: TRUE  
[0.688s] -- Found rosbag2_cpp: 0.15.15 (/opt/ros/humble/share/rosbag2_cpp/cmake)
[0.740s] -- Found ament_lint_auto: 0.12.14 (/opt/ros/humble/share/ament_lint_auto/cmake)
[0.790s] -- Added test 'copyright' to check source files copyright and LICENSE
[0.792s] -- Added test 'cppcheck' to perform static code analysis on C / C++ code
[0.793s] -- Configured cppcheck include dirs: /home/jason/projects/motion_control_go2/src/unitree_ros2/example/src/include;/home/jason/projects/motion_control_go2/src/unitree_ros2/example/src/include/common;/home/jason/projects/motion_control_go2/src/unitree_ros2/example/src/include/nlohmann
[0.793s] -- Configured cppcheck exclude dirs and/or files: 
[0.795s] -- Added test 'cpplint' to check C / C++ code against the Google style
[0.795s] -- Configured cpplint exclude dirs and/or files: 
[0.795s] -- Added test 'lint_cmake' to check CMake code style
[0.797s] -- Added test 'uncrustify' to check C / C++ code style
[0.797s] -- Configured uncrustify additional arguments: 
[0.798s] -- Added test 'xmllint' to check XML markup files
[0.798s] -- Configuring done
[0.832s] -- Generating done
[0.845s] -- Build files have been written to: /home/jason/projects/motion_control_go2/build/unitree_ros2_example
[0.854s] Invoked command in '/home/jason/projects/motion_control_go2/build/unitree_ros2_example' returned '0': AMENT_PREFIX_PATH=/home/jason/projects/motion_control_go2/install/unitree_hg:/home/jason/projects/motion_control_go2/install/unitree_go:/home/jason/projects/motion_control_go2/install/unitree_api:${AMENT_PREFIX_PATH} CMAKE_PREFIX_PATH=/home/jason/projects/motion_control_go2/install/unitree_hg:/home/jason/projects/motion_control_go2/install/unitree_go:/home/jason/projects/motion_control_go2/install/unitree_api:/usr/local:/usr/local:/usr/local:/opt/ros/humble LD_LIBRARY_PATH=/home/jason/projects/motion_control_go2/install/unitree_hg/lib:/home/jason/projects/motion_control_go2/install/unitree_go/lib:/home/jason/projects/motion_control_go2/install/unitree_api/lib:${LD_LIBRARY_PATH} PYTHONPATH=/home/jason/projects/motion_control_go2/install/unitree_hg/local/lib/python3.10/dist-packages:/home/jason/projects/motion_control_go2/install/unitree_go/local/lib/python3.10/dist-packages:/home/jason/projects/motion_control_go2/install/unitree_api/local/lib/python3.10/dist-packages:${PYTHONPATH} /usr/bin/cmake /home/jason/projects/motion_control_go2/src/unitree_ros2/example/src -DAMENT_CMAKE_SYMLINK_INSTALL=1 -DCMAKE_INSTALL_PREFIX=/home/jason/projects/motion_control_go2/install/unitree_ros2_example
[0.855s] Invoking command in '/home/jason/projects/motion_control_go2/build/unitree_ros2_example': AMENT_PREFIX_PATH=/home/jason/projects/motion_control_go2/install/unitree_hg:/home/jason/projects/motion_control_go2/install/unitree_go:/home/jason/projects/motion_control_go2/install/unitree_api:${AMENT_PREFIX_PATH} CMAKE_PREFIX_PATH=/home/jason/projects/motion_control_go2/install/unitree_hg:/home/jason/projects/motion_control_go2/install/unitree_go:/home/jason/projects/motion_control_go2/install/unitree_api:/usr/local:/usr/local:/usr/local:/opt/ros/humble LD_LIBRARY_PATH=/home/jason/projects/motion_control_go2/install/unitree_hg/lib:/home/jason/projects/motion_control_go2/install/unitree_go/lib:/home/jason/projects/motion_control_go2/install/unitree_api/lib:${LD_LIBRARY_PATH} PYTHONPATH=/home/jason/projects/motion_control_go2/install/unitree_hg/local/lib/python3.10/dist-packages:/home/jason/projects/motion_control_go2/install/unitree_go/local/lib/python3.10/dist-packages:/home/jason/projects/motion_control_go2/install/unitree_api/local/lib/python3.10/dist-packages:${PYTHONPATH} /usr/bin/cmake --build /home/jason/projects/motion_control_go2/build/unitree_ros2_example -- -j16 -l16
[0.896s] [  2%] [32mBuilding CXX object CMakeFiles/low_level_ctrl.dir/src/low_level_ctrl.cpp.o[0m
[0.896s] [  6%] [32mBuilding CXX object CMakeFiles/low_level_ctrl_hg.dir/src/h1-2/lowlevel/low_level_ctrl_hg.cpp.o[0m
[0.897s] [  8%] [32mBuilding CXX object CMakeFiles/read_low_state_hg.dir/src/read_low_state_hg.cpp.o[0m
[0.897s] [  6%] [32mBuilding CXX object CMakeFiles/low_level_ctrl.dir/src/common/motor_crc.cpp.o[0m
[0.897s] [ 10%] [32mBuilding CXX object CMakeFiles/low_level_ctrl_hg.dir/src/common/motor_crc_hg.cpp.o[0m
[0.898s] [ 13%] [32mBuilding CXX object CMakeFiles/read_wireless_controller.dir/src/read_wireless_controller.cpp.o[0m
[0.903s] [ 15%] [32mBuilding CXX object CMakeFiles/read_motion_state.dir/src/read_motion_state.cpp.o[0m
[0.903s] [ 17%] [32mBuilding CXX object CMakeFiles/g1_low_level_example.dir/src/g1/lowlevel/g1_low_level_example.cpp.o[0m
[0.903s] [ 19%] [32mBuilding CXX object CMakeFiles/go2_robot_state_client.dir/src/go2/go2_robot_state_client.cpp.o[0m
[0.903s] [ 21%] [32mBuilding CXX object CMakeFiles/go2_stand_example.dir/src/common/motor_crc.cpp.o[0m
[0.909s] [ 23%] [32mBuilding CXX object CMakeFiles/g1_low_level_example.dir/src/common/motor_crc_hg.cpp.o[0m
[0.909s] [ 26%] [32mBuilding CXX object CMakeFiles/g1_arm_action_example.dir/src/g1/high_level/g1_arm_action_example.cpp.o[0m
[0.909s] [ 28%] [32mBuilding CXX object CMakeFiles/g1_arm_sdk_dds_example.dir/src/g1/high_level/g1_arm_sdk_dds_example.cpp.o[0m
[0.909s] [ 30%] [32mBuilding CXX object CMakeFiles/read_low_state.dir/src/read_low_state.cpp.o[0m
[0.913s] [ 34%] [32mBuilding CXX object CMakeFiles/go2_sport_client.dir/src/go2/go2_sport_client.cpp.o[0m
[0.913s] [ 34%] [32mBuilding CXX object CMakeFiles/go2_stand_example.dir/src/go2/go2_stand_example.cpp.o[0m
[1.053s] In file included from [01m[K/home/jason/projects/motion_control_go2/src/unitree_ros2/example/src/src/g1/high_level/g1_arm_action_example.cpp:11[m[K:
[1.053s] [01m[K/home/jason/projects/motion_control_go2/src/unitree_ros2/example/src/include/common/ut_errror.hpp:13:59:[m[K [01;35m[Kwarning: [m[Kbackslash-newline at end of file
[1.053s]    13 | #define UT_PRINT_ERR(code, error)                         \
[1.053s]       |                                                            
[3.503s] [ 36%] [32mBuilding CXX object CMakeFiles/go2_robot_state_client.dir/src/common/motor_crc.cpp.o[0m
[3.536s] [ 39%] [32mBuilding CXX object CMakeFiles/g1_dex3_example.dir/src/g1/dex3/g1_dex3_example.cpp.o[0m
[3.656s] [ 41%] [32mBuilding CXX object CMakeFiles/g1_loco_client_example.dir/src/g1/high_level/loco_client_example.cpp.o[0m
[3.853s] In file included from [01m[K/home/jason/projects/motion_control_go2/src/unitree_ros2/example/src/include/common/base_client.hpp:11[m[K,
[3.853s]                  from [01m[K/home/jason/projects/motion_control_go2/src/unitree_ros2/example/src/include/g1/g1_loco_client.hpp:10[m[K,
[3.853s]                  from [01m[K/home/jason/projects/motion_control_go2/src/unitree_ros2/example/src/src/g1/high_level/loco_client_example.cpp:3[m[K:
[3.853s] [01m[K/home/jason/projects/motion_control_go2/src/unitree_ros2/example/src/include/common/ut_errror.hpp:13:59:[m[K [01;35m[Kwarning: [m[Kbackslash-newline at end of file
[3.853s]    13 | #define UT_PRINT_ERR(code, error)                         \
[3.853s]       |                                                            
[5.007s] [ 43%] [32m[1mLinking CXX executable low_level_ctrl[0m
[5.287s] [ 43%] Built target low_level_ctrl
[5.290s] [ 45%] [32mBuilding CXX object CMakeFiles/g1_arm_action_example.dir/src/common/motor_crc.cpp.o[0m
[5.618s] [ 47%] [32mBuilding CXX object CMakeFiles/go2_sport_client.dir/src/common/ros2_sport_client.cpp.o[0m
[6.642s] [ 50%] [32mBuilding CXX object CMakeFiles/g1_dex3_example.dir/src/common/motor_crc.cpp.o[0m
[7.413s] [ 52%] [32mBuilding CXX object CMakeFiles/g1_arm_sdk_dds_example.dir/src/common/motor_crc.cpp.o[0m
[8.378s] [ 54%] [32m[1mLinking CXX executable read_wireless_controller[0m
[8.419s] [ 56%] [32m[1mLinking CXX executable read_low_state_hg[0m
[8.893s] [ 56%] Built target read_low_state_hg
[8.898s] [ 56%] Built target read_wireless_controller
[8.917s] [ 58%] [32mBuilding CXX object CMakeFiles/g1_loco_client_example.dir/src/common/motor_crc.cpp.o[0m
[8.933s] [ 60%] [32mBuilding CXX object CMakeFiles/g1_ankle_swing_example.dir/src/g1/lowlevel/g1_ankle_swing_example.cpp.o[0m
[8.982s] [ 63%] [32m[1mLinking CXX executable read_low_state[0m
[9.164s] [ 65%] [32m[1mLinking CXX executable g1_low_level_example[0m
[9.165s] [ 67%] [32mBuilding CXX object CMakeFiles/g1_dual_arm_example.dir/src/g1/lowlevel/g1_dual_arm_example.cpp.o[0m
[9.421s] In file included from [01m[K/home/jason/projects/motion_control_go2/src/unitree_ros2/example/src/include/common/base_client.hpp:11[m[K,
[9.421s]                  from [01m[K/home/jason/projects/motion_control_go2/src/unitree_ros2/example/src/include/g1/g1_motion_switch_client.hpp:11[m[K,
[9.421s]                  from [01m[K/home/jason/projects/motion_control_go2/src/unitree_ros2/example/src/src/g1/lowlevel/g1_dual_arm_example.cpp:18[m[K:
[9.421s] [01m[K/home/jason/projects/motion_control_go2/src/unitree_ros2/example/src/include/common/ut_errror.hpp:13:59:[m[K [01;35m[Kwarning: [m[Kbackslash-newline at end of file
[9.421s]    13 | #define UT_PRINT_ERR(code, error)                         \
[9.421s]       |                                                            
[9.521s] [ 67%] Built target read_low_state
[9.534s] [ 69%] [32mBuilding CXX object CMakeFiles/g1_dual_arm_example.dir/src/common/motor_crc_hg.cpp.o[0m
[9.721s] [ 69%] Built target g1_low_level_example
[9.728s] [ 71%] [32m[1mLinking CXX executable low_level_ctrl_hg[0m
[9.753s] [ 73%] [32mBuilding CXX object CMakeFiles/g1_audio_client_example.dir/src/g1/audio_client/g1_audio_client_example.cpp.o[0m
[9.788s] [ 76%] [32m[1mLinking CXX executable g1_arm_sdk_dds_example[0m
[9.824s] [ 78%] [32mBuilding CXX object CMakeFiles/g1_ankle_swing_example.dir/src/common/motor_crc_hg.cpp.o[0m
[9.951s] In file included from [01m[K/home/jason/projects/motion_control_go2/src/unitree_ros2/example/src/include/common/base_client.hpp:11[m[K,
[9.951s]                  from [01m[K/home/jason/projects/motion_control_go2/src/unitree_ros2/example/src/include/g1/g1_audio_client.hpp:6[m[K,
[9.951s]                  from [01m[K/home/jason/projects/motion_control_go2/src/unitree_ros2/example/src/src/g1/audio_client/g1_audio_client_example.cpp:11[m[K:
[9.951s] [01m[K/home/jason/projects/motion_control_go2/src/unitree_ros2/example/src/include/common/ut_errror.hpp:13:59:[m[K [01;35m[Kwarning: [m[Kbackslash-newline at end of file
[9.951s]    13 | #define UT_PRINT_ERR(code, error)                         \
[9.951s]       |                                                            
[10.196s] [ 80%] [32m[1mLinking CXX executable read_motion_state[0m
[10.244s] [ 80%] Built target g1_arm_sdk_dds_example
[10.337s] [ 82%] [32m[1mLinking CXX executable g1_arm_action_example[0m
[10.528s] [ 84%] [32m[1mLinking CXX executable go2_robot_state_client[0m
[10.537s] [ 84%] Built target read_motion_state
[10.562s] [ 84%] Built target low_level_ctrl_hg
[10.639s] [ 84%] Built target g1_arm_action_example
[10.824s] [ 84%] Built target go2_robot_state_client
[11.277s] [ 86%] [32m[1mLinking CXX executable go2_stand_example[0m
[11.588s] [ 86%] Built target go2_stand_example
[11.969s] [ 89%] [32m[1mLinking CXX executable g1_dex3_example[0m
[12.079s] [ 91%] [32m[1mLinking CXX executable g1_loco_client_example[0m
[12.282s] [ 91%] Built target g1_dex3_example
[12.396s] [ 91%] Built target g1_loco_client_example
[13.034s] [ 93%] [32m[1mLinking CXX executable go2_sport_client[0m
[13.405s] [ 93%] Built target go2_sport_client
[16.242s] [ 95%] [32m[1mLinking CXX executable g1_audio_client_example[0m
[16.425s] [ 97%] [32m[1mLinking CXX executable g1_ankle_swing_example[0m
[16.492s] [ 97%] Built target g1_audio_client_example
[16.736s] [ 97%] Built target g1_ankle_swing_example
[17.620s] [100%] [32m[1mLinking CXX executable g1_dual_arm_example[0m
[17.969s] [100%] Built target g1_dual_arm_example
[17.992s] Invoked command in '/home/jason/projects/motion_control_go2/build/unitree_ros2_example' returned '0': AMENT_PREFIX_PATH=/home/jason/projects/motion_control_go2/install/unitree_hg:/home/jason/projects/motion_control_go2/install/unitree_go:/home/jason/projects/motion_control_go2/install/unitree_api:${AMENT_PREFIX_PATH} CMAKE_PREFIX_PATH=/home/jason/projects/motion_control_go2/install/unitree_hg:/home/jason/projects/motion_control_go2/install/unitree_go:/home/jason/projects/motion_control_go2/install/unitree_api:/usr/local:/usr/local:/usr/local:/opt/ros/humble LD_LIBRARY_PATH=/home/jason/projects/motion_control_go2/install/unitree_hg/lib:/home/jason/projects/motion_control_go2/install/unitree_go/lib:/home/jason/projects/motion_control_go2/install/unitree_api/lib:${LD_LIBRARY_PATH} PYTHONPATH=/home/jason/projects/motion_control_go2/install/unitree_hg/local/lib/python3.10/dist-packages:/home/jason/projects/motion_control_go2/install/unitree_go/local/lib/python3.10/dist-packages:/home/jason/projects/motion_control_go2/install/unitree_api/local/lib/python3.10/dist-packages:${PYTHONPATH} /usr/bin/cmake --build /home/jason/projects/motion_control_go2/build/unitree_ros2_example -- -j16 -l16
[17.993s] Invoking command in '/home/jason/projects/motion_control_go2/build/unitree_ros2_example': AMENT_PREFIX_PATH=/home/jason/projects/motion_control_go2/install/unitree_hg:/home/jason/projects/motion_control_go2/install/unitree_go:/home/jason/projects/motion_control_go2/install/unitree_api:${AMENT_PREFIX_PATH} CMAKE_PREFIX_PATH=/home/jason/projects/motion_control_go2/install/unitree_hg:/home/jason/projects/motion_control_go2/install/unitree_go:/home/jason/projects/motion_control_go2/install/unitree_api:/usr/local:/usr/local:/usr/local:/opt/ros/humble LD_LIBRARY_PATH=/home/jason/projects/motion_control_go2/install/unitree_hg/lib:/home/jason/projects/motion_control_go2/install/unitree_go/lib:/home/jason/projects/motion_control_go2/install/unitree_api/lib:${LD_LIBRARY_PATH} PYTHONPATH=/home/jason/projects/motion_control_go2/install/unitree_hg/local/lib/python3.10/dist-packages:/home/jason/projects/motion_control_go2/install/unitree_go/local/lib/python3.10/dist-packages:/home/jason/projects/motion_control_go2/install/unitree_api/local/lib/python3.10/dist-packages:${PYTHONPATH} /usr/bin/cmake --install /home/jason/projects/motion_control_go2/build/unitree_ros2_example
[18.003s] -- Install configuration: ""
[18.004s] -- Execute custom install script
[18.004s] -- Symlinking: /home/jason/projects/motion_control_go2/install/unitree_ros2_example//low_level_ctrl
[18.014s] -- Symlinking: /home/jason/projects/motion_control_go2/install/unitree_ros2_example//low_level_ctrl_hg
[18.028s] -- Symlinking: /home/jason/projects/motion_control_go2/install/unitree_ros2_example//g1_low_level_example
[18.038s] -- Symlinking: /home/jason/projects/motion_control_go2/install/unitree_ros2_example//read_low_state
[18.049s] -- Symlinking: /home/jason/projects/motion_control_go2/install/unitree_ros2_example//read_low_state_hg
[18.055s] -- Symlinking: /home/jason/projects/motion_control_go2/install/unitree_ros2_example//read_motion_state
[18.059s] -- Symlinking: /home/jason/projects/motion_control_go2/install/unitree_ros2_example//read_wireless_controller
[18.063s] -- Symlinking: /home/jason/projects/motion_control_go2/install/unitree_ros2_example//go2_sport_client
[18.073s] -- Symlinking: /home/jason/projects/motion_control_go2/install/unitree_ros2_example//go2_stand_example
[18.081s] -- Symlinking: /home/jason/projects/motion_control_go2/install/unitree_ros2_example//go2_robot_state_client
[18.087s] -- Symlinking: /home/jason/projects/motion_control_go2/install/unitree_ros2_example//g1_arm_sdk_dds_example
[18.093s] -- Symlinking: /home/jason/projects/motion_control_go2/install/unitree_ros2_example//g1_arm_action_example
[18.102s] -- Symlinking: /home/jason/projects/motion_control_go2/install/unitree_ros2_example//g1_dex3_example
[18.108s] -- Symlinking: /home/jason/projects/motion_control_go2/install/unitree_ros2_example//g1_loco_client_example
[18.120s] -- Symlinking: /home/jason/projects/motion_control_go2/install/unitree_ros2_example//g1_ankle_swing_example
[18.126s] -- Symlinking: /home/jason/projects/motion_control_go2/install/unitree_ros2_example//g1_dual_arm_example
[18.133s] -- Symlinking: /home/jason/projects/motion_control_go2/install/unitree_ros2_example//g1_audio_client_example
[18.138s] -- Symlinking: /home/jason/projects/motion_control_go2/install/unitree_ros2_example/share/ament_index/resource_index/package_run_dependencies/unitree_ros2_example
[18.143s] -- Symlinking: /home/jason/projects/motion_control_go2/install/unitree_ros2_example/share/ament_index/resource_index/parent_prefix_path/unitree_ros2_example
[18.147s] -- Symlinking: /home/jason/projects/motion_control_go2/install/unitree_ros2_example/share/unitree_ros2_example/environment/ament_prefix_path.sh
[18.150s] -- Symlinking: /home/jason/projects/motion_control_go2/install/unitree_ros2_example/share/unitree_ros2_example/environment/ament_prefix_path.dsv
[18.154s] -- Symlinking: /home/jason/projects/motion_control_go2/install/unitree_ros2_example/share/unitree_ros2_example/environment/path.sh
[18.158s] -- Symlinking: /home/jason/projects/motion_control_go2/install/unitree_ros2_example/share/unitree_ros2_example/environment/path.dsv
[18.166s] -- Symlinking: /home/jason/projects/motion_control_go2/install/unitree_ros2_example/share/unitree_ros2_example/local_setup.bash
[18.171s] -- Symlinking: /home/jason/projects/motion_control_go2/install/unitree_ros2_example/share/unitree_ros2_example/local_setup.sh
[18.176s] -- Symlinking: /home/jason/projects/motion_control_go2/install/unitree_ros2_example/share/unitree_ros2_example/local_setup.zsh
[18.181s] -- Symlinking: /home/jason/projects/motion_control_go2/install/unitree_ros2_example/share/unitree_ros2_example/local_setup.dsv
[18.188s] -- Symlinking: /home/jason/projects/motion_control_go2/install/unitree_ros2_example/share/unitree_ros2_example/package.dsv
[18.194s] -- Symlinking: /home/jason/projects/motion_control_go2/install/unitree_ros2_example/share/ament_index/resource_index/packages/unitree_ros2_example
[18.199s] -- Symlinking: /home/jason/projects/motion_control_go2/install/unitree_ros2_example/share/unitree_ros2_example/cmake/unitree_ros2_exampleConfig.cmake
[18.215s] -- Symlinking: /home/jason/projects/motion_control_go2/install/unitree_ros2_example/share/unitree_ros2_example/cmake/unitree_ros2_exampleConfig-version.cmake
[18.222s] -- Symlinking: /home/jason/projects/motion_control_go2/install/unitree_ros2_example/share/unitree_ros2_example/package.xml
[18.232s] Invoked command in '/home/jason/projects/motion_control_go2/build/unitree_ros2_example' returned '0': AMENT_PREFIX_PATH=/home/jason/projects/motion_control_go2/install/unitree_hg:/home/jason/projects/motion_control_go2/install/unitree_go:/home/jason/projects/motion_control_go2/install/unitree_api:${AMENT_PREFIX_PATH} CMAKE_PREFIX_PATH=/home/jason/projects/motion_control_go2/install/unitree_hg:/home/jason/projects/motion_control_go2/install/unitree_go:/home/jason/projects/motion_control_go2/install/unitree_api:/usr/local:/usr/local:/usr/local:/opt/ros/humble LD_LIBRARY_PATH=/home/jason/projects/motion_control_go2/install/unitree_hg/lib:/home/jason/projects/motion_control_go2/install/unitree_go/lib:/home/jason/projects/motion_control_go2/install/unitree_api/lib:${LD_LIBRARY_PATH} PYTHONPATH=/home/jason/projects/motion_control_go2/install/unitree_hg/local/lib/python3.10/dist-packages:/home/jason/projects/motion_control_go2/install/unitree_go/local/lib/python3.10/dist-packages:/home/jason/projects/motion_control_go2/install/unitree_api/local/lib/python3.10/dist-packages:${PYTHONPATH} /usr/bin/cmake --install /home/jason/projects/motion_control_go2/build/unitree_ros2_example
