[0.052s] Invoking command in '/home/jason/projects/motion_control_go2/src/build/go2w_description': /usr/bin/cmake /home/jason/projects/motion_control_go2/src/unitree_ros/robots/go2w_description -DCATKIN_INSTALL_INTO_PREFIX_ROOT=0 -DCATKIN_SYMLINK_INSTALL=ON -DCMAKE_INSTALL_PREFIX=/home/jason/projects/motion_control_go2/src/install/go2w_description
[0.489s] -- The C compiler identification is GNU 11.4.0
[0.489s] -- The CXX compiler identification is GNU 11.4.0
[0.489s] -- Detecting C compiler ABI info
[0.489s] -- Detecting C compiler ABI info - done
[0.489s] -- Check for working C compiler: /usr/bin/cc - skipped
[0.489s] -- Detecting C compile features
[0.489s] -- Detecting C compile features - done
[0.489s] -- Detecting CXX compiler ABI info
[0.489s] [0mCMake Deprecation Warning at CMakeLists.txt:1 (cmake_minimum_required):
[0.489s]   Compatibility with CMake < 2.8.12 will be removed from a future version of
[0.490s]   CMake.
[0.490s] 
[0.490s]   Update the VERSION argument <min> value or use a ...<max> suffix to tell
[0.490s]   CMake that the project does not need compatibility with older versions.
[0.490s] 
[0.490s] [0m
[0.604s] -- Detecting CXX compiler ABI info - done
[0.618s] -- Check for working CXX compiler: /usr/bin/c++ - skipped
[0.621s] -- Detecting CXX compile features
[0.622s] -- Detecting CXX compile features - done
[0.642s] [31mCMake Error at CMakeLists.txt:5 (find_package):
[0.642s]   By not providing "Findcatkin.cmake" in CMAKE_MODULE_PATH this project has
[0.642s]   asked CMake to find a package configuration file provided by "catkin", but
[0.642s]   CMake did not find one.
[0.642s] 
[0.642s]   Could not find a package configuration file provided by "catkin" with any
[0.642s]   of the following names:
[0.642s] 
[0.642s]     catkinConfig.cmake
[0.642s]     catkin-config.cmake
[0.642s] 
[0.642s]   Add the installation prefix of "catkin" to CMAKE_PREFIX_PATH or set
[0.642s]   "catkin_DIR" to a directory containing one of the above files.  If "catkin"
[0.642s]   provides a separate development package or SDK, be sure it has been
[0.642s]   installed.
[0.642s] 
[0.642s] [0m
[0.642s] -- Configuring incomplete, errors occurred!
[0.642s] See also "/home/jason/projects/motion_control_go2/src/build/go2w_description/CMakeFiles/CMakeOutput.log".
