running egg_info
creating ../../build/go2_rl/go2_rl.egg-info
writing ../../build/go2_rl/go2_rl.egg-info/PKG-INFO
writing dependency_links to ../../build/go2_rl/go2_rl.egg-info/dependency_links.txt
writing entry points to ../../build/go2_rl/go2_rl.egg-info/entry_points.txt
writing requirements to ../../build/go2_rl/go2_rl.egg-info/requires.txt
writing top-level names to ../../build/go2_rl/go2_rl.egg-info/top_level.txt
writing manifest file '../../build/go2_rl/go2_rl.egg-info/SOURCES.txt'
reading manifest file '../../build/go2_rl/go2_rl.egg-info/SOURCES.txt'
writing manifest file '../../build/go2_rl/go2_rl.egg-info/SOURCES.txt'
running build
running build_py
creating /home/jason/go2_ws/build/go2_rl/build
creating /home/jason/go2_ws/build/go2_rl/build/lib
creating /home/jason/go2_ws/build/go2_rl/build/lib/go2_rl
copying go2_rl/__init__.py -> /home/jason/go2_ws/build/go2_rl/build/lib/go2_rl
running install
running install_lib
creating /home/jason/go2_ws/install/go2_rl/lib/python3.10/site-packages/go2_rl
copying /home/jason/go2_ws/build/go2_rl/build/lib/go2_rl/__init__.py -> /home/jason/go2_ws/install/go2_rl/lib/python3.10/site-packages/go2_rl
byte-compiling /home/jason/go2_ws/install/go2_rl/lib/python3.10/site-packages/go2_rl/__init__.py to __init__.cpython-310.pyc
running install_data
creating /home/jason/go2_ws/install/go2_rl/share/ament_index
creating /home/jason/go2_ws/install/go2_rl/share/ament_index/resource_index
creating /home/jason/go2_ws/install/go2_rl/share/ament_index/resource_index/packages
copying resource/go2_rl -> /home/jason/go2_ws/install/go2_rl/share/ament_index/resource_index/packages
copying package.xml -> /home/jason/go2_ws/install/go2_rl/share/go2_rl
running install_egg_info
Copying ../../build/go2_rl/go2_rl.egg-info to /home/jason/go2_ws/install/go2_rl/lib/python3.10/site-packages/go2_rl-0.0.0-py3.10.egg-info
running install_scripts
writing list of installed files to '/home/jason/go2_ws/build/go2_rl/install.log'
