[35m[1mConsolidate compiler generated dependencies of target fk_ik_id_example[0m
[ 50%] [32mBuilding CXX object CMakeFiles/fk_ik_id_example.dir/src/fk_ik_id_example.cpp.o[0m
[100%] [32m[1mLinking CXX executable fk_ik_id_example[0m
[100%] Built target fk_ik_id_example
-- Install configuration: ""
-- Installing: /home/jason/projects/motion_control_go2/install/go2_pinocchio_demo/lib/go2_pinocchio_demo/fk_ik_id_example
-- Set runtime path of "/home/jason/projects/motion_control_go2/install/go2_pinocchio_demo/lib/go2_pinocchio_demo/fk_ik_id_example" to ""
-- Installing: /home/jason/projects/motion_control_go2/install/go2_pinocchio_demo/share/ament_index/resource_index/package_run_dependencies/go2_pinocchio_demo
-- Installing: /home/jason/projects/motion_control_go2/install/go2_pinocchio_demo/share/ament_index/resource_index/parent_prefix_path/go2_pinocchio_demo
-- Installing: /home/jason/projects/motion_control_go2/install/go2_pinocchio_demo/share/go2_pinocchio_demo/environment/ament_prefix_path.sh
-- Installing: /home/jason/projects/motion_control_go2/install/go2_pinocchio_demo/share/go2_pinocchio_demo/environment/ament_prefix_path.dsv
-- Installing: /home/jason/projects/motion_control_go2/install/go2_pinocchio_demo/share/go2_pinocchio_demo/environment/path.sh
-- Installing: /home/jason/projects/motion_control_go2/install/go2_pinocchio_demo/share/go2_pinocchio_demo/environment/path.dsv
-- Installing: /home/jason/projects/motion_control_go2/install/go2_pinocchio_demo/share/go2_pinocchio_demo/local_setup.bash
-- Installing: /home/jason/projects/motion_control_go2/install/go2_pinocchio_demo/share/go2_pinocchio_demo/local_setup.sh
-- Installing: /home/jason/projects/motion_control_go2/install/go2_pinocchio_demo/share/go2_pinocchio_demo/local_setup.zsh
-- Installing: /home/jason/projects/motion_control_go2/install/go2_pinocchio_demo/share/go2_pinocchio_demo/local_setup.dsv
-- Installing: /home/jason/projects/motion_control_go2/install/go2_pinocchio_demo/share/go2_pinocchio_demo/package.dsv
-- Installing: /home/jason/projects/motion_control_go2/install/go2_pinocchio_demo/share/ament_index/resource_index/packages/go2_pinocchio_demo
-- Installing: /home/jason/projects/motion_control_go2/install/go2_pinocchio_demo/share/go2_pinocchio_demo/cmake/go2_pinocchio_demoConfig.cmake
-- Installing: /home/jason/projects/motion_control_go2/install/go2_pinocchio_demo/share/go2_pinocchio_demo/cmake/go2_pinocchio_demoConfig-version.cmake
-- Installing: /home/jason/projects/motion_control_go2/install/go2_pinocchio_demo/share/go2_pinocchio_demo/package.xml
