[35m[1mConsolidate compiler generated dependencies of target fk_ik_id_example[0m
[ 50%] [32mBuilding CXX object CMakeFiles/fk_ik_id_example.dir/src/fk_ik_id_example.cpp.o[0m
In file included from [01m[K/opt/ros/humble/include/pinocchio/parsers/urdf.hpp:351[m[K,
                 from [01m[K/home/jason/projects/motion_control_go2/src/go2_pinocchio_demo/src/fk_ik_id_example.cpp:2[m[K:
[01m[K/opt/ros/humble/include/pinocchio/parsers/urdf/model.hxx:[m[K In member function ‘[01m[Kpinocchio::JointIndex pinocchio::urdf::details::UrdfVisitor<Scalar, Options, JointCollectionTpl>::addMimicJoint(const Frame&, const SE3&, const string&, const VectorConstRef&, const VectorConstRef&, const VectorConstRef&, const VectorConstRef&, const VectorConstRef&, const VectorConstRef&, const MimicInfo_&) [with TypeX = pinocchio::JointModelRevoluteTpl<double, 0, 0>; TypeY = pinocchio::JointModelRevoluteTpl<double, 0, 1>; TypeZ = pinocchio::JointModelRevoluteTpl<double, 0, 2>; TypeUnaligned = pinocchio::JointModelRevoluteUnalignedTpl<double>; Scalar = double; int Options = 0; JointCollectionTpl = pinocchio::JointCollectionDefaultTpl][m[K’:
[01m[K/opt/ros/humble/include/pinocchio/parsers/urdf/model.hxx:543:9:[m[K [01;35m[Kwarning: [m[Kcontrol reaches end of non-void function [[01;35m[K]8;;https://gcc.gnu.org/onlinedocs/gcc/Warning-Options.html#index-Wreturn-type-Wreturn-type]8;;[m[K]
  543 |         [01;35m[K}[m[K
      |         [01;35m[K^[m[K
[01m[K/opt/ros/humble/include/pinocchio/parsers/urdf/model.hxx:[m[K In member function ‘[01m[Kpinocchio::JointIndex pinocchio::urdf::details::UrdfVisitor<Scalar, Options, JointCollectionTpl>::addMimicJoint(const Frame&, const SE3&, const string&, const VectorConstRef&, const VectorConstRef&, const VectorConstRef&, const VectorConstRef&, const VectorConstRef&, const VectorConstRef&, const MimicInfo_&) [with TypeX = pinocchio::JointModelPrismaticTpl<double, 0, 0>; TypeY = pinocchio::JointModelPrismaticTpl<double, 0, 1>; TypeZ = pinocchio::JointModelPrismaticTpl<double, 0, 2>; TypeUnaligned = pinocchio::JointModelPrismaticUnalignedTpl<double>; Scalar = double; int Options = 0; JointCollectionTpl = pinocchio::JointCollectionDefaultTpl][m[K’:
[01m[K/opt/ros/humble/include/pinocchio/parsers/urdf/model.hxx:543:9:[m[K [01;35m[Kwarning: [m[Kcontrol reaches end of non-void function [[01;35m[K]8;;https://gcc.gnu.org/onlinedocs/gcc/Warning-Options.html#index-Wreturn-type-Wreturn-type]8;;[m[K]
  543 |         [01;35m[K}[m[K
      |         [01;35m[K^[m[K
[100%] [32m[1mLinking CXX executable fk_ik_id_example[0m
[100%] Built target fk_ik_id_example
-- Install configuration: ""
-- Installing: /home/jason/projects/motion_control_go2/install/go2_pinocchio_demo/lib/go2_pinocchio_demo/fk_ik_id_example
-- Set runtime path of "/home/jason/projects/motion_control_go2/install/go2_pinocchio_demo/lib/go2_pinocchio_demo/fk_ik_id_example" to ""
-- Installing: /home/jason/projects/motion_control_go2/install/go2_pinocchio_demo/share/ament_index/resource_index/package_run_dependencies/go2_pinocchio_demo
-- Installing: /home/jason/projects/motion_control_go2/install/go2_pinocchio_demo/share/ament_index/resource_index/parent_prefix_path/go2_pinocchio_demo
-- Installing: /home/jason/projects/motion_control_go2/install/go2_pinocchio_demo/share/go2_pinocchio_demo/environment/ament_prefix_path.sh
-- Installing: /home/jason/projects/motion_control_go2/install/go2_pinocchio_demo/share/go2_pinocchio_demo/environment/ament_prefix_path.dsv
-- Installing: /home/jason/projects/motion_control_go2/install/go2_pinocchio_demo/share/go2_pinocchio_demo/environment/path.sh
-- Installing: /home/jason/projects/motion_control_go2/install/go2_pinocchio_demo/share/go2_pinocchio_demo/environment/path.dsv
-- Installing: /home/jason/projects/motion_control_go2/install/go2_pinocchio_demo/share/go2_pinocchio_demo/local_setup.bash
-- Installing: /home/jason/projects/motion_control_go2/install/go2_pinocchio_demo/share/go2_pinocchio_demo/local_setup.sh
-- Installing: /home/jason/projects/motion_control_go2/install/go2_pinocchio_demo/share/go2_pinocchio_demo/local_setup.zsh
-- Installing: /home/jason/projects/motion_control_go2/install/go2_pinocchio_demo/share/go2_pinocchio_demo/local_setup.dsv
-- Installing: /home/jason/projects/motion_control_go2/install/go2_pinocchio_demo/share/go2_pinocchio_demo/package.dsv
-- Installing: /home/jason/projects/motion_control_go2/install/go2_pinocchio_demo/share/ament_index/resource_index/packages/go2_pinocchio_demo
-- Installing: /home/jason/projects/motion_control_go2/install/go2_pinocchio_demo/share/go2_pinocchio_demo/cmake/go2_pinocchio_demoConfig.cmake
-- Installing: /home/jason/projects/motion_control_go2/install/go2_pinocchio_demo/share/go2_pinocchio_demo/cmake/go2_pinocchio_demoConfig-version.cmake
-- Installing: /home/jason/projects/motion_control_go2/install/go2_pinocchio_demo/share/go2_pinocchio_demo/package.xml
