This file contains any messages produced by compilers while
running CMake, to aid debugging if configure makes a mistake.

It was created by gepetto-viewer CMake configuration process 6.0.0, which was
generated by CMake 3.22.1.

## --------- ##
## Platform. ##
## --------- ##

hostname = jasonabichebli
system = Linux-6.8.0-83-generic
processor = x86_64
generator = Unix Makefiles

PATH /home/jason/.mujoco/mujoco-3.2.7/bin
PATH /home/jason/.local/bin
PATH /opt/ros/humble/bin
PATH /home/jason/.local/bin
PATH /usr/local/sbin
PATH /usr/local/bin
PATH /usr/sbin
PATH /usr/bin
PATH /sbin
PATH /bin
PATH /usr/games
PATH /usr/local/games
PATH /snap/bin
PATH /snap/bin

PKG_CONFIG_PATH /usr/local/lib/pkgconfig
PKG_CONFIG_PATH /usr/local/lib/pkgconfig
PKG_CONFIG_PATH 

