[0.010s] Invoking command in '/home/jason/projects/motion_control_go2/build/unitree_api': CMAKE_PREFIX_PATH=${CMAKE_PREFIX_PATH}:/opt/ros/humble /usr/bin/cmake --build /home/jason/projects/motion_control_go2/build/unitree_api -- -j16 -l16
[0.038s] [  1%] [34m[1mGenerating C code for ROS interfaces[0m
[0.046s] [  2%] [34m[1mGenerating C++ code for ROS interfaces[0m
[0.050s] [  3%] [34m[1mGenerating DDS interfaces[0m
[0.052s] [  3%] Built target ament_cmake_python_symlink_unitree_api
[0.199s] running egg_info
[0.199s] creating unitree_api.egg-info
[0.199s] writing unitree_api.egg-info/PKG-INFO
[0.199s] writing dependency_links to unitree_api.egg-info/dependency_links.txt
[0.199s] writing top-level names to unitree_api.egg-info/top_level.txt
[0.199s] writing manifest file 'unitree_api.egg-info/SOURCES.txt'
[0.201s] reading manifest file 'unitree_api.egg-info/SOURCES.txt'
[0.201s] writing manifest file 'unitree_api.egg-info/SOURCES.txt'
[0.246s] [  3%] Built target ament_cmake_python_build_unitree_api_egg
[0.306s] [  3%] Built target unitree_api__dds_connext_idl
[0.611s] [  3%] Built target unitree_api__cpp
[0.630s] [  4%] [34m[1mGenerating C++ type support for eProsima Fast-RTPS[0m
[0.631s] [  6%] [34m[1mGenerating C++ type support dispatch for ROS interfaces[0m
[0.631s] [  6%] [34m[1mGenerating C++ introspection for ROS interfaces[0m
[0.870s] [  7%] [32mBuilding C object CMakeFiles/unitree_api__rosidl_generator_c.dir/rosidl_generator_c/unitree_api/msg/detail/request__functions.c.o[0m
[0.876s] [  9%] [32mBuilding C object CMakeFiles/unitree_api__rosidl_generator_c.dir/rosidl_generator_c/unitree_api/msg/detail/request_header__functions.c.o[0m
[0.876s] [ 10%] [32mBuilding C object CMakeFiles/unitree_api__rosidl_generator_c.dir/rosidl_generator_c/unitree_api/msg/detail/request_identity__functions.c.o[0m
[0.880s] [ 11%] [32mBuilding C object CMakeFiles/unitree_api__rosidl_generator_c.dir/rosidl_generator_c/unitree_api/msg/detail/request_lease__functions.c.o[0m
[0.890s] [ 12%] [32mBuilding C object CMakeFiles/unitree_api__rosidl_generator_c.dir/rosidl_generator_c/unitree_api/msg/detail/response__functions.c.o[0m
[0.907s] [ 13%] [32mBuilding C object CMakeFiles/unitree_api__rosidl_generator_c.dir/rosidl_generator_c/unitree_api/msg/detail/response_header__functions.c.o[0m
[0.911s] [ 14%] [32mBuilding C object CMakeFiles/unitree_api__rosidl_generator_c.dir/rosidl_generator_c/unitree_api/msg/detail/response_status__functions.c.o[0m
[0.936s] [ 15%] [32mBuilding C object CMakeFiles/unitree_api__rosidl_generator_c.dir/rosidl_generator_c/unitree_api/msg/detail/request_policy__functions.c.o[0m
[1.026s] [ 17%] [32mBuilding CXX object CMakeFiles/unitree_api__rosidl_typesupport_cpp.dir/rosidl_typesupport_cpp/unitree_api/msg/request_identity__type_support.cpp.o[0m
[1.038s] [ 18%] [32mBuilding CXX object CMakeFiles/unitree_api__rosidl_typesupport_cpp.dir/rosidl_typesupport_cpp/unitree_api/msg/request_lease__type_support.cpp.o[0m
[1.044s] [ 19%] [32mBuilding CXX object CMakeFiles/unitree_api__rosidl_typesupport_cpp.dir/rosidl_typesupport_cpp/unitree_api/msg/request_policy__type_support.cpp.o[0m
[1.047s] [ 22%] [32mBuilding CXX object CMakeFiles/unitree_api__rosidl_typesupport_cpp.dir/rosidl_typesupport_cpp/unitree_api/msg/request_header__type_support.cpp.o[0m
[1.048s] [ 20%] [32m[1mLinking C shared library libunitree_api__rosidl_generator_c.so[0m
[1.050s] [ 23%] [32mBuilding CXX object CMakeFiles/unitree_api__rosidl_typesupport_cpp.dir/rosidl_typesupport_cpp/unitree_api/msg/response__type_support.cpp.o[0m
[1.052s] [ 21%] [32mBuilding CXX object CMakeFiles/unitree_api__rosidl_typesupport_cpp.dir/rosidl_typesupport_cpp/unitree_api/msg/request__type_support.cpp.o[0m
[1.059s] [ 25%] [32mBuilding CXX object CMakeFiles/unitree_api__rosidl_typesupport_cpp.dir/rosidl_typesupport_cpp/unitree_api/msg/response_header__type_support.cpp.o[0m
[1.096s] [ 26%] [32mBuilding CXX object CMakeFiles/unitree_api__rosidl_typesupport_cpp.dir/rosidl_typesupport_cpp/unitree_api/msg/response_status__type_support.cpp.o[0m
[1.114s] [ 26%] Built target unitree_api__rosidl_generator_c
[1.148s] [ 27%] [34m[1mGenerating C introspection for ROS interfaces[0m
[1.157s] [ 28%] [34m[1mGenerating C type support for eProsima Fast-RTPS[0m
[1.158s] [ 29%] [34m[1mGenerating C type support dispatch for ROS interfaces[0m
[1.230s] [ 30%] [32mBuilding CXX object CMakeFiles/unitree_api__rosidl_typesupport_fastrtps_cpp.dir/rosidl_typesupport_fastrtps_cpp/unitree_api/msg/detail/dds_fastrtps/request_header__type_support.cpp.o[0m
[1.240s] [ 31%] [32mBuilding CXX object CMakeFiles/unitree_api__rosidl_typesupport_fastrtps_cpp.dir/rosidl_typesupport_fastrtps_cpp/unitree_api/msg/detail/dds_fastrtps/request_identity__type_support.cpp.o[0m
[1.245s] [ 32%] [32mBuilding CXX object CMakeFiles/unitree_api__rosidl_typesupport_fastrtps_cpp.dir/rosidl_typesupport_fastrtps_cpp/unitree_api/msg/detail/dds_fastrtps/request_lease__type_support.cpp.o[0m
[1.299s] [ 34%] [32mBuilding CXX object CMakeFiles/unitree_api__rosidl_typesupport_fastrtps_cpp.dir/rosidl_typesupport_fastrtps_cpp/unitree_api/msg/detail/dds_fastrtps/request__type_support.cpp.o[0m
[1.575s] [ 35%] [32mBuilding CXX object CMakeFiles/unitree_api__rosidl_typesupport_fastrtps_cpp.dir/rosidl_typesupport_fastrtps_cpp/unitree_api/msg/detail/dds_fastrtps/request_policy__type_support.cpp.o[0m
[1.586s] [ 36%] [32mBuilding CXX object CMakeFiles/unitree_api__rosidl_typesupport_fastrtps_cpp.dir/rosidl_typesupport_fastrtps_cpp/unitree_api/msg/detail/dds_fastrtps/response__type_support.cpp.o[0m
[1.598s] [ 37%] [32mBuilding CXX object CMakeFiles/unitree_api__rosidl_typesupport_fastrtps_cpp.dir/rosidl_typesupport_fastrtps_cpp/unitree_api/msg/detail/dds_fastrtps/response_header__type_support.cpp.o[0m
[1.613s] [ 38%] [32mBuilding CXX object CMakeFiles/unitree_api__rosidl_typesupport_introspection_cpp.dir/rosidl_typesupport_introspection_cpp/unitree_api/msg/detail/request__type_support.cpp.o[0m
[1.617s] [ 39%] [32mBuilding CXX object CMakeFiles/unitree_api__rosidl_typesupport_fastrtps_cpp.dir/rosidl_typesupport_fastrtps_cpp/unitree_api/msg/detail/dds_fastrtps/response_status__type_support.cpp.o[0m
[1.623s] [ 40%] [32mBuilding CXX object CMakeFiles/unitree_api__rosidl_typesupport_introspection_cpp.dir/rosidl_typesupport_introspection_cpp/unitree_api/msg/detail/request_header__type_support.cpp.o[0m
[1.636s] [ 42%] [32mBuilding CXX object CMakeFiles/unitree_api__rosidl_typesupport_introspection_cpp.dir/rosidl_typesupport_introspection_cpp/unitree_api/msg/detail/request_identity__type_support.cpp.o[0m
[1.729s] [ 43%] [32m[1mLinking CXX shared library libunitree_api__rosidl_typesupport_cpp.so[0m
[1.731s] [ 44%] [32mBuilding CXX object CMakeFiles/unitree_api__rosidl_typesupport_introspection_cpp.dir/rosidl_typesupport_introspection_cpp/unitree_api/msg/detail/request_lease__type_support.cpp.o[0m
[1.877s] [ 44%] Built target unitree_api__rosidl_typesupport_cpp
[1.938s] [ 45%] [32mBuilding CXX object CMakeFiles/unitree_api__rosidl_typesupport_introspection_cpp.dir/rosidl_typesupport_introspection_cpp/unitree_api/msg/detail/request_policy__type_support.cpp.o[0m
[2.022s] [ 46%] [32mBuilding CXX object CMakeFiles/unitree_api__rosidl_typesupport_fastrtps_c.dir/rosidl_typesupport_fastrtps_c/unitree_api/msg/detail/request__type_support_c.cpp.o[0m
[2.071s] [ 47%] [32mBuilding CXX object CMakeFiles/unitree_api__rosidl_typesupport_fastrtps_c.dir/rosidl_typesupport_fastrtps_c/unitree_api/msg/detail/request_header__type_support_c.cpp.o[0m
[2.134s] [ 48%] [32mBuilding CXX object CMakeFiles/unitree_api__rosidl_typesupport_fastrtps_c.dir/rosidl_typesupport_fastrtps_c/unitree_api/msg/detail/request_identity__type_support_c.cpp.o[0m
[2.166s] [ 50%] [32mBuilding CXX object CMakeFiles/unitree_api__rosidl_typesupport_introspection_cpp.dir/rosidl_typesupport_introspection_cpp/unitree_api/msg/detail/response__type_support.cpp.o[0m
[2.312s] [ 51%] [32mBuilding CXX object CMakeFiles/unitree_api__rosidl_typesupport_fastrtps_c.dir/rosidl_typesupport_fastrtps_c/unitree_api/msg/detail/request_lease__type_support_c.cpp.o[0m
[2.358s] [ 52%] [32mBuilding CXX object CMakeFiles/unitree_api__rosidl_typesupport_introspection_cpp.dir/rosidl_typesupport_introspection_cpp/unitree_api/msg/detail/response_header__type_support.cpp.o[0m
[2.358s] [ 53%] [32mBuilding C object CMakeFiles/unitree_api__rosidl_typesupport_introspection_c.dir/rosidl_typesupport_introspection_c/unitree_api/msg/detail/request__type_support.c.o[0m
[2.379s] [ 54%] [32mBuilding CXX object CMakeFiles/unitree_api__rosidl_typesupport_c.dir/rosidl_typesupport_c/unitree_api/msg/request__type_support.cpp.o[0m
[2.504s] [ 55%] [32mBuilding CXX object CMakeFiles/unitree_api__rosidl_typesupport_c.dir/rosidl_typesupport_c/unitree_api/msg/request_header__type_support.cpp.o[0m
[2.524s] [ 56%] [32mBuilding CXX object CMakeFiles/unitree_api__rosidl_typesupport_fastrtps_c.dir/rosidl_typesupport_fastrtps_c/unitree_api/msg/detail/response__type_support_c.cpp.o[0m
[2.574s] [ 57%] [32mBuilding C object CMakeFiles/unitree_api__rosidl_typesupport_introspection_c.dir/rosidl_typesupport_introspection_c/unitree_api/msg/detail/request_header__type_support.c.o[0m
[2.581s] [ 59%] [32mBuilding CXX object CMakeFiles/unitree_api__rosidl_typesupport_c.dir/rosidl_typesupport_c/unitree_api/msg/request_identity__type_support.cpp.o[0m
[2.595s] [ 60%] [32mBuilding CXX object CMakeFiles/unitree_api__rosidl_typesupport_fastrtps_c.dir/rosidl_typesupport_fastrtps_c/unitree_api/msg/detail/request_policy__type_support_c.cpp.o[0m
[2.611s] [ 61%] [32mBuilding CXX object CMakeFiles/unitree_api__rosidl_typesupport_fastrtps_c.dir/rosidl_typesupport_fastrtps_c/unitree_api/msg/detail/response_header__type_support_c.cpp.o[0m
[2.617s] [ 62%] [32mBuilding C object CMakeFiles/unitree_api__rosidl_typesupport_introspection_c.dir/rosidl_typesupport_introspection_c/unitree_api/msg/detail/request_identity__type_support.c.o[0m
[2.688s] [ 63%] [32m[1mLinking CXX shared library libunitree_api__rosidl_typesupport_fastrtps_cpp.so[0m
[2.688s] [ 64%] [32mBuilding C object CMakeFiles/unitree_api__rosidl_typesupport_introspection_c.dir/rosidl_typesupport_introspection_c/unitree_api/msg/detail/request_lease__type_support.c.o[0m
[2.694s] [ 65%] [32mBuilding C object CMakeFiles/unitree_api__rosidl_typesupport_introspection_c.dir/rosidl_typesupport_introspection_c/unitree_api/msg/detail/request_policy__type_support.c.o[0m
[2.694s] [ 67%] [32mBuilding CXX object CMakeFiles/unitree_api__rosidl_typesupport_c.dir/rosidl_typesupport_c/unitree_api/msg/request_lease__type_support.cpp.o[0m
[2.714s] [ 68%] [32mBuilding CXX object CMakeFiles/unitree_api__rosidl_typesupport_introspection_cpp.dir/rosidl_typesupport_introspection_cpp/unitree_api/msg/detail/response_status__type_support.cpp.o[0m
[2.769s] [ 69%] [32mBuilding CXX object CMakeFiles/unitree_api__rosidl_typesupport_fastrtps_c.dir/rosidl_typesupport_fastrtps_c/unitree_api/msg/detail/response_status__type_support_c.cpp.o[0m
[2.780s] [ 70%] [32mBuilding CXX object CMakeFiles/unitree_api__rosidl_typesupport_c.dir/rosidl_typesupport_c/unitree_api/msg/request_policy__type_support.cpp.o[0m
[2.780s] [ 71%] [32mBuilding C object CMakeFiles/unitree_api__rosidl_typesupport_introspection_c.dir/rosidl_typesupport_introspection_c/unitree_api/msg/detail/response__type_support.c.o[0m
[2.873s] [ 72%] [32mBuilding C object CMakeFiles/unitree_api__rosidl_typesupport_introspection_c.dir/rosidl_typesupport_introspection_c/unitree_api/msg/detail/response_header__type_support.c.o[0m
[2.885s] [ 73%] [32mBuilding C object CMakeFiles/unitree_api__rosidl_typesupport_introspection_c.dir/rosidl_typesupport_introspection_c/unitree_api/msg/detail/response_status__type_support.c.o[0m
[2.890s] [ 75%] [32mBuilding CXX object CMakeFiles/unitree_api__rosidl_typesupport_c.dir/rosidl_typesupport_c/unitree_api/msg/response__type_support.cpp.o[0m
[2.959s] [ 76%] [32mBuilding CXX object CMakeFiles/unitree_api__rosidl_typesupport_c.dir/rosidl_typesupport_c/unitree_api/msg/response_status__type_support.cpp.o[0m
[2.964s] [ 77%] [32mBuilding CXX object CMakeFiles/unitree_api__rosidl_typesupport_c.dir/rosidl_typesupport_c/unitree_api/msg/response_header__type_support.cpp.o[0m
[2.970s] [ 78%] [32m[1mLinking C shared library libunitree_api__rosidl_typesupport_introspection_c.so[0m
[3.059s] [ 79%] [32m[1mLinking CXX shared library libunitree_api__rosidl_typesupport_c.so[0m
[3.133s] [ 79%] Built target unitree_api__rosidl_typesupport_c
[3.146s] [ 79%] Built target unitree_api__rosidl_typesupport_introspection_c
[3.215s] [ 79%] Built target unitree_api__rosidl_typesupport_fastrtps_cpp
[3.618s] [ 80%] [32m[1mLinking CXX shared library libunitree_api__rosidl_typesupport_introspection_cpp.so[0m
[3.838s] [ 80%] Built target unitree_api__rosidl_typesupport_introspection_cpp
[3.999s] [ 81%] [32m[1mLinking CXX shared library libunitree_api__rosidl_typesupport_fastrtps_c.so[0m
[4.215s] [ 81%] Built target unitree_api__rosidl_typesupport_fastrtps_c
[4.278s] [ 81%] Built target unitree_api
[4.349s] [ 82%] [34m[1mGenerating Python code for ROS interfaces[0m
[5.619s] [ 82%] Built target unitree_api__py
[5.667s] [ 84%] [32mBuilding C object CMakeFiles/unitree_api__rosidl_generator_py.dir/rosidl_generator_py/unitree_api/msg/_request_s.c.o[0m
[5.675s] [ 85%] [32mBuilding C object CMakeFiles/unitree_api__rosidl_generator_py.dir/rosidl_generator_py/unitree_api/msg/_request_header_s.c.o[0m
[5.688s] [ 86%] [32mBuilding C object CMakeFiles/unitree_api__rosidl_generator_py.dir/rosidl_generator_py/unitree_api/msg/_request_identity_s.c.o[0m
[5.694s] [ 87%] [32mBuilding C object CMakeFiles/unitree_api__rosidl_generator_py.dir/rosidl_generator_py/unitree_api/msg/_response_s.c.o[0m
[5.701s] [ 88%] [32mBuilding C object CMakeFiles/unitree_api__rosidl_generator_py.dir/rosidl_generator_py/unitree_api/msg/_request_lease_s.c.o[0m
[5.702s] [ 89%] [32mBuilding C object CMakeFiles/unitree_api__rosidl_generator_py.dir/rosidl_generator_py/unitree_api/msg/_response_status_s.c.o[0m
[5.709s] [ 90%] [32mBuilding C object CMakeFiles/unitree_api__rosidl_generator_py.dir/rosidl_generator_py/unitree_api/msg/_response_header_s.c.o[0m
[5.738s] [ 92%] [32mBuilding C object CMakeFiles/unitree_api__rosidl_generator_py.dir/rosidl_generator_py/unitree_api/msg/_request_policy_s.c.o[0m
[6.200s] [ 93%] [32m[1mLinking C shared library rosidl_generator_py/unitree_api/libunitree_api__rosidl_generator_py.so[0m
[6.259s] [ 93%] Built target unitree_api__rosidl_generator_py
[6.300s] [ 94%] [32mBuilding C object CMakeFiles/unitree_api__rosidl_typesupport_c__pyext.dir/rosidl_generator_py/unitree_api/_unitree_api_s.ep.rosidl_typesupport_c.c.o[0m
[6.310s] [ 95%] [32mBuilding C object CMakeFiles/unitree_api__rosidl_typesupport_fastrtps_c__pyext.dir/rosidl_generator_py/unitree_api/_unitree_api_s.ep.rosidl_typesupport_fastrtps_c.c.o[0m
[6.318s] [ 96%] [32mBuilding C object CMakeFiles/unitree_api__rosidl_typesupport_introspection_c__pyext.dir/rosidl_generator_py/unitree_api/_unitree_api_s.ep.rosidl_typesupport_introspection_c.c.o[0m
[6.480s] [ 97%] [32m[1mLinking C shared library rosidl_generator_py/unitree_api/unitree_api_s__rosidl_typesupport_c.cpython-310-x86_64-linux-gnu.so[0m
[6.514s] [ 98%] [32m[1mLinking C shared library rosidl_generator_py/unitree_api/unitree_api_s__rosidl_typesupport_introspection_c.cpython-310-x86_64-linux-gnu.so[0m
[6.538s] [100%] [32m[1mLinking C shared library rosidl_generator_py/unitree_api/unitree_api_s__rosidl_typesupport_fastrtps_c.cpython-310-x86_64-linux-gnu.so[0m
[6.556s] [100%] Built target unitree_api__rosidl_typesupport_c__pyext
[6.581s] [100%] Built target unitree_api__rosidl_typesupport_fastrtps_c__pyext
[6.590s] [100%] Built target unitree_api__rosidl_typesupport_introspection_c__pyext
[6.649s] Invoked command in '/home/jason/projects/motion_control_go2/build/unitree_api' returned '0': CMAKE_PREFIX_PATH=${CMAKE_PREFIX_PATH}:/opt/ros/humble /usr/bin/cmake --build /home/jason/projects/motion_control_go2/build/unitree_api -- -j16 -l16
[6.654s] Invoking command in '/home/jason/projects/motion_control_go2/build/unitree_api': CMAKE_PREFIX_PATH=${CMAKE_PREFIX_PATH}:/opt/ros/humble /usr/bin/cmake --install /home/jason/projects/motion_control_go2/build/unitree_api
[6.667s] -- Install configuration: ""
[6.667s] -- Execute custom install script
[6.667s] -- Symlinking: /home/jason/projects/motion_control_go2/install/unitree_api/share/ament_index/resource_index/rosidl_interfaces/unitree_api
[6.678s] -- Symlinking: /home/jason/projects/motion_control_go2/install/unitree_api/include/unitree_api/unitree_api/msg/detail/request__functions.h
[6.694s] -- Symlinking: /home/jason/projects/motion_control_go2/install/unitree_api/include/unitree_api/unitree_api/msg/detail/request__struct.h
[6.709s] -- Symlinking: /home/jason/projects/motion_control_go2/install/unitree_api/include/unitree_api/unitree_api/msg/detail/request__type_support.h
[6.720s] -- Symlinking: /home/jason/projects/motion_control_go2/install/unitree_api/include/unitree_api/unitree_api/msg/detail/request_header__functions.h
[6.723s] -- Symlinking: /home/jason/projects/motion_control_go2/install/unitree_api/include/unitree_api/unitree_api/msg/detail/request_header__struct.h
[6.734s] -- Symlinking: /home/jason/projects/motion_control_go2/install/unitree_api/include/unitree_api/unitree_api/msg/detail/request_header__type_support.h
[6.745s] -- Symlinking: /home/jason/projects/motion_control_go2/install/unitree_api/include/unitree_api/unitree_api/msg/detail/request_identity__functions.h
[6.760s] -- Symlinking: /home/jason/projects/motion_control_go2/install/unitree_api/include/unitree_api/unitree_api/msg/detail/request_identity__struct.h
[6.774s] -- Symlinking: /home/jason/projects/motion_control_go2/install/unitree_api/include/unitree_api/unitree_api/msg/detail/request_identity__type_support.h
[6.782s] -- Symlinking: /home/jason/projects/motion_control_go2/install/unitree_api/include/unitree_api/unitree_api/msg/detail/request_lease__functions.h
[6.793s] -- Symlinking: /home/jason/projects/motion_control_go2/install/unitree_api/include/unitree_api/unitree_api/msg/detail/request_lease__struct.h
[6.802s] -- Symlinking: /home/jason/projects/motion_control_go2/install/unitree_api/include/unitree_api/unitree_api/msg/detail/request_lease__type_support.h
[6.823s] -- Symlinking: /home/jason/projects/motion_control_go2/install/unitree_api/include/unitree_api/unitree_api/msg/detail/request_policy__functions.h
[6.833s] -- Symlinking: /home/jason/projects/motion_control_go2/install/unitree_api/include/unitree_api/unitree_api/msg/detail/request_policy__struct.h
[6.849s] -- Symlinking: /home/jason/projects/motion_control_go2/install/unitree_api/include/unitree_api/unitree_api/msg/detail/request_policy__type_support.h
[6.857s] -- Symlinking: /home/jason/projects/motion_control_go2/install/unitree_api/include/unitree_api/unitree_api/msg/detail/response__functions.h
[6.866s] -- Symlinking: /home/jason/projects/motion_control_go2/install/unitree_api/include/unitree_api/unitree_api/msg/detail/response__struct.h
[6.879s] -- Symlinking: /home/jason/projects/motion_control_go2/install/unitree_api/include/unitree_api/unitree_api/msg/detail/response__type_support.h
[6.889s] -- Symlinking: /home/jason/projects/motion_control_go2/install/unitree_api/include/unitree_api/unitree_api/msg/detail/response_header__functions.h
[6.906s] -- Symlinking: /home/jason/projects/motion_control_go2/install/unitree_api/include/unitree_api/unitree_api/msg/detail/response_header__struct.h
[6.917s] -- Symlinking: /home/jason/projects/motion_control_go2/install/unitree_api/include/unitree_api/unitree_api/msg/detail/response_header__type_support.h
[6.934s] -- Symlinking: /home/jason/projects/motion_control_go2/install/unitree_api/include/unitree_api/unitree_api/msg/detail/response_status__functions.h
[6.944s] -- Symlinking: /home/jason/projects/motion_control_go2/install/unitree_api/include/unitree_api/unitree_api/msg/detail/response_status__struct.h
[6.956s] -- Symlinking: /home/jason/projects/motion_control_go2/install/unitree_api/include/unitree_api/unitree_api/msg/detail/response_status__type_support.h
[6.966s] -- Symlinking: /home/jason/projects/motion_control_go2/install/unitree_api/include/unitree_api/unitree_api/msg/request.h
[6.972s] -- Symlinking: /home/jason/projects/motion_control_go2/install/unitree_api/include/unitree_api/unitree_api/msg/request_header.h
[6.981s] -- Symlinking: /home/jason/projects/motion_control_go2/install/unitree_api/include/unitree_api/unitree_api/msg/request_identity.h
[6.990s] -- Symlinking: /home/jason/projects/motion_control_go2/install/unitree_api/include/unitree_api/unitree_api/msg/request_lease.h
[6.999s] -- Symlinking: /home/jason/projects/motion_control_go2/install/unitree_api/include/unitree_api/unitree_api/msg/request_policy.h
[7.012s] -- Symlinking: /home/jason/projects/motion_control_go2/install/unitree_api/include/unitree_api/unitree_api/msg/response.h
[7.026s] -- Symlinking: /home/jason/projects/motion_control_go2/install/unitree_api/include/unitree_api/unitree_api/msg/response_header.h
[7.035s] -- Symlinking: /home/jason/projects/motion_control_go2/install/unitree_api/include/unitree_api/unitree_api/msg/response_status.h
[7.043s] -- Symlinking: /home/jason/projects/motion_control_go2/install/unitree_api/include/unitree_api/unitree_api/msg/rosidl_generator_c__visibility_control.h
[7.057s] -- Symlinking: /home/jason/projects/motion_control_go2/install/unitree_api/share/unitree_api/environment/library_path.sh
[7.066s] -- Symlinking: /home/jason/projects/motion_control_go2/install/unitree_api/share/unitree_api/environment/library_path.dsv
[7.082s] -- Symlinking: /home/jason/projects/motion_control_go2/install/unitree_api/include/unitree_api/unitree_api/msg/detail/request__rosidl_typesupport_fastrtps_c.h
[7.089s] -- Symlinking: /home/jason/projects/motion_control_go2/install/unitree_api/include/unitree_api/unitree_api/msg/detail/request_header__rosidl_typesupport_fastrtps_c.h
[7.102s] -- Symlinking: /home/jason/projects/motion_control_go2/install/unitree_api/include/unitree_api/unitree_api/msg/detail/request_identity__rosidl_typesupport_fastrtps_c.h
[7.121s] -- Symlinking: /home/jason/projects/motion_control_go2/install/unitree_api/include/unitree_api/unitree_api/msg/detail/request_lease__rosidl_typesupport_fastrtps_c.h
[7.136s] -- Symlinking: /home/jason/projects/motion_control_go2/install/unitree_api/include/unitree_api/unitree_api/msg/detail/request_policy__rosidl_typesupport_fastrtps_c.h
[7.153s] -- Symlinking: /home/jason/projects/motion_control_go2/install/unitree_api/include/unitree_api/unitree_api/msg/detail/response__rosidl_typesupport_fastrtps_c.h
[7.167s] -- Symlinking: /home/jason/projects/motion_control_go2/install/unitree_api/include/unitree_api/unitree_api/msg/detail/response_header__rosidl_typesupport_fastrtps_c.h
[7.187s] -- Symlinking: /home/jason/projects/motion_control_go2/install/unitree_api/include/unitree_api/unitree_api/msg/detail/response_status__rosidl_typesupport_fastrtps_c.h
[7.191s] -- Symlinking: /home/jason/projects/motion_control_go2/install/unitree_api/include/unitree_api/unitree_api/msg/rosidl_typesupport_fastrtps_c__visibility_control.h
[7.201s] -- Symlinking: /home/jason/projects/motion_control_go2/install/unitree_api/include/unitree_api/unitree_api/msg/detail/request__builder.hpp
[7.211s] -- Symlinking: /home/jason/projects/motion_control_go2/install/unitree_api/include/unitree_api/unitree_api/msg/detail/request__struct.hpp
[7.226s] -- Symlinking: /home/jason/projects/motion_control_go2/install/unitree_api/include/unitree_api/unitree_api/msg/detail/request__traits.hpp
[7.240s] -- Symlinking: /home/jason/projects/motion_control_go2/install/unitree_api/include/unitree_api/unitree_api/msg/detail/request__type_support.hpp
[7.253s] -- Symlinking: /home/jason/projects/motion_control_go2/install/unitree_api/include/unitree_api/unitree_api/msg/detail/request_header__builder.hpp
[7.295s] -- Symlinking: /home/jason/projects/motion_control_go2/install/unitree_api/include/unitree_api/unitree_api/msg/detail/request_header__struct.hpp
[7.306s] -- Symlinking: /home/jason/projects/motion_control_go2/install/unitree_api/include/unitree_api/unitree_api/msg/detail/request_header__traits.hpp
[7.319s] -- Symlinking: /home/jason/projects/motion_control_go2/install/unitree_api/include/unitree_api/unitree_api/msg/detail/request_header__type_support.hpp
[7.336s] -- Symlinking: /home/jason/projects/motion_control_go2/install/unitree_api/include/unitree_api/unitree_api/msg/detail/request_identity__builder.hpp
[7.358s] -- Symlinking: /home/jason/projects/motion_control_go2/install/unitree_api/include/unitree_api/unitree_api/msg/detail/request_identity__struct.hpp
[7.359s] -- Symlinking: /home/jason/projects/motion_control_go2/install/unitree_api/include/unitree_api/unitree_api/msg/detail/request_identity__traits.hpp
[7.372s] -- Symlinking: /home/jason/projects/motion_control_go2/install/unitree_api/include/unitree_api/unitree_api/msg/detail/request_identity__type_support.hpp
[7.390s] -- Symlinking: /home/jason/projects/motion_control_go2/install/unitree_api/include/unitree_api/unitree_api/msg/detail/request_lease__builder.hpp
[7.410s] -- Symlinking: /home/jason/projects/motion_control_go2/install/unitree_api/include/unitree_api/unitree_api/msg/detail/request_lease__struct.hpp
[7.426s] -- Symlinking: /home/jason/projects/motion_control_go2/install/unitree_api/include/unitree_api/unitree_api/msg/detail/request_lease__traits.hpp
[7.444s] -- Symlinking: /home/jason/projects/motion_control_go2/install/unitree_api/include/unitree_api/unitree_api/msg/detail/request_lease__type_support.hpp
[7.457s] -- Symlinking: /home/jason/projects/motion_control_go2/install/unitree_api/include/unitree_api/unitree_api/msg/detail/request_policy__builder.hpp
[7.473s] -- Symlinking: /home/jason/projects/motion_control_go2/install/unitree_api/include/unitree_api/unitree_api/msg/detail/request_policy__struct.hpp
[7.486s] -- Symlinking: /home/jason/projects/motion_control_go2/install/unitree_api/include/unitree_api/unitree_api/msg/detail/request_policy__traits.hpp
[7.500s] -- Symlinking: /home/jason/projects/motion_control_go2/install/unitree_api/include/unitree_api/unitree_api/msg/detail/request_policy__type_support.hpp
[7.515s] -- Symlinking: /home/jason/projects/motion_control_go2/install/unitree_api/include/unitree_api/unitree_api/msg/detail/response__builder.hpp
[7.530s] -- Symlinking: /home/jason/projects/motion_control_go2/install/unitree_api/include/unitree_api/unitree_api/msg/detail/response__struct.hpp
[7.551s] -- Symlinking: /home/jason/projects/motion_control_go2/install/unitree_api/include/unitree_api/unitree_api/msg/detail/response__traits.hpp
[7.560s] -- Symlinking: /home/jason/projects/motion_control_go2/install/unitree_api/include/unitree_api/unitree_api/msg/detail/response__type_support.hpp
[7.578s] -- Symlinking: /home/jason/projects/motion_control_go2/install/unitree_api/include/unitree_api/unitree_api/msg/detail/response_header__builder.hpp
[7.588s] -- Symlinking: /home/jason/projects/motion_control_go2/install/unitree_api/include/unitree_api/unitree_api/msg/detail/response_header__struct.hpp
[7.601s] -- Symlinking: /home/jason/projects/motion_control_go2/install/unitree_api/include/unitree_api/unitree_api/msg/detail/response_header__traits.hpp
[7.665s] -- Symlinking: /home/jason/projects/motion_control_go2/install/unitree_api/include/unitree_api/unitree_api/msg/detail/response_header__type_support.hpp
[7.678s] -- Symlinking: /home/jason/projects/motion_control_go2/install/unitree_api/include/unitree_api/unitree_api/msg/detail/response_status__builder.hpp
[7.688s] -- Symlinking: /home/jason/projects/motion_control_go2/install/unitree_api/include/unitree_api/unitree_api/msg/detail/response_status__struct.hpp
[7.702s] -- Symlinking: /home/jason/projects/motion_control_go2/install/unitree_api/include/unitree_api/unitree_api/msg/detail/response_status__traits.hpp
[7.721s] -- Symlinking: /home/jason/projects/motion_control_go2/install/unitree_api/include/unitree_api/unitree_api/msg/detail/response_status__type_support.hpp
[7.745s] -- Symlinking: /home/jason/projects/motion_control_go2/install/unitree_api/include/unitree_api/unitree_api/msg/request.hpp
[7.760s] -- Symlinking: /home/jason/projects/motion_control_go2/install/unitree_api/include/unitree_api/unitree_api/msg/request_header.hpp
[7.773s] -- Symlinking: /home/jason/projects/motion_control_go2/install/unitree_api/include/unitree_api/unitree_api/msg/request_identity.hpp
[7.798s] -- Symlinking: /home/jason/projects/motion_control_go2/install/unitree_api/include/unitree_api/unitree_api/msg/request_lease.hpp
[7.807s] -- Symlinking: /home/jason/projects/motion_control_go2/install/unitree_api/include/unitree_api/unitree_api/msg/request_policy.hpp
[7.824s] -- Symlinking: /home/jason/projects/motion_control_go2/install/unitree_api/include/unitree_api/unitree_api/msg/response.hpp
[7.841s] -- Symlinking: /home/jason/projects/motion_control_go2/install/unitree_api/include/unitree_api/unitree_api/msg/response_header.hpp
[7.862s] -- Symlinking: /home/jason/projects/motion_control_go2/install/unitree_api/include/unitree_api/unitree_api/msg/response_status.hpp
[7.942s] -- Symlinking: /home/jason/projects/motion_control_go2/install/unitree_api/include/unitree_api/unitree_api/msg/rosidl_generator_cpp__visibility_control.hpp
[7.955s] -- Symlinking: /home/jason/projects/motion_control_go2/install/unitree_api/include/unitree_api/unitree_api/msg/detail/request__rosidl_typesupport_fastrtps_cpp.hpp
[7.969s] -- Symlinking: /home/jason/projects/motion_control_go2/install/unitree_api/include/unitree_api/unitree_api/msg/detail/request_header__rosidl_typesupport_fastrtps_cpp.hpp
[7.991s] -- Symlinking: /home/jason/projects/motion_control_go2/install/unitree_api/include/unitree_api/unitree_api/msg/detail/request_identity__rosidl_typesupport_fastrtps_cpp.hpp
[8.000s] -- Symlinking: /home/jason/projects/motion_control_go2/install/unitree_api/include/unitree_api/unitree_api/msg/detail/request_lease__rosidl_typesupport_fastrtps_cpp.hpp
[8.012s] -- Symlinking: /home/jason/projects/motion_control_go2/install/unitree_api/include/unitree_api/unitree_api/msg/detail/request_policy__rosidl_typesupport_fastrtps_cpp.hpp
[8.031s] -- Symlinking: /home/jason/projects/motion_control_go2/install/unitree_api/include/unitree_api/unitree_api/msg/detail/response__rosidl_typesupport_fastrtps_cpp.hpp
[8.046s] -- Symlinking: /home/jason/projects/motion_control_go2/install/unitree_api/include/unitree_api/unitree_api/msg/detail/response_header__rosidl_typesupport_fastrtps_cpp.hpp
[8.062s] -- Symlinking: /home/jason/projects/motion_control_go2/install/unitree_api/include/unitree_api/unitree_api/msg/detail/response_status__rosidl_typesupport_fastrtps_cpp.hpp
[8.082s] -- Symlinking: /home/jason/projects/motion_control_go2/install/unitree_api/include/unitree_api/unitree_api/msg/rosidl_typesupport_fastrtps_cpp__visibility_control.h
[8.097s] -- Symlinking: /home/jason/projects/motion_control_go2/install/unitree_api/include/unitree_api/unitree_api/msg/detail/request__rosidl_typesupport_introspection_c.h
[8.110s] -- Symlinking: /home/jason/projects/motion_control_go2/install/unitree_api/include/unitree_api/unitree_api/msg/detail/request_header__rosidl_typesupport_introspection_c.h
[8.126s] -- Symlinking: /home/jason/projects/motion_control_go2/install/unitree_api/include/unitree_api/unitree_api/msg/detail/request_identity__rosidl_typesupport_introspection_c.h
[8.150s] -- Symlinking: /home/jason/projects/motion_control_go2/install/unitree_api/include/unitree_api/unitree_api/msg/detail/request_lease__rosidl_typesupport_introspection_c.h
[8.164s] -- Symlinking: /home/jason/projects/motion_control_go2/install/unitree_api/include/unitree_api/unitree_api/msg/detail/request_policy__rosidl_typesupport_introspection_c.h
[8.189s] -- Symlinking: /home/jason/projects/motion_control_go2/install/unitree_api/include/unitree_api/unitree_api/msg/detail/response__rosidl_typesupport_introspection_c.h
[8.207s] -- Symlinking: /home/jason/projects/motion_control_go2/install/unitree_api/include/unitree_api/unitree_api/msg/detail/response_header__rosidl_typesupport_introspection_c.h
[8.213s] -- Symlinking: /home/jason/projects/motion_control_go2/install/unitree_api/include/unitree_api/unitree_api/msg/detail/response_status__rosidl_typesupport_introspection_c.h
[8.237s] -- Symlinking: /home/jason/projects/motion_control_go2/install/unitree_api/include/unitree_api/unitree_api/msg/rosidl_typesupport_introspection_c__visibility_control.h
[8.248s] -- Symlinking: /home/jason/projects/motion_control_go2/install/unitree_api/include/unitree_api/unitree_api/msg/detail/request__rosidl_typesupport_introspection_cpp.hpp
[8.266s] -- Symlinking: /home/jason/projects/motion_control_go2/install/unitree_api/include/unitree_api/unitree_api/msg/detail/request_header__rosidl_typesupport_introspection_cpp.hpp
[8.277s] -- Symlinking: /home/jason/projects/motion_control_go2/install/unitree_api/include/unitree_api/unitree_api/msg/detail/request_identity__rosidl_typesupport_introspection_cpp.hpp
[8.284s] -- Symlinking: /home/jason/projects/motion_control_go2/install/unitree_api/include/unitree_api/unitree_api/msg/detail/request_lease__rosidl_typesupport_introspection_cpp.hpp
[8.295s] -- Symlinking: /home/jason/projects/motion_control_go2/install/unitree_api/include/unitree_api/unitree_api/msg/detail/request_policy__rosidl_typesupport_introspection_cpp.hpp
[8.306s] -- Symlinking: /home/jason/projects/motion_control_go2/install/unitree_api/include/unitree_api/unitree_api/msg/detail/response__rosidl_typesupport_introspection_cpp.hpp
[8.318s] -- Symlinking: /home/jason/projects/motion_control_go2/install/unitree_api/include/unitree_api/unitree_api/msg/detail/response_header__rosidl_typesupport_introspection_cpp.hpp
[8.333s] -- Symlinking: /home/jason/projects/motion_control_go2/install/unitree_api/include/unitree_api/unitree_api/msg/detail/response_status__rosidl_typesupport_introspection_cpp.hpp
[8.347s] -- Symlinking: /home/jason/projects/motion_control_go2/install/unitree_api/share/unitree_api/environment/pythonpath.sh
[8.360s] -- Symlinking: /home/jason/projects/motion_control_go2/install/unitree_api/share/unitree_api/environment/pythonpath.dsv
[8.377s] -- Symlinking: /home/jason/projects/motion_control_go2/install/unitree_api/local/lib/python3.10/dist-packages/unitree_api-0.0.0-py3.10.egg-info/PKG-INFO
[8.386s] -- Symlinking: /home/jason/projects/motion_control_go2/install/unitree_api/local/lib/python3.10/dist-packages/unitree_api-0.0.0-py3.10.egg-info/SOURCES.txt
[8.397s] -- Symlinking: /home/jason/projects/motion_control_go2/install/unitree_api/local/lib/python3.10/dist-packages/unitree_api-0.0.0-py3.10.egg-info/dependency_links.txt
[8.413s] -- Symlinking: /home/jason/projects/motion_control_go2/install/unitree_api/local/lib/python3.10/dist-packages/unitree_api-0.0.0-py3.10.egg-info/top_level.txt
[8.429s] -- Symlinking: /home/jason/projects/motion_control_go2/install/unitree_api/local/lib/python3.10/dist-packages/unitree_api/__init__.py
[8.444s] -- Symlinking: /home/jason/projects/motion_control_go2/install/unitree_api/local/lib/python3.10/dist-packages/unitree_api/_unitree_api_s.ep.rosidl_typesupport_c.c
[8.457s] -- Symlinking: /home/jason/projects/motion_control_go2/install/unitree_api/local/lib/python3.10/dist-packages/unitree_api/_unitree_api_s.ep.rosidl_typesupport_fastrtps_c.c
[8.471s] -- Symlinking: /home/jason/projects/motion_control_go2/install/unitree_api/local/lib/python3.10/dist-packages/unitree_api/_unitree_api_s.ep.rosidl_typesupport_introspection_c.c
[8.486s] -- Symlinking: /home/jason/projects/motion_control_go2/install/unitree_api/local/lib/python3.10/dist-packages/unitree_api/libunitree_api__rosidl_generator_py.so
[8.498s] -- Symlinking: /home/jason/projects/motion_control_go2/install/unitree_api/local/lib/python3.10/dist-packages/unitree_api/msg/__init__.py
[8.512s] -- Symlinking: /home/jason/projects/motion_control_go2/install/unitree_api/local/lib/python3.10/dist-packages/unitree_api/msg/_request.py
[8.519s] -- Symlinking: /home/jason/projects/motion_control_go2/install/unitree_api/local/lib/python3.10/dist-packages/unitree_api/msg/_request_header.py
[8.533s] -- Symlinking: /home/jason/projects/motion_control_go2/install/unitree_api/local/lib/python3.10/dist-packages/unitree_api/msg/_request_header_s.c
[8.547s] -- Symlinking: /home/jason/projects/motion_control_go2/install/unitree_api/local/lib/python3.10/dist-packages/unitree_api/msg/_request_identity.py
[8.566s] -- Symlinking: /home/jason/projects/motion_control_go2/install/unitree_api/local/lib/python3.10/dist-packages/unitree_api/msg/_request_identity_s.c
[8.579s] -- Symlinking: /home/jason/projects/motion_control_go2/install/unitree_api/local/lib/python3.10/dist-packages/unitree_api/msg/_request_lease.py
[8.593s] -- Symlinking: /home/jason/projects/motion_control_go2/install/unitree_api/local/lib/python3.10/dist-packages/unitree_api/msg/_request_lease_s.c
[8.609s] -- Symlinking: /home/jason/projects/motion_control_go2/install/unitree_api/local/lib/python3.10/dist-packages/unitree_api/msg/_request_policy.py
[8.623s] -- Symlinking: /home/jason/projects/motion_control_go2/install/unitree_api/local/lib/python3.10/dist-packages/unitree_api/msg/_request_policy_s.c
[8.632s] -- Symlinking: /home/jason/projects/motion_control_go2/install/unitree_api/local/lib/python3.10/dist-packages/unitree_api/msg/_request_s.c
[8.642s] -- Symlinking: /home/jason/projects/motion_control_go2/install/unitree_api/local/lib/python3.10/dist-packages/unitree_api/msg/_response.py
[8.653s] -- Symlinking: /home/jason/projects/motion_control_go2/install/unitree_api/local/lib/python3.10/dist-packages/unitree_api/msg/_response_header.py
[8.662s] -- Symlinking: /home/jason/projects/motion_control_go2/install/unitree_api/local/lib/python3.10/dist-packages/unitree_api/msg/_response_header_s.c
[8.672s] -- Symlinking: /home/jason/projects/motion_control_go2/install/unitree_api/local/lib/python3.10/dist-packages/unitree_api/msg/_response_s.c
[8.682s] -- Symlinking: /home/jason/projects/motion_control_go2/install/unitree_api/local/lib/python3.10/dist-packages/unitree_api/msg/_response_status.py
[8.693s] -- Symlinking: /home/jason/projects/motion_control_go2/install/unitree_api/local/lib/python3.10/dist-packages/unitree_api/msg/_response_status_s.c
[8.701s] -- Symlinking: /home/jason/projects/motion_control_go2/install/unitree_api/local/lib/python3.10/dist-packages/unitree_api/unitree_api_s__rosidl_typesupport_c.cpython-310-x86_64-linux-gnu.so
[8.714s] -- Symlinking: /home/jason/projects/motion_control_go2/install/unitree_api/local/lib/python3.10/dist-packages/unitree_api/unitree_api_s__rosidl_typesupport_fastrtps_c.cpython-310-x86_64-linux-gnu.so
[8.730s] -- Symlinking: /home/jason/projects/motion_control_go2/install/unitree_api/local/lib/python3.10/dist-packages/unitree_api/unitree_api_s__rosidl_typesupport_introspection_c.cpython-310-x86_64-linux-gnu.so
[8.741s] -- Up-to-date symlink: /home/jason/projects/motion_control_go2/install/unitree_api/local/lib/python3.10/dist-packages/unitree_api/unitree_api_s__rosidl_typesupport_fastrtps_c.cpython-310-x86_64-linux-gnu.so
[8.741s] -- Up-to-date symlink: /home/jason/projects/motion_control_go2/install/unitree_api/local/lib/python3.10/dist-packages/unitree_api/unitree_api_s__rosidl_typesupport_introspection_c.cpython-310-x86_64-linux-gnu.so
[8.741s] -- Up-to-date symlink: /home/jason/projects/motion_control_go2/install/unitree_api/local/lib/python3.10/dist-packages/unitree_api/unitree_api_s__rosidl_typesupport_c.cpython-310-x86_64-linux-gnu.so
[8.741s] -- Symlinking: /home/jason/projects/motion_control_go2/install/unitree_api/share/unitree_api/msg/Request.idl
[8.750s] -- Symlinking: /home/jason/projects/motion_control_go2/install/unitree_api/share/unitree_api/msg/RequestHeader.idl
[8.765s] -- Symlinking: /home/jason/projects/motion_control_go2/install/unitree_api/share/unitree_api/msg/RequestIdentity.idl
[8.776s] -- Symlinking: /home/jason/projects/motion_control_go2/install/unitree_api/share/unitree_api/msg/RequestLease.idl
[8.788s] -- Symlinking: /home/jason/projects/motion_control_go2/install/unitree_api/share/unitree_api/msg/RequestPolicy.idl
[8.800s] -- Symlinking: /home/jason/projects/motion_control_go2/install/unitree_api/share/unitree_api/msg/Response.idl
[8.816s] -- Symlinking: /home/jason/projects/motion_control_go2/install/unitree_api/share/unitree_api/msg/ResponseHeader.idl
[8.831s] -- Symlinking: /home/jason/projects/motion_control_go2/install/unitree_api/share/unitree_api/msg/ResponseStatus.idl
[8.838s] -- Symlinking: /home/jason/projects/motion_control_go2/install/unitree_api/share/unitree_api/msg/Request.msg
[8.853s] -- Symlinking: /home/jason/projects/motion_control_go2/install/unitree_api/share/unitree_api/msg/RequestHeader.msg
[8.858s] -- Symlinking: /home/jason/projects/motion_control_go2/install/unitree_api/share/unitree_api/msg/RequestIdentity.msg
[8.868s] -- Symlinking: /home/jason/projects/motion_control_go2/install/unitree_api/share/unitree_api/msg/RequestLease.msg
[8.882s] -- Symlinking: /home/jason/projects/motion_control_go2/install/unitree_api/share/unitree_api/msg/RequestPolicy.msg
[8.898s] -- Symlinking: /home/jason/projects/motion_control_go2/install/unitree_api/share/unitree_api/msg/Response.msg
[8.917s] -- Symlinking: /home/jason/projects/motion_control_go2/install/unitree_api/share/unitree_api/msg/ResponseHeader.msg
[8.926s] -- Symlinking: /home/jason/projects/motion_control_go2/install/unitree_api/share/unitree_api/msg/ResponseStatus.msg
[8.947s] -- Symlinking: /home/jason/projects/motion_control_go2/install/unitree_api/share/unitree_api/msg/dds_connext/RequestHeader_.idl
[8.984s] -- Symlinking: /home/jason/projects/motion_control_go2/install/unitree_api/share/unitree_api/msg/dds_connext/RequestIdentity_.idl
[8.994s] -- Symlinking: /home/jason/projects/motion_control_go2/install/unitree_api/share/unitree_api/msg/dds_connext/RequestLease_.idl
[9.016s] -- Symlinking: /home/jason/projects/motion_control_go2/install/unitree_api/share/unitree_api/msg/dds_connext/RequestPolicy_.idl
[9.028s] -- Symlinking: /home/jason/projects/motion_control_go2/install/unitree_api/share/unitree_api/msg/dds_connext/Request_.idl
[9.037s] -- Symlinking: /home/jason/projects/motion_control_go2/install/unitree_api/share/unitree_api/msg/dds_connext/ResponseHeader_.idl
[9.051s] -- Symlinking: /home/jason/projects/motion_control_go2/install/unitree_api/share/unitree_api/msg/dds_connext/ResponseStatus_.idl
[9.062s] -- Symlinking: /home/jason/projects/motion_control_go2/install/unitree_api/share/unitree_api/msg/dds_connext/Response_.idl
[9.077s] -- Symlinking: /home/jason/projects/motion_control_go2/install/unitree_api/share/ament_index/resource_index/package_run_dependencies/unitree_api
[9.089s] -- Symlinking: /home/jason/projects/motion_control_go2/install/unitree_api/share/ament_index/resource_index/parent_prefix_path/unitree_api
[9.110s] -- Symlinking: /home/jason/projects/motion_control_go2/install/unitree_api/share/unitree_api/environment/ament_prefix_path.sh
[9.116s] -- Symlinking: /home/jason/projects/motion_control_go2/install/unitree_api/share/unitree_api/environment/ament_prefix_path.dsv
[9.128s] -- Symlinking: /home/jason/projects/motion_control_go2/install/unitree_api/share/unitree_api/environment/path.sh
[9.136s] -- Symlinking: /home/jason/projects/motion_control_go2/install/unitree_api/share/unitree_api/environment/path.dsv
[9.155s] -- Symlinking: /home/jason/projects/motion_control_go2/install/unitree_api/share/unitree_api/local_setup.bash
[9.177s] -- Symlinking: /home/jason/projects/motion_control_go2/install/unitree_api/share/unitree_api/local_setup.sh
[9.190s] -- Symlinking: /home/jason/projects/motion_control_go2/install/unitree_api/share/unitree_api/local_setup.zsh
[9.203s] -- Symlinking: /home/jason/projects/motion_control_go2/install/unitree_api/share/unitree_api/local_setup.dsv
[9.216s] -- Symlinking: /home/jason/projects/motion_control_go2/install/unitree_api/share/unitree_api/package.dsv
[9.228s] -- Symlinking: /home/jason/projects/motion_control_go2/install/unitree_api/share/ament_index/resource_index/packages/unitree_api
[9.243s] -- Symlinking: /home/jason/projects/motion_control_go2/install/unitree_api/share/unitree_api/cmake/rosidl_cmake-extras.cmake
[9.257s] -- Symlinking: /home/jason/projects/motion_control_go2/install/unitree_api/share/unitree_api/cmake/ament_cmake_export_dependencies-extras.cmake
[9.269s] -- Symlinking: /home/jason/projects/motion_control_go2/install/unitree_api/share/unitree_api/cmake/ament_cmake_export_include_directories-extras.cmake
[9.287s] -- Symlinking: /home/jason/projects/motion_control_go2/install/unitree_api/share/unitree_api/cmake/ament_cmake_export_libraries-extras.cmake
[9.299s] -- Symlinking: /home/jason/projects/motion_control_go2/install/unitree_api/share/unitree_api/cmake/ament_cmake_export_targets-extras.cmake
[9.336s] -- Symlinking: /home/jason/projects/motion_control_go2/install/unitree_api/share/unitree_api/cmake/rosidl_cmake_export_typesupport_targets-extras.cmake
[9.354s] -- Symlinking: /home/jason/projects/motion_control_go2/install/unitree_api/share/unitree_api/cmake/rosidl_cmake_export_typesupport_libraries-extras.cmake
[9.367s] -- Symlinking: /home/jason/projects/motion_control_go2/install/unitree_api/share/unitree_api/cmake/unitree_apiConfig.cmake
[9.378s] -- Symlinking: /home/jason/projects/motion_control_go2/install/unitree_api/share/unitree_api/cmake/unitree_apiConfig-version.cmake
[9.390s] -- Symlinking: /home/jason/projects/motion_control_go2/install/unitree_api/share/unitree_api/package.xml
[9.403s] -- Installing: /home/jason/projects/motion_control_go2/install/unitree_api/lib/libunitree_api__rosidl_generator_c.so
[9.403s] -- Set runtime path of "/home/jason/projects/motion_control_go2/install/unitree_api/lib/libunitree_api__rosidl_generator_c.so" to ""
[9.403s] -- Installing: /home/jason/projects/motion_control_go2/install/unitree_api/lib/libunitree_api__rosidl_typesupport_fastrtps_c.so
[9.403s] -- Set runtime path of "/home/jason/projects/motion_control_go2/install/unitree_api/lib/libunitree_api__rosidl_typesupport_fastrtps_c.so" to ""
[9.403s] -- Installing: /home/jason/projects/motion_control_go2/install/unitree_api/lib/libunitree_api__rosidl_typesupport_fastrtps_cpp.so
[9.404s] -- Set runtime path of "/home/jason/projects/motion_control_go2/install/unitree_api/lib/libunitree_api__rosidl_typesupport_fastrtps_cpp.so" to ""
[9.404s] -- Installing: /home/jason/projects/motion_control_go2/install/unitree_api/lib/libunitree_api__rosidl_typesupport_introspection_c.so
[9.404s] -- Set runtime path of "/home/jason/projects/motion_control_go2/install/unitree_api/lib/libunitree_api__rosidl_typesupport_introspection_c.so" to ""
[9.404s] -- Installing: /home/jason/projects/motion_control_go2/install/unitree_api/lib/libunitree_api__rosidl_typesupport_c.so
[9.404s] -- Set runtime path of "/home/jason/projects/motion_control_go2/install/unitree_api/lib/libunitree_api__rosidl_typesupport_c.so" to ""
[9.404s] -- Installing: /home/jason/projects/motion_control_go2/install/unitree_api/lib/libunitree_api__rosidl_typesupport_introspection_cpp.so
[9.404s] -- Set runtime path of "/home/jason/projects/motion_control_go2/install/unitree_api/lib/libunitree_api__rosidl_typesupport_introspection_cpp.so" to ""
[9.404s] -- Installing: /home/jason/projects/motion_control_go2/install/unitree_api/lib/libunitree_api__rosidl_typesupport_cpp.so
[9.404s] -- Set runtime path of "/home/jason/projects/motion_control_go2/install/unitree_api/lib/libunitree_api__rosidl_typesupport_cpp.so" to ""
[9.443s] Listing '/home/jason/projects/motion_control_go2/install/unitree_api/local/lib/python3.10/dist-packages/unitree_api'...
[9.443s] Compiling '/home/jason/projects/motion_control_go2/install/unitree_api/local/lib/python3.10/dist-packages/unitree_api/__init__.py'...
[9.443s] Listing '/home/jason/projects/motion_control_go2/install/unitree_api/local/lib/python3.10/dist-packages/unitree_api/msg'...
[9.443s] Compiling '/home/jason/projects/motion_control_go2/install/unitree_api/local/lib/python3.10/dist-packages/unitree_api/msg/__init__.py'...
[9.443s] Compiling '/home/jason/projects/motion_control_go2/install/unitree_api/local/lib/python3.10/dist-packages/unitree_api/msg/_request.py'...
[9.443s] Compiling '/home/jason/projects/motion_control_go2/install/unitree_api/local/lib/python3.10/dist-packages/unitree_api/msg/_request_header.py'...
[9.443s] Compiling '/home/jason/projects/motion_control_go2/install/unitree_api/local/lib/python3.10/dist-packages/unitree_api/msg/_request_identity.py'...
[9.443s] Compiling '/home/jason/projects/motion_control_go2/install/unitree_api/local/lib/python3.10/dist-packages/unitree_api/msg/_request_lease.py'...
[9.443s] Compiling '/home/jason/projects/motion_control_go2/install/unitree_api/local/lib/python3.10/dist-packages/unitree_api/msg/_request_policy.py'...
[9.443s] Compiling '/home/jason/projects/motion_control_go2/install/unitree_api/local/lib/python3.10/dist-packages/unitree_api/msg/_response.py'...
[9.443s] Compiling '/home/jason/projects/motion_control_go2/install/unitree_api/local/lib/python3.10/dist-packages/unitree_api/msg/_response_header.py'...
[9.443s] Compiling '/home/jason/projects/motion_control_go2/install/unitree_api/local/lib/python3.10/dist-packages/unitree_api/msg/_response_status.py'...
[9.452s] -- Installing: /home/jason/projects/motion_control_go2/install/unitree_api/lib/libunitree_api__rosidl_generator_py.so
[9.452s] -- Set runtime path of "/home/jason/projects/motion_control_go2/install/unitree_api/lib/libunitree_api__rosidl_generator_py.so" to ""
[9.452s] -- Installing: /home/jason/projects/motion_control_go2/install/unitree_api/share/unitree_api/cmake/export_unitree_api__rosidl_generator_cExport.cmake
[9.452s] -- Installing: /home/jason/projects/motion_control_go2/install/unitree_api/share/unitree_api/cmake/export_unitree_api__rosidl_generator_cExport-noconfig.cmake
[9.452s] -- Installing: /home/jason/projects/motion_control_go2/install/unitree_api/share/unitree_api/cmake/export_unitree_api__rosidl_typesupport_fastrtps_cExport.cmake
[9.452s] -- Installing: /home/jason/projects/motion_control_go2/install/unitree_api/share/unitree_api/cmake/export_unitree_api__rosidl_typesupport_fastrtps_cExport-noconfig.cmake
[9.452s] -- Installing: /home/jason/projects/motion_control_go2/install/unitree_api/share/unitree_api/cmake/export_unitree_api__rosidl_generator_cppExport.cmake
[9.453s] -- Installing: /home/jason/projects/motion_control_go2/install/unitree_api/share/unitree_api/cmake/export_unitree_api__rosidl_typesupport_fastrtps_cppExport.cmake
[9.453s] -- Installing: /home/jason/projects/motion_control_go2/install/unitree_api/share/unitree_api/cmake/export_unitree_api__rosidl_typesupport_fastrtps_cppExport-noconfig.cmake
[9.453s] -- Installing: /home/jason/projects/motion_control_go2/install/unitree_api/share/unitree_api/cmake/unitree_api__rosidl_typesupport_introspection_cExport.cmake
[9.453s] -- Installing: /home/jason/projects/motion_control_go2/install/unitree_api/share/unitree_api/cmake/unitree_api__rosidl_typesupport_introspection_cExport-noconfig.cmake
[9.453s] -- Installing: /home/jason/projects/motion_control_go2/install/unitree_api/share/unitree_api/cmake/unitree_api__rosidl_typesupport_cExport.cmake
[9.453s] -- Installing: /home/jason/projects/motion_control_go2/install/unitree_api/share/unitree_api/cmake/unitree_api__rosidl_typesupport_cExport-noconfig.cmake
[9.453s] -- Installing: /home/jason/projects/motion_control_go2/install/unitree_api/share/unitree_api/cmake/unitree_api__rosidl_typesupport_introspection_cppExport.cmake
[9.453s] -- Installing: /home/jason/projects/motion_control_go2/install/unitree_api/share/unitree_api/cmake/unitree_api__rosidl_typesupport_introspection_cppExport-noconfig.cmake
[9.453s] -- Installing: /home/jason/projects/motion_control_go2/install/unitree_api/share/unitree_api/cmake/unitree_api__rosidl_typesupport_cppExport.cmake
[9.453s] -- Installing: /home/jason/projects/motion_control_go2/install/unitree_api/share/unitree_api/cmake/unitree_api__rosidl_typesupport_cppExport-noconfig.cmake
[9.453s] -- Installing: /home/jason/projects/motion_control_go2/install/unitree_api/share/unitree_api/cmake/export_unitree_api__rosidl_generator_pyExport.cmake
[9.453s] -- Installing: /home/jason/projects/motion_control_go2/install/unitree_api/share/unitree_api/cmake/export_unitree_api__rosidl_generator_pyExport-noconfig.cmake
[9.456s] Invoked command in '/home/jason/projects/motion_control_go2/build/unitree_api' returned '0': CMAKE_PREFIX_PATH=${CMAKE_PREFIX_PATH}:/opt/ros/humble /usr/bin/cmake --install /home/jason/projects/motion_control_go2/build/unitree_api
