[0.020s] Invoking command in '/home/jason/projects/motion_control_go2/src/build/unitree_legged_control': /usr/bin/cmake /home/jason/projects/motion_control_go2/src/unitree_ros/unitree_legged_control -DCATKIN_INSTALL_INTO_PREFIX_ROOT=0 -DCATKIN_SYMLINK_INSTALL=ON -DCMAKE_INSTALL_PREFIX=/home/jason/projects/motion_control_go2/src/install/unitree_legged_control
[0.030s] [0mCMake Deprecation Warning at CMakeLists.txt:1 (cmake_minimum_required):
[0.030s]   Compatibility with CMake < 2.8.12 will be removed from a future version of
[0.030s]   CMake.
[0.030s] 
[0.030s]   Update the VERSION argument <min> value or use a ...<max> suffix to tell
[0.030s]   CMake that the project does not need compatibility with older versions.
[0.031s] 
[0.031s] [0m
[0.056s] -- The C compiler identification is GNU 11.4.0
[0.093s] -- The CXX compiler identification is GNU 11.4.0
[0.099s] -- Detecting C compiler ABI info
[0.140s] -- Detecting C compiler ABI info - done
[0.145s] -- Check for working C compiler: /usr/bin/cc - skipped
[0.145s] -- Detecting C compile features
[0.145s] -- Detecting C compile features - done
[0.147s] -- Detecting CXX compiler ABI info
[0.193s] -- Detecting CXX compiler ABI info - done
[0.199s] -- Check for working CXX compiler: /usr/bin/c++ - skipped
[0.199s] -- Detecting CXX compile features
[0.199s] -- Detecting CXX compile features - done
[0.205s] [31mCMake Error at CMakeLists.txt:4 (find_package):
[0.205s]   By not providing "Findcatkin.cmake" in CMAKE_MODULE_PATH this project has
[0.205s]   asked CMake to find a package configuration file provided by "catkin", but
[0.205s]   CMake did not find one.
[0.206s] 
[0.207s]   Could not find a package configuration file provided by "catkin" with any
[0.207s]   of the following names:
[0.207s] 
[0.207s]     catkinConfig.cmake
[0.207s]     catkin-config.cmake
[0.207s] 
[0.207s]   Add the installation prefix of "catkin" to CMAKE_PREFIX_PATH or set
[0.207s]   "catkin_DIR" to a directory containing one of the above files.  If "catkin"
[0.207s]   provides a separate development package or SDK, be sure it has been
[0.207s]   installed.
[0.207s] 
[0.207s] [0m
[0.207s] -- Configuring incomplete, errors occurred!
[0.207s] See also "/home/jason/projects/motion_control_go2/src/build/unitree_legged_control/CMakeFiles/CMakeOutput.log".
[0.208s] Invoked command in '/home/jason/projects/motion_control_go2/src/build/unitree_legged_control' returned '1': /usr/bin/cmake /home/jason/projects/motion_control_go2/src/unitree_ros/unitree_legged_control -DCATKIN_INSTALL_INTO_PREFIX_ROOT=0 -DCATKIN_SYMLINK_INSTALL=ON -DCMAKE_INSTALL_PREFIX=/home/jason/projects/motion_control_go2/src/install/unitree_legged_control
