[0.042s] Invoking command in '/home/jason/projects/motion_control_go2/build/z1_description': /usr/bin/cmake /home/jason/projects/motion_control_go2/src/unitree_ros/robots/z1_description -DCATKIN_INSTALL_INTO_PREFIX_ROOT=0 -DCATKIN_SYMLINK_INSTALL=ON -DCMAKE_INSTALL_PREFIX=/home/jason/projects/motion_control_go2/install/z1_description
[0.081s] -- The C compiler identification is GNU 11.4.0
[0.124s] -- The CXX compiler identification is GNU 11.4.0
[0.132s] -- Detecting C compiler ABI info
[0.183s] -- Detecting C compiler ABI info - done
[0.188s] -- Check for working C compiler: /usr/bin/cc - skipped
[0.188s] -- Detecting C compile features
[0.189s] -- Detecting C compile features - done
[0.193s] -- Detecting CXX compiler ABI info
[0.258s] -- Detecting CXX compiler ABI info - done
[0.261s] -- Check for working CXX compiler: /usr/bin/c++ - skipped
[0.261s] -- Detecting CXX compile features
[0.262s] -- Detecting CXX compile features - done
[0.267s] [31mCMake Error at CMakeLists.txt:4 (find_package):
[0.267s]   By not providing "Findcatkin.cmake" in CMAKE_MODULE_PATH this project has
[0.267s]   asked CMake to find a package configuration file provided by "catkin", but
[0.267s]   CMake did not find one.
[0.267s] 
[0.267s]   Could not find a package configuration file provided by "catkin" with any
[0.267s]   of the following names:
[0.267s] 
[0.267s]     catkinConfig.cmake
[0.267s]     catkin-config.cmake
[0.267s] 
[0.267s]   Add the installation prefix of "catkin" to CMAKE_PREFIX_PATH or set
[0.267s]   "catkin_DIR" to a directory containing one of the above files.  If "catkin"
[0.267s]   provides a separate development package or SDK, be sure it has been
[0.267s]   installed.
[0.267s] 
[0.267s] [0m
[0.267s] -- Configuring incomplete, errors occurred!
[0.267s] See also "/home/jason/projects/motion_control_go2/build/z1_description/CMakeFiles/CMakeOutput.log".
