-- JRL cmakemodules found in 'cmake/' git submodule
-- Configuring "gepetto-viewer" (https://github.com/Gepetto/gepetto-viewer)
-- Package version (ROS package.xml): 6.0.0
-- The CXX compiler identification is GNU 11.4.0
-- Detecting CXX compiler ABI info
-- Detecting CXX compiler ABI info - done
-- Check for working CXX compiler: /usr/bin/c++ - skipped
-- Detecting CXX compile features
-- Detecting CXX compile features - done
-- Found PkgConfig: /usr/bin/pkg-config (found version "0.29.2") 
-- Performing Test res_-pedantic
-- Performing Test res_-pedantic - Success
-- Performing Test res_-Wno-long-long
-- Performing Test res_-Wno-long-long - Success
-- Performing Test res_-Wall
-- Performing Test res_-Wall - Success
-- Performing Test res_-Wextra
-- Performing Test res_-Wextra - Success
-- Performing Test res_-Wcast-align
-- Performing Test res_-Wcast-align - Success
-- Performing Test res_-Wcast-qual
-- Performing Test res_-Wcast-qual - Success
-- Performing Test res_-Wformat
-- Performing Test res_-Wformat - Success
-- Performing Test res_-Wwrite-strings
-- Performing Test res_-Wwrite-strings - Success
-- Performing Test res_-Wconversion
-- Performing Test res_-Wconversion - Success
-- Found Doxygen: /usr/bin/doxygen (found version "1.9.1") found components: doxygen dot 
-- Doxygen version inferior to 1.9.2. If MathJax is enabled, v2.7 will be used.
-- Default C++ standard: 201703
-- Minimal C++ standard upgraded to 11
-- C++ standard sufficient: Minimal required 11, currently defined: 17
-- CMAKE_CXX_STANDARD was not set: automatically set to currently defined standard 17
-- openscenegraph >= 3.2 is required.
-- Checking for module 'openscenegraph>=3.2'
--   Found openscenegraph, version 3.6.5
-- Pkg-config module openscenegraph v3.6.5 has been detected with success.
-- openthreads >= 2.6 is required.
-- Checking for module 'openthreads>=2.6'
--   Found openthreads, version 3.3.1
-- Pkg-config module openthreads v3.3.1 has been detected with success.
-- openscenegraph-osgQt5 is required.
-- Checking for module 'openscenegraph-osgQt5'
--   No package 'openscenegraph-osgQt5' found
[31mCMake Error at /usr/share/cmake-3.22/Modules/FindPkgConfig.cmake:603 (message):
  A required package was not found
Call Stack (most recent call first):
  /usr/share/cmake-3.22/Modules/FindPkgConfig.cmake:825 (_pkg_check_modules_internal)
  cmake/pkg-config.cmake:439 (pkg_check_modules)
  cmake/pkg-config.cmake:709 (ADD_DEPENDENCY)
  cmake-module/osgqt.cmake:13 (add_required_dependency)
  CMakeLists.txt:146 (add_osgqt_dependency)

[0m
-- Configuring incomplete, errors occurred!
See also "/home/jason/projects/motion_control_go2/build/gepetto-viewer/CMakeFiles/CMakeOutput.log".
