[0.016s] Invoking command in '/home/jason/projects/motion_control_go2/build/gepetto-viewer': CMAKE_PREFIX_PATH=${CMAKE_PREFIX_PATH}:/opt/ros/humble /usr/bin/cmake /home/jason/projects/motion_control_go2/src/gepetto-viewer -DCMAKE_INSTALL_PREFIX=/home/jason/projects/motion_control_go2/install/gepetto-viewer
[0.027s] -- JRL cmakemodules found in 'cmake/' git submodule
[0.029s] -- Configuring "gepetto-viewer" (https://github.com/Gepetto/gepetto-viewer)
[0.029s] -- Package version (ROS package.xml): 6.0.0
[0.073s] -- The CXX compiler identification is GNU 11.4.0
[0.081s] -- Detecting CXX compiler ABI info
[0.126s] -- Detecting CXX compiler ABI info - done
[0.132s] -- Check for working CXX compiler: /usr/bin/c++ - skipped
[0.132s] -- Detecting CXX compile features
[0.132s] -- Detecting CXX compile features - done
[0.141s] -- Found PkgConfig: /usr/bin/pkg-config (found version "0.29.2") 
[0.146s] -- Performing Test res_-pedantic
[0.192s] -- Performing Test res_-pedantic - Success
[0.193s] -- Performing Test res_-Wno-long-long
[0.243s] -- Performing Test res_-Wno-long-long - Success
[0.243s] -- Performing Test res_-Wall
[0.303s] -- Performing Test res_-Wall - Success
[0.303s] -- Performing Test res_-Wextra
[0.371s] -- Performing Test res_-Wextra - Success
[0.371s] -- Performing Test res_-Wcast-align
[0.414s] -- Performing Test res_-Wcast-align - Success
[0.418s] -- Performing Test res_-Wcast-qual
[0.472s] -- Performing Test res_-Wcast-qual - Success
[0.473s] -- Performing Test res_-Wformat
[0.532s] -- Performing Test res_-Wformat - Success
[0.532s] -- Performing Test res_-Wwrite-strings
[0.589s] -- Performing Test res_-Wwrite-strings - Success
[0.590s] -- Performing Test res_-Wconversion
[0.660s] -- Performing Test res_-Wconversion - Success
[0.683s] -- Found Doxygen: /usr/bin/doxygen (found version "1.9.1") found components: doxygen dot 
[0.717s] -- Doxygen version inferior to 1.9.2. If MathJax is enabled, v2.7 will be used.
[1.014s] -- Default C++ standard: 201703
[1.014s] -- Minimal C++ standard upgraded to 11
[1.014s] -- C++ standard sufficient: Minimal required 11, currently defined: 17
[1.014s] -- CMAKE_CXX_STANDARD was not set: automatically set to currently defined standard 17
[1.014s] -- openscenegraph >= 3.2 is required.
[1.014s] -- Checking for module 'openscenegraph>=3.2'
[1.036s] --   Found openscenegraph, version 3.6.5
[1.128s] -- Pkg-config module openscenegraph v3.6.5 has been detected with success.
[1.128s] -- openthreads >= 2.6 is required.
[1.128s] -- Checking for module 'openthreads>=2.6'
[1.142s] --   Found openthreads, version 3.3.1
[1.195s] -- Pkg-config module openthreads v3.3.1 has been detected with success.
[1.195s] -- openscenegraph-osgQt5 is required.
[1.195s] -- Checking for module 'openscenegraph-osgQt5'
[1.198s] --   No package 'openscenegraph-osgQt5' found
[1.199s] [31mCMake Error at /usr/share/cmake-3.22/Modules/FindPkgConfig.cmake:603 (message):
[1.199s]   A required package was not found
[1.199s] Call Stack (most recent call first):
[1.199s]   /usr/share/cmake-3.22/Modules/FindPkgConfig.cmake:825 (_pkg_check_modules_internal)
[1.199s]   cmake/pkg-config.cmake:439 (pkg_check_modules)
[1.199s]   cmake/pkg-config.cmake:709 (ADD_DEPENDENCY)
[1.199s]   cmake-module/osgqt.cmake:13 (add_required_dependency)
[1.199s]   CMakeLists.txt:146 (add_osgqt_dependency)
[1.199s] 
[1.199s] [0m
[1.199s] -- Configuring incomplete, errors occurred!
[1.199s] See also "/home/jason/projects/motion_control_go2/build/gepetto-viewer/CMakeFiles/CMakeOutput.log".
[1.205s] Invoked command in '/home/jason/projects/motion_control_go2/build/gepetto-viewer' returned '1': CMAKE_PREFIX_PATH=${CMAKE_PREFIX_PATH}:/opt/ros/humble /usr/bin/cmake /home/jason/projects/motion_control_go2/src/gepetto-viewer -DCMAKE_INSTALL_PREFIX=/home/jason/projects/motion_control_go2/install/gepetto-viewer
