[0.069s] Invoking command in '/home/jason/projects/motion_control_go2/src/build/laikago_description': /usr/bin/cmake /home/jason/projects/motion_control_go2/src/unitree_ros/robots/laikago_description -DCATKIN_INSTALL_INTO_PREFIX_ROOT=0 -DCATKIN_SYMLINK_INSTALL=ON -DCMAKE_INSTALL_PREFIX=/home/jason/projects/motion_control_go2/src/install/laikago_description
[0.512s] -- The C compiler identification is GNU 11.4.0
[0.512s] -- The CXX compiler identification is GNU 11.4.0
[0.512s] -- Detecting C compiler ABI info
[0.512s] -- Detecting C compiler ABI info - done
[0.512s] -- Check for working C compiler: /usr/bin/cc - skipped
[0.512s] -- Detecting C compile features
[0.513s] -- Detecting C compile features - done
[0.513s] -- Detecting CXX compiler ABI info
[0.513s] [0mCMake Deprecation Warning at CMakeLists.txt:1 (cmake_minimum_required):
[0.513s]   Compatibility with CMake < 2.8.12 will be removed from a future version of
[0.513s]   CMake.
[0.513s] 
[0.513s]   Update the VERSION argument <min> value or use a ...<max> suffix to tell
[0.513s]   CMake that the project does not need compatibility with older versions.
[0.513s] 
[0.513s] [0m
[0.577s] -- Detecting CXX compiler ABI info - done
[0.581s] -- Check for working CXX compiler: /usr/bin/c++ - skipped
[0.585s] -- Detecting CXX compile features
[0.585s] -- Detecting CXX compile features - done
[0.603s] [31mCMake Error at CMakeLists.txt:4 (find_package):
[0.603s]   By not providing "Findcatkin.cmake" in CMAKE_MODULE_PATH this project has
[0.603s]   asked CMake to find a package configuration file provided by "catkin", but
[0.603s]   CMake did not find one.
[0.603s] 
[0.603s]   Could not find a package configuration file provided by "catkin" with any
[0.603s]   of the following names:
[0.603s] 
[0.603s]     catkinConfig.cmake
[0.603s]     catkin-config.cmake
[0.603s] 
[0.603s]   Add the installation prefix of "catkin" to CMAKE_PREFIX_PATH or set
[0.603s]   "catkin_DIR" to a directory containing one of the above files.  If "catkin"
[0.603s]   provides a separate development package or SDK, be sure it has been
[0.603s]   installed.
[0.603s] 
[0.603s] [0m
[0.605s] -- Configuring incomplete, errors occurred!
[0.605s] See also "/home/jason/projects/motion_control_go2/src/build/laikago_description/CMakeFiles/CMakeOutput.log".
