[0.027s] Invoking command in '/home/jason/projects/motion_control_go2/build/robot_viz_cpp': CMAKE_PREFIX_PATH=${CMAKE_PREFIX_PATH}:/home/jason/projects/motion_control_go2/install/stand_go2:/home/jason/projects/motion_control_go2/install/robot_viz_cpp:/opt/ros/humble /usr/bin/cmake /home/jason/projects/motion_control_go2/src/robot_viz_cpp -DAMENT_CMAKE_SYMLINK_INSTALL=1 -DCMAKE_INSTALL_PREFIX=/home/jason/projects/motion_control_go2/install/robot_viz_cpp
[0.083s] -- The C compiler identification is GNU 11.4.0
[0.128s] -- The CXX compiler identification is GNU 11.4.0
[0.133s] -- Detecting C compiler ABI info
[0.186s] -- Detecting C compiler ABI info - done
[0.187s] -- Check for working C compiler: /usr/bin/cc - skipped
[0.188s] -- Detecting C compile features
[0.188s] -- Detecting C compile features - done
[0.189s] -- Detecting CXX compiler ABI info
[0.244s] -- Detecting CXX compiler ABI info - done
[0.251s] -- Check for working CXX compiler: /usr/bin/c++ - skipped
[0.251s] -- Detecting CXX compile features
[0.251s] -- Detecting CXX compile features - done
[0.251s] -- Found ament_cmake: 1.3.12 (/opt/ros/humble/share/ament_cmake/cmake)
[0.333s] -- Found Python3: /usr/bin/python3 (found version "3.10.12") found components: Interpreter 
[0.367s] -- Override CMake install command with custom implementation using symlinks instead of copying resources
[0.385s] -- Found rclcpp: 16.0.15 (/opt/ros/humble/share/rclcpp/cmake)
[0.408s] -- Found rosidl_generator_c: 3.1.7 (/opt/ros/humble/share/rosidl_generator_c/cmake)
[0.410s] -- Found rosidl_adapter: 3.1.7 (/opt/ros/humble/share/rosidl_adapter/cmake)
[0.414s] -- Found rosidl_generator_cpp: 3.1.7 (/opt/ros/humble/share/rosidl_generator_cpp/cmake)
[0.419s] -- Using all available rosidl_typesupport_c: rosidl_typesupport_fastrtps_c;rosidl_typesupport_introspection_c
[0.426s] -- Using all available rosidl_typesupport_cpp: rosidl_typesupport_fastrtps_cpp;rosidl_typesupport_introspection_cpp
[0.444s] -- Found rmw_implementation_cmake: 6.1.2 (/opt/ros/humble/share/rmw_implementation_cmake/cmake)
[0.445s] -- Found rmw_fastrtps_cpp: 6.2.8 (/opt/ros/humble/share/rmw_fastrtps_cpp/cmake)
[0.512s] -- Found OpenSSL: /usr/lib/x86_64-linux-gnu/libcrypto.so (found version "3.0.2")  
[0.537s] -- Found FastRTPS: /opt/ros/humble/include  
[0.559s] -- Using RMW implementation 'rmw_fastrtps_cpp' as default
[0.562s] -- Looking for pthread.h
[0.607s] -- Looking for pthread.h - found
[0.608s] -- Performing Test CMAKE_HAVE_LIBC_PTHREAD
[0.677s] -- Performing Test CMAKE_HAVE_LIBC_PTHREAD - Success
[0.679s] -- Found Threads: TRUE  
[0.705s] -- Found sensor_msgs: 4.9.0 (/opt/ros/humble/share/sensor_msgs/cmake)
[0.719s] -- Found tf2_ros: 0.25.16 (/opt/ros/humble/share/tf2_ros/cmake)
[0.763s] -- Found visualization_msgs: 4.9.0 (/opt/ros/humble/share/visualization_msgs/cmake)
[0.778s] -- pinocchio_default FOUND. pinocchio_default at /opt/ros/humble/lib/x86_64-linux-gnu/libpinocchio_default.so
[0.778s] -- pinocchio_parsers FOUND. pinocchio_parsers at /opt/ros/humble/lib/x86_64-linux-gnu/libpinocchio_parsers.so
[0.778s] -- boost_filesystem FOUND. boost_filesystem at /lib/x86_64-linux-gnu/libboost_filesystem.so
[0.778s] -- boost_serialization FOUND. boost_serialization at /lib/x86_64-linux-gnu/libboost_serialization.so
[0.778s] -- boost_system FOUND. boost_system at /lib/x86_64-linux-gnu/libboost_system.so
[0.795s] -- Found Boost: /usr/include (found version "1.74.0") found components: filesystem serialization system 
[0.797s] -- eigenpy FOUND. eigenpy at /opt/ros/humble/lib/x86_64-linux-gnu/libeigenpy.so
[0.828s] -- Checking for NumPy
[1.021s] --   NUMPY_INCLUDE_DIRS=/home/jason/.local/lib/python3.10/site-packages/numpy/_core/include
[1.105s] --   NUMPY_VERSION=2.2.6
[1.319s] -- Found Python3: /usr/bin/python3 (found version "3.10.12") found components: Interpreter Development.Module NumPy 
[1.319s] -- PythonLibraryDirs: 
[1.319s] -- PythonLibVersionString: 3.10.12
[1.339s] -- Python site lib: lib/python3.10/site-packages
[1.339s] -- Python include dirs: /usr/include/python3.10
[1.361s] -- Checking for NumPy
[1.444s] --   NUMPY_INCLUDE_DIRS=/home/jason/.local/lib/python3.10/site-packages/numpy/_core/include
[1.518s] --   NUMPY_VERSION=2.2.6
[1.518s] -- NumPy include dir: /home/jason/.local/lib/python3.10/site-packages/numpy/_core/include
[1.521s] [33mCMake Warning at /usr/share/cmake-3.22/Modules/FindBoost.cmake:2201 (message):
[1.521s]   No header defined for python310; skipping header check (note: header-only
[1.521s]   libraries have no designated component)
[1.521s] Call Stack (most recent call first):
[1.521s]   /opt/ros/humble/lib/x86_64-linux-gnu/cmake/eigenpy/boost.cmake:148 (find_package)
[1.521s]   /opt/ros/humble/lib/x86_64-linux-gnu/cmake/eigenpy/eigenpyConfig.cmake:149 (SEARCH_FOR_BOOST_PYTHON)
[1.521s]   /usr/share/cmake-3.22/Modules/CMakeFindDependencyMacro.cmake:47 (find_package)
[1.521s]   /opt/ros/humble/lib/x86_64-linux-gnu/cmake/pinocchio/pinocchioConfig.cmake:161 (find_dependency)
[1.521s]   CMakeLists.txt:16 (find_package)
[1.521s] 
[1.521s] [0m
[1.523s] -- Found Boost: /usr/include (found version "1.74.0") found components: python310 
[1.689s] -- Default C++ standard: 201703
[1.689s] -- Minimal C++ standard upgraded to 11
[1.689s] -- C++ standard sufficient: Minimal required 11, currently defined: 17
[1.689s] -- CMAKE_CXX_STANDARD was not set: automatically set to currently defined standard 17
[1.691s] -- hpp-fcl FOUND. hpp-fcl at /opt/ros/humble/lib/x86_64-linux-gnu/libhpp-fcl.so
[1.705s] -- Found Boost: /usr/include (found version "1.74.0") found components: chrono serialization filesystem 
[1.709s] -- C++ standard sufficient: Minimal required 11, currently defined: 17
[1.709s] -- C++ standard sufficient: Minimal required 11, currently defined: 17
[1.712s] -- Found ament_lint_auto: 0.12.14 (/opt/ros/humble/share/ament_lint_auto/cmake)
[1.749s] -- Added test 'copyright' to check source files copyright and LICENSE
[1.749s] -- Added test 'lint_cmake' to check CMake code style
[1.750s] -- Added test 'xmllint' to check XML markup files
[1.750s] -- Configuring done
[1.752s] [31mCMake Error at CMakeLists.txt:19 (add_executable):
[1.752s]   Cannot find source file:
[1.752s] 
[1.752s]     src/go2_explorer.cpp
[1.752s] 
[1.752s]   Tried extensions .c .C .c++ .cc .cpp .cxx .cu .mpp .m .M .mm .ixx .cppm .h
[1.752s]   .hh .h++ .hm .hpp .hxx .in .txx .f .F .for .f77 .f90 .f95 .f03 .hip .ispc
[1.752s] 
[1.752s] [0m
[1.753s] [31mCMake Error at CMakeLists.txt:19 (add_executable):
[1.753s]   No SOURCES given to target: go2_explorer
[1.753s] 
[1.753s] [0m
[1.753s] [0mCMake Generate step failed.  Build files cannot be regenerated correctly.[0m
