[  1%] [34m[1mGenerating C code for ROS interfaces[0m
[  1%] [34m[1mGenerating C++ code for ROS interfaces[0m
[  2%] [34m[1mGenerating DDS interfaces[0m
[  2%] Built target ament_cmake_python_symlink_unitree_hg
running egg_info
creating unitree_hg.egg-info
writing unitree_hg.egg-info/PKG-INFO
writing dependency_links to unitree_hg.egg-info/dependency_links.txt
writing top-level names to unitree_hg.egg-info/top_level.txt
writing manifest file 'unitree_hg.egg-info/SOURCES.txt'
reading manifest file 'unitree_hg.egg-info/SOURCES.txt'
writing manifest file 'unitree_hg.egg-info/SOURCES.txt'
[  2%] Built target ament_cmake_python_build_unitree_hg_egg
[  2%] Built target unitree_hg__dds_connext_idl
[  2%] Built target unitree_hg__cpp
[  3%] [34m[1mGenerating C++ introspection for ROS interfaces[0m
[  4%] [34m[1mGenerating C++ type support for eProsima Fast-RTPS[0m
[  5%] [34m[1mGenerating C++ type support dispatch for ROS interfaces[0m
[  6%] [32mBuilding C object CMakeFiles/unitree_hg__rosidl_generator_c.dir/rosidl_generator_c/unitree_hg/msg/detail/bms_state__functions.c.o[0m
[  7%] [32mBuilding C object CMakeFiles/unitree_hg__rosidl_generator_c.dir/rosidl_generator_c/unitree_hg/msg/detail/bms_cmd__functions.c.o[0m
[  8%] [32mBuilding C object CMakeFiles/unitree_hg__rosidl_generator_c.dir/rosidl_generator_c/unitree_hg/msg/detail/hand_cmd__functions.c.o[0m
[  9%] [32mBuilding C object CMakeFiles/unitree_hg__rosidl_generator_c.dir/rosidl_generator_c/unitree_hg/msg/detail/hand_state__functions.c.o[0m
[  9%] [32mBuilding C object CMakeFiles/unitree_hg__rosidl_generator_c.dir/rosidl_generator_c/unitree_hg/msg/detail/low_cmd__functions.c.o[0m
[ 10%] [32mBuilding C object CMakeFiles/unitree_hg__rosidl_generator_c.dir/rosidl_generator_c/unitree_hg/msg/detail/low_state__functions.c.o[0m
[ 12%] [32mBuilding C object CMakeFiles/unitree_hg__rosidl_generator_c.dir/rosidl_generator_c/unitree_hg/msg/detail/main_board_state__functions.c.o[0m
[ 11%] [32mBuilding C object CMakeFiles/unitree_hg__rosidl_generator_c.dir/rosidl_generator_c/unitree_hg/msg/detail/motor_cmd__functions.c.o[0m
[ 13%] [32mBuilding C object CMakeFiles/unitree_hg__rosidl_generator_c.dir/rosidl_generator_c/unitree_hg/msg/detail/motor_state__functions.c.o[0m
[ 14%] [32mBuilding C object CMakeFiles/unitree_hg__rosidl_generator_c.dir/rosidl_generator_c/unitree_hg/msg/detail/imu_state__functions.c.o[0m
[ 15%] [32mBuilding C object CMakeFiles/unitree_hg__rosidl_generator_c.dir/rosidl_generator_c/unitree_hg/msg/detail/press_sensor_state__functions.c.o[0m
[ 16%] [32m[1mLinking C shared library libunitree_hg__rosidl_generator_c.so[0m
[ 16%] Built target unitree_hg__rosidl_generator_c
[ 16%] [34m[1mGenerating C type support dispatch for ROS interfaces[0m
[ 16%] [34m[1mGenerating C introspection for ROS interfaces[0m
[ 16%] [34m[1mGenerating C type support for eProsima Fast-RTPS[0m
[ 17%] [32mBuilding CXX object CMakeFiles/unitree_hg__rosidl_typesupport_introspection_cpp.dir/rosidl_typesupport_introspection_cpp/unitree_hg/msg/detail/bms_state__type_support.cpp.o[0m
[ 17%] [32mBuilding CXX object CMakeFiles/unitree_hg__rosidl_typesupport_introspection_cpp.dir/rosidl_typesupport_introspection_cpp/unitree_hg/msg/detail/hand_cmd__type_support.cpp.o[0m
[ 18%] [32mBuilding CXX object CMakeFiles/unitree_hg__rosidl_typesupport_introspection_cpp.dir/rosidl_typesupport_introspection_cpp/unitree_hg/msg/detail/bms_cmd__type_support.cpp.o[0m
[ 19%] [32mBuilding CXX object CMakeFiles/unitree_hg__rosidl_typesupport_introspection_cpp.dir/rosidl_typesupport_introspection_cpp/unitree_hg/msg/detail/hand_state__type_support.cpp.o[0m
[ 20%] [32mBuilding CXX object CMakeFiles/unitree_hg__rosidl_typesupport_introspection_cpp.dir/rosidl_typesupport_introspection_cpp/unitree_hg/msg/detail/low_cmd__type_support.cpp.o[0m
[ 21%] [32mBuilding CXX object CMakeFiles/unitree_hg__rosidl_typesupport_introspection_cpp.dir/rosidl_typesupport_introspection_cpp/unitree_hg/msg/detail/low_state__type_support.cpp.o[0m
[ 22%] [32mBuilding CXX object CMakeFiles/unitree_hg__rosidl_typesupport_introspection_cpp.dir/rosidl_typesupport_introspection_cpp/unitree_hg/msg/detail/main_board_state__type_support.cpp.o[0m
[ 23%] [32mBuilding CXX object CMakeFiles/unitree_hg__rosidl_typesupport_introspection_cpp.dir/rosidl_typesupport_introspection_cpp/unitree_hg/msg/detail/imu_state__type_support.cpp.o[0m
[ 24%] [32mBuilding CXX object CMakeFiles/unitree_hg__rosidl_typesupport_introspection_cpp.dir/rosidl_typesupport_introspection_cpp/unitree_hg/msg/detail/motor_cmd__type_support.cpp.o[0m
[ 25%] [32mBuilding CXX object CMakeFiles/unitree_hg__rosidl_typesupport_cpp.dir/rosidl_typesupport_cpp/unitree_hg/msg/bms_cmd__type_support.cpp.o[0m
[ 26%] [32mBuilding CXX object CMakeFiles/unitree_hg__rosidl_typesupport_introspection_cpp.dir/rosidl_typesupport_introspection_cpp/unitree_hg/msg/detail/motor_state__type_support.cpp.o[0m
[ 27%] [32mBuilding CXX object CMakeFiles/unitree_hg__rosidl_typesupport_introspection_cpp.dir/rosidl_typesupport_introspection_cpp/unitree_hg/msg/detail/press_sensor_state__type_support.cpp.o[0m
[ 28%] [32mBuilding CXX object CMakeFiles/unitree_hg__rosidl_typesupport_cpp.dir/rosidl_typesupport_cpp/unitree_hg/msg/bms_state__type_support.cpp.o[0m
[ 28%] [32mBuilding CXX object CMakeFiles/unitree_hg__rosidl_typesupport_cpp.dir/rosidl_typesupport_cpp/unitree_hg/msg/hand_cmd__type_support.cpp.o[0m
[ 29%] [32mBuilding CXX object CMakeFiles/unitree_hg__rosidl_typesupport_c.dir/rosidl_typesupport_c/unitree_hg/msg/bms_cmd__type_support.cpp.o[0m
[ 30%] [32mBuilding CXX object CMakeFiles/unitree_hg__rosidl_typesupport_c.dir/rosidl_typesupport_c/unitree_hg/msg/bms_state__type_support.cpp.o[0m
[ 32%] [32mBuilding CXX object CMakeFiles/unitree_hg__rosidl_typesupport_c.dir/rosidl_typesupport_c/unitree_hg/msg/hand_state__type_support.cpp.o[0m
[ 32%] [32mBuilding CXX object CMakeFiles/unitree_hg__rosidl_typesupport_c.dir/rosidl_typesupport_c/unitree_hg/msg/hand_cmd__type_support.cpp.o[0m
[ 33%] [32mBuilding CXX object CMakeFiles/unitree_hg__rosidl_typesupport_c.dir/rosidl_typesupport_c/unitree_hg/msg/low_cmd__type_support.cpp.o[0m
[ 34%] [32mBuilding CXX object CMakeFiles/unitree_hg__rosidl_typesupport_c.dir/rosidl_typesupport_c/unitree_hg/msg/imu_state__type_support.cpp.o[0m
[ 35%] [32mBuilding CXX object CMakeFiles/unitree_hg__rosidl_typesupport_cpp.dir/rosidl_typesupport_cpp/unitree_hg/msg/hand_state__type_support.cpp.o[0m
[ 36%] [32mBuilding CXX object CMakeFiles/unitree_hg__rosidl_typesupport_cpp.dir/rosidl_typesupport_cpp/unitree_hg/msg/imu_state__type_support.cpp.o[0m
[ 37%] [32mBuilding CXX object CMakeFiles/unitree_hg__rosidl_typesupport_c.dir/rosidl_typesupport_c/unitree_hg/msg/low_state__type_support.cpp.o[0m
[ 38%] [32mBuilding CXX object CMakeFiles/unitree_hg__rosidl_typesupport_cpp.dir/rosidl_typesupport_cpp/unitree_hg/msg/low_cmd__type_support.cpp.o[0m
[ 39%] [32mBuilding CXX object CMakeFiles/unitree_hg__rosidl_typesupport_fastrtps_cpp.dir/rosidl_typesupport_fastrtps_cpp/unitree_hg/msg/detail/dds_fastrtps/bms_cmd__type_support.cpp.o[0m
[ 40%] [32mBuilding CXX object CMakeFiles/unitree_hg__rosidl_typesupport_c.dir/rosidl_typesupport_c/unitree_hg/msg/main_board_state__type_support.cpp.o[0m
[ 40%] [32mBuilding CXX object CMakeFiles/unitree_hg__rosidl_typesupport_c.dir/rosidl_typesupport_c/unitree_hg/msg/motor_cmd__type_support.cpp.o[0m
[ 41%] [32mBuilding CXX object CMakeFiles/unitree_hg__rosidl_typesupport_c.dir/rosidl_typesupport_c/unitree_hg/msg/motor_state__type_support.cpp.o[0m
[ 42%] [32mBuilding CXX object CMakeFiles/unitree_hg__rosidl_typesupport_c.dir/rosidl_typesupport_c/unitree_hg/msg/press_sensor_state__type_support.cpp.o[0m
[ 43%] [32mBuilding CXX object CMakeFiles/unitree_hg__rosidl_typesupport_cpp.dir/rosidl_typesupport_cpp/unitree_hg/msg/low_state__type_support.cpp.o[0m
[ 44%] [32mBuilding CXX object CMakeFiles/unitree_hg__rosidl_typesupport_fastrtps_cpp.dir/rosidl_typesupport_fastrtps_cpp/unitree_hg/msg/detail/dds_fastrtps/bms_state__type_support.cpp.o[0m
[ 46%] [32m[1mLinking CXX shared library libunitree_hg__rosidl_typesupport_c.so[0m
[ 46%] [32mBuilding CXX object CMakeFiles/unitree_hg__rosidl_typesupport_fastrtps_cpp.dir/rosidl_typesupport_fastrtps_cpp/unitree_hg/msg/detail/dds_fastrtps/hand_state__type_support.cpp.o[0m
[ 47%] [32mBuilding CXX object CMakeFiles/unitree_hg__rosidl_typesupport_fastrtps_cpp.dir/rosidl_typesupport_fastrtps_cpp/unitree_hg/msg/detail/dds_fastrtps/hand_cmd__type_support.cpp.o[0m
[ 47%] [32mBuilding CXX object CMakeFiles/unitree_hg__rosidl_typesupport_cpp.dir/rosidl_typesupport_cpp/unitree_hg/msg/main_board_state__type_support.cpp.o[0m
[ 48%] [32mBuilding CXX object CMakeFiles/unitree_hg__rosidl_typesupport_cpp.dir/rosidl_typesupport_cpp/unitree_hg/msg/motor_cmd__type_support.cpp.o[0m
[ 48%] Built target unitree_hg__rosidl_typesupport_c
[ 49%] [32mBuilding CXX object CMakeFiles/unitree_hg__rosidl_typesupport_cpp.dir/rosidl_typesupport_cpp/unitree_hg/msg/motor_state__type_support.cpp.o[0m
[ 50%] [32mBuilding CXX object CMakeFiles/unitree_hg__rosidl_typesupport_cpp.dir/rosidl_typesupport_cpp/unitree_hg/msg/press_sensor_state__type_support.cpp.o[0m
[ 51%] [32mBuilding CXX object CMakeFiles/unitree_hg__rosidl_typesupport_fastrtps_c.dir/rosidl_typesupport_fastrtps_c/unitree_hg/msg/detail/bms_cmd__type_support_c.cpp.o[0m
[ 52%] [32mBuilding CXX object CMakeFiles/unitree_hg__rosidl_typesupport_fastrtps_cpp.dir/rosidl_typesupport_fastrtps_cpp/unitree_hg/msg/detail/dds_fastrtps/imu_state__type_support.cpp.o[0m
[ 53%] [32mBuilding CXX object CMakeFiles/unitree_hg__rosidl_typesupport_fastrtps_c.dir/rosidl_typesupport_fastrtps_c/unitree_hg/msg/detail/bms_state__type_support_c.cpp.o[0m
[ 54%] [32mBuilding CXX object CMakeFiles/unitree_hg__rosidl_typesupport_fastrtps_cpp.dir/rosidl_typesupport_fastrtps_cpp/unitree_hg/msg/detail/dds_fastrtps/low_cmd__type_support.cpp.o[0m
[ 55%] [32mBuilding CXX object CMakeFiles/unitree_hg__rosidl_typesupport_fastrtps_cpp.dir/rosidl_typesupport_fastrtps_cpp/unitree_hg/msg/detail/dds_fastrtps/low_state__type_support.cpp.o[0m
[ 56%] [32mBuilding CXX object CMakeFiles/unitree_hg__rosidl_typesupport_fastrtps_cpp.dir/rosidl_typesupport_fastrtps_cpp/unitree_hg/msg/detail/dds_fastrtps/main_board_state__type_support.cpp.o[0m
[ 57%] [32mBuilding CXX object CMakeFiles/unitree_hg__rosidl_typesupport_fastrtps_cpp.dir/rosidl_typesupport_fastrtps_cpp/unitree_hg/msg/detail/dds_fastrtps/motor_cmd__type_support.cpp.o[0m
[ 58%] [32mBuilding CXX object CMakeFiles/unitree_hg__rosidl_typesupport_fastrtps_c.dir/rosidl_typesupport_fastrtps_c/unitree_hg/msg/detail/hand_cmd__type_support_c.cpp.o[0m
[ 59%] [32mBuilding CXX object CMakeFiles/unitree_hg__rosidl_typesupport_fastrtps_cpp.dir/rosidl_typesupport_fastrtps_cpp/unitree_hg/msg/detail/dds_fastrtps/motor_state__type_support.cpp.o[0m
[ 60%] [32mBuilding CXX object CMakeFiles/unitree_hg__rosidl_typesupport_fastrtps_cpp.dir/rosidl_typesupport_fastrtps_cpp/unitree_hg/msg/detail/dds_fastrtps/press_sensor_state__type_support.cpp.o[0m
[ 61%] [32mBuilding CXX object CMakeFiles/unitree_hg__rosidl_typesupport_fastrtps_c.dir/rosidl_typesupport_fastrtps_c/unitree_hg/msg/detail/hand_state__type_support_c.cpp.o[0m
[ 62%] [32mBuilding CXX object CMakeFiles/unitree_hg__rosidl_typesupport_fastrtps_c.dir/rosidl_typesupport_fastrtps_c/unitree_hg/msg/detail/imu_state__type_support_c.cpp.o[0m
[ 63%] [32mBuilding CXX object CMakeFiles/unitree_hg__rosidl_typesupport_fastrtps_c.dir/rosidl_typesupport_fastrtps_c/unitree_hg/msg/detail/low_cmd__type_support_c.cpp.o[0m
[ 64%] [32m[1mLinking CXX shared library libunitree_hg__rosidl_typesupport_cpp.so[0m
[ 65%] [32mBuilding CXX object CMakeFiles/unitree_hg__rosidl_typesupport_fastrtps_c.dir/rosidl_typesupport_fastrtps_c/unitree_hg/msg/detail/low_state__type_support_c.cpp.o[0m
[ 65%] Built target unitree_hg__rosidl_typesupport_cpp
[ 66%] [32mBuilding CXX object CMakeFiles/unitree_hg__rosidl_typesupport_fastrtps_c.dir/rosidl_typesupport_fastrtps_c/unitree_hg/msg/detail/main_board_state__type_support_c.cpp.o[0m
[ 66%] [32mBuilding CXX object CMakeFiles/unitree_hg__rosidl_typesupport_fastrtps_c.dir/rosidl_typesupport_fastrtps_c/unitree_hg/msg/detail/motor_cmd__type_support_c.cpp.o[0m
[ 67%] [32mBuilding CXX object CMakeFiles/unitree_hg__rosidl_typesupport_fastrtps_c.dir/rosidl_typesupport_fastrtps_c/unitree_hg/msg/detail/press_sensor_state__type_support_c.cpp.o[0m
[ 68%] [32mBuilding CXX object CMakeFiles/unitree_hg__rosidl_typesupport_fastrtps_c.dir/rosidl_typesupport_fastrtps_c/unitree_hg/msg/detail/motor_state__type_support_c.cpp.o[0m
[ 69%] [32m[1mLinking CXX shared library libunitree_hg__rosidl_typesupport_introspection_cpp.so[0m
[ 70%] [32m[1mLinking CXX shared library libunitree_hg__rosidl_typesupport_fastrtps_cpp.so[0m
[ 70%] Built target unitree_hg__rosidl_typesupport_introspection_cpp
[ 70%] Built target unitree_hg__rosidl_typesupport_fastrtps_cpp
[ 71%] [32mBuilding C object CMakeFiles/unitree_hg__rosidl_typesupport_introspection_c.dir/rosidl_typesupport_introspection_c/unitree_hg/msg/detail/bms_cmd__type_support.c.o[0m
[ 72%] [32mBuilding C object CMakeFiles/unitree_hg__rosidl_typesupport_introspection_c.dir/rosidl_typesupport_introspection_c/unitree_hg/msg/detail/bms_state__type_support.c.o[0m
[ 73%] [32mBuilding C object CMakeFiles/unitree_hg__rosidl_typesupport_introspection_c.dir/rosidl_typesupport_introspection_c/unitree_hg/msg/detail/hand_cmd__type_support.c.o[0m
[ 74%] [32mBuilding C object CMakeFiles/unitree_hg__rosidl_typesupport_introspection_c.dir/rosidl_typesupport_introspection_c/unitree_hg/msg/detail/hand_state__type_support.c.o[0m
[ 75%] [32mBuilding C object CMakeFiles/unitree_hg__rosidl_typesupport_introspection_c.dir/rosidl_typesupport_introspection_c/unitree_hg/msg/detail/imu_state__type_support.c.o[0m
[ 76%] [32mBuilding C object CMakeFiles/unitree_hg__rosidl_typesupport_introspection_c.dir/rosidl_typesupport_introspection_c/unitree_hg/msg/detail/low_cmd__type_support.c.o[0m
[ 77%] [32mBuilding C object CMakeFiles/unitree_hg__rosidl_typesupport_introspection_c.dir/rosidl_typesupport_introspection_c/unitree_hg/msg/detail/press_sensor_state__type_support.c.o[0m
[ 78%] [32mBuilding C object CMakeFiles/unitree_hg__rosidl_typesupport_introspection_c.dir/rosidl_typesupport_introspection_c/unitree_hg/msg/detail/low_state__type_support.c.o[0m
[ 79%] [32mBuilding C object CMakeFiles/unitree_hg__rosidl_typesupport_introspection_c.dir/rosidl_typesupport_introspection_c/unitree_hg/msg/detail/motor_state__type_support.c.o[0m
[ 80%] [32mBuilding C object CMakeFiles/unitree_hg__rosidl_typesupport_introspection_c.dir/rosidl_typesupport_introspection_c/unitree_hg/msg/detail/main_board_state__type_support.c.o[0m
[ 80%] [32mBuilding C object CMakeFiles/unitree_hg__rosidl_typesupport_introspection_c.dir/rosidl_typesupport_introspection_c/unitree_hg/msg/detail/motor_cmd__type_support.c.o[0m
[ 81%] [32m[1mLinking C shared library libunitree_hg__rosidl_typesupport_introspection_c.so[0m
[ 81%] Built target unitree_hg__rosidl_typesupport_introspection_c
[ 82%] [32m[1mLinking CXX shared library libunitree_hg__rosidl_typesupport_fastrtps_c.so[0m
[ 82%] Built target unitree_hg__rosidl_typesupport_fastrtps_c
[ 82%] Built target unitree_hg
[ 83%] [34m[1mGenerating Python code for ROS interfaces[0m
[ 83%] Built target unitree_hg__py
[ 84%] [32mBuilding C object CMakeFiles/unitree_hg__rosidl_generator_py.dir/rosidl_generator_py/unitree_hg/msg/_bms_cmd_s.c.o[0m
[ 85%] [32mBuilding C object CMakeFiles/unitree_hg__rosidl_generator_py.dir/rosidl_generator_py/unitree_hg/msg/_bms_state_s.c.o[0m
[ 85%] [32mBuilding C object CMakeFiles/unitree_hg__rosidl_generator_py.dir/rosidl_generator_py/unitree_hg/msg/_hand_cmd_s.c.o[0m
[ 86%] [32mBuilding C object CMakeFiles/unitree_hg__rosidl_generator_py.dir/rosidl_generator_py/unitree_hg/msg/_low_state_s.c.o[0m
[ 88%] [32mBuilding C object CMakeFiles/unitree_hg__rosidl_generator_py.dir/rosidl_generator_py/unitree_hg/msg/_low_cmd_s.c.o[0m
[ 89%] [32mBuilding C object CMakeFiles/unitree_hg__rosidl_generator_py.dir/rosidl_generator_py/unitree_hg/msg/_imu_state_s.c.o[0m
[ 88%] [32mBuilding C object CMakeFiles/unitree_hg__rosidl_generator_py.dir/rosidl_generator_py/unitree_hg/msg/_hand_state_s.c.o[0m
[ 90%] [32mBuilding C object CMakeFiles/unitree_hg__rosidl_generator_py.dir/rosidl_generator_py/unitree_hg/msg/_main_board_state_s.c.o[0m
[ 91%] [32mBuilding C object CMakeFiles/unitree_hg__rosidl_generator_py.dir/rosidl_generator_py/unitree_hg/msg/_motor_cmd_s.c.o[0m
[ 92%] [32mBuilding C object CMakeFiles/unitree_hg__rosidl_generator_py.dir/rosidl_generator_py/unitree_hg/msg/_motor_state_s.c.o[0m
[ 93%] [32mBuilding C object CMakeFiles/unitree_hg__rosidl_generator_py.dir/rosidl_generator_py/unitree_hg/msg/_press_sensor_state_s.c.o[0m
[ 94%] [32m[1mLinking C shared library rosidl_generator_py/unitree_hg/libunitree_hg__rosidl_generator_py.so[0m
[ 94%] Built target unitree_hg__rosidl_generator_py
[ 95%] [32mBuilding C object CMakeFiles/unitree_hg__rosidl_typesupport_introspection_c__pyext.dir/rosidl_generator_py/unitree_hg/_unitree_hg_s.ep.rosidl_typesupport_introspection_c.c.o[0m
[ 97%] [32mBuilding C object CMakeFiles/unitree_hg__rosidl_typesupport_c__pyext.dir/rosidl_generator_py/unitree_hg/_unitree_hg_s.ep.rosidl_typesupport_c.c.o[0m
[ 96%] [32mBuilding C object CMakeFiles/unitree_hg__rosidl_typesupport_fastrtps_c__pyext.dir/rosidl_generator_py/unitree_hg/_unitree_hg_s.ep.rosidl_typesupport_fastrtps_c.c.o[0m
[ 98%] [32m[1mLinking C shared library rosidl_generator_py/unitree_hg/unitree_hg_s__rosidl_typesupport_fastrtps_c.cpython-310-x86_64-linux-gnu.so[0m
[ 99%] [32m[1mLinking C shared library rosidl_generator_py/unitree_hg/unitree_hg_s__rosidl_typesupport_c.cpython-310-x86_64-linux-gnu.so[0m
[100%] [32m[1mLinking C shared library rosidl_generator_py/unitree_hg/unitree_hg_s__rosidl_typesupport_introspection_c.cpython-310-x86_64-linux-gnu.so[0m
[100%] Built target unitree_hg__rosidl_typesupport_fastrtps_c__pyext
[100%] Built target unitree_hg__rosidl_typesupport_c__pyext
[100%] Built target unitree_hg__rosidl_typesupport_introspection_c__pyext
-- Install configuration: ""
-- Execute custom install script
-- Symlinking: /home/jason/projects/motion_control_go2/install/unitree_hg/share/ament_index/resource_index/rosidl_interfaces/unitree_hg
-- Symlinking: /home/jason/projects/motion_control_go2/install/unitree_hg/include/unitree_hg/unitree_hg/msg/bms_cmd.h
-- Symlinking: /home/jason/projects/motion_control_go2/install/unitree_hg/include/unitree_hg/unitree_hg/msg/bms_state.h
-- Symlinking: /home/jason/projects/motion_control_go2/install/unitree_hg/include/unitree_hg/unitree_hg/msg/detail/bms_cmd__functions.h
-- Symlinking: /home/jason/projects/motion_control_go2/install/unitree_hg/include/unitree_hg/unitree_hg/msg/detail/bms_cmd__struct.h
-- Symlinking: /home/jason/projects/motion_control_go2/install/unitree_hg/include/unitree_hg/unitree_hg/msg/detail/bms_cmd__type_support.h
-- Symlinking: /home/jason/projects/motion_control_go2/install/unitree_hg/include/unitree_hg/unitree_hg/msg/detail/bms_state__functions.h
-- Symlinking: /home/jason/projects/motion_control_go2/install/unitree_hg/include/unitree_hg/unitree_hg/msg/detail/bms_state__struct.h
-- Symlinking: /home/jason/projects/motion_control_go2/install/unitree_hg/include/unitree_hg/unitree_hg/msg/detail/bms_state__type_support.h
-- Symlinking: /home/jason/projects/motion_control_go2/install/unitree_hg/include/unitree_hg/unitree_hg/msg/detail/hand_cmd__functions.h
-- Symlinking: /home/jason/projects/motion_control_go2/install/unitree_hg/include/unitree_hg/unitree_hg/msg/detail/hand_cmd__struct.h
-- Symlinking: /home/jason/projects/motion_control_go2/install/unitree_hg/include/unitree_hg/unitree_hg/msg/detail/hand_cmd__type_support.h
-- Symlinking: /home/jason/projects/motion_control_go2/install/unitree_hg/include/unitree_hg/unitree_hg/msg/detail/hand_state__functions.h
-- Symlinking: /home/jason/projects/motion_control_go2/install/unitree_hg/include/unitree_hg/unitree_hg/msg/detail/hand_state__struct.h
-- Symlinking: /home/jason/projects/motion_control_go2/install/unitree_hg/include/unitree_hg/unitree_hg/msg/detail/hand_state__type_support.h
-- Symlinking: /home/jason/projects/motion_control_go2/install/unitree_hg/include/unitree_hg/unitree_hg/msg/detail/imu_state__functions.h
-- Symlinking: /home/jason/projects/motion_control_go2/install/unitree_hg/include/unitree_hg/unitree_hg/msg/detail/imu_state__struct.h
-- Symlinking: /home/jason/projects/motion_control_go2/install/unitree_hg/include/unitree_hg/unitree_hg/msg/detail/imu_state__type_support.h
-- Symlinking: /home/jason/projects/motion_control_go2/install/unitree_hg/include/unitree_hg/unitree_hg/msg/detail/low_cmd__functions.h
-- Symlinking: /home/jason/projects/motion_control_go2/install/unitree_hg/include/unitree_hg/unitree_hg/msg/detail/low_cmd__struct.h
-- Symlinking: /home/jason/projects/motion_control_go2/install/unitree_hg/include/unitree_hg/unitree_hg/msg/detail/low_cmd__type_support.h
-- Symlinking: /home/jason/projects/motion_control_go2/install/unitree_hg/include/unitree_hg/unitree_hg/msg/detail/low_state__functions.h
-- Symlinking: /home/jason/projects/motion_control_go2/install/unitree_hg/include/unitree_hg/unitree_hg/msg/detail/low_state__struct.h
-- Symlinking: /home/jason/projects/motion_control_go2/install/unitree_hg/include/unitree_hg/unitree_hg/msg/detail/low_state__type_support.h
-- Symlinking: /home/jason/projects/motion_control_go2/install/unitree_hg/include/unitree_hg/unitree_hg/msg/detail/main_board_state__functions.h
-- Symlinking: /home/jason/projects/motion_control_go2/install/unitree_hg/include/unitree_hg/unitree_hg/msg/detail/main_board_state__struct.h
-- Symlinking: /home/jason/projects/motion_control_go2/install/unitree_hg/include/unitree_hg/unitree_hg/msg/detail/main_board_state__type_support.h
-- Symlinking: /home/jason/projects/motion_control_go2/install/unitree_hg/include/unitree_hg/unitree_hg/msg/detail/motor_cmd__functions.h
-- Symlinking: /home/jason/projects/motion_control_go2/install/unitree_hg/include/unitree_hg/unitree_hg/msg/detail/motor_cmd__struct.h
-- Symlinking: /home/jason/projects/motion_control_go2/install/unitree_hg/include/unitree_hg/unitree_hg/msg/detail/motor_cmd__type_support.h
-- Symlinking: /home/jason/projects/motion_control_go2/install/unitree_hg/include/unitree_hg/unitree_hg/msg/detail/motor_state__functions.h
-- Symlinking: /home/jason/projects/motion_control_go2/install/unitree_hg/include/unitree_hg/unitree_hg/msg/detail/motor_state__struct.h
-- Symlinking: /home/jason/projects/motion_control_go2/install/unitree_hg/include/unitree_hg/unitree_hg/msg/detail/motor_state__type_support.h
-- Symlinking: /home/jason/projects/motion_control_go2/install/unitree_hg/include/unitree_hg/unitree_hg/msg/detail/press_sensor_state__functions.h
-- Symlinking: /home/jason/projects/motion_control_go2/install/unitree_hg/include/unitree_hg/unitree_hg/msg/detail/press_sensor_state__struct.h
-- Symlinking: /home/jason/projects/motion_control_go2/install/unitree_hg/include/unitree_hg/unitree_hg/msg/detail/press_sensor_state__type_support.h
-- Symlinking: /home/jason/projects/motion_control_go2/install/unitree_hg/include/unitree_hg/unitree_hg/msg/hand_cmd.h
-- Symlinking: /home/jason/projects/motion_control_go2/install/unitree_hg/include/unitree_hg/unitree_hg/msg/hand_state.h
-- Symlinking: /home/jason/projects/motion_control_go2/install/unitree_hg/include/unitree_hg/unitree_hg/msg/imu_state.h
-- Symlinking: /home/jason/projects/motion_control_go2/install/unitree_hg/include/unitree_hg/unitree_hg/msg/low_cmd.h
-- Symlinking: /home/jason/projects/motion_control_go2/install/unitree_hg/include/unitree_hg/unitree_hg/msg/low_state.h
-- Symlinking: /home/jason/projects/motion_control_go2/install/unitree_hg/include/unitree_hg/unitree_hg/msg/main_board_state.h
-- Symlinking: /home/jason/projects/motion_control_go2/install/unitree_hg/include/unitree_hg/unitree_hg/msg/motor_cmd.h
-- Symlinking: /home/jason/projects/motion_control_go2/install/unitree_hg/include/unitree_hg/unitree_hg/msg/motor_state.h
-- Symlinking: /home/jason/projects/motion_control_go2/install/unitree_hg/include/unitree_hg/unitree_hg/msg/press_sensor_state.h
-- Symlinking: /home/jason/projects/motion_control_go2/install/unitree_hg/include/unitree_hg/unitree_hg/msg/rosidl_generator_c__visibility_control.h
-- Symlinking: /home/jason/projects/motion_control_go2/install/unitree_hg/share/unitree_hg/environment/library_path.sh
-- Symlinking: /home/jason/projects/motion_control_go2/install/unitree_hg/share/unitree_hg/environment/library_path.dsv
-- Symlinking: /home/jason/projects/motion_control_go2/install/unitree_hg/include/unitree_hg/unitree_hg/msg/detail/bms_cmd__rosidl_typesupport_fastrtps_c.h
-- Symlinking: /home/jason/projects/motion_control_go2/install/unitree_hg/include/unitree_hg/unitree_hg/msg/detail/bms_state__rosidl_typesupport_fastrtps_c.h
-- Symlinking: /home/jason/projects/motion_control_go2/install/unitree_hg/include/unitree_hg/unitree_hg/msg/detail/hand_cmd__rosidl_typesupport_fastrtps_c.h
-- Symlinking: /home/jason/projects/motion_control_go2/install/unitree_hg/include/unitree_hg/unitree_hg/msg/detail/hand_state__rosidl_typesupport_fastrtps_c.h
-- Symlinking: /home/jason/projects/motion_control_go2/install/unitree_hg/include/unitree_hg/unitree_hg/msg/detail/imu_state__rosidl_typesupport_fastrtps_c.h
-- Symlinking: /home/jason/projects/motion_control_go2/install/unitree_hg/include/unitree_hg/unitree_hg/msg/detail/low_cmd__rosidl_typesupport_fastrtps_c.h
-- Symlinking: /home/jason/projects/motion_control_go2/install/unitree_hg/include/unitree_hg/unitree_hg/msg/detail/low_state__rosidl_typesupport_fastrtps_c.h
-- Symlinking: /home/jason/projects/motion_control_go2/install/unitree_hg/include/unitree_hg/unitree_hg/msg/detail/main_board_state__rosidl_typesupport_fastrtps_c.h
-- Symlinking: /home/jason/projects/motion_control_go2/install/unitree_hg/include/unitree_hg/unitree_hg/msg/detail/motor_cmd__rosidl_typesupport_fastrtps_c.h
-- Symlinking: /home/jason/projects/motion_control_go2/install/unitree_hg/include/unitree_hg/unitree_hg/msg/detail/motor_state__rosidl_typesupport_fastrtps_c.h
-- Symlinking: /home/jason/projects/motion_control_go2/install/unitree_hg/include/unitree_hg/unitree_hg/msg/detail/press_sensor_state__rosidl_typesupport_fastrtps_c.h
-- Symlinking: /home/jason/projects/motion_control_go2/install/unitree_hg/include/unitree_hg/unitree_hg/msg/rosidl_typesupport_fastrtps_c__visibility_control.h
-- Symlinking: /home/jason/projects/motion_control_go2/install/unitree_hg/include/unitree_hg/unitree_hg/msg/bms_cmd.hpp
-- Symlinking: /home/jason/projects/motion_control_go2/install/unitree_hg/include/unitree_hg/unitree_hg/msg/bms_state.hpp
-- Symlinking: /home/jason/projects/motion_control_go2/install/unitree_hg/include/unitree_hg/unitree_hg/msg/detail/bms_cmd__builder.hpp
-- Symlinking: /home/jason/projects/motion_control_go2/install/unitree_hg/include/unitree_hg/unitree_hg/msg/detail/bms_cmd__struct.hpp
-- Symlinking: /home/jason/projects/motion_control_go2/install/unitree_hg/include/unitree_hg/unitree_hg/msg/detail/bms_cmd__traits.hpp
-- Symlinking: /home/jason/projects/motion_control_go2/install/unitree_hg/include/unitree_hg/unitree_hg/msg/detail/bms_cmd__type_support.hpp
-- Symlinking: /home/jason/projects/motion_control_go2/install/unitree_hg/include/unitree_hg/unitree_hg/msg/detail/bms_state__builder.hpp
-- Symlinking: /home/jason/projects/motion_control_go2/install/unitree_hg/include/unitree_hg/unitree_hg/msg/detail/bms_state__struct.hpp
-- Symlinking: /home/jason/projects/motion_control_go2/install/unitree_hg/include/unitree_hg/unitree_hg/msg/detail/bms_state__traits.hpp
-- Symlinking: /home/jason/projects/motion_control_go2/install/unitree_hg/include/unitree_hg/unitree_hg/msg/detail/bms_state__type_support.hpp
-- Symlinking: /home/jason/projects/motion_control_go2/install/unitree_hg/include/unitree_hg/unitree_hg/msg/detail/hand_cmd__builder.hpp
-- Symlinking: /home/jason/projects/motion_control_go2/install/unitree_hg/include/unitree_hg/unitree_hg/msg/detail/hand_cmd__struct.hpp
-- Symlinking: /home/jason/projects/motion_control_go2/install/unitree_hg/include/unitree_hg/unitree_hg/msg/detail/hand_cmd__traits.hpp
-- Symlinking: /home/jason/projects/motion_control_go2/install/unitree_hg/include/unitree_hg/unitree_hg/msg/detail/hand_cmd__type_support.hpp
-- Symlinking: /home/jason/projects/motion_control_go2/install/unitree_hg/include/unitree_hg/unitree_hg/msg/detail/hand_state__builder.hpp
-- Symlinking: /home/jason/projects/motion_control_go2/install/unitree_hg/include/unitree_hg/unitree_hg/msg/detail/hand_state__struct.hpp
-- Symlinking: /home/jason/projects/motion_control_go2/install/unitree_hg/include/unitree_hg/unitree_hg/msg/detail/hand_state__traits.hpp
-- Symlinking: /home/jason/projects/motion_control_go2/install/unitree_hg/include/unitree_hg/unitree_hg/msg/detail/hand_state__type_support.hpp
-- Symlinking: /home/jason/projects/motion_control_go2/install/unitree_hg/include/unitree_hg/unitree_hg/msg/detail/imu_state__builder.hpp
-- Symlinking: /home/jason/projects/motion_control_go2/install/unitree_hg/include/unitree_hg/unitree_hg/msg/detail/imu_state__struct.hpp
-- Symlinking: /home/jason/projects/motion_control_go2/install/unitree_hg/include/unitree_hg/unitree_hg/msg/detail/imu_state__traits.hpp
-- Symlinking: /home/jason/projects/motion_control_go2/install/unitree_hg/include/unitree_hg/unitree_hg/msg/detail/imu_state__type_support.hpp
-- Symlinking: /home/jason/projects/motion_control_go2/install/unitree_hg/include/unitree_hg/unitree_hg/msg/detail/low_cmd__builder.hpp
-- Symlinking: /home/jason/projects/motion_control_go2/install/unitree_hg/include/unitree_hg/unitree_hg/msg/detail/low_cmd__struct.hpp
-- Symlinking: /home/jason/projects/motion_control_go2/install/unitree_hg/include/unitree_hg/unitree_hg/msg/detail/low_cmd__traits.hpp
-- Symlinking: /home/jason/projects/motion_control_go2/install/unitree_hg/include/unitree_hg/unitree_hg/msg/detail/low_cmd__type_support.hpp
-- Symlinking: /home/jason/projects/motion_control_go2/install/unitree_hg/include/unitree_hg/unitree_hg/msg/detail/low_state__builder.hpp
-- Symlinking: /home/jason/projects/motion_control_go2/install/unitree_hg/include/unitree_hg/unitree_hg/msg/detail/low_state__struct.hpp
-- Symlinking: /home/jason/projects/motion_control_go2/install/unitree_hg/include/unitree_hg/unitree_hg/msg/detail/low_state__traits.hpp
-- Symlinking: /home/jason/projects/motion_control_go2/install/unitree_hg/include/unitree_hg/unitree_hg/msg/detail/low_state__type_support.hpp
-- Symlinking: /home/jason/projects/motion_control_go2/install/unitree_hg/include/unitree_hg/unitree_hg/msg/detail/main_board_state__builder.hpp
-- Symlinking: /home/jason/projects/motion_control_go2/install/unitree_hg/include/unitree_hg/unitree_hg/msg/detail/main_board_state__struct.hpp
-- Symlinking: /home/jason/projects/motion_control_go2/install/unitree_hg/include/unitree_hg/unitree_hg/msg/detail/main_board_state__traits.hpp
-- Symlinking: /home/jason/projects/motion_control_go2/install/unitree_hg/include/unitree_hg/unitree_hg/msg/detail/main_board_state__type_support.hpp
-- Symlinking: /home/jason/projects/motion_control_go2/install/unitree_hg/include/unitree_hg/unitree_hg/msg/detail/motor_cmd__builder.hpp
-- Symlinking: /home/jason/projects/motion_control_go2/install/unitree_hg/include/unitree_hg/unitree_hg/msg/detail/motor_cmd__struct.hpp
-- Symlinking: /home/jason/projects/motion_control_go2/install/unitree_hg/include/unitree_hg/unitree_hg/msg/detail/motor_cmd__traits.hpp
-- Symlinking: /home/jason/projects/motion_control_go2/install/unitree_hg/include/unitree_hg/unitree_hg/msg/detail/motor_cmd__type_support.hpp
-- Symlinking: /home/jason/projects/motion_control_go2/install/unitree_hg/include/unitree_hg/unitree_hg/msg/detail/motor_state__builder.hpp
-- Symlinking: /home/jason/projects/motion_control_go2/install/unitree_hg/include/unitree_hg/unitree_hg/msg/detail/motor_state__struct.hpp
-- Symlinking: /home/jason/projects/motion_control_go2/install/unitree_hg/include/unitree_hg/unitree_hg/msg/detail/motor_state__traits.hpp
-- Symlinking: /home/jason/projects/motion_control_go2/install/unitree_hg/include/unitree_hg/unitree_hg/msg/detail/motor_state__type_support.hpp
-- Symlinking: /home/jason/projects/motion_control_go2/install/unitree_hg/include/unitree_hg/unitree_hg/msg/detail/press_sensor_state__builder.hpp
-- Symlinking: /home/jason/projects/motion_control_go2/install/unitree_hg/include/unitree_hg/unitree_hg/msg/detail/press_sensor_state__struct.hpp
-- Symlinking: /home/jason/projects/motion_control_go2/install/unitree_hg/include/unitree_hg/unitree_hg/msg/detail/press_sensor_state__traits.hpp
-- Symlinking: /home/jason/projects/motion_control_go2/install/unitree_hg/include/unitree_hg/unitree_hg/msg/detail/press_sensor_state__type_support.hpp
-- Symlinking: /home/jason/projects/motion_control_go2/install/unitree_hg/include/unitree_hg/unitree_hg/msg/hand_cmd.hpp
-- Symlinking: /home/jason/projects/motion_control_go2/install/unitree_hg/include/unitree_hg/unitree_hg/msg/hand_state.hpp
-- Symlinking: /home/jason/projects/motion_control_go2/install/unitree_hg/include/unitree_hg/unitree_hg/msg/imu_state.hpp
-- Symlinking: /home/jason/projects/motion_control_go2/install/unitree_hg/include/unitree_hg/unitree_hg/msg/low_cmd.hpp
-- Symlinking: /home/jason/projects/motion_control_go2/install/unitree_hg/include/unitree_hg/unitree_hg/msg/low_state.hpp
-- Symlinking: /home/jason/projects/motion_control_go2/install/unitree_hg/include/unitree_hg/unitree_hg/msg/main_board_state.hpp
-- Symlinking: /home/jason/projects/motion_control_go2/install/unitree_hg/include/unitree_hg/unitree_hg/msg/motor_cmd.hpp
-- Symlinking: /home/jason/projects/motion_control_go2/install/unitree_hg/include/unitree_hg/unitree_hg/msg/motor_state.hpp
-- Symlinking: /home/jason/projects/motion_control_go2/install/unitree_hg/include/unitree_hg/unitree_hg/msg/press_sensor_state.hpp
-- Symlinking: /home/jason/projects/motion_control_go2/install/unitree_hg/include/unitree_hg/unitree_hg/msg/rosidl_generator_cpp__visibility_control.hpp
-- Symlinking: /home/jason/projects/motion_control_go2/install/unitree_hg/include/unitree_hg/unitree_hg/msg/detail/bms_cmd__rosidl_typesupport_fastrtps_cpp.hpp
-- Symlinking: /home/jason/projects/motion_control_go2/install/unitree_hg/include/unitree_hg/unitree_hg/msg/detail/bms_state__rosidl_typesupport_fastrtps_cpp.hpp
-- Symlinking: /home/jason/projects/motion_control_go2/install/unitree_hg/include/unitree_hg/unitree_hg/msg/detail/hand_cmd__rosidl_typesupport_fastrtps_cpp.hpp
-- Symlinking: /home/jason/projects/motion_control_go2/install/unitree_hg/include/unitree_hg/unitree_hg/msg/detail/hand_state__rosidl_typesupport_fastrtps_cpp.hpp
-- Symlinking: /home/jason/projects/motion_control_go2/install/unitree_hg/include/unitree_hg/unitree_hg/msg/detail/imu_state__rosidl_typesupport_fastrtps_cpp.hpp
-- Symlinking: /home/jason/projects/motion_control_go2/install/unitree_hg/include/unitree_hg/unitree_hg/msg/detail/low_cmd__rosidl_typesupport_fastrtps_cpp.hpp
-- Symlinking: /home/jason/projects/motion_control_go2/install/unitree_hg/include/unitree_hg/unitree_hg/msg/detail/low_state__rosidl_typesupport_fastrtps_cpp.hpp
-- Symlinking: /home/jason/projects/motion_control_go2/install/unitree_hg/include/unitree_hg/unitree_hg/msg/detail/main_board_state__rosidl_typesupport_fastrtps_cpp.hpp
-- Symlinking: /home/jason/projects/motion_control_go2/install/unitree_hg/include/unitree_hg/unitree_hg/msg/detail/motor_cmd__rosidl_typesupport_fastrtps_cpp.hpp
-- Symlinking: /home/jason/projects/motion_control_go2/install/unitree_hg/include/unitree_hg/unitree_hg/msg/detail/motor_state__rosidl_typesupport_fastrtps_cpp.hpp
-- Symlinking: /home/jason/projects/motion_control_go2/install/unitree_hg/include/unitree_hg/unitree_hg/msg/detail/press_sensor_state__rosidl_typesupport_fastrtps_cpp.hpp
-- Symlinking: /home/jason/projects/motion_control_go2/install/unitree_hg/include/unitree_hg/unitree_hg/msg/rosidl_typesupport_fastrtps_cpp__visibility_control.h
-- Symlinking: /home/jason/projects/motion_control_go2/install/unitree_hg/include/unitree_hg/unitree_hg/msg/detail/bms_cmd__rosidl_typesupport_introspection_c.h
-- Symlinking: /home/jason/projects/motion_control_go2/install/unitree_hg/include/unitree_hg/unitree_hg/msg/detail/bms_state__rosidl_typesupport_introspection_c.h
-- Symlinking: /home/jason/projects/motion_control_go2/install/unitree_hg/include/unitree_hg/unitree_hg/msg/detail/hand_cmd__rosidl_typesupport_introspection_c.h
-- Symlinking: /home/jason/projects/motion_control_go2/install/unitree_hg/include/unitree_hg/unitree_hg/msg/detail/hand_state__rosidl_typesupport_introspection_c.h
-- Symlinking: /home/jason/projects/motion_control_go2/install/unitree_hg/include/unitree_hg/unitree_hg/msg/detail/imu_state__rosidl_typesupport_introspection_c.h
-- Symlinking: /home/jason/projects/motion_control_go2/install/unitree_hg/include/unitree_hg/unitree_hg/msg/detail/low_cmd__rosidl_typesupport_introspection_c.h
-- Symlinking: /home/jason/projects/motion_control_go2/install/unitree_hg/include/unitree_hg/unitree_hg/msg/detail/low_state__rosidl_typesupport_introspection_c.h
-- Symlinking: /home/jason/projects/motion_control_go2/install/unitree_hg/include/unitree_hg/unitree_hg/msg/detail/main_board_state__rosidl_typesupport_introspection_c.h
-- Symlinking: /home/jason/projects/motion_control_go2/install/unitree_hg/include/unitree_hg/unitree_hg/msg/detail/motor_cmd__rosidl_typesupport_introspection_c.h
-- Symlinking: /home/jason/projects/motion_control_go2/install/unitree_hg/include/unitree_hg/unitree_hg/msg/detail/motor_state__rosidl_typesupport_introspection_c.h
-- Symlinking: /home/jason/projects/motion_control_go2/install/unitree_hg/include/unitree_hg/unitree_hg/msg/detail/press_sensor_state__rosidl_typesupport_introspection_c.h
-- Symlinking: /home/jason/projects/motion_control_go2/install/unitree_hg/include/unitree_hg/unitree_hg/msg/rosidl_typesupport_introspection_c__visibility_control.h
-- Symlinking: /home/jason/projects/motion_control_go2/install/unitree_hg/include/unitree_hg/unitree_hg/msg/detail/bms_cmd__rosidl_typesupport_introspection_cpp.hpp
-- Symlinking: /home/jason/projects/motion_control_go2/install/unitree_hg/include/unitree_hg/unitree_hg/msg/detail/bms_state__rosidl_typesupport_introspection_cpp.hpp
-- Symlinking: /home/jason/projects/motion_control_go2/install/unitree_hg/include/unitree_hg/unitree_hg/msg/detail/hand_cmd__rosidl_typesupport_introspection_cpp.hpp
-- Symlinking: /home/jason/projects/motion_control_go2/install/unitree_hg/include/unitree_hg/unitree_hg/msg/detail/hand_state__rosidl_typesupport_introspection_cpp.hpp
-- Symlinking: /home/jason/projects/motion_control_go2/install/unitree_hg/include/unitree_hg/unitree_hg/msg/detail/imu_state__rosidl_typesupport_introspection_cpp.hpp
-- Symlinking: /home/jason/projects/motion_control_go2/install/unitree_hg/include/unitree_hg/unitree_hg/msg/detail/low_cmd__rosidl_typesupport_introspection_cpp.hpp
-- Symlinking: /home/jason/projects/motion_control_go2/install/unitree_hg/include/unitree_hg/unitree_hg/msg/detail/low_state__rosidl_typesupport_introspection_cpp.hpp
-- Symlinking: /home/jason/projects/motion_control_go2/install/unitree_hg/include/unitree_hg/unitree_hg/msg/detail/main_board_state__rosidl_typesupport_introspection_cpp.hpp
-- Symlinking: /home/jason/projects/motion_control_go2/install/unitree_hg/include/unitree_hg/unitree_hg/msg/detail/motor_cmd__rosidl_typesupport_introspection_cpp.hpp
-- Symlinking: /home/jason/projects/motion_control_go2/install/unitree_hg/include/unitree_hg/unitree_hg/msg/detail/motor_state__rosidl_typesupport_introspection_cpp.hpp
-- Symlinking: /home/jason/projects/motion_control_go2/install/unitree_hg/include/unitree_hg/unitree_hg/msg/detail/press_sensor_state__rosidl_typesupport_introspection_cpp.hpp
-- Symlinking: /home/jason/projects/motion_control_go2/install/unitree_hg/share/unitree_hg/environment/pythonpath.sh
-- Symlinking: /home/jason/projects/motion_control_go2/install/unitree_hg/share/unitree_hg/environment/pythonpath.dsv
-- Symlinking: /home/jason/projects/motion_control_go2/install/unitree_hg/local/lib/python3.10/dist-packages/unitree_hg-0.0.0-py3.10.egg-info/PKG-INFO
-- Symlinking: /home/jason/projects/motion_control_go2/install/unitree_hg/local/lib/python3.10/dist-packages/unitree_hg-0.0.0-py3.10.egg-info/SOURCES.txt
-- Symlinking: /home/jason/projects/motion_control_go2/install/unitree_hg/local/lib/python3.10/dist-packages/unitree_hg-0.0.0-py3.10.egg-info/dependency_links.txt
-- Symlinking: /home/jason/projects/motion_control_go2/install/unitree_hg/local/lib/python3.10/dist-packages/unitree_hg-0.0.0-py3.10.egg-info/top_level.txt
-- Symlinking: /home/jason/projects/motion_control_go2/install/unitree_hg/local/lib/python3.10/dist-packages/unitree_hg/__init__.py
-- Symlinking: /home/jason/projects/motion_control_go2/install/unitree_hg/local/lib/python3.10/dist-packages/unitree_hg/_unitree_hg_s.ep.rosidl_typesupport_c.c
-- Symlinking: /home/jason/projects/motion_control_go2/install/unitree_hg/local/lib/python3.10/dist-packages/unitree_hg/_unitree_hg_s.ep.rosidl_typesupport_fastrtps_c.c
-- Symlinking: /home/jason/projects/motion_control_go2/install/unitree_hg/local/lib/python3.10/dist-packages/unitree_hg/_unitree_hg_s.ep.rosidl_typesupport_introspection_c.c
-- Symlinking: /home/jason/projects/motion_control_go2/install/unitree_hg/local/lib/python3.10/dist-packages/unitree_hg/libunitree_hg__rosidl_generator_py.so
-- Symlinking: /home/jason/projects/motion_control_go2/install/unitree_hg/local/lib/python3.10/dist-packages/unitree_hg/msg/__init__.py
-- Symlinking: /home/jason/projects/motion_control_go2/install/unitree_hg/local/lib/python3.10/dist-packages/unitree_hg/msg/_bms_cmd.py
-- Symlinking: /home/jason/projects/motion_control_go2/install/unitree_hg/local/lib/python3.10/dist-packages/unitree_hg/msg/_bms_cmd_s.c
-- Symlinking: /home/jason/projects/motion_control_go2/install/unitree_hg/local/lib/python3.10/dist-packages/unitree_hg/msg/_bms_state.py
-- Symlinking: /home/jason/projects/motion_control_go2/install/unitree_hg/local/lib/python3.10/dist-packages/unitree_hg/msg/_bms_state_s.c
-- Symlinking: /home/jason/projects/motion_control_go2/install/unitree_hg/local/lib/python3.10/dist-packages/unitree_hg/msg/_hand_cmd.py
-- Symlinking: /home/jason/projects/motion_control_go2/install/unitree_hg/local/lib/python3.10/dist-packages/unitree_hg/msg/_hand_cmd_s.c
-- Symlinking: /home/jason/projects/motion_control_go2/install/unitree_hg/local/lib/python3.10/dist-packages/unitree_hg/msg/_hand_state.py
-- Symlinking: /home/jason/projects/motion_control_go2/install/unitree_hg/local/lib/python3.10/dist-packages/unitree_hg/msg/_hand_state_s.c
-- Symlinking: /home/jason/projects/motion_control_go2/install/unitree_hg/local/lib/python3.10/dist-packages/unitree_hg/msg/_imu_state.py
-- Symlinking: /home/jason/projects/motion_control_go2/install/unitree_hg/local/lib/python3.10/dist-packages/unitree_hg/msg/_imu_state_s.c
-- Symlinking: /home/jason/projects/motion_control_go2/install/unitree_hg/local/lib/python3.10/dist-packages/unitree_hg/msg/_low_cmd.py
-- Symlinking: /home/jason/projects/motion_control_go2/install/unitree_hg/local/lib/python3.10/dist-packages/unitree_hg/msg/_low_cmd_s.c
-- Symlinking: /home/jason/projects/motion_control_go2/install/unitree_hg/local/lib/python3.10/dist-packages/unitree_hg/msg/_low_state.py
-- Symlinking: /home/jason/projects/motion_control_go2/install/unitree_hg/local/lib/python3.10/dist-packages/unitree_hg/msg/_low_state_s.c
-- Symlinking: /home/jason/projects/motion_control_go2/install/unitree_hg/local/lib/python3.10/dist-packages/unitree_hg/msg/_main_board_state.py
-- Symlinking: /home/jason/projects/motion_control_go2/install/unitree_hg/local/lib/python3.10/dist-packages/unitree_hg/msg/_main_board_state_s.c
-- Symlinking: /home/jason/projects/motion_control_go2/install/unitree_hg/local/lib/python3.10/dist-packages/unitree_hg/msg/_motor_cmd.py
-- Symlinking: /home/jason/projects/motion_control_go2/install/unitree_hg/local/lib/python3.10/dist-packages/unitree_hg/msg/_motor_cmd_s.c
-- Symlinking: /home/jason/projects/motion_control_go2/install/unitree_hg/local/lib/python3.10/dist-packages/unitree_hg/msg/_motor_state.py
-- Symlinking: /home/jason/projects/motion_control_go2/install/unitree_hg/local/lib/python3.10/dist-packages/unitree_hg/msg/_motor_state_s.c
-- Symlinking: /home/jason/projects/motion_control_go2/install/unitree_hg/local/lib/python3.10/dist-packages/unitree_hg/msg/_press_sensor_state.py
-- Symlinking: /home/jason/projects/motion_control_go2/install/unitree_hg/local/lib/python3.10/dist-packages/unitree_hg/msg/_press_sensor_state_s.c
-- Symlinking: /home/jason/projects/motion_control_go2/install/unitree_hg/local/lib/python3.10/dist-packages/unitree_hg/unitree_hg_s__rosidl_typesupport_c.cpython-310-x86_64-linux-gnu.so
-- Symlinking: /home/jason/projects/motion_control_go2/install/unitree_hg/local/lib/python3.10/dist-packages/unitree_hg/unitree_hg_s__rosidl_typesupport_fastrtps_c.cpython-310-x86_64-linux-gnu.so
-- Symlinking: /home/jason/projects/motion_control_go2/install/unitree_hg/local/lib/python3.10/dist-packages/unitree_hg/unitree_hg_s__rosidl_typesupport_introspection_c.cpython-310-x86_64-linux-gnu.so
-- Up-to-date symlink: /home/jason/projects/motion_control_go2/install/unitree_hg/local/lib/python3.10/dist-packages/unitree_hg/unitree_hg_s__rosidl_typesupport_fastrtps_c.cpython-310-x86_64-linux-gnu.so
-- Up-to-date symlink: /home/jason/projects/motion_control_go2/install/unitree_hg/local/lib/python3.10/dist-packages/unitree_hg/unitree_hg_s__rosidl_typesupport_introspection_c.cpython-310-x86_64-linux-gnu.so
-- Up-to-date symlink: /home/jason/projects/motion_control_go2/install/unitree_hg/local/lib/python3.10/dist-packages/unitree_hg/unitree_hg_s__rosidl_typesupport_c.cpython-310-x86_64-linux-gnu.so
-- Symlinking: /home/jason/projects/motion_control_go2/install/unitree_hg/share/unitree_hg/msg/BmsCmd.idl
-- Symlinking: /home/jason/projects/motion_control_go2/install/unitree_hg/share/unitree_hg/msg/BmsState.idl
-- Symlinking: /home/jason/projects/motion_control_go2/install/unitree_hg/share/unitree_hg/msg/HandCmd.idl
-- Symlinking: /home/jason/projects/motion_control_go2/install/unitree_hg/share/unitree_hg/msg/HandState.idl
-- Symlinking: /home/jason/projects/motion_control_go2/install/unitree_hg/share/unitree_hg/msg/IMUState.idl
-- Symlinking: /home/jason/projects/motion_control_go2/install/unitree_hg/share/unitree_hg/msg/LowCmd.idl
-- Symlinking: /home/jason/projects/motion_control_go2/install/unitree_hg/share/unitree_hg/msg/LowState.idl
-- Symlinking: /home/jason/projects/motion_control_go2/install/unitree_hg/share/unitree_hg/msg/MainBoardState.idl
-- Symlinking: /home/jason/projects/motion_control_go2/install/unitree_hg/share/unitree_hg/msg/MotorCmd.idl
-- Symlinking: /home/jason/projects/motion_control_go2/install/unitree_hg/share/unitree_hg/msg/MotorState.idl
-- Symlinking: /home/jason/projects/motion_control_go2/install/unitree_hg/share/unitree_hg/msg/PressSensorState.idl
-- Symlinking: /home/jason/projects/motion_control_go2/install/unitree_hg/share/unitree_hg/msg/BmsCmd.msg
-- Symlinking: /home/jason/projects/motion_control_go2/install/unitree_hg/share/unitree_hg/msg/BmsState.msg
-- Symlinking: /home/jason/projects/motion_control_go2/install/unitree_hg/share/unitree_hg/msg/HandCmd.msg
-- Symlinking: /home/jason/projects/motion_control_go2/install/unitree_hg/share/unitree_hg/msg/HandState.msg
-- Symlinking: /home/jason/projects/motion_control_go2/install/unitree_hg/share/unitree_hg/msg/IMUState.msg
-- Symlinking: /home/jason/projects/motion_control_go2/install/unitree_hg/share/unitree_hg/msg/LowCmd.msg
-- Symlinking: /home/jason/projects/motion_control_go2/install/unitree_hg/share/unitree_hg/msg/LowState.msg
-- Symlinking: /home/jason/projects/motion_control_go2/install/unitree_hg/share/unitree_hg/msg/MainBoardState.msg
-- Symlinking: /home/jason/projects/motion_control_go2/install/unitree_hg/share/unitree_hg/msg/MotorCmd.msg
-- Symlinking: /home/jason/projects/motion_control_go2/install/unitree_hg/share/unitree_hg/msg/MotorState.msg
-- Symlinking: /home/jason/projects/motion_control_go2/install/unitree_hg/share/unitree_hg/msg/PressSensorState.msg
-- Symlinking: /home/jason/projects/motion_control_go2/install/unitree_hg/share/unitree_hg/msg/dds_connext/BmsCmd_.idl
-- Symlinking: /home/jason/projects/motion_control_go2/install/unitree_hg/share/unitree_hg/msg/dds_connext/BmsState_.idl
-- Symlinking: /home/jason/projects/motion_control_go2/install/unitree_hg/share/unitree_hg/msg/dds_connext/HandCmd_.idl
-- Symlinking: /home/jason/projects/motion_control_go2/install/unitree_hg/share/unitree_hg/msg/dds_connext/HandState_.idl
-- Symlinking: /home/jason/projects/motion_control_go2/install/unitree_hg/share/unitree_hg/msg/dds_connext/IMUState_.idl
-- Symlinking: /home/jason/projects/motion_control_go2/install/unitree_hg/share/unitree_hg/msg/dds_connext/LowCmd_.idl
-- Symlinking: /home/jason/projects/motion_control_go2/install/unitree_hg/share/unitree_hg/msg/dds_connext/LowState_.idl
-- Symlinking: /home/jason/projects/motion_control_go2/install/unitree_hg/share/unitree_hg/msg/dds_connext/MainBoardState_.idl
-- Symlinking: /home/jason/projects/motion_control_go2/install/unitree_hg/share/unitree_hg/msg/dds_connext/MotorCmd_.idl
-- Symlinking: /home/jason/projects/motion_control_go2/install/unitree_hg/share/unitree_hg/msg/dds_connext/MotorState_.idl
-- Symlinking: /home/jason/projects/motion_control_go2/install/unitree_hg/share/unitree_hg/msg/dds_connext/PressSensorState_.idl
-- Symlinking: /home/jason/projects/motion_control_go2/install/unitree_hg/share/ament_index/resource_index/package_run_dependencies/unitree_hg
-- Symlinking: /home/jason/projects/motion_control_go2/install/unitree_hg/share/ament_index/resource_index/parent_prefix_path/unitree_hg
-- Symlinking: /home/jason/projects/motion_control_go2/install/unitree_hg/share/unitree_hg/environment/ament_prefix_path.sh
-- Symlinking: /home/jason/projects/motion_control_go2/install/unitree_hg/share/unitree_hg/environment/ament_prefix_path.dsv
-- Symlinking: /home/jason/projects/motion_control_go2/install/unitree_hg/share/unitree_hg/environment/path.sh
-- Symlinking: /home/jason/projects/motion_control_go2/install/unitree_hg/share/unitree_hg/environment/path.dsv
-- Symlinking: /home/jason/projects/motion_control_go2/install/unitree_hg/share/unitree_hg/local_setup.bash
-- Symlinking: /home/jason/projects/motion_control_go2/install/unitree_hg/share/unitree_hg/local_setup.sh
-- Symlinking: /home/jason/projects/motion_control_go2/install/unitree_hg/share/unitree_hg/local_setup.zsh
-- Symlinking: /home/jason/projects/motion_control_go2/install/unitree_hg/share/unitree_hg/local_setup.dsv
-- Symlinking: /home/jason/projects/motion_control_go2/install/unitree_hg/share/unitree_hg/package.dsv
-- Symlinking: /home/jason/projects/motion_control_go2/install/unitree_hg/share/ament_index/resource_index/packages/unitree_hg
-- Symlinking: /home/jason/projects/motion_control_go2/install/unitree_hg/share/unitree_hg/cmake/rosidl_cmake-extras.cmake
-- Symlinking: /home/jason/projects/motion_control_go2/install/unitree_hg/share/unitree_hg/cmake/ament_cmake_export_dependencies-extras.cmake
-- Symlinking: /home/jason/projects/motion_control_go2/install/unitree_hg/share/unitree_hg/cmake/ament_cmake_export_include_directories-extras.cmake
-- Symlinking: /home/jason/projects/motion_control_go2/install/unitree_hg/share/unitree_hg/cmake/ament_cmake_export_libraries-extras.cmake
-- Symlinking: /home/jason/projects/motion_control_go2/install/unitree_hg/share/unitree_hg/cmake/ament_cmake_export_targets-extras.cmake
-- Symlinking: /home/jason/projects/motion_control_go2/install/unitree_hg/share/unitree_hg/cmake/rosidl_cmake_export_typesupport_targets-extras.cmake
-- Symlinking: /home/jason/projects/motion_control_go2/install/unitree_hg/share/unitree_hg/cmake/rosidl_cmake_export_typesupport_libraries-extras.cmake
-- Symlinking: /home/jason/projects/motion_control_go2/install/unitree_hg/share/unitree_hg/cmake/unitree_hgConfig.cmake
-- Symlinking: /home/jason/projects/motion_control_go2/install/unitree_hg/share/unitree_hg/cmake/unitree_hgConfig-version.cmake
-- Symlinking: /home/jason/projects/motion_control_go2/install/unitree_hg/share/unitree_hg/package.xml
-- Installing: /home/jason/projects/motion_control_go2/install/unitree_hg/lib/libunitree_hg__rosidl_generator_c.so
-- Set runtime path of "/home/jason/projects/motion_control_go2/install/unitree_hg/lib/libunitree_hg__rosidl_generator_c.so" to ""
-- Installing: /home/jason/projects/motion_control_go2/install/unitree_hg/lib/libunitree_hg__rosidl_typesupport_fastrtps_c.so
-- Set runtime path of "/home/jason/projects/motion_control_go2/install/unitree_hg/lib/libunitree_hg__rosidl_typesupport_fastrtps_c.so" to ""
-- Installing: /home/jason/projects/motion_control_go2/install/unitree_hg/lib/libunitree_hg__rosidl_typesupport_fastrtps_cpp.so
-- Set runtime path of "/home/jason/projects/motion_control_go2/install/unitree_hg/lib/libunitree_hg__rosidl_typesupport_fastrtps_cpp.so" to ""
-- Installing: /home/jason/projects/motion_control_go2/install/unitree_hg/lib/libunitree_hg__rosidl_typesupport_introspection_c.so
-- Set runtime path of "/home/jason/projects/motion_control_go2/install/unitree_hg/lib/libunitree_hg__rosidl_typesupport_introspection_c.so" to ""
-- Installing: /home/jason/projects/motion_control_go2/install/unitree_hg/lib/libunitree_hg__rosidl_typesupport_c.so
-- Set runtime path of "/home/jason/projects/motion_control_go2/install/unitree_hg/lib/libunitree_hg__rosidl_typesupport_c.so" to ""
-- Installing: /home/jason/projects/motion_control_go2/install/unitree_hg/lib/libunitree_hg__rosidl_typesupport_introspection_cpp.so
-- Set runtime path of "/home/jason/projects/motion_control_go2/install/unitree_hg/lib/libunitree_hg__rosidl_typesupport_introspection_cpp.so" to ""
-- Installing: /home/jason/projects/motion_control_go2/install/unitree_hg/lib/libunitree_hg__rosidl_typesupport_cpp.so
-- Set runtime path of "/home/jason/projects/motion_control_go2/install/unitree_hg/lib/libunitree_hg__rosidl_typesupport_cpp.so" to ""
Listing '/home/jason/projects/motion_control_go2/install/unitree_hg/local/lib/python3.10/dist-packages/unitree_hg'...
Compiling '/home/jason/projects/motion_control_go2/install/unitree_hg/local/lib/python3.10/dist-packages/unitree_hg/__init__.py'...
Listing '/home/jason/projects/motion_control_go2/install/unitree_hg/local/lib/python3.10/dist-packages/unitree_hg/msg'...
Compiling '/home/jason/projects/motion_control_go2/install/unitree_hg/local/lib/python3.10/dist-packages/unitree_hg/msg/__init__.py'...
Compiling '/home/jason/projects/motion_control_go2/install/unitree_hg/local/lib/python3.10/dist-packages/unitree_hg/msg/_bms_cmd.py'...
Compiling '/home/jason/projects/motion_control_go2/install/unitree_hg/local/lib/python3.10/dist-packages/unitree_hg/msg/_bms_state.py'...
Compiling '/home/jason/projects/motion_control_go2/install/unitree_hg/local/lib/python3.10/dist-packages/unitree_hg/msg/_hand_cmd.py'...
Compiling '/home/jason/projects/motion_control_go2/install/unitree_hg/local/lib/python3.10/dist-packages/unitree_hg/msg/_hand_state.py'...
Compiling '/home/jason/projects/motion_control_go2/install/unitree_hg/local/lib/python3.10/dist-packages/unitree_hg/msg/_imu_state.py'...
Compiling '/home/jason/projects/motion_control_go2/install/unitree_hg/local/lib/python3.10/dist-packages/unitree_hg/msg/_low_cmd.py'...
Compiling '/home/jason/projects/motion_control_go2/install/unitree_hg/local/lib/python3.10/dist-packages/unitree_hg/msg/_low_state.py'...
Compiling '/home/jason/projects/motion_control_go2/install/unitree_hg/local/lib/python3.10/dist-packages/unitree_hg/msg/_main_board_state.py'...
Compiling '/home/jason/projects/motion_control_go2/install/unitree_hg/local/lib/python3.10/dist-packages/unitree_hg/msg/_motor_cmd.py'...
Compiling '/home/jason/projects/motion_control_go2/install/unitree_hg/local/lib/python3.10/dist-packages/unitree_hg/msg/_motor_state.py'...
Compiling '/home/jason/projects/motion_control_go2/install/unitree_hg/local/lib/python3.10/dist-packages/unitree_hg/msg/_press_sensor_state.py'...
-- Installing: /home/jason/projects/motion_control_go2/install/unitree_hg/lib/libunitree_hg__rosidl_generator_py.so
-- Set runtime path of "/home/jason/projects/motion_control_go2/install/unitree_hg/lib/libunitree_hg__rosidl_generator_py.so" to ""
-- Installing: /home/jason/projects/motion_control_go2/install/unitree_hg/share/unitree_hg/cmake/export_unitree_hg__rosidl_generator_cExport.cmake
-- Installing: /home/jason/projects/motion_control_go2/install/unitree_hg/share/unitree_hg/cmake/export_unitree_hg__rosidl_generator_cExport-noconfig.cmake
-- Installing: /home/jason/projects/motion_control_go2/install/unitree_hg/share/unitree_hg/cmake/export_unitree_hg__rosidl_typesupport_fastrtps_cExport.cmake
-- Installing: /home/jason/projects/motion_control_go2/install/unitree_hg/share/unitree_hg/cmake/export_unitree_hg__rosidl_typesupport_fastrtps_cExport-noconfig.cmake
-- Installing: /home/jason/projects/motion_control_go2/install/unitree_hg/share/unitree_hg/cmake/export_unitree_hg__rosidl_generator_cppExport.cmake
-- Installing: /home/jason/projects/motion_control_go2/install/unitree_hg/share/unitree_hg/cmake/export_unitree_hg__rosidl_typesupport_fastrtps_cppExport.cmake
-- Installing: /home/jason/projects/motion_control_go2/install/unitree_hg/share/unitree_hg/cmake/export_unitree_hg__rosidl_typesupport_fastrtps_cppExport-noconfig.cmake
-- Installing: /home/jason/projects/motion_control_go2/install/unitree_hg/share/unitree_hg/cmake/unitree_hg__rosidl_typesupport_introspection_cExport.cmake
-- Installing: /home/jason/projects/motion_control_go2/install/unitree_hg/share/unitree_hg/cmake/unitree_hg__rosidl_typesupport_introspection_cExport-noconfig.cmake
-- Installing: /home/jason/projects/motion_control_go2/install/unitree_hg/share/unitree_hg/cmake/unitree_hg__rosidl_typesupport_cExport.cmake
-- Installing: /home/jason/projects/motion_control_go2/install/unitree_hg/share/unitree_hg/cmake/unitree_hg__rosidl_typesupport_cExport-noconfig.cmake
-- Installing: /home/jason/projects/motion_control_go2/install/unitree_hg/share/unitree_hg/cmake/unitree_hg__rosidl_typesupport_introspection_cppExport.cmake
-- Installing: /home/jason/projects/motion_control_go2/install/unitree_hg/share/unitree_hg/cmake/unitree_hg__rosidl_typesupport_introspection_cppExport-noconfig.cmake
-- Installing: /home/jason/projects/motion_control_go2/install/unitree_hg/share/unitree_hg/cmake/unitree_hg__rosidl_typesupport_cppExport.cmake
-- Installing: /home/jason/projects/motion_control_go2/install/unitree_hg/share/unitree_hg/cmake/unitree_hg__rosidl_typesupport_cppExport-noconfig.cmake
-- Installing: /home/jason/projects/motion_control_go2/install/unitree_hg/share/unitree_hg/cmake/export_unitree_hg__rosidl_generator_pyExport.cmake
-- Installing: /home/jason/projects/motion_control_go2/install/unitree_hg/share/unitree_hg/cmake/export_unitree_hg__rosidl_generator_pyExport-noconfig.cmake
