[0.015s] Invoking command in '/home/jason/projects/motion_control_go2/build/unitree_hg': CMAKE_PREFIX_PATH=${CMAKE_PREFIX_PATH}:/opt/ros/humble /usr/bin/cmake --build /home/jason/projects/motion_control_go2/build/unitree_hg -- -j16 -l16
[0.053s] [  1%] [34m[1mGenerating C code for ROS interfaces[0m
[0.055s] [  1%] [34m[1mGenerating C++ code for ROS interfaces[0m
[0.058s] [  2%] [34m[1mGenerating DDS interfaces[0m
[0.058s] [  2%] Built target ament_cmake_python_symlink_unitree_hg
[0.248s] running egg_info
[0.248s] creating unitree_hg.egg-info
[0.248s] writing unitree_hg.egg-info/PKG-INFO
[0.248s] writing dependency_links to unitree_hg.egg-info/dependency_links.txt
[0.248s] writing top-level names to unitree_hg.egg-info/top_level.txt
[0.248s] writing manifest file 'unitree_hg.egg-info/SOURCES.txt'
[0.248s] reading manifest file 'unitree_hg.egg-info/SOURCES.txt'
[0.248s] writing manifest file 'unitree_hg.egg-info/SOURCES.txt'
[0.279s] [  2%] Built target ament_cmake_python_build_unitree_hg_egg
[0.808s] [  2%] Built target unitree_hg__dds_connext_idl
[1.092s] [  2%] Built target unitree_hg__cpp
[1.117s] [  3%] [34m[1mGenerating C++ introspection for ROS interfaces[0m
[1.132s] [  4%] [34m[1mGenerating C++ type support for eProsima Fast-RTPS[0m
[1.156s] [  5%] [34m[1mGenerating C++ type support dispatch for ROS interfaces[0m
[1.476s] [  6%] [32mBuilding C object CMakeFiles/unitree_hg__rosidl_generator_c.dir/rosidl_generator_c/unitree_hg/msg/detail/bms_state__functions.c.o[0m
[1.480s] [  7%] [32mBuilding C object CMakeFiles/unitree_hg__rosidl_generator_c.dir/rosidl_generator_c/unitree_hg/msg/detail/bms_cmd__functions.c.o[0m
[1.485s] [  8%] [32mBuilding C object CMakeFiles/unitree_hg__rosidl_generator_c.dir/rosidl_generator_c/unitree_hg/msg/detail/hand_cmd__functions.c.o[0m
[1.491s] [  9%] [32mBuilding C object CMakeFiles/unitree_hg__rosidl_generator_c.dir/rosidl_generator_c/unitree_hg/msg/detail/hand_state__functions.c.o[0m
[1.521s] [  9%] [32mBuilding C object CMakeFiles/unitree_hg__rosidl_generator_c.dir/rosidl_generator_c/unitree_hg/msg/detail/low_cmd__functions.c.o[0m
[1.530s] [ 10%] [32mBuilding C object CMakeFiles/unitree_hg__rosidl_generator_c.dir/rosidl_generator_c/unitree_hg/msg/detail/low_state__functions.c.o[0m
[1.532s] [ 12%] [32mBuilding C object CMakeFiles/unitree_hg__rosidl_generator_c.dir/rosidl_generator_c/unitree_hg/msg/detail/main_board_state__functions.c.o[0m
[1.537s] [ 11%] [32mBuilding C object CMakeFiles/unitree_hg__rosidl_generator_c.dir/rosidl_generator_c/unitree_hg/msg/detail/motor_cmd__functions.c.o[0m
[1.543s] [ 13%] [32mBuilding C object CMakeFiles/unitree_hg__rosidl_generator_c.dir/rosidl_generator_c/unitree_hg/msg/detail/motor_state__functions.c.o[0m
[1.548s] [ 14%] [32mBuilding C object CMakeFiles/unitree_hg__rosidl_generator_c.dir/rosidl_generator_c/unitree_hg/msg/detail/imu_state__functions.c.o[0m
[1.554s] [ 15%] [32mBuilding C object CMakeFiles/unitree_hg__rosidl_generator_c.dir/rosidl_generator_c/unitree_hg/msg/detail/press_sensor_state__functions.c.o[0m
[1.802s] [ 16%] [32m[1mLinking C shared library libunitree_hg__rosidl_generator_c.so[0m
[1.931s] [ 16%] Built target unitree_hg__rosidl_generator_c
[1.956s] [ 16%] [34m[1mGenerating C type support dispatch for ROS interfaces[0m
[1.965s] [ 16%] [34m[1mGenerating C introspection for ROS interfaces[0m
[1.967s] [ 16%] [34m[1mGenerating C type support for eProsima Fast-RTPS[0m
[2.352s] [ 17%] [32mBuilding CXX object CMakeFiles/unitree_hg__rosidl_typesupport_introspection_cpp.dir/rosidl_typesupport_introspection_cpp/unitree_hg/msg/detail/bms_state__type_support.cpp.o[0m
[2.370s] [ 17%] [32mBuilding CXX object CMakeFiles/unitree_hg__rosidl_typesupport_introspection_cpp.dir/rosidl_typesupport_introspection_cpp/unitree_hg/msg/detail/hand_cmd__type_support.cpp.o[0m
[2.370s] [ 18%] [32mBuilding CXX object CMakeFiles/unitree_hg__rosidl_typesupport_introspection_cpp.dir/rosidl_typesupport_introspection_cpp/unitree_hg/msg/detail/bms_cmd__type_support.cpp.o[0m
[2.383s] [ 19%] [32mBuilding CXX object CMakeFiles/unitree_hg__rosidl_typesupport_introspection_cpp.dir/rosidl_typesupport_introspection_cpp/unitree_hg/msg/detail/hand_state__type_support.cpp.o[0m
[2.400s] [ 20%] [32mBuilding CXX object CMakeFiles/unitree_hg__rosidl_typesupport_introspection_cpp.dir/rosidl_typesupport_introspection_cpp/unitree_hg/msg/detail/low_cmd__type_support.cpp.o[0m
[2.400s] [ 21%] [32mBuilding CXX object CMakeFiles/unitree_hg__rosidl_typesupport_introspection_cpp.dir/rosidl_typesupport_introspection_cpp/unitree_hg/msg/detail/low_state__type_support.cpp.o[0m
[2.402s] [ 22%] [32mBuilding CXX object CMakeFiles/unitree_hg__rosidl_typesupport_introspection_cpp.dir/rosidl_typesupport_introspection_cpp/unitree_hg/msg/detail/main_board_state__type_support.cpp.o[0m
[2.408s] [ 23%] [32mBuilding CXX object CMakeFiles/unitree_hg__rosidl_typesupport_introspection_cpp.dir/rosidl_typesupport_introspection_cpp/unitree_hg/msg/detail/imu_state__type_support.cpp.o[0m
[2.421s] [ 24%] [32mBuilding CXX object CMakeFiles/unitree_hg__rosidl_typesupport_introspection_cpp.dir/rosidl_typesupport_introspection_cpp/unitree_hg/msg/detail/motor_cmd__type_support.cpp.o[0m
[2.442s] [ 25%] [32mBuilding CXX object CMakeFiles/unitree_hg__rosidl_typesupport_cpp.dir/rosidl_typesupport_cpp/unitree_hg/msg/bms_cmd__type_support.cpp.o[0m
[2.445s] [ 26%] [32mBuilding CXX object CMakeFiles/unitree_hg__rosidl_typesupport_introspection_cpp.dir/rosidl_typesupport_introspection_cpp/unitree_hg/msg/detail/motor_state__type_support.cpp.o[0m
[2.448s] [ 27%] [32mBuilding CXX object CMakeFiles/unitree_hg__rosidl_typesupport_introspection_cpp.dir/rosidl_typesupport_introspection_cpp/unitree_hg/msg/detail/press_sensor_state__type_support.cpp.o[0m
[2.981s] [ 28%] [32mBuilding CXX object CMakeFiles/unitree_hg__rosidl_typesupport_cpp.dir/rosidl_typesupport_cpp/unitree_hg/msg/bms_state__type_support.cpp.o[0m
[3.093s] [ 28%] [32mBuilding CXX object CMakeFiles/unitree_hg__rosidl_typesupport_cpp.dir/rosidl_typesupport_cpp/unitree_hg/msg/hand_cmd__type_support.cpp.o[0m
[3.097s] [ 29%] [32mBuilding CXX object CMakeFiles/unitree_hg__rosidl_typesupport_c.dir/rosidl_typesupport_c/unitree_hg/msg/bms_cmd__type_support.cpp.o[0m
[3.122s] [ 30%] [32mBuilding CXX object CMakeFiles/unitree_hg__rosidl_typesupport_c.dir/rosidl_typesupport_c/unitree_hg/msg/bms_state__type_support.cpp.o[0m
[3.183s] [ 32%] [32mBuilding CXX object CMakeFiles/unitree_hg__rosidl_typesupport_c.dir/rosidl_typesupport_c/unitree_hg/msg/hand_state__type_support.cpp.o[0m
[3.183s] [ 32%] [32mBuilding CXX object CMakeFiles/unitree_hg__rosidl_typesupport_c.dir/rosidl_typesupport_c/unitree_hg/msg/hand_cmd__type_support.cpp.o[0m
[3.265s] [ 33%] [32mBuilding CXX object CMakeFiles/unitree_hg__rosidl_typesupport_c.dir/rosidl_typesupport_c/unitree_hg/msg/low_cmd__type_support.cpp.o[0m
[3.267s] [ 34%] [32mBuilding CXX object CMakeFiles/unitree_hg__rosidl_typesupport_c.dir/rosidl_typesupport_c/unitree_hg/msg/imu_state__type_support.cpp.o[0m
[3.271s] [ 35%] [32mBuilding CXX object CMakeFiles/unitree_hg__rosidl_typesupport_cpp.dir/rosidl_typesupport_cpp/unitree_hg/msg/hand_state__type_support.cpp.o[0m
[3.281s] [ 36%] [32mBuilding CXX object CMakeFiles/unitree_hg__rosidl_typesupport_cpp.dir/rosidl_typesupport_cpp/unitree_hg/msg/imu_state__type_support.cpp.o[0m
[3.288s] [ 37%] [32mBuilding CXX object CMakeFiles/unitree_hg__rosidl_typesupport_c.dir/rosidl_typesupport_c/unitree_hg/msg/low_state__type_support.cpp.o[0m
[3.315s] [ 38%] [32mBuilding CXX object CMakeFiles/unitree_hg__rosidl_typesupport_cpp.dir/rosidl_typesupport_cpp/unitree_hg/msg/low_cmd__type_support.cpp.o[0m
[3.317s] [ 39%] [32mBuilding CXX object CMakeFiles/unitree_hg__rosidl_typesupport_fastrtps_cpp.dir/rosidl_typesupport_fastrtps_cpp/unitree_hg/msg/detail/dds_fastrtps/bms_cmd__type_support.cpp.o[0m
[3.317s] [ 40%] [32mBuilding CXX object CMakeFiles/unitree_hg__rosidl_typesupport_c.dir/rosidl_typesupport_c/unitree_hg/msg/main_board_state__type_support.cpp.o[0m
[3.332s] [ 40%] [32mBuilding CXX object CMakeFiles/unitree_hg__rosidl_typesupport_c.dir/rosidl_typesupport_c/unitree_hg/msg/motor_cmd__type_support.cpp.o[0m
[3.333s] [ 41%] [32mBuilding CXX object CMakeFiles/unitree_hg__rosidl_typesupport_c.dir/rosidl_typesupport_c/unitree_hg/msg/motor_state__type_support.cpp.o[0m
[3.373s] [ 42%] [32mBuilding CXX object CMakeFiles/unitree_hg__rosidl_typesupport_c.dir/rosidl_typesupport_c/unitree_hg/msg/press_sensor_state__type_support.cpp.o[0m
[3.378s] [ 43%] [32mBuilding CXX object CMakeFiles/unitree_hg__rosidl_typesupport_cpp.dir/rosidl_typesupport_cpp/unitree_hg/msg/low_state__type_support.cpp.o[0m
[3.379s] [ 44%] [32mBuilding CXX object CMakeFiles/unitree_hg__rosidl_typesupport_fastrtps_cpp.dir/rosidl_typesupport_fastrtps_cpp/unitree_hg/msg/detail/dds_fastrtps/bms_state__type_support.cpp.o[0m
[3.471s] [ 46%] [32m[1mLinking CXX shared library libunitree_hg__rosidl_typesupport_c.so[0m
[3.473s] [ 46%] [32mBuilding CXX object CMakeFiles/unitree_hg__rosidl_typesupport_fastrtps_cpp.dir/rosidl_typesupport_fastrtps_cpp/unitree_hg/msg/detail/dds_fastrtps/hand_state__type_support.cpp.o[0m
[3.473s] [ 47%] [32mBuilding CXX object CMakeFiles/unitree_hg__rosidl_typesupport_fastrtps_cpp.dir/rosidl_typesupport_fastrtps_cpp/unitree_hg/msg/detail/dds_fastrtps/hand_cmd__type_support.cpp.o[0m
[3.473s] [ 47%] [32mBuilding CXX object CMakeFiles/unitree_hg__rosidl_typesupport_cpp.dir/rosidl_typesupport_cpp/unitree_hg/msg/main_board_state__type_support.cpp.o[0m
[3.495s] [ 48%] [32mBuilding CXX object CMakeFiles/unitree_hg__rosidl_typesupport_cpp.dir/rosidl_typesupport_cpp/unitree_hg/msg/motor_cmd__type_support.cpp.o[0m
[3.613s] [ 48%] Built target unitree_hg__rosidl_typesupport_c
[3.661s] [ 49%] [32mBuilding CXX object CMakeFiles/unitree_hg__rosidl_typesupport_cpp.dir/rosidl_typesupport_cpp/unitree_hg/msg/motor_state__type_support.cpp.o[0m
[3.687s] [ 50%] [32mBuilding CXX object CMakeFiles/unitree_hg__rosidl_typesupport_cpp.dir/rosidl_typesupport_cpp/unitree_hg/msg/press_sensor_state__type_support.cpp.o[0m
[3.699s] [ 51%] [32mBuilding CXX object CMakeFiles/unitree_hg__rosidl_typesupport_fastrtps_c.dir/rosidl_typesupport_fastrtps_c/unitree_hg/msg/detail/bms_cmd__type_support_c.cpp.o[0m
[3.712s] [ 52%] [32mBuilding CXX object CMakeFiles/unitree_hg__rosidl_typesupport_fastrtps_cpp.dir/rosidl_typesupport_fastrtps_cpp/unitree_hg/msg/detail/dds_fastrtps/imu_state__type_support.cpp.o[0m
[3.719s] [ 53%] [32mBuilding CXX object CMakeFiles/unitree_hg__rosidl_typesupport_fastrtps_c.dir/rosidl_typesupport_fastrtps_c/unitree_hg/msg/detail/bms_state__type_support_c.cpp.o[0m
[3.820s] [ 54%] [32mBuilding CXX object CMakeFiles/unitree_hg__rosidl_typesupport_fastrtps_cpp.dir/rosidl_typesupport_fastrtps_cpp/unitree_hg/msg/detail/dds_fastrtps/low_cmd__type_support.cpp.o[0m
[3.826s] [ 55%] [32mBuilding CXX object CMakeFiles/unitree_hg__rosidl_typesupport_fastrtps_cpp.dir/rosidl_typesupport_fastrtps_cpp/unitree_hg/msg/detail/dds_fastrtps/low_state__type_support.cpp.o[0m
[3.842s] [ 56%] [32mBuilding CXX object CMakeFiles/unitree_hg__rosidl_typesupport_fastrtps_cpp.dir/rosidl_typesupport_fastrtps_cpp/unitree_hg/msg/detail/dds_fastrtps/main_board_state__type_support.cpp.o[0m
[3.859s] [ 57%] [32mBuilding CXX object CMakeFiles/unitree_hg__rosidl_typesupport_fastrtps_cpp.dir/rosidl_typesupport_fastrtps_cpp/unitree_hg/msg/detail/dds_fastrtps/motor_cmd__type_support.cpp.o[0m
[3.968s] [ 58%] [32mBuilding CXX object CMakeFiles/unitree_hg__rosidl_typesupport_fastrtps_c.dir/rosidl_typesupport_fastrtps_c/unitree_hg/msg/detail/hand_cmd__type_support_c.cpp.o[0m
[4.001s] [ 59%] [32mBuilding CXX object CMakeFiles/unitree_hg__rosidl_typesupport_fastrtps_cpp.dir/rosidl_typesupport_fastrtps_cpp/unitree_hg/msg/detail/dds_fastrtps/motor_state__type_support.cpp.o[0m
[4.064s] [ 60%] [32mBuilding CXX object CMakeFiles/unitree_hg__rosidl_typesupport_fastrtps_cpp.dir/rosidl_typesupport_fastrtps_cpp/unitree_hg/msg/detail/dds_fastrtps/press_sensor_state__type_support.cpp.o[0m
[4.142s] [ 61%] [32mBuilding CXX object CMakeFiles/unitree_hg__rosidl_typesupport_fastrtps_c.dir/rosidl_typesupport_fastrtps_c/unitree_hg/msg/detail/hand_state__type_support_c.cpp.o[0m
[4.152s] [ 62%] [32mBuilding CXX object CMakeFiles/unitree_hg__rosidl_typesupport_fastrtps_c.dir/rosidl_typesupport_fastrtps_c/unitree_hg/msg/detail/imu_state__type_support_c.cpp.o[0m
[4.233s] [ 63%] [32mBuilding CXX object CMakeFiles/unitree_hg__rosidl_typesupport_fastrtps_c.dir/rosidl_typesupport_fastrtps_c/unitree_hg/msg/detail/low_cmd__type_support_c.cpp.o[0m
[4.236s] [ 64%] [32m[1mLinking CXX shared library libunitree_hg__rosidl_typesupport_cpp.so[0m
[4.257s] [ 65%] [32mBuilding CXX object CMakeFiles/unitree_hg__rosidl_typesupport_fastrtps_c.dir/rosidl_typesupport_fastrtps_c/unitree_hg/msg/detail/low_state__type_support_c.cpp.o[0m
[4.324s] [ 65%] Built target unitree_hg__rosidl_typesupport_cpp
[4.339s] [ 66%] [32mBuilding CXX object CMakeFiles/unitree_hg__rosidl_typesupport_fastrtps_c.dir/rosidl_typesupport_fastrtps_c/unitree_hg/msg/detail/main_board_state__type_support_c.cpp.o[0m
[4.362s] [ 66%] [32mBuilding CXX object CMakeFiles/unitree_hg__rosidl_typesupport_fastrtps_c.dir/rosidl_typesupport_fastrtps_c/unitree_hg/msg/detail/motor_cmd__type_support_c.cpp.o[0m
[4.364s] [ 67%] [32mBuilding CXX object CMakeFiles/unitree_hg__rosidl_typesupport_fastrtps_c.dir/rosidl_typesupport_fastrtps_c/unitree_hg/msg/detail/press_sensor_state__type_support_c.cpp.o[0m
[4.378s] [ 68%] [32mBuilding CXX object CMakeFiles/unitree_hg__rosidl_typesupport_fastrtps_c.dir/rosidl_typesupport_fastrtps_c/unitree_hg/msg/detail/motor_state__type_support_c.cpp.o[0m
[4.554s] [ 69%] [32m[1mLinking CXX shared library libunitree_hg__rosidl_typesupport_introspection_cpp.so[0m
[4.733s] [ 70%] [32m[1mLinking CXX shared library libunitree_hg__rosidl_typesupport_fastrtps_cpp.so[0m
[4.779s] [ 70%] Built target unitree_hg__rosidl_typesupport_introspection_cpp
[4.979s] [ 70%] Built target unitree_hg__rosidl_typesupport_fastrtps_cpp
[5.609s] [ 71%] [32mBuilding C object CMakeFiles/unitree_hg__rosidl_typesupport_introspection_c.dir/rosidl_typesupport_introspection_c/unitree_hg/msg/detail/bms_cmd__type_support.c.o[0m
[5.612s] [ 72%] [32mBuilding C object CMakeFiles/unitree_hg__rosidl_typesupport_introspection_c.dir/rosidl_typesupport_introspection_c/unitree_hg/msg/detail/bms_state__type_support.c.o[0m
[5.624s] [ 73%] [32mBuilding C object CMakeFiles/unitree_hg__rosidl_typesupport_introspection_c.dir/rosidl_typesupport_introspection_c/unitree_hg/msg/detail/hand_cmd__type_support.c.o[0m
[5.624s] [ 74%] [32mBuilding C object CMakeFiles/unitree_hg__rosidl_typesupport_introspection_c.dir/rosidl_typesupport_introspection_c/unitree_hg/msg/detail/hand_state__type_support.c.o[0m
[5.648s] [ 75%] [32mBuilding C object CMakeFiles/unitree_hg__rosidl_typesupport_introspection_c.dir/rosidl_typesupport_introspection_c/unitree_hg/msg/detail/imu_state__type_support.c.o[0m
[5.656s] [ 76%] [32mBuilding C object CMakeFiles/unitree_hg__rosidl_typesupport_introspection_c.dir/rosidl_typesupport_introspection_c/unitree_hg/msg/detail/low_cmd__type_support.c.o[0m
[5.669s] [ 77%] [32mBuilding C object CMakeFiles/unitree_hg__rosidl_typesupport_introspection_c.dir/rosidl_typesupport_introspection_c/unitree_hg/msg/detail/press_sensor_state__type_support.c.o[0m
[5.669s] [ 78%] [32mBuilding C object CMakeFiles/unitree_hg__rosidl_typesupport_introspection_c.dir/rosidl_typesupport_introspection_c/unitree_hg/msg/detail/low_state__type_support.c.o[0m
[5.669s] [ 79%] [32mBuilding C object CMakeFiles/unitree_hg__rosidl_typesupport_introspection_c.dir/rosidl_typesupport_introspection_c/unitree_hg/msg/detail/motor_state__type_support.c.o[0m
[5.670s] [ 80%] [32mBuilding C object CMakeFiles/unitree_hg__rosidl_typesupport_introspection_c.dir/rosidl_typesupport_introspection_c/unitree_hg/msg/detail/main_board_state__type_support.c.o[0m
[5.696s] [ 80%] [32mBuilding C object CMakeFiles/unitree_hg__rosidl_typesupport_introspection_c.dir/rosidl_typesupport_introspection_c/unitree_hg/msg/detail/motor_cmd__type_support.c.o[0m
[5.857s] [ 81%] [32m[1mLinking C shared library libunitree_hg__rosidl_typesupport_introspection_c.so[0m
[5.925s] [ 81%] Built target unitree_hg__rosidl_typesupport_introspection_c
[6.193s] [ 82%] [32m[1mLinking CXX shared library libunitree_hg__rosidl_typesupport_fastrtps_c.so[0m
[6.348s] [ 82%] Built target unitree_hg__rosidl_typesupport_fastrtps_c
[6.378s] [ 82%] Built target unitree_hg
[6.421s] [ 83%] [34m[1mGenerating Python code for ROS interfaces[0m
[8.884s] [ 83%] Built target unitree_hg__py
[8.940s] [ 84%] [32mBuilding C object CMakeFiles/unitree_hg__rosidl_generator_py.dir/rosidl_generator_py/unitree_hg/msg/_bms_cmd_s.c.o[0m
[8.948s] [ 85%] [32mBuilding C object CMakeFiles/unitree_hg__rosidl_generator_py.dir/rosidl_generator_py/unitree_hg/msg/_bms_state_s.c.o[0m
[8.950s] [ 85%] [32mBuilding C object CMakeFiles/unitree_hg__rosidl_generator_py.dir/rosidl_generator_py/unitree_hg/msg/_hand_cmd_s.c.o[0m
[8.962s] [ 86%] [32mBuilding C object CMakeFiles/unitree_hg__rosidl_generator_py.dir/rosidl_generator_py/unitree_hg/msg/_low_state_s.c.o[0m
[8.962s] [ 88%] [32mBuilding C object CMakeFiles/unitree_hg__rosidl_generator_py.dir/rosidl_generator_py/unitree_hg/msg/_low_cmd_s.c.o[0m
[8.967s] [ 89%] [32mBuilding C object CMakeFiles/unitree_hg__rosidl_generator_py.dir/rosidl_generator_py/unitree_hg/msg/_imu_state_s.c.o[0m
[8.968s] [ 88%] [32mBuilding C object CMakeFiles/unitree_hg__rosidl_generator_py.dir/rosidl_generator_py/unitree_hg/msg/_hand_state_s.c.o[0m
[8.973s] [ 90%] [32mBuilding C object CMakeFiles/unitree_hg__rosidl_generator_py.dir/rosidl_generator_py/unitree_hg/msg/_main_board_state_s.c.o[0m
[8.977s] [ 91%] [32mBuilding C object CMakeFiles/unitree_hg__rosidl_generator_py.dir/rosidl_generator_py/unitree_hg/msg/_motor_cmd_s.c.o[0m
[8.980s] [ 92%] [32mBuilding C object CMakeFiles/unitree_hg__rosidl_generator_py.dir/rosidl_generator_py/unitree_hg/msg/_motor_state_s.c.o[0m
[8.984s] [ 93%] [32mBuilding C object CMakeFiles/unitree_hg__rosidl_generator_py.dir/rosidl_generator_py/unitree_hg/msg/_press_sensor_state_s.c.o[0m
[9.196s] [ 94%] [32m[1mLinking C shared library rosidl_generator_py/unitree_hg/libunitree_hg__rosidl_generator_py.so[0m
[9.283s] [ 94%] Built target unitree_hg__rosidl_generator_py
[9.316s] [ 95%] [32mBuilding C object CMakeFiles/unitree_hg__rosidl_typesupport_introspection_c__pyext.dir/rosidl_generator_py/unitree_hg/_unitree_hg_s.ep.rosidl_typesupport_introspection_c.c.o[0m
[9.320s] [ 97%] [32mBuilding C object CMakeFiles/unitree_hg__rosidl_typesupport_c__pyext.dir/rosidl_generator_py/unitree_hg/_unitree_hg_s.ep.rosidl_typesupport_c.c.o[0m
[9.321s] [ 96%] [32mBuilding C object CMakeFiles/unitree_hg__rosidl_typesupport_fastrtps_c__pyext.dir/rosidl_generator_py/unitree_hg/_unitree_hg_s.ep.rosidl_typesupport_fastrtps_c.c.o[0m
[9.461s] [ 98%] [32m[1mLinking C shared library rosidl_generator_py/unitree_hg/unitree_hg_s__rosidl_typesupport_fastrtps_c.cpython-310-x86_64-linux-gnu.so[0m
[9.488s] [ 99%] [32m[1mLinking C shared library rosidl_generator_py/unitree_hg/unitree_hg_s__rosidl_typesupport_c.cpython-310-x86_64-linux-gnu.so[0m
[9.491s] [100%] [32m[1mLinking C shared library rosidl_generator_py/unitree_hg/unitree_hg_s__rosidl_typesupport_introspection_c.cpython-310-x86_64-linux-gnu.so[0m
[9.517s] [100%] Built target unitree_hg__rosidl_typesupport_fastrtps_c__pyext
[9.540s] [100%] Built target unitree_hg__rosidl_typesupport_c__pyext
[9.553s] [100%] Built target unitree_hg__rosidl_typesupport_introspection_c__pyext
[9.581s] Invoked command in '/home/jason/projects/motion_control_go2/build/unitree_hg' returned '0': CMAKE_PREFIX_PATH=${CMAKE_PREFIX_PATH}:/opt/ros/humble /usr/bin/cmake --build /home/jason/projects/motion_control_go2/build/unitree_hg -- -j16 -l16
[9.581s] Invoking command in '/home/jason/projects/motion_control_go2/build/unitree_hg': CMAKE_PREFIX_PATH=${CMAKE_PREFIX_PATH}:/opt/ros/humble /usr/bin/cmake --install /home/jason/projects/motion_control_go2/build/unitree_hg
[9.590s] -- Install configuration: ""
[9.590s] -- Execute custom install script
[9.590s] -- Symlinking: /home/jason/projects/motion_control_go2/install/unitree_hg/share/ament_index/resource_index/rosidl_interfaces/unitree_hg
[9.603s] -- Symlinking: /home/jason/projects/motion_control_go2/install/unitree_hg/include/unitree_hg/unitree_hg/msg/bms_cmd.h
[9.613s] -- Symlinking: /home/jason/projects/motion_control_go2/install/unitree_hg/include/unitree_hg/unitree_hg/msg/bms_state.h
[9.624s] -- Symlinking: /home/jason/projects/motion_control_go2/install/unitree_hg/include/unitree_hg/unitree_hg/msg/detail/bms_cmd__functions.h
[9.634s] -- Symlinking: /home/jason/projects/motion_control_go2/install/unitree_hg/include/unitree_hg/unitree_hg/msg/detail/bms_cmd__struct.h
[9.646s] -- Symlinking: /home/jason/projects/motion_control_go2/install/unitree_hg/include/unitree_hg/unitree_hg/msg/detail/bms_cmd__type_support.h
[9.659s] -- Symlinking: /home/jason/projects/motion_control_go2/install/unitree_hg/include/unitree_hg/unitree_hg/msg/detail/bms_state__functions.h
[9.671s] -- Symlinking: /home/jason/projects/motion_control_go2/install/unitree_hg/include/unitree_hg/unitree_hg/msg/detail/bms_state__struct.h
[9.681s] -- Symlinking: /home/jason/projects/motion_control_go2/install/unitree_hg/include/unitree_hg/unitree_hg/msg/detail/bms_state__type_support.h
[9.693s] -- Symlinking: /home/jason/projects/motion_control_go2/install/unitree_hg/include/unitree_hg/unitree_hg/msg/detail/hand_cmd__functions.h
[9.709s] -- Symlinking: /home/jason/projects/motion_control_go2/install/unitree_hg/include/unitree_hg/unitree_hg/msg/detail/hand_cmd__struct.h
[9.718s] -- Symlinking: /home/jason/projects/motion_control_go2/install/unitree_hg/include/unitree_hg/unitree_hg/msg/detail/hand_cmd__type_support.h
[9.729s] -- Symlinking: /home/jason/projects/motion_control_go2/install/unitree_hg/include/unitree_hg/unitree_hg/msg/detail/hand_state__functions.h
[9.740s] -- Symlinking: /home/jason/projects/motion_control_go2/install/unitree_hg/include/unitree_hg/unitree_hg/msg/detail/hand_state__struct.h
[9.749s] -- Symlinking: /home/jason/projects/motion_control_go2/install/unitree_hg/include/unitree_hg/unitree_hg/msg/detail/hand_state__type_support.h
[9.759s] -- Symlinking: /home/jason/projects/motion_control_go2/install/unitree_hg/include/unitree_hg/unitree_hg/msg/detail/imu_state__functions.h
[9.765s] -- Symlinking: /home/jason/projects/motion_control_go2/install/unitree_hg/include/unitree_hg/unitree_hg/msg/detail/imu_state__struct.h
[9.774s] -- Symlinking: /home/jason/projects/motion_control_go2/install/unitree_hg/include/unitree_hg/unitree_hg/msg/detail/imu_state__type_support.h
[9.776s] -- Symlinking: /home/jason/projects/motion_control_go2/install/unitree_hg/include/unitree_hg/unitree_hg/msg/detail/low_cmd__functions.h
[9.787s] -- Symlinking: /home/jason/projects/motion_control_go2/install/unitree_hg/include/unitree_hg/unitree_hg/msg/detail/low_cmd__struct.h
[9.792s] -- Symlinking: /home/jason/projects/motion_control_go2/install/unitree_hg/include/unitree_hg/unitree_hg/msg/detail/low_cmd__type_support.h
[9.797s] -- Symlinking: /home/jason/projects/motion_control_go2/install/unitree_hg/include/unitree_hg/unitree_hg/msg/detail/low_state__functions.h
[9.802s] -- Symlinking: /home/jason/projects/motion_control_go2/install/unitree_hg/include/unitree_hg/unitree_hg/msg/detail/low_state__struct.h
[9.809s] -- Symlinking: /home/jason/projects/motion_control_go2/install/unitree_hg/include/unitree_hg/unitree_hg/msg/detail/low_state__type_support.h
[9.814s] -- Symlinking: /home/jason/projects/motion_control_go2/install/unitree_hg/include/unitree_hg/unitree_hg/msg/detail/main_board_state__functions.h
[9.819s] -- Symlinking: /home/jason/projects/motion_control_go2/install/unitree_hg/include/unitree_hg/unitree_hg/msg/detail/main_board_state__struct.h
[9.824s] -- Symlinking: /home/jason/projects/motion_control_go2/install/unitree_hg/include/unitree_hg/unitree_hg/msg/detail/main_board_state__type_support.h
[9.833s] -- Symlinking: /home/jason/projects/motion_control_go2/install/unitree_hg/include/unitree_hg/unitree_hg/msg/detail/motor_cmd__functions.h
[9.836s] -- Symlinking: /home/jason/projects/motion_control_go2/install/unitree_hg/include/unitree_hg/unitree_hg/msg/detail/motor_cmd__struct.h
[9.843s] -- Symlinking: /home/jason/projects/motion_control_go2/install/unitree_hg/include/unitree_hg/unitree_hg/msg/detail/motor_cmd__type_support.h
[9.849s] -- Symlinking: /home/jason/projects/motion_control_go2/install/unitree_hg/include/unitree_hg/unitree_hg/msg/detail/motor_state__functions.h
[9.855s] -- Symlinking: /home/jason/projects/motion_control_go2/install/unitree_hg/include/unitree_hg/unitree_hg/msg/detail/motor_state__struct.h
[9.865s] -- Symlinking: /home/jason/projects/motion_control_go2/install/unitree_hg/include/unitree_hg/unitree_hg/msg/detail/motor_state__type_support.h
[9.868s] -- Symlinking: /home/jason/projects/motion_control_go2/install/unitree_hg/include/unitree_hg/unitree_hg/msg/detail/press_sensor_state__functions.h
[9.874s] -- Symlinking: /home/jason/projects/motion_control_go2/install/unitree_hg/include/unitree_hg/unitree_hg/msg/detail/press_sensor_state__struct.h
[9.880s] -- Symlinking: /home/jason/projects/motion_control_go2/install/unitree_hg/include/unitree_hg/unitree_hg/msg/detail/press_sensor_state__type_support.h
[9.885s] -- Symlinking: /home/jason/projects/motion_control_go2/install/unitree_hg/include/unitree_hg/unitree_hg/msg/hand_cmd.h
[9.891s] -- Symlinking: /home/jason/projects/motion_control_go2/install/unitree_hg/include/unitree_hg/unitree_hg/msg/hand_state.h
[9.896s] -- Symlinking: /home/jason/projects/motion_control_go2/install/unitree_hg/include/unitree_hg/unitree_hg/msg/imu_state.h
[9.902s] -- Symlinking: /home/jason/projects/motion_control_go2/install/unitree_hg/include/unitree_hg/unitree_hg/msg/low_cmd.h
[9.907s] -- Symlinking: /home/jason/projects/motion_control_go2/install/unitree_hg/include/unitree_hg/unitree_hg/msg/low_state.h
[9.912s] -- Symlinking: /home/jason/projects/motion_control_go2/install/unitree_hg/include/unitree_hg/unitree_hg/msg/main_board_state.h
[9.918s] -- Symlinking: /home/jason/projects/motion_control_go2/install/unitree_hg/include/unitree_hg/unitree_hg/msg/motor_cmd.h
[9.924s] -- Symlinking: /home/jason/projects/motion_control_go2/install/unitree_hg/include/unitree_hg/unitree_hg/msg/motor_state.h
[9.929s] -- Symlinking: /home/jason/projects/motion_control_go2/install/unitree_hg/include/unitree_hg/unitree_hg/msg/press_sensor_state.h
[9.940s] -- Symlinking: /home/jason/projects/motion_control_go2/install/unitree_hg/include/unitree_hg/unitree_hg/msg/rosidl_generator_c__visibility_control.h
[9.942s] -- Symlinking: /home/jason/projects/motion_control_go2/install/unitree_hg/share/unitree_hg/environment/library_path.sh
[9.948s] -- Symlinking: /home/jason/projects/motion_control_go2/install/unitree_hg/share/unitree_hg/environment/library_path.dsv
[9.954s] -- Symlinking: /home/jason/projects/motion_control_go2/install/unitree_hg/include/unitree_hg/unitree_hg/msg/detail/bms_cmd__rosidl_typesupport_fastrtps_c.h
[9.960s] -- Symlinking: /home/jason/projects/motion_control_go2/install/unitree_hg/include/unitree_hg/unitree_hg/msg/detail/bms_state__rosidl_typesupport_fastrtps_c.h
[9.965s] -- Symlinking: /home/jason/projects/motion_control_go2/install/unitree_hg/include/unitree_hg/unitree_hg/msg/detail/hand_cmd__rosidl_typesupport_fastrtps_c.h
[9.971s] -- Symlinking: /home/jason/projects/motion_control_go2/install/unitree_hg/include/unitree_hg/unitree_hg/msg/detail/hand_state__rosidl_typesupport_fastrtps_c.h
[9.977s] -- Symlinking: /home/jason/projects/motion_control_go2/install/unitree_hg/include/unitree_hg/unitree_hg/msg/detail/imu_state__rosidl_typesupport_fastrtps_c.h
[9.982s] -- Symlinking: /home/jason/projects/motion_control_go2/install/unitree_hg/include/unitree_hg/unitree_hg/msg/detail/low_cmd__rosidl_typesupport_fastrtps_c.h
[9.987s] -- Symlinking: /home/jason/projects/motion_control_go2/install/unitree_hg/include/unitree_hg/unitree_hg/msg/detail/low_state__rosidl_typesupport_fastrtps_c.h
[9.992s] -- Symlinking: /home/jason/projects/motion_control_go2/install/unitree_hg/include/unitree_hg/unitree_hg/msg/detail/main_board_state__rosidl_typesupport_fastrtps_c.h
[9.998s] -- Symlinking: /home/jason/projects/motion_control_go2/install/unitree_hg/include/unitree_hg/unitree_hg/msg/detail/motor_cmd__rosidl_typesupport_fastrtps_c.h
[10.003s] -- Symlinking: /home/jason/projects/motion_control_go2/install/unitree_hg/include/unitree_hg/unitree_hg/msg/detail/motor_state__rosidl_typesupport_fastrtps_c.h
[10.008s] -- Symlinking: /home/jason/projects/motion_control_go2/install/unitree_hg/include/unitree_hg/unitree_hg/msg/detail/press_sensor_state__rosidl_typesupport_fastrtps_c.h
[10.014s] -- Symlinking: /home/jason/projects/motion_control_go2/install/unitree_hg/include/unitree_hg/unitree_hg/msg/rosidl_typesupport_fastrtps_c__visibility_control.h
[10.028s] -- Symlinking: /home/jason/projects/motion_control_go2/install/unitree_hg/include/unitree_hg/unitree_hg/msg/bms_cmd.hpp
[10.033s] -- Symlinking: /home/jason/projects/motion_control_go2/install/unitree_hg/include/unitree_hg/unitree_hg/msg/bms_state.hpp
[10.041s] -- Symlinking: /home/jason/projects/motion_control_go2/install/unitree_hg/include/unitree_hg/unitree_hg/msg/detail/bms_cmd__builder.hpp
[10.048s] -- Symlinking: /home/jason/projects/motion_control_go2/install/unitree_hg/include/unitree_hg/unitree_hg/msg/detail/bms_cmd__struct.hpp
[10.056s] -- Symlinking: /home/jason/projects/motion_control_go2/install/unitree_hg/include/unitree_hg/unitree_hg/msg/detail/bms_cmd__traits.hpp
[10.066s] -- Symlinking: /home/jason/projects/motion_control_go2/install/unitree_hg/include/unitree_hg/unitree_hg/msg/detail/bms_cmd__type_support.hpp
[10.073s] -- Symlinking: /home/jason/projects/motion_control_go2/install/unitree_hg/include/unitree_hg/unitree_hg/msg/detail/bms_state__builder.hpp
[10.084s] -- Symlinking: /home/jason/projects/motion_control_go2/install/unitree_hg/include/unitree_hg/unitree_hg/msg/detail/bms_state__struct.hpp
[10.091s] -- Symlinking: /home/jason/projects/motion_control_go2/install/unitree_hg/include/unitree_hg/unitree_hg/msg/detail/bms_state__traits.hpp
[10.100s] -- Symlinking: /home/jason/projects/motion_control_go2/install/unitree_hg/include/unitree_hg/unitree_hg/msg/detail/bms_state__type_support.hpp
[10.108s] -- Symlinking: /home/jason/projects/motion_control_go2/install/unitree_hg/include/unitree_hg/unitree_hg/msg/detail/hand_cmd__builder.hpp
[10.118s] -- Symlinking: /home/jason/projects/motion_control_go2/install/unitree_hg/include/unitree_hg/unitree_hg/msg/detail/hand_cmd__struct.hpp
[10.129s] -- Symlinking: /home/jason/projects/motion_control_go2/install/unitree_hg/include/unitree_hg/unitree_hg/msg/detail/hand_cmd__traits.hpp
[10.139s] -- Symlinking: /home/jason/projects/motion_control_go2/install/unitree_hg/include/unitree_hg/unitree_hg/msg/detail/hand_cmd__type_support.hpp
[10.143s] -- Symlinking: /home/jason/projects/motion_control_go2/install/unitree_hg/include/unitree_hg/unitree_hg/msg/detail/hand_state__builder.hpp
[10.152s] -- Symlinking: /home/jason/projects/motion_control_go2/install/unitree_hg/include/unitree_hg/unitree_hg/msg/detail/hand_state__struct.hpp
[10.169s] -- Symlinking: /home/jason/projects/motion_control_go2/install/unitree_hg/include/unitree_hg/unitree_hg/msg/detail/hand_state__traits.hpp
[10.173s] -- Symlinking: /home/jason/projects/motion_control_go2/install/unitree_hg/include/unitree_hg/unitree_hg/msg/detail/hand_state__type_support.hpp
[10.181s] -- Symlinking: /home/jason/projects/motion_control_go2/install/unitree_hg/include/unitree_hg/unitree_hg/msg/detail/imu_state__builder.hpp
[10.190s] -- Symlinking: /home/jason/projects/motion_control_go2/install/unitree_hg/include/unitree_hg/unitree_hg/msg/detail/imu_state__struct.hpp
[10.199s] -- Symlinking: /home/jason/projects/motion_control_go2/install/unitree_hg/include/unitree_hg/unitree_hg/msg/detail/imu_state__traits.hpp
[10.208s] -- Symlinking: /home/jason/projects/motion_control_go2/install/unitree_hg/include/unitree_hg/unitree_hg/msg/detail/imu_state__type_support.hpp
[10.216s] -- Symlinking: /home/jason/projects/motion_control_go2/install/unitree_hg/include/unitree_hg/unitree_hg/msg/detail/low_cmd__builder.hpp
[10.222s] -- Symlinking: /home/jason/projects/motion_control_go2/install/unitree_hg/include/unitree_hg/unitree_hg/msg/detail/low_cmd__struct.hpp
[10.232s] -- Symlinking: /home/jason/projects/motion_control_go2/install/unitree_hg/include/unitree_hg/unitree_hg/msg/detail/low_cmd__traits.hpp
[10.240s] -- Symlinking: /home/jason/projects/motion_control_go2/install/unitree_hg/include/unitree_hg/unitree_hg/msg/detail/low_cmd__type_support.hpp
[10.249s] -- Symlinking: /home/jason/projects/motion_control_go2/install/unitree_hg/include/unitree_hg/unitree_hg/msg/detail/low_state__builder.hpp
[10.256s] -- Symlinking: /home/jason/projects/motion_control_go2/install/unitree_hg/include/unitree_hg/unitree_hg/msg/detail/low_state__struct.hpp
[10.272s] -- Symlinking: /home/jason/projects/motion_control_go2/install/unitree_hg/include/unitree_hg/unitree_hg/msg/detail/low_state__traits.hpp
[10.275s] -- Symlinking: /home/jason/projects/motion_control_go2/install/unitree_hg/include/unitree_hg/unitree_hg/msg/detail/low_state__type_support.hpp
[10.282s] -- Symlinking: /home/jason/projects/motion_control_go2/install/unitree_hg/include/unitree_hg/unitree_hg/msg/detail/main_board_state__builder.hpp
[10.288s] -- Symlinking: /home/jason/projects/motion_control_go2/install/unitree_hg/include/unitree_hg/unitree_hg/msg/detail/main_board_state__struct.hpp
[10.296s] -- Symlinking: /home/jason/projects/motion_control_go2/install/unitree_hg/include/unitree_hg/unitree_hg/msg/detail/main_board_state__traits.hpp
[10.301s] -- Symlinking: /home/jason/projects/motion_control_go2/install/unitree_hg/include/unitree_hg/unitree_hg/msg/detail/main_board_state__type_support.hpp
[10.309s] -- Symlinking: /home/jason/projects/motion_control_go2/install/unitree_hg/include/unitree_hg/unitree_hg/msg/detail/motor_cmd__builder.hpp
[10.318s] -- Symlinking: /home/jason/projects/motion_control_go2/install/unitree_hg/include/unitree_hg/unitree_hg/msg/detail/motor_cmd__struct.hpp
[10.326s] -- Symlinking: /home/jason/projects/motion_control_go2/install/unitree_hg/include/unitree_hg/unitree_hg/msg/detail/motor_cmd__traits.hpp
[10.337s] -- Symlinking: /home/jason/projects/motion_control_go2/install/unitree_hg/include/unitree_hg/unitree_hg/msg/detail/motor_cmd__type_support.hpp
[10.359s] -- Symlinking: /home/jason/projects/motion_control_go2/install/unitree_hg/include/unitree_hg/unitree_hg/msg/detail/motor_state__builder.hpp
[10.370s] -- Symlinking: /home/jason/projects/motion_control_go2/install/unitree_hg/include/unitree_hg/unitree_hg/msg/detail/motor_state__struct.hpp
[10.383s] -- Symlinking: /home/jason/projects/motion_control_go2/install/unitree_hg/include/unitree_hg/unitree_hg/msg/detail/motor_state__traits.hpp
[10.396s] -- Symlinking: /home/jason/projects/motion_control_go2/install/unitree_hg/include/unitree_hg/unitree_hg/msg/detail/motor_state__type_support.hpp
[10.412s] -- Symlinking: /home/jason/projects/motion_control_go2/install/unitree_hg/include/unitree_hg/unitree_hg/msg/detail/press_sensor_state__builder.hpp
[10.423s] -- Symlinking: /home/jason/projects/motion_control_go2/install/unitree_hg/include/unitree_hg/unitree_hg/msg/detail/press_sensor_state__struct.hpp
[10.432s] -- Symlinking: /home/jason/projects/motion_control_go2/install/unitree_hg/include/unitree_hg/unitree_hg/msg/detail/press_sensor_state__traits.hpp
[10.444s] -- Symlinking: /home/jason/projects/motion_control_go2/install/unitree_hg/include/unitree_hg/unitree_hg/msg/detail/press_sensor_state__type_support.hpp
[10.458s] -- Symlinking: /home/jason/projects/motion_control_go2/install/unitree_hg/include/unitree_hg/unitree_hg/msg/hand_cmd.hpp
[10.473s] -- Symlinking: /home/jason/projects/motion_control_go2/install/unitree_hg/include/unitree_hg/unitree_hg/msg/hand_state.hpp
[10.485s] -- Symlinking: /home/jason/projects/motion_control_go2/install/unitree_hg/include/unitree_hg/unitree_hg/msg/imu_state.hpp
[10.495s] -- Symlinking: /home/jason/projects/motion_control_go2/install/unitree_hg/include/unitree_hg/unitree_hg/msg/low_cmd.hpp
[10.509s] -- Symlinking: /home/jason/projects/motion_control_go2/install/unitree_hg/include/unitree_hg/unitree_hg/msg/low_state.hpp
[10.519s] -- Symlinking: /home/jason/projects/motion_control_go2/install/unitree_hg/include/unitree_hg/unitree_hg/msg/main_board_state.hpp
[10.532s] -- Symlinking: /home/jason/projects/motion_control_go2/install/unitree_hg/include/unitree_hg/unitree_hg/msg/motor_cmd.hpp
[10.546s] -- Symlinking: /home/jason/projects/motion_control_go2/install/unitree_hg/include/unitree_hg/unitree_hg/msg/motor_state.hpp
[10.566s] -- Symlinking: /home/jason/projects/motion_control_go2/install/unitree_hg/include/unitree_hg/unitree_hg/msg/press_sensor_state.hpp
[10.578s] -- Symlinking: /home/jason/projects/motion_control_go2/install/unitree_hg/include/unitree_hg/unitree_hg/msg/rosidl_generator_cpp__visibility_control.hpp
[10.594s] -- Symlinking: /home/jason/projects/motion_control_go2/install/unitree_hg/include/unitree_hg/unitree_hg/msg/detail/bms_cmd__rosidl_typesupport_fastrtps_cpp.hpp
[10.601s] -- Symlinking: /home/jason/projects/motion_control_go2/install/unitree_hg/include/unitree_hg/unitree_hg/msg/detail/bms_state__rosidl_typesupport_fastrtps_cpp.hpp
[10.615s] -- Symlinking: /home/jason/projects/motion_control_go2/install/unitree_hg/include/unitree_hg/unitree_hg/msg/detail/hand_cmd__rosidl_typesupport_fastrtps_cpp.hpp
[10.630s] -- Symlinking: /home/jason/projects/motion_control_go2/install/unitree_hg/include/unitree_hg/unitree_hg/msg/detail/hand_state__rosidl_typesupport_fastrtps_cpp.hpp
[10.640s] -- Symlinking: /home/jason/projects/motion_control_go2/install/unitree_hg/include/unitree_hg/unitree_hg/msg/detail/imu_state__rosidl_typesupport_fastrtps_cpp.hpp
[10.648s] -- Symlinking: /home/jason/projects/motion_control_go2/install/unitree_hg/include/unitree_hg/unitree_hg/msg/detail/low_cmd__rosidl_typesupport_fastrtps_cpp.hpp
[10.655s] -- Symlinking: /home/jason/projects/motion_control_go2/install/unitree_hg/include/unitree_hg/unitree_hg/msg/detail/low_state__rosidl_typesupport_fastrtps_cpp.hpp
[10.665s] -- Symlinking: /home/jason/projects/motion_control_go2/install/unitree_hg/include/unitree_hg/unitree_hg/msg/detail/main_board_state__rosidl_typesupport_fastrtps_cpp.hpp
[10.674s] -- Symlinking: /home/jason/projects/motion_control_go2/install/unitree_hg/include/unitree_hg/unitree_hg/msg/detail/motor_cmd__rosidl_typesupport_fastrtps_cpp.hpp
[10.684s] -- Symlinking: /home/jason/projects/motion_control_go2/install/unitree_hg/include/unitree_hg/unitree_hg/msg/detail/motor_state__rosidl_typesupport_fastrtps_cpp.hpp
[10.694s] -- Symlinking: /home/jason/projects/motion_control_go2/install/unitree_hg/include/unitree_hg/unitree_hg/msg/detail/press_sensor_state__rosidl_typesupport_fastrtps_cpp.hpp
[10.699s] -- Symlinking: /home/jason/projects/motion_control_go2/install/unitree_hg/include/unitree_hg/unitree_hg/msg/rosidl_typesupport_fastrtps_cpp__visibility_control.h
[10.706s] -- Symlinking: /home/jason/projects/motion_control_go2/install/unitree_hg/include/unitree_hg/unitree_hg/msg/detail/bms_cmd__rosidl_typesupport_introspection_c.h
[10.715s] -- Symlinking: /home/jason/projects/motion_control_go2/install/unitree_hg/include/unitree_hg/unitree_hg/msg/detail/bms_state__rosidl_typesupport_introspection_c.h
[10.724s] -- Symlinking: /home/jason/projects/motion_control_go2/install/unitree_hg/include/unitree_hg/unitree_hg/msg/detail/hand_cmd__rosidl_typesupport_introspection_c.h
[10.734s] -- Symlinking: /home/jason/projects/motion_control_go2/install/unitree_hg/include/unitree_hg/unitree_hg/msg/detail/hand_state__rosidl_typesupport_introspection_c.h
[10.747s] -- Symlinking: /home/jason/projects/motion_control_go2/install/unitree_hg/include/unitree_hg/unitree_hg/msg/detail/imu_state__rosidl_typesupport_introspection_c.h
[10.766s] -- Symlinking: /home/jason/projects/motion_control_go2/install/unitree_hg/include/unitree_hg/unitree_hg/msg/detail/low_cmd__rosidl_typesupport_introspection_c.h
[10.782s] -- Symlinking: /home/jason/projects/motion_control_go2/install/unitree_hg/include/unitree_hg/unitree_hg/msg/detail/low_state__rosidl_typesupport_introspection_c.h
[10.797s] -- Symlinking: /home/jason/projects/motion_control_go2/install/unitree_hg/include/unitree_hg/unitree_hg/msg/detail/main_board_state__rosidl_typesupport_introspection_c.h
[10.818s] -- Symlinking: /home/jason/projects/motion_control_go2/install/unitree_hg/include/unitree_hg/unitree_hg/msg/detail/motor_cmd__rosidl_typesupport_introspection_c.h
[10.832s] -- Symlinking: /home/jason/projects/motion_control_go2/install/unitree_hg/include/unitree_hg/unitree_hg/msg/detail/motor_state__rosidl_typesupport_introspection_c.h
[10.848s] -- Symlinking: /home/jason/projects/motion_control_go2/install/unitree_hg/include/unitree_hg/unitree_hg/msg/detail/press_sensor_state__rosidl_typesupport_introspection_c.h
[10.859s] -- Symlinking: /home/jason/projects/motion_control_go2/install/unitree_hg/include/unitree_hg/unitree_hg/msg/rosidl_typesupport_introspection_c__visibility_control.h
[10.870s] -- Symlinking: /home/jason/projects/motion_control_go2/install/unitree_hg/include/unitree_hg/unitree_hg/msg/detail/bms_cmd__rosidl_typesupport_introspection_cpp.hpp
[10.877s] -- Symlinking: /home/jason/projects/motion_control_go2/install/unitree_hg/include/unitree_hg/unitree_hg/msg/detail/bms_state__rosidl_typesupport_introspection_cpp.hpp
[10.888s] -- Symlinking: /home/jason/projects/motion_control_go2/install/unitree_hg/include/unitree_hg/unitree_hg/msg/detail/hand_cmd__rosidl_typesupport_introspection_cpp.hpp
[10.895s] -- Symlinking: /home/jason/projects/motion_control_go2/install/unitree_hg/include/unitree_hg/unitree_hg/msg/detail/hand_state__rosidl_typesupport_introspection_cpp.hpp
[10.904s] -- Symlinking: /home/jason/projects/motion_control_go2/install/unitree_hg/include/unitree_hg/unitree_hg/msg/detail/imu_state__rosidl_typesupport_introspection_cpp.hpp
[10.913s] -- Symlinking: /home/jason/projects/motion_control_go2/install/unitree_hg/include/unitree_hg/unitree_hg/msg/detail/low_cmd__rosidl_typesupport_introspection_cpp.hpp
[10.918s] -- Symlinking: /home/jason/projects/motion_control_go2/install/unitree_hg/include/unitree_hg/unitree_hg/msg/detail/low_state__rosidl_typesupport_introspection_cpp.hpp
[10.924s] -- Symlinking: /home/jason/projects/motion_control_go2/install/unitree_hg/include/unitree_hg/unitree_hg/msg/detail/main_board_state__rosidl_typesupport_introspection_cpp.hpp
[10.930s] -- Symlinking: /home/jason/projects/motion_control_go2/install/unitree_hg/include/unitree_hg/unitree_hg/msg/detail/motor_cmd__rosidl_typesupport_introspection_cpp.hpp
[10.936s] -- Symlinking: /home/jason/projects/motion_control_go2/install/unitree_hg/include/unitree_hg/unitree_hg/msg/detail/motor_state__rosidl_typesupport_introspection_cpp.hpp
[10.942s] -- Symlinking: /home/jason/projects/motion_control_go2/install/unitree_hg/include/unitree_hg/unitree_hg/msg/detail/press_sensor_state__rosidl_typesupport_introspection_cpp.hpp
[10.948s] -- Symlinking: /home/jason/projects/motion_control_go2/install/unitree_hg/share/unitree_hg/environment/pythonpath.sh
[10.955s] -- Symlinking: /home/jason/projects/motion_control_go2/install/unitree_hg/share/unitree_hg/environment/pythonpath.dsv
[10.960s] -- Symlinking: /home/jason/projects/motion_control_go2/install/unitree_hg/local/lib/python3.10/dist-packages/unitree_hg-0.0.0-py3.10.egg-info/PKG-INFO
[10.965s] -- Symlinking: /home/jason/projects/motion_control_go2/install/unitree_hg/local/lib/python3.10/dist-packages/unitree_hg-0.0.0-py3.10.egg-info/SOURCES.txt
[10.972s] -- Symlinking: /home/jason/projects/motion_control_go2/install/unitree_hg/local/lib/python3.10/dist-packages/unitree_hg-0.0.0-py3.10.egg-info/dependency_links.txt
[10.977s] -- Symlinking: /home/jason/projects/motion_control_go2/install/unitree_hg/local/lib/python3.10/dist-packages/unitree_hg-0.0.0-py3.10.egg-info/top_level.txt
[10.984s] -- Symlinking: /home/jason/projects/motion_control_go2/install/unitree_hg/local/lib/python3.10/dist-packages/unitree_hg/__init__.py
[10.989s] -- Symlinking: /home/jason/projects/motion_control_go2/install/unitree_hg/local/lib/python3.10/dist-packages/unitree_hg/_unitree_hg_s.ep.rosidl_typesupport_c.c
[10.994s] -- Symlinking: /home/jason/projects/motion_control_go2/install/unitree_hg/local/lib/python3.10/dist-packages/unitree_hg/_unitree_hg_s.ep.rosidl_typesupport_fastrtps_c.c
[11.004s] -- Symlinking: /home/jason/projects/motion_control_go2/install/unitree_hg/local/lib/python3.10/dist-packages/unitree_hg/_unitree_hg_s.ep.rosidl_typesupport_introspection_c.c
[11.009s] -- Symlinking: /home/jason/projects/motion_control_go2/install/unitree_hg/local/lib/python3.10/dist-packages/unitree_hg/libunitree_hg__rosidl_generator_py.so
[11.013s] -- Symlinking: /home/jason/projects/motion_control_go2/install/unitree_hg/local/lib/python3.10/dist-packages/unitree_hg/msg/__init__.py
[11.018s] -- Symlinking: /home/jason/projects/motion_control_go2/install/unitree_hg/local/lib/python3.10/dist-packages/unitree_hg/msg/_bms_cmd.py
[11.031s] -- Symlinking: /home/jason/projects/motion_control_go2/install/unitree_hg/local/lib/python3.10/dist-packages/unitree_hg/msg/_bms_cmd_s.c
[11.032s] -- Symlinking: /home/jason/projects/motion_control_go2/install/unitree_hg/local/lib/python3.10/dist-packages/unitree_hg/msg/_bms_state.py
[11.043s] -- Symlinking: /home/jason/projects/motion_control_go2/install/unitree_hg/local/lib/python3.10/dist-packages/unitree_hg/msg/_bms_state_s.c
[11.049s] -- Symlinking: /home/jason/projects/motion_control_go2/install/unitree_hg/local/lib/python3.10/dist-packages/unitree_hg/msg/_hand_cmd.py
[11.064s] -- Symlinking: /home/jason/projects/motion_control_go2/install/unitree_hg/local/lib/python3.10/dist-packages/unitree_hg/msg/_hand_cmd_s.c
[11.066s] -- Symlinking: /home/jason/projects/motion_control_go2/install/unitree_hg/local/lib/python3.10/dist-packages/unitree_hg/msg/_hand_state.py
[11.072s] -- Symlinking: /home/jason/projects/motion_control_go2/install/unitree_hg/local/lib/python3.10/dist-packages/unitree_hg/msg/_hand_state_s.c
[11.082s] -- Symlinking: /home/jason/projects/motion_control_go2/install/unitree_hg/local/lib/python3.10/dist-packages/unitree_hg/msg/_imu_state.py
[11.086s] -- Symlinking: /home/jason/projects/motion_control_go2/install/unitree_hg/local/lib/python3.10/dist-packages/unitree_hg/msg/_imu_state_s.c
[11.093s] -- Symlinking: /home/jason/projects/motion_control_go2/install/unitree_hg/local/lib/python3.10/dist-packages/unitree_hg/msg/_low_cmd.py
[11.093s] -- Symlinking: /home/jason/projects/motion_control_go2/install/unitree_hg/local/lib/python3.10/dist-packages/unitree_hg/msg/_low_cmd_s.c
[11.098s] -- Symlinking: /home/jason/projects/motion_control_go2/install/unitree_hg/local/lib/python3.10/dist-packages/unitree_hg/msg/_low_state.py
[11.119s] -- Symlinking: /home/jason/projects/motion_control_go2/install/unitree_hg/local/lib/python3.10/dist-packages/unitree_hg/msg/_low_state_s.c
[11.126s] -- Symlinking: /home/jason/projects/motion_control_go2/install/unitree_hg/local/lib/python3.10/dist-packages/unitree_hg/msg/_main_board_state.py
[11.129s] -- Symlinking: /home/jason/projects/motion_control_go2/install/unitree_hg/local/lib/python3.10/dist-packages/unitree_hg/msg/_main_board_state_s.c
[11.140s] -- Symlinking: /home/jason/projects/motion_control_go2/install/unitree_hg/local/lib/python3.10/dist-packages/unitree_hg/msg/_motor_cmd.py
[11.146s] -- Symlinking: /home/jason/projects/motion_control_go2/install/unitree_hg/local/lib/python3.10/dist-packages/unitree_hg/msg/_motor_cmd_s.c
[11.156s] -- Symlinking: /home/jason/projects/motion_control_go2/install/unitree_hg/local/lib/python3.10/dist-packages/unitree_hg/msg/_motor_state.py
[11.170s] -- Symlinking: /home/jason/projects/motion_control_go2/install/unitree_hg/local/lib/python3.10/dist-packages/unitree_hg/msg/_motor_state_s.c
[11.174s] -- Symlinking: /home/jason/projects/motion_control_go2/install/unitree_hg/local/lib/python3.10/dist-packages/unitree_hg/msg/_press_sensor_state.py
[11.186s] -- Symlinking: /home/jason/projects/motion_control_go2/install/unitree_hg/local/lib/python3.10/dist-packages/unitree_hg/msg/_press_sensor_state_s.c
[11.198s] -- Symlinking: /home/jason/projects/motion_control_go2/install/unitree_hg/local/lib/python3.10/dist-packages/unitree_hg/unitree_hg_s__rosidl_typesupport_c.cpython-310-x86_64-linux-gnu.so
[11.207s] -- Symlinking: /home/jason/projects/motion_control_go2/install/unitree_hg/local/lib/python3.10/dist-packages/unitree_hg/unitree_hg_s__rosidl_typesupport_fastrtps_c.cpython-310-x86_64-linux-gnu.so
[11.211s] -- Symlinking: /home/jason/projects/motion_control_go2/install/unitree_hg/local/lib/python3.10/dist-packages/unitree_hg/unitree_hg_s__rosidl_typesupport_introspection_c.cpython-310-x86_64-linux-gnu.so
[11.219s] -- Up-to-date symlink: /home/jason/projects/motion_control_go2/install/unitree_hg/local/lib/python3.10/dist-packages/unitree_hg/unitree_hg_s__rosidl_typesupport_fastrtps_c.cpython-310-x86_64-linux-gnu.so
[11.219s] -- Up-to-date symlink: /home/jason/projects/motion_control_go2/install/unitree_hg/local/lib/python3.10/dist-packages/unitree_hg/unitree_hg_s__rosidl_typesupport_introspection_c.cpython-310-x86_64-linux-gnu.so
[11.222s] -- Up-to-date symlink: /home/jason/projects/motion_control_go2/install/unitree_hg/local/lib/python3.10/dist-packages/unitree_hg/unitree_hg_s__rosidl_typesupport_c.cpython-310-x86_64-linux-gnu.so
[11.222s] -- Symlinking: /home/jason/projects/motion_control_go2/install/unitree_hg/share/unitree_hg/msg/BmsCmd.idl
[11.232s] -- Symlinking: /home/jason/projects/motion_control_go2/install/unitree_hg/share/unitree_hg/msg/BmsState.idl
[11.238s] -- Symlinking: /home/jason/projects/motion_control_go2/install/unitree_hg/share/unitree_hg/msg/HandCmd.idl
[11.255s] -- Symlinking: /home/jason/projects/motion_control_go2/install/unitree_hg/share/unitree_hg/msg/HandState.idl
[11.260s] -- Symlinking: /home/jason/projects/motion_control_go2/install/unitree_hg/share/unitree_hg/msg/IMUState.idl
[11.270s] -- Symlinking: /home/jason/projects/motion_control_go2/install/unitree_hg/share/unitree_hg/msg/LowCmd.idl
[11.280s] -- Symlinking: /home/jason/projects/motion_control_go2/install/unitree_hg/share/unitree_hg/msg/LowState.idl
[11.291s] -- Symlinking: /home/jason/projects/motion_control_go2/install/unitree_hg/share/unitree_hg/msg/MainBoardState.idl
[11.301s] -- Symlinking: /home/jason/projects/motion_control_go2/install/unitree_hg/share/unitree_hg/msg/MotorCmd.idl
[11.315s] -- Symlinking: /home/jason/projects/motion_control_go2/install/unitree_hg/share/unitree_hg/msg/MotorState.idl
[11.326s] -- Symlinking: /home/jason/projects/motion_control_go2/install/unitree_hg/share/unitree_hg/msg/PressSensorState.idl
[11.340s] -- Symlinking: /home/jason/projects/motion_control_go2/install/unitree_hg/share/unitree_hg/msg/BmsCmd.msg
[11.345s] -- Symlinking: /home/jason/projects/motion_control_go2/install/unitree_hg/share/unitree_hg/msg/BmsState.msg
[11.362s] -- Symlinking: /home/jason/projects/motion_control_go2/install/unitree_hg/share/unitree_hg/msg/HandCmd.msg
[11.362s] -- Symlinking: /home/jason/projects/motion_control_go2/install/unitree_hg/share/unitree_hg/msg/HandState.msg
[11.362s] -- Symlinking: /home/jason/projects/motion_control_go2/install/unitree_hg/share/unitree_hg/msg/IMUState.msg
[11.373s] -- Symlinking: /home/jason/projects/motion_control_go2/install/unitree_hg/share/unitree_hg/msg/LowCmd.msg
[11.379s] -- Symlinking: /home/jason/projects/motion_control_go2/install/unitree_hg/share/unitree_hg/msg/LowState.msg
[11.390s] -- Symlinking: /home/jason/projects/motion_control_go2/install/unitree_hg/share/unitree_hg/msg/MainBoardState.msg
[11.402s] -- Symlinking: /home/jason/projects/motion_control_go2/install/unitree_hg/share/unitree_hg/msg/MotorCmd.msg
[11.410s] -- Symlinking: /home/jason/projects/motion_control_go2/install/unitree_hg/share/unitree_hg/msg/MotorState.msg
[11.421s] -- Symlinking: /home/jason/projects/motion_control_go2/install/unitree_hg/share/unitree_hg/msg/PressSensorState.msg
[11.433s] -- Symlinking: /home/jason/projects/motion_control_go2/install/unitree_hg/share/unitree_hg/msg/dds_connext/BmsCmd_.idl
[11.452s] -- Symlinking: /home/jason/projects/motion_control_go2/install/unitree_hg/share/unitree_hg/msg/dds_connext/BmsState_.idl
[11.457s] -- Symlinking: /home/jason/projects/motion_control_go2/install/unitree_hg/share/unitree_hg/msg/dds_connext/HandCmd_.idl
[11.465s] -- Symlinking: /home/jason/projects/motion_control_go2/install/unitree_hg/share/unitree_hg/msg/dds_connext/HandState_.idl
[11.476s] -- Symlinking: /home/jason/projects/motion_control_go2/install/unitree_hg/share/unitree_hg/msg/dds_connext/IMUState_.idl
[11.489s] -- Symlinking: /home/jason/projects/motion_control_go2/install/unitree_hg/share/unitree_hg/msg/dds_connext/LowCmd_.idl
[11.503s] -- Symlinking: /home/jason/projects/motion_control_go2/install/unitree_hg/share/unitree_hg/msg/dds_connext/LowState_.idl
[11.510s] -- Symlinking: /home/jason/projects/motion_control_go2/install/unitree_hg/share/unitree_hg/msg/dds_connext/MainBoardState_.idl
[11.517s] -- Symlinking: /home/jason/projects/motion_control_go2/install/unitree_hg/share/unitree_hg/msg/dds_connext/MotorCmd_.idl
[11.528s] -- Symlinking: /home/jason/projects/motion_control_go2/install/unitree_hg/share/unitree_hg/msg/dds_connext/MotorState_.idl
[11.537s] -- Symlinking: /home/jason/projects/motion_control_go2/install/unitree_hg/share/unitree_hg/msg/dds_connext/PressSensorState_.idl
[11.544s] -- Symlinking: /home/jason/projects/motion_control_go2/install/unitree_hg/share/ament_index/resource_index/package_run_dependencies/unitree_hg
[11.558s] -- Symlinking: /home/jason/projects/motion_control_go2/install/unitree_hg/share/ament_index/resource_index/parent_prefix_path/unitree_hg
[11.565s] -- Symlinking: /home/jason/projects/motion_control_go2/install/unitree_hg/share/unitree_hg/environment/ament_prefix_path.sh
[11.572s] -- Symlinking: /home/jason/projects/motion_control_go2/install/unitree_hg/share/unitree_hg/environment/ament_prefix_path.dsv
[11.578s] -- Symlinking: /home/jason/projects/motion_control_go2/install/unitree_hg/share/unitree_hg/environment/path.sh
[11.585s] -- Symlinking: /home/jason/projects/motion_control_go2/install/unitree_hg/share/unitree_hg/environment/path.dsv
[11.594s] -- Symlinking: /home/jason/projects/motion_control_go2/install/unitree_hg/share/unitree_hg/local_setup.bash
[11.600s] -- Symlinking: /home/jason/projects/motion_control_go2/install/unitree_hg/share/unitree_hg/local_setup.sh
[11.607s] -- Symlinking: /home/jason/projects/motion_control_go2/install/unitree_hg/share/unitree_hg/local_setup.zsh
[11.614s] -- Symlinking: /home/jason/projects/motion_control_go2/install/unitree_hg/share/unitree_hg/local_setup.dsv
[11.621s] -- Symlinking: /home/jason/projects/motion_control_go2/install/unitree_hg/share/unitree_hg/package.dsv
[11.628s] -- Symlinking: /home/jason/projects/motion_control_go2/install/unitree_hg/share/ament_index/resource_index/packages/unitree_hg
[11.634s] -- Symlinking: /home/jason/projects/motion_control_go2/install/unitree_hg/share/unitree_hg/cmake/rosidl_cmake-extras.cmake
[11.641s] -- Symlinking: /home/jason/projects/motion_control_go2/install/unitree_hg/share/unitree_hg/cmake/ament_cmake_export_dependencies-extras.cmake
[11.651s] -- Symlinking: /home/jason/projects/motion_control_go2/install/unitree_hg/share/unitree_hg/cmake/ament_cmake_export_include_directories-extras.cmake
[11.658s] -- Symlinking: /home/jason/projects/motion_control_go2/install/unitree_hg/share/unitree_hg/cmake/ament_cmake_export_libraries-extras.cmake
[11.666s] -- Symlinking: /home/jason/projects/motion_control_go2/install/unitree_hg/share/unitree_hg/cmake/ament_cmake_export_targets-extras.cmake
[11.673s] -- Symlinking: /home/jason/projects/motion_control_go2/install/unitree_hg/share/unitree_hg/cmake/rosidl_cmake_export_typesupport_targets-extras.cmake
[11.687s] -- Symlinking: /home/jason/projects/motion_control_go2/install/unitree_hg/share/unitree_hg/cmake/rosidl_cmake_export_typesupport_libraries-extras.cmake
[11.692s] -- Symlinking: /home/jason/projects/motion_control_go2/install/unitree_hg/share/unitree_hg/cmake/unitree_hgConfig.cmake
[11.704s] -- Symlinking: /home/jason/projects/motion_control_go2/install/unitree_hg/share/unitree_hg/cmake/unitree_hgConfig-version.cmake
[11.714s] -- Symlinking: /home/jason/projects/motion_control_go2/install/unitree_hg/share/unitree_hg/package.xml
[11.721s] -- Installing: /home/jason/projects/motion_control_go2/install/unitree_hg/lib/libunitree_hg__rosidl_generator_c.so
[11.721s] -- Set runtime path of "/home/jason/projects/motion_control_go2/install/unitree_hg/lib/libunitree_hg__rosidl_generator_c.so" to ""
[11.721s] -- Installing: /home/jason/projects/motion_control_go2/install/unitree_hg/lib/libunitree_hg__rosidl_typesupport_fastrtps_c.so
[11.723s] -- Set runtime path of "/home/jason/projects/motion_control_go2/install/unitree_hg/lib/libunitree_hg__rosidl_typesupport_fastrtps_c.so" to ""
[11.723s] -- Installing: /home/jason/projects/motion_control_go2/install/unitree_hg/lib/libunitree_hg__rosidl_typesupport_fastrtps_cpp.so
[11.723s] -- Set runtime path of "/home/jason/projects/motion_control_go2/install/unitree_hg/lib/libunitree_hg__rosidl_typesupport_fastrtps_cpp.so" to ""
[11.723s] -- Installing: /home/jason/projects/motion_control_go2/install/unitree_hg/lib/libunitree_hg__rosidl_typesupport_introspection_c.so
[11.723s] -- Set runtime path of "/home/jason/projects/motion_control_go2/install/unitree_hg/lib/libunitree_hg__rosidl_typesupport_introspection_c.so" to ""
[11.723s] -- Installing: /home/jason/projects/motion_control_go2/install/unitree_hg/lib/libunitree_hg__rosidl_typesupport_c.so
[11.723s] -- Set runtime path of "/home/jason/projects/motion_control_go2/install/unitree_hg/lib/libunitree_hg__rosidl_typesupport_c.so" to ""
[11.723s] -- Installing: /home/jason/projects/motion_control_go2/install/unitree_hg/lib/libunitree_hg__rosidl_typesupport_introspection_cpp.so
[11.724s] -- Set runtime path of "/home/jason/projects/motion_control_go2/install/unitree_hg/lib/libunitree_hg__rosidl_typesupport_introspection_cpp.so" to ""
[11.725s] -- Installing: /home/jason/projects/motion_control_go2/install/unitree_hg/lib/libunitree_hg__rosidl_typesupport_cpp.so
[11.725s] -- Set runtime path of "/home/jason/projects/motion_control_go2/install/unitree_hg/lib/libunitree_hg__rosidl_typesupport_cpp.so" to ""
[11.753s] Listing '/home/jason/projects/motion_control_go2/install/unitree_hg/local/lib/python3.10/dist-packages/unitree_hg'...
[11.753s] Compiling '/home/jason/projects/motion_control_go2/install/unitree_hg/local/lib/python3.10/dist-packages/unitree_hg/__init__.py'...
[11.753s] Listing '/home/jason/projects/motion_control_go2/install/unitree_hg/local/lib/python3.10/dist-packages/unitree_hg/msg'...
[11.753s] Compiling '/home/jason/projects/motion_control_go2/install/unitree_hg/local/lib/python3.10/dist-packages/unitree_hg/msg/__init__.py'...
[11.753s] Compiling '/home/jason/projects/motion_control_go2/install/unitree_hg/local/lib/python3.10/dist-packages/unitree_hg/msg/_bms_cmd.py'...
[11.753s] Compiling '/home/jason/projects/motion_control_go2/install/unitree_hg/local/lib/python3.10/dist-packages/unitree_hg/msg/_bms_state.py'...
[11.753s] Compiling '/home/jason/projects/motion_control_go2/install/unitree_hg/local/lib/python3.10/dist-packages/unitree_hg/msg/_hand_cmd.py'...
[11.753s] Compiling '/home/jason/projects/motion_control_go2/install/unitree_hg/local/lib/python3.10/dist-packages/unitree_hg/msg/_hand_state.py'...
[11.753s] Compiling '/home/jason/projects/motion_control_go2/install/unitree_hg/local/lib/python3.10/dist-packages/unitree_hg/msg/_imu_state.py'...
[11.753s] Compiling '/home/jason/projects/motion_control_go2/install/unitree_hg/local/lib/python3.10/dist-packages/unitree_hg/msg/_low_cmd.py'...
[11.753s] Compiling '/home/jason/projects/motion_control_go2/install/unitree_hg/local/lib/python3.10/dist-packages/unitree_hg/msg/_low_state.py'...
[11.753s] Compiling '/home/jason/projects/motion_control_go2/install/unitree_hg/local/lib/python3.10/dist-packages/unitree_hg/msg/_main_board_state.py'...
[11.753s] Compiling '/home/jason/projects/motion_control_go2/install/unitree_hg/local/lib/python3.10/dist-packages/unitree_hg/msg/_motor_cmd.py'...
[11.753s] Compiling '/home/jason/projects/motion_control_go2/install/unitree_hg/local/lib/python3.10/dist-packages/unitree_hg/msg/_motor_state.py'...
[11.753s] Compiling '/home/jason/projects/motion_control_go2/install/unitree_hg/local/lib/python3.10/dist-packages/unitree_hg/msg/_press_sensor_state.py'...
[11.757s] -- Installing: /home/jason/projects/motion_control_go2/install/unitree_hg/lib/libunitree_hg__rosidl_generator_py.so
[11.757s] -- Set runtime path of "/home/jason/projects/motion_control_go2/install/unitree_hg/lib/libunitree_hg__rosidl_generator_py.so" to ""
[11.757s] -- Installing: /home/jason/projects/motion_control_go2/install/unitree_hg/share/unitree_hg/cmake/export_unitree_hg__rosidl_generator_cExport.cmake
[11.757s] -- Installing: /home/jason/projects/motion_control_go2/install/unitree_hg/share/unitree_hg/cmake/export_unitree_hg__rosidl_generator_cExport-noconfig.cmake
[11.757s] -- Installing: /home/jason/projects/motion_control_go2/install/unitree_hg/share/unitree_hg/cmake/export_unitree_hg__rosidl_typesupport_fastrtps_cExport.cmake
[11.757s] -- Installing: /home/jason/projects/motion_control_go2/install/unitree_hg/share/unitree_hg/cmake/export_unitree_hg__rosidl_typesupport_fastrtps_cExport-noconfig.cmake
[11.757s] -- Installing: /home/jason/projects/motion_control_go2/install/unitree_hg/share/unitree_hg/cmake/export_unitree_hg__rosidl_generator_cppExport.cmake
[11.757s] -- Installing: /home/jason/projects/motion_control_go2/install/unitree_hg/share/unitree_hg/cmake/export_unitree_hg__rosidl_typesupport_fastrtps_cppExport.cmake
[11.757s] -- Installing: /home/jason/projects/motion_control_go2/install/unitree_hg/share/unitree_hg/cmake/export_unitree_hg__rosidl_typesupport_fastrtps_cppExport-noconfig.cmake
[11.757s] -- Installing: /home/jason/projects/motion_control_go2/install/unitree_hg/share/unitree_hg/cmake/unitree_hg__rosidl_typesupport_introspection_cExport.cmake
[11.759s] -- Installing: /home/jason/projects/motion_control_go2/install/unitree_hg/share/unitree_hg/cmake/unitree_hg__rosidl_typesupport_introspection_cExport-noconfig.cmake
[11.759s] -- Installing: /home/jason/projects/motion_control_go2/install/unitree_hg/share/unitree_hg/cmake/unitree_hg__rosidl_typesupport_cExport.cmake
[11.760s] -- Installing: /home/jason/projects/motion_control_go2/install/unitree_hg/share/unitree_hg/cmake/unitree_hg__rosidl_typesupport_cExport-noconfig.cmake
[11.760s] -- Installing: /home/jason/projects/motion_control_go2/install/unitree_hg/share/unitree_hg/cmake/unitree_hg__rosidl_typesupport_introspection_cppExport.cmake
[11.761s] -- Installing: /home/jason/projects/motion_control_go2/install/unitree_hg/share/unitree_hg/cmake/unitree_hg__rosidl_typesupport_introspection_cppExport-noconfig.cmake
[11.761s] -- Installing: /home/jason/projects/motion_control_go2/install/unitree_hg/share/unitree_hg/cmake/unitree_hg__rosidl_typesupport_cppExport.cmake
[11.761s] -- Installing: /home/jason/projects/motion_control_go2/install/unitree_hg/share/unitree_hg/cmake/unitree_hg__rosidl_typesupport_cppExport-noconfig.cmake
[11.761s] -- Installing: /home/jason/projects/motion_control_go2/install/unitree_hg/share/unitree_hg/cmake/export_unitree_hg__rosidl_generator_pyExport.cmake
[11.761s] -- Installing: /home/jason/projects/motion_control_go2/install/unitree_hg/share/unitree_hg/cmake/export_unitree_hg__rosidl_generator_pyExport-noconfig.cmake
[11.763s] Invoked command in '/home/jason/projects/motion_control_go2/build/unitree_hg' returned '0': CMAKE_PREFIX_PATH=${CMAKE_PREFIX_PATH}:/opt/ros/humble /usr/bin/cmake --install /home/jason/projects/motion_control_go2/build/unitree_hg
