-- The C compiler identification is GNU 11.4.0
-- The CXX compiler identification is GNU 11.4.0
-- Detecting C compiler ABI info
-- Detecting C compiler ABI info - done
-- Check for working C compiler: /usr/bin/cc - skipped
-- Detecting C compile features
-- Detecting C compile features - done
-- Detecting CXX compiler ABI info
-- Detecting CXX compiler ABI info - done
-- Check for working CXX compiler: /usr/bin/c++ - skipped
-- Detecting CXX compile features
-- Detecting CXX compile features - done
-- Found ament_cmake: 1.3.12 (/opt/ros/humble/share/ament_cmake/cmake)
-- Found Python3: /usr/bin/python3 (found version "3.10.12") found components: Interpreter 
-- Override CMake install command with custom implementation using symlinks instead of copying resources
-- Found unitree_go: 0.0.0 (/home/jason/projects/motion_control_go2/install/unitree_go/share/unitree_go/cmake)
-- Found rosidl_generator_c: 3.1.7 (/opt/ros/humble/share/rosidl_generator_c/cmake)
-- Found rosidl_adapter: 3.1.7 (/opt/ros/humble/share/rosidl_adapter/cmake)
-- Found rosidl_generator_cpp: 3.1.7 (/opt/ros/humble/share/rosidl_generator_cpp/cmake)
-- Using all available rosidl_typesupport_c: rosidl_typesupport_fastrtps_c;rosidl_typesupport_introspection_c
-- Using all available rosidl_typesupport_cpp: rosidl_typesupport_fastrtps_cpp;rosidl_typesupport_introspection_cpp
-- Found unitree_api: 0.0.0 (/home/jason/projects/motion_control_go2/install/unitree_api/share/unitree_api/cmake)
-- Found rclcpp: 16.0.15 (/opt/ros/humble/share/rclcpp/cmake)
-- Found rmw_implementation_cmake: 6.1.2 (/opt/ros/humble/share/rmw_implementation_cmake/cmake)
-- Found rmw_fastrtps_cpp: 6.2.8 (/opt/ros/humble/share/rmw_fastrtps_cpp/cmake)
-- Found OpenSSL: /usr/lib/x86_64-linux-gnu/libcrypto.so (found version "3.0.2")  
-- Found FastRTPS: /opt/ros/humble/include  
-- Using RMW implementation 'rmw_fastrtps_cpp' as default
-- Looking for pthread.h
-- Looking for pthread.h - found
-- Performing Test CMAKE_HAVE_LIBC_PTHREAD
-- Performing Test CMAKE_HAVE_LIBC_PTHREAD - Success
-- Found Threads: TRUE  
-- Found rosbag2_cpp: 0.15.15 (/opt/ros/humble/share/rosbag2_cpp/cmake)
-- Found ament_lint_auto: 0.12.14 (/opt/ros/humble/share/ament_lint_auto/cmake)
-- Added test 'copyright' to check source files copyright and LICENSE
-- Added test 'cppcheck' to perform static code analysis on C / C++ code
-- Configured cppcheck include dirs: /home/jason/projects/motion_control_go2/src/unitree_mujoco/example/ros2/include
-- Configured cppcheck exclude dirs and/or files: 
-- Added test 'cpplint' to check C / C++ code against the Google style
-- Configured cpplint exclude dirs and/or files: 
-- Added test 'lint_cmake' to check CMake code style
-- Added test 'uncrustify' to check C / C++ code style
-- Configured uncrustify additional arguments: 
-- Added test 'xmllint' to check XML markup files
-- Configuring done
-- Generating done
-- Build files have been written to: /home/jason/projects/motion_control_go2/build/stand_go2
[ 33%] [32mBuilding CXX object CMakeFiles/stand_go2.dir/src/motor_crc.cpp.o[0m
[ 66%] [32mBuilding CXX object CMakeFiles/stand_go2.dir/src/stand_go2.cpp.o[0m
[100%] [32m[1mLinking CXX executable stand_go2[0m
[100%] Built target stand_go2
-- Install configuration: ""
-- Execute custom install script
-- Symlinking: /home/jason/projects/motion_control_go2/install/stand_go2//stand_go2
-- Up-to-date symlink: /home/jason/projects/motion_control_go2/install/stand_go2//stand_go2
-- Symlinking: /home/jason/projects/motion_control_go2/install/stand_go2/share/ament_index/resource_index/package_run_dependencies/stand_go2
-- Symlinking: /home/jason/projects/motion_control_go2/install/stand_go2/share/ament_index/resource_index/parent_prefix_path/stand_go2
-- Symlinking: /home/jason/projects/motion_control_go2/install/stand_go2/share/stand_go2/environment/ament_prefix_path.sh
-- Symlinking: /home/jason/projects/motion_control_go2/install/stand_go2/share/stand_go2/environment/ament_prefix_path.dsv
-- Symlinking: /home/jason/projects/motion_control_go2/install/stand_go2/share/stand_go2/environment/path.sh
-- Symlinking: /home/jason/projects/motion_control_go2/install/stand_go2/share/stand_go2/environment/path.dsv
-- Symlinking: /home/jason/projects/motion_control_go2/install/stand_go2/share/stand_go2/local_setup.bash
-- Symlinking: /home/jason/projects/motion_control_go2/install/stand_go2/share/stand_go2/local_setup.sh
-- Symlinking: /home/jason/projects/motion_control_go2/install/stand_go2/share/stand_go2/local_setup.zsh
-- Symlinking: /home/jason/projects/motion_control_go2/install/stand_go2/share/stand_go2/local_setup.dsv
-- Symlinking: /home/jason/projects/motion_control_go2/install/stand_go2/share/stand_go2/package.dsv
-- Symlinking: /home/jason/projects/motion_control_go2/install/stand_go2/share/ament_index/resource_index/packages/stand_go2
-- Symlinking: /home/jason/projects/motion_control_go2/install/stand_go2/share/stand_go2/cmake/stand_go2Config.cmake
-- Symlinking: /home/jason/projects/motion_control_go2/install/stand_go2/share/stand_go2/cmake/stand_go2Config-version.cmake
-- Symlinking: /home/jason/projects/motion_control_go2/install/stand_go2/share/stand_go2/package.xml
