[0.014s] Invoking command in '/home/jason/projects/motion_control_go2/build/stand_go2': AMENT_PREFIX_PATH=/home/jason/projects/motion_control_go2/install/unitree_go:/home/jason/projects/motion_control_go2/install/unitree_api:${AMENT_PREFIX_PATH} CMAKE_PREFIX_PATH=/home/jason/projects/motion_control_go2/install/unitree_go:/home/jason/projects/motion_control_go2/install/unitree_api:/usr/local:/usr/local:/usr/local:/opt/ros/humble LD_LIBRARY_PATH=/home/jason/projects/motion_control_go2/install/unitree_go/lib:/home/jason/projects/motion_control_go2/install/unitree_api/lib:${LD_LIBRARY_PATH} PYTHONPATH=/home/jason/projects/motion_control_go2/install/unitree_go/local/lib/python3.10/dist-packages:/home/jason/projects/motion_control_go2/install/unitree_api/local/lib/python3.10/dist-packages:${PYTHONPATH} /usr/bin/cmake /home/jason/projects/motion_control_go2/src/unitree_mujoco/example/ros2 -DAMENT_CMAKE_SYMLINK_INSTALL=1 -DCMAKE_INSTALL_PREFIX=/home/jason/projects/motion_control_go2/install/stand_go2
[0.054s] -- The C compiler identification is GNU 11.4.0
[0.085s] -- The CXX compiler identification is GNU 11.4.0
[0.092s] -- Detecting C compiler ABI info
[0.135s] -- Detecting C compiler ABI info - done
[0.139s] -- Check for working C compiler: /usr/bin/cc - skipped
[0.139s] -- Detecting C compile features
[0.139s] -- Detecting C compile features - done
[0.140s] -- Detecting CXX compiler ABI info
[0.190s] -- Detecting CXX compiler ABI info - done
[0.194s] -- Check for working CXX compiler: /usr/bin/c++ - skipped
[0.194s] -- Detecting CXX compile features
[0.194s] -- Detecting CXX compile features - done
[0.195s] -- Found ament_cmake: 1.3.12 (/opt/ros/humble/share/ament_cmake/cmake)
[0.290s] -- Found Python3: /usr/bin/python3 (found version "3.10.12") found components: Interpreter 
[0.345s] -- Override CMake install command with custom implementation using symlinks instead of copying resources
[0.362s] -- Found unitree_go: 0.0.0 (/home/jason/projects/motion_control_go2/install/unitree_go/share/unitree_go/cmake)
[0.384s] -- Found rosidl_generator_c: 3.1.7 (/opt/ros/humble/share/rosidl_generator_c/cmake)
[0.388s] -- Found rosidl_adapter: 3.1.7 (/opt/ros/humble/share/rosidl_adapter/cmake)
[0.390s] -- Found rosidl_generator_cpp: 3.1.7 (/opt/ros/humble/share/rosidl_generator_cpp/cmake)
[0.396s] -- Using all available rosidl_typesupport_c: rosidl_typesupport_fastrtps_c;rosidl_typesupport_introspection_c
[0.403s] -- Using all available rosidl_typesupport_cpp: rosidl_typesupport_fastrtps_cpp;rosidl_typesupport_introspection_cpp
[0.429s] -- Found unitree_api: 0.0.0 (/home/jason/projects/motion_control_go2/install/unitree_api/share/unitree_api/cmake)
[0.435s] -- Found rclcpp: 16.0.15 (/opt/ros/humble/share/rclcpp/cmake)
[0.454s] -- Found rmw_implementation_cmake: 6.1.2 (/opt/ros/humble/share/rmw_implementation_cmake/cmake)
[0.455s] -- Found rmw_fastrtps_cpp: 6.2.8 (/opt/ros/humble/share/rmw_fastrtps_cpp/cmake)
[0.523s] -- Found OpenSSL: /usr/lib/x86_64-linux-gnu/libcrypto.so (found version "3.0.2")  
[0.546s] -- Found FastRTPS: /opt/ros/humble/include  
[0.580s] -- Using RMW implementation 'rmw_fastrtps_cpp' as default
[0.586s] -- Looking for pthread.h
[0.633s] -- Looking for pthread.h - found
[0.633s] -- Performing Test CMAKE_HAVE_LIBC_PTHREAD
[0.691s] -- Performing Test CMAKE_HAVE_LIBC_PTHREAD - Success
[0.692s] -- Found Threads: TRUE  
[0.716s] -- Found rosbag2_cpp: 0.15.15 (/opt/ros/humble/share/rosbag2_cpp/cmake)
[0.736s] -- Found ament_lint_auto: 0.12.14 (/opt/ros/humble/share/ament_lint_auto/cmake)
[0.787s] -- Added test 'copyright' to check source files copyright and LICENSE
[0.787s] -- Added test 'cppcheck' to perform static code analysis on C / C++ code
[0.787s] -- Configured cppcheck include dirs: /home/jason/projects/motion_control_go2/src/unitree_mujoco/example/ros2/include
[0.787s] -- Configured cppcheck exclude dirs and/or files: 
[0.788s] -- Added test 'cpplint' to check C / C++ code against the Google style
[0.788s] -- Configured cpplint exclude dirs and/or files: 
[0.788s] -- Added test 'lint_cmake' to check CMake code style
[0.788s] -- Added test 'uncrustify' to check C / C++ code style
[0.788s] -- Configured uncrustify additional arguments: 
[0.788s] -- Added test 'xmllint' to check XML markup files
[0.789s] -- Configuring done
[0.794s] -- Generating done
[0.795s] -- Build files have been written to: /home/jason/projects/motion_control_go2/build/stand_go2
[0.806s] Invoked command in '/home/jason/projects/motion_control_go2/build/stand_go2' returned '0': AMENT_PREFIX_PATH=/home/jason/projects/motion_control_go2/install/unitree_go:/home/jason/projects/motion_control_go2/install/unitree_api:${AMENT_PREFIX_PATH} CMAKE_PREFIX_PATH=/home/jason/projects/motion_control_go2/install/unitree_go:/home/jason/projects/motion_control_go2/install/unitree_api:/usr/local:/usr/local:/usr/local:/opt/ros/humble LD_LIBRARY_PATH=/home/jason/projects/motion_control_go2/install/unitree_go/lib:/home/jason/projects/motion_control_go2/install/unitree_api/lib:${LD_LIBRARY_PATH} PYTHONPATH=/home/jason/projects/motion_control_go2/install/unitree_go/local/lib/python3.10/dist-packages:/home/jason/projects/motion_control_go2/install/unitree_api/local/lib/python3.10/dist-packages:${PYTHONPATH} /usr/bin/cmake /home/jason/projects/motion_control_go2/src/unitree_mujoco/example/ros2 -DAMENT_CMAKE_SYMLINK_INSTALL=1 -DCMAKE_INSTALL_PREFIX=/home/jason/projects/motion_control_go2/install/stand_go2
[0.810s] Invoking command in '/home/jason/projects/motion_control_go2/build/stand_go2': AMENT_PREFIX_PATH=/home/jason/projects/motion_control_go2/install/unitree_go:/home/jason/projects/motion_control_go2/install/unitree_api:${AMENT_PREFIX_PATH} CMAKE_PREFIX_PATH=/home/jason/projects/motion_control_go2/install/unitree_go:/home/jason/projects/motion_control_go2/install/unitree_api:/usr/local:/usr/local:/usr/local:/opt/ros/humble LD_LIBRARY_PATH=/home/jason/projects/motion_control_go2/install/unitree_go/lib:/home/jason/projects/motion_control_go2/install/unitree_api/lib:${LD_LIBRARY_PATH} PYTHONPATH=/home/jason/projects/motion_control_go2/install/unitree_go/local/lib/python3.10/dist-packages:/home/jason/projects/motion_control_go2/install/unitree_api/local/lib/python3.10/dist-packages:${PYTHONPATH} /usr/bin/cmake --build /home/jason/projects/motion_control_go2/build/stand_go2 -- -j16 -l16
[0.860s] [ 33%] [32mBuilding CXX object CMakeFiles/stand_go2.dir/src/motor_crc.cpp.o[0m
[0.862s] [ 66%] [32mBuilding CXX object CMakeFiles/stand_go2.dir/src/stand_go2.cpp.o[0m
[4.579s] [100%] [32m[1mLinking CXX executable stand_go2[0m
[4.964s] [100%] Built target stand_go2
[5.008s] Invoked command in '/home/jason/projects/motion_control_go2/build/stand_go2' returned '0': AMENT_PREFIX_PATH=/home/jason/projects/motion_control_go2/install/unitree_go:/home/jason/projects/motion_control_go2/install/unitree_api:${AMENT_PREFIX_PATH} CMAKE_PREFIX_PATH=/home/jason/projects/motion_control_go2/install/unitree_go:/home/jason/projects/motion_control_go2/install/unitree_api:/usr/local:/usr/local:/usr/local:/opt/ros/humble LD_LIBRARY_PATH=/home/jason/projects/motion_control_go2/install/unitree_go/lib:/home/jason/projects/motion_control_go2/install/unitree_api/lib:${LD_LIBRARY_PATH} PYTHONPATH=/home/jason/projects/motion_control_go2/install/unitree_go/local/lib/python3.10/dist-packages:/home/jason/projects/motion_control_go2/install/unitree_api/local/lib/python3.10/dist-packages:${PYTHONPATH} /usr/bin/cmake --build /home/jason/projects/motion_control_go2/build/stand_go2 -- -j16 -l16
[5.012s] Invoking command in '/home/jason/projects/motion_control_go2/build/stand_go2': AMENT_PREFIX_PATH=/home/jason/projects/motion_control_go2/install/unitree_go:/home/jason/projects/motion_control_go2/install/unitree_api:${AMENT_PREFIX_PATH} CMAKE_PREFIX_PATH=/home/jason/projects/motion_control_go2/install/unitree_go:/home/jason/projects/motion_control_go2/install/unitree_api:/usr/local:/usr/local:/usr/local:/opt/ros/humble LD_LIBRARY_PATH=/home/jason/projects/motion_control_go2/install/unitree_go/lib:/home/jason/projects/motion_control_go2/install/unitree_api/lib:${LD_LIBRARY_PATH} PYTHONPATH=/home/jason/projects/motion_control_go2/install/unitree_go/local/lib/python3.10/dist-packages:/home/jason/projects/motion_control_go2/install/unitree_api/local/lib/python3.10/dist-packages:${PYTHONPATH} /usr/bin/cmake --install /home/jason/projects/motion_control_go2/build/stand_go2
[5.023s] -- Install configuration: ""
[5.023s] -- Execute custom install script
[5.024s] -- Symlinking: /home/jason/projects/motion_control_go2/install/stand_go2//stand_go2
[5.043s] -- Up-to-date symlink: /home/jason/projects/motion_control_go2/install/stand_go2//stand_go2
[5.043s] -- Symlinking: /home/jason/projects/motion_control_go2/install/stand_go2/share/ament_index/resource_index/package_run_dependencies/stand_go2
[5.059s] -- Symlinking: /home/jason/projects/motion_control_go2/install/stand_go2/share/ament_index/resource_index/parent_prefix_path/stand_go2
[5.075s] -- Symlinking: /home/jason/projects/motion_control_go2/install/stand_go2/share/stand_go2/environment/ament_prefix_path.sh
[5.093s] -- Symlinking: /home/jason/projects/motion_control_go2/install/stand_go2/share/stand_go2/environment/ament_prefix_path.dsv
[5.111s] -- Symlinking: /home/jason/projects/motion_control_go2/install/stand_go2/share/stand_go2/environment/path.sh
[5.124s] -- Symlinking: /home/jason/projects/motion_control_go2/install/stand_go2/share/stand_go2/environment/path.dsv
[5.138s] -- Symlinking: /home/jason/projects/motion_control_go2/install/stand_go2/share/stand_go2/local_setup.bash
[5.152s] -- Symlinking: /home/jason/projects/motion_control_go2/install/stand_go2/share/stand_go2/local_setup.sh
[5.167s] -- Symlinking: /home/jason/projects/motion_control_go2/install/stand_go2/share/stand_go2/local_setup.zsh
[5.189s] -- Symlinking: /home/jason/projects/motion_control_go2/install/stand_go2/share/stand_go2/local_setup.dsv
[5.205s] -- Symlinking: /home/jason/projects/motion_control_go2/install/stand_go2/share/stand_go2/package.dsv
[5.221s] -- Symlinking: /home/jason/projects/motion_control_go2/install/stand_go2/share/ament_index/resource_index/packages/stand_go2
[5.237s] -- Symlinking: /home/jason/projects/motion_control_go2/install/stand_go2/share/stand_go2/cmake/stand_go2Config.cmake
[5.250s] -- Symlinking: /home/jason/projects/motion_control_go2/install/stand_go2/share/stand_go2/cmake/stand_go2Config-version.cmake
[5.260s] -- Symlinking: /home/jason/projects/motion_control_go2/install/stand_go2/share/stand_go2/package.xml
[5.274s] Invoked command in '/home/jason/projects/motion_control_go2/build/stand_go2' returned '0': AMENT_PREFIX_PATH=/home/jason/projects/motion_control_go2/install/unitree_go:/home/jason/projects/motion_control_go2/install/unitree_api:${AMENT_PREFIX_PATH} CMAKE_PREFIX_PATH=/home/jason/projects/motion_control_go2/install/unitree_go:/home/jason/projects/motion_control_go2/install/unitree_api:/usr/local:/usr/local:/usr/local:/opt/ros/humble LD_LIBRARY_PATH=/home/jason/projects/motion_control_go2/install/unitree_go/lib:/home/jason/projects/motion_control_go2/install/unitree_api/lib:${LD_LIBRARY_PATH} PYTHONPATH=/home/jason/projects/motion_control_go2/install/unitree_go/local/lib/python3.10/dist-packages:/home/jason/projects/motion_control_go2/install/unitree_api/local/lib/python3.10/dist-packages:${PYTHONPATH} /usr/bin/cmake --install /home/jason/projects/motion_control_go2/build/stand_go2
