[0.047s] Invoking command in '/home/jason/projects/motion_control_go2/src/build/go1_description': /usr/bin/cmake /home/jason/projects/motion_control_go2/src/unitree_ros/robots/go1_description -DCATKIN_INSTALL_INTO_PREFIX_ROOT=0 -DCATKIN_SYMLINK_INSTALL=ON -DCMAKE_INSTALL_PREFIX=/home/jason/projects/motion_control_go2/src/install/go1_description
[0.476s] -- The C compiler identification is GNU 11.4.0
[0.476s] -- The CXX compiler identification is GNU 11.4.0
[0.480s] -- Detecting C compiler ABI info
[0.480s] -- Detecting C compiler ABI info - done
[0.485s] -- Check for working C compiler: /usr/bin/cc - skipped
[0.485s] -- Detecting C compile features
[0.485s] -- Detecting C compile features - done
[0.485s] -- Detecting CXX compiler ABI info
[0.485s] -- Detecting CXX compiler ABI info - done
[0.485s] -- Check for working CXX compiler: /usr/bin/c++ - skipped
[0.485s] -- Detecting CXX compile features
[0.485s] -- Detecting CXX compile features - done
[0.485s] -- Configuring incomplete, errors occurred!
[0.485s] See also "/home/jason/projects/motion_control_go2/src/build/go1_description/CMakeFiles/CMakeOutput.log".
[0.493s] [0mCMake Deprecation Warning at CMakeLists.txt:1 (cmake_minimum_required):
[0.493s]   Compatibility with CMake < 2.8.12 will be removed from a future version of
[0.493s]   CMake.
[0.493s] 
[0.493s]   Update the VERSION argument <min> value or use a ...<max> suffix to tell
[0.493s]   CMake that the project does not need compatibility with older versions.
[0.493s] 
[0.493s] [0m
[0.493s] [31mCMake Error at CMakeLists.txt:4 (find_package):
[0.493s]   By not providing "Findcatkin.cmake" in CMAKE_MODULE_PATH this project has
[0.493s]   asked CMake to find a package configuration file provided by "catkin", but
[0.493s]   CMake did not find one.
[0.493s] 
[0.493s]   Could not find a package configuration file provided by "catkin" with any
[0.493s]   of the following names:
[0.493s] 
[0.494s]     catkinConfig.cmake
[0.494s]     catkin-config.cmake
[0.494s] 
[0.494s]   Add the installation prefix of "catkin" to CMAKE_PREFIX_PATH or set
[0.494s]   "catkin_DIR" to a directory containing one of the above files.  If "catkin"
[0.494s]   provides a separate development package or SDK, be sure it has been
[0.494s]   installed.
[0.494s] 
[0.494s] [0m
[0.510s] Invoked command in '/home/jason/projects/motion_control_go2/src/build/go1_description' returned '1': /usr/bin/cmake /home/jason/projects/motion_control_go2/src/unitree_ros/robots/go1_description -DCATKIN_INSTALL_INTO_PREFIX_ROOT=0 -DCATKIN_SYMLINK_INSTALL=ON -DCMAKE_INSTALL_PREFIX=/home/jason/projects/motion_control_go2/src/install/go1_description
