[0.045s] Invoking command in '/home/jason/projects/motion_control_go2/src/build/b2_description': /usr/bin/cmake /home/jason/projects/motion_control_go2/src/unitree_ros/robots/b2_description -DCATKIN_INSTALL_INTO_PREFIX_ROOT=0 -DCATKIN_SYMLINK_INSTALL=ON -DCMAKE_INSTALL_PREFIX=/home/jason/projects/motion_control_go2/src/install/b2_description
[0.073s] [0mCMake Deprecation Warning at CMakeLists.txt:1 (cmake_minimum_required):
[0.073s]   Compatibility with CMake < 2.8.12 will be removed from a future version of
[0.073s]   CMake.
[0.073s] 
[0.073s]   Update the VERSION argument <min> value or use a ...<max> suffix to tell
[0.073s]   CMake that the project does not need compatibility with older versions.
[0.073s] 
[0.073s] [0m
[0.083s] -- The C compiler identification is GNU 11.4.0
[0.187s] -- The CXX compiler identification is GNU 11.4.0
[0.194s] -- Detecting C compiler ABI info
[0.327s] -- Detecting C compiler ABI info - done
[0.335s] -- Check for working C compiler: /usr/bin/cc - skipped
[0.335s] -- Detecting C compile features
[0.335s] -- Detecting C compile features - done
[0.339s] -- Detecting CXX compiler ABI info
[0.456s] -- Detecting CXX compiler ABI info - done
[0.467s] -- Check for working CXX compiler: /usr/bin/c++ - skipped
[0.467s] -- Detecting CXX compile features
[0.468s] -- Detecting CXX compile features - done
[0.499s] -- Configuring incomplete, errors occurred!
[0.500s] See also "/home/jason/projects/motion_control_go2/src/build/b2_description/CMakeFiles/CMakeOutput.log".
[0.500s] [31mCMake Error at CMakeLists.txt:5 (find_package):
[0.500s]   By not providing "Findcatkin.cmake" in CMAKE_MODULE_PATH this project has
[0.500s]   asked CMake to find a package configuration file provided by "catkin", but
[0.500s]   CMake did not find one.
[0.500s] 
[0.500s]   Could not find a package configuration file provided by "catkin" with any
[0.500s]   of the following names:
[0.500s] 
[0.500s]     catkinConfig.cmake
[0.500s]     catkin-config.cmake
[0.500s] 
[0.500s]   Add the installation prefix of "catkin" to CMAKE_PREFIX_PATH or set
[0.500s]   "catkin_DIR" to a directory containing one of the above files.  If "catkin"
[0.500s]   provides a separate development package or SDK, be sure it has been
[0.500s]   installed.
[0.500s] 
[0.501s] [0m
[0.535s] Invoked command in '/home/jason/projects/motion_control_go2/src/build/b2_description' returned '1': /usr/bin/cmake /home/jason/projects/motion_control_go2/src/unitree_ros/robots/b2_description -DCATKIN_INSTALL_INTO_PREFIX_ROOT=0 -DCATKIN_SYMLINK_INSTALL=ON -DCMAKE_INSTALL_PREFIX=/home/jason/projects/motion_control_go2/src/install/b2_description
