[  0%] [34m[1mGenerating xdg-shell-client-protocol.h[0m
[  0%] [34m[1mGenerating fractional-scale-v1-client-protocol-code.h[0m
[  1%] [34m[1mGenerating fractional-scale-v1-client-protocol.h[0m
[  1%] [32mBuilding C object _deps/ccd-build/src/CMakeFiles/ccd.dir/ccd.c.o[0m
[  1%] [32mBuilding C object _deps/qhull-build/CMakeFiles/qhullstatic_r.dir/src/libqhull_r/global_r.c.o[0m
[  1%] [34m[1mGenerating idle-inhibit-unstable-v1-client-protocol.h[0m
[  1%] [32mBuilding CXX object CMakeFiles/lodepng.dir/_deps/lodepng-src/lodepng.cpp.o[0m
[  1%] [34m[1mGenerating pointer-constraints-unstable-v1-client-protocol-code.h[0m
[  1%] [34m[1mGenerating idle-inhibit-unstable-v1-client-protocol-code.h[0m
[  1%] [34m[1mGenerating pointer-constraints-unstable-v1-client-protocol.h[0m
[  1%] [32mBuilding CXX object _deps/tinyobjloader-build/CMakeFiles/tinyobjloader.dir/tiny_obj_loader.cc.o[0m
[  1%] [34m[1mGenerating relative-pointer-unstable-v1-client-protocol-code.h[0m
[  1%] [32mBuilding CXX object _deps/abseil-cpp-build/absl/base/CMakeFiles/absl_log_severity.dir/log_severity.cc.o[0m
[  1%] [32mBuilding CXX object _deps/abseil-cpp-build/absl/time/CMakeFiles/absl_time_zone.dir/internal/cctz/src/time_zone_fixed.cc.o[0m
[  2%] [32mBuilding CXX object _deps/abseil-cpp-build/absl/base/CMakeFiles/absl_spinlock_wait.dir/internal/spinlock_wait.cc.o[0m
[  2%] [32mBuilding CXX object _deps/tinyxml2-build/CMakeFiles/tinyxml2.dir/tinyxml2.cpp.o[0m
[  2%] [32mBuilding CXX object _deps/abseil-cpp-build/absl/debugging/CMakeFiles/absl_utf8_for_code_point.dir/internal/utf8_for_code_point.cc.o[0m
[  2%] [32mBuilding CXX object _deps/abseil-cpp-build/absl/profiling/CMakeFiles/absl_exponential_biased.dir/internal/exponential_biased.cc.o[0m
[  2%] [34m[1mGenerating viewporter-client-protocol-code.h[0m
[  2%] [32mBuilding CXX object _deps/abseil-cpp-build/absl/time/CMakeFiles/absl_civil_time.dir/internal/cctz/src/civil_time_detail.cc.o[0m
[  2%] [34m[1mGenerating relative-pointer-unstable-v1-client-protocol.h[0m
[  2%] [34m[1mGenerating viewporter-client-protocol.h[0m
[  2%] [34m[1mGenerating wayland-client-protocol-code.h[0m
[  2%] [32mBuilding CXX object _deps/googletest-build/googletest/CMakeFiles/gtest.dir/src/gtest-all.cc.o[0m
[  2%] [34m[1mGenerating wayland-client-protocol.h[0m
[  2%] [34m[1mGenerating xdg-activation-v1-client-protocol-code.h[0m
[  2%] [32mBuilding CXX object _deps/abseil-cpp-build/absl/time/CMakeFiles/absl_time_zone.dir/internal/cctz/src/time_zone_format.cc.o[0m
[  4%] [32m[1mLinking CXX static library ../../../../lib/libabsl_utf8_for_code_point.a[0m
[  4%] [32mBuilding C object _deps/ccd-build/src/CMakeFiles/ccd.dir/mpr.c.o[0m
[  4%] [32mBuilding C object _deps/qhull-build/CMakeFiles/qhullstatic_r.dir/src/libqhull_r/stat_r.c.o[0m
[  4%] [34m[1mGenerating xdg-activation-v1-client-protocol.h[0m
[  4%] [32m[1mLinking CXX static library ../../../../lib/libabsl_spinlock_wait.a[0m
[  4%] [32mBuilding CXX object _deps/benchmark-build/src/CMakeFiles/benchmark.dir/benchmark.cc.o[0m
[  4%] [34m[1mGenerating xdg-decoration-unstable-v1-client-protocol-code.h[0m
[  4%] [32mBuilding CXX object _deps/abseil-cpp-build/absl/time/CMakeFiles/absl_time_zone.dir/internal/cctz/src/time_zone_if.cc.o[0m
[  4%] [34m[1mGenerating xdg-decoration-unstable-v1-client-protocol.h[0m
[  4%] Built target absl_spinlock_wait
[  4%] Built target absl_utf8_for_code_point
[  5%] [32mBuilding C object _deps/ccd-build/src/CMakeFiles/ccd.dir/polytope.c.o[0m
[  7%] [34m[1mGenerating xdg-shell-client-protocol-code.h[0m
[  7%] [32mBuilding CXX object _deps/abseil-cpp-build/absl/time/CMakeFiles/absl_time_zone.dir/internal/cctz/src/time_zone_impl.cc.o[0m
[  7%] [32mBuilding C object _deps/ccd-build/src/CMakeFiles/ccd.dir/support.c.o[0m
[  7%] [32mBuilding C object _deps/glfw3-build/src/CMakeFiles/glfw.dir/context.c.o[0m
[  8%] [32mBuilding C object _deps/glfw3-build/src/CMakeFiles/glfw.dir/init.c.o[0m
[  8%] [32mBuilding C object _deps/ccd-build/src/CMakeFiles/ccd.dir/vec3.c.o[0m
[  8%] [32mBuilding C object _deps/qhull-build/CMakeFiles/qhullstatic_r.dir/src/libqhull_r/geom2_r.c.o[0m
[ 10%] [32m[1mLinking CXX static library ../../../../lib/libabsl_log_severity.a[0m
[ 10%] [32mBuilding C object _deps/glfw3-build/src/CMakeFiles/glfw.dir/input.c.o[0m
[ 10%] [32mBuilding C object _deps/glfw3-build/src/CMakeFiles/glfw.dir/monitor.c.o[0m
[ 10%] [32m[1mLinking C static library ../../../lib/libccd.a[0m
[ 11%] [32m[1mLinking CXX static library ../../lib/libtinyxml2.a[0m
[ 11%] Built target absl_log_severity
[ 11%] [32mBuilding CXX object _deps/abseil-cpp-build/absl/time/CMakeFiles/absl_time_zone.dir/internal/cctz/src/time_zone_info.cc.o[0m
[ 13%] [32m[1mLinking CXX static library ../../../../lib/libabsl_exponential_biased.a[0m
[ 13%] Built target tinyxml2
[ 13%] [32mBuilding CXX object _deps/abseil-cpp-build/absl/base/CMakeFiles/absl_raw_logging_internal.dir/internal/raw_logging.cc.o[0m
[ 13%] Built target ccd
[ 13%] [32mBuilding CXX object _deps/abseil-cpp-build/absl/time/CMakeFiles/absl_time_zone.dir/internal/cctz/src/time_zone_libc.cc.o[0m
[ 14%] [32mBuilding CXX object _deps/abseil-cpp-build/absl/time/CMakeFiles/absl_time_zone.dir/internal/cctz/src/time_zone_lookup.cc.o[0m
[ 14%] Built target absl_exponential_biased
[ 14%] [32mBuilding C object _deps/glfw3-build/src/CMakeFiles/glfw.dir/platform.c.o[0m
[ 14%] [32mBuilding CXX object _deps/abseil-cpp-build/absl/time/CMakeFiles/absl_time_zone.dir/internal/cctz/src/time_zone_posix.cc.o[0m
[ 14%] [32mBuilding C object _deps/glfw3-build/src/CMakeFiles/glfw.dir/vulkan.c.o[0m
[ 14%] [32mBuilding C object _deps/glfw3-build/src/CMakeFiles/glfw.dir/window.c.o[0m
[ 14%] [32m[1mLinking CXX static library ../../../../lib/libabsl_civil_time.a[0m
[ 14%] [32mBuilding C object _deps/qhull-build/CMakeFiles/qhullstatic_r.dir/src/libqhull_r/poly2_r.c.o[0m
[ 14%] Built target absl_civil_time
[ 14%] [32mBuilding C object _deps/glfw3-build/src/CMakeFiles/glfw.dir/osmesa_context.c.o[0m
[ 15%] [32mBuilding C object _deps/glfw3-build/src/CMakeFiles/glfw.dir/egl_context.c.o[0m
[ 15%] [32mBuilding C object _deps/glfw3-build/src/CMakeFiles/glfw.dir/null_init.c.o[0m
[ 15%] [32mBuilding C object _deps/glfw3-build/src/CMakeFiles/glfw.dir/null_monitor.c.o[0m
[ 15%] [32mBuilding C object _deps/glfw3-build/src/CMakeFiles/glfw.dir/null_window.c.o[0m
[ 15%] [32m[1mLinking CXX static library ../../../../lib/libabsl_raw_logging_internal.a[0m
[ 15%] [32mBuilding C object _deps/glfw3-build/src/CMakeFiles/glfw.dir/null_joystick.c.o[0m
[ 15%] [32mBuilding CXX object _deps/abseil-cpp-build/absl/time/CMakeFiles/absl_time_zone.dir/internal/cctz/src/zone_info_source.cc.o[0m
[ 17%] [32mBuilding C object _deps/qhull-build/CMakeFiles/qhullstatic_r.dir/src/libqhull_r/merge_r.c.o[0m
[ 17%] [32mBuilding C object _deps/glfw3-build/src/CMakeFiles/glfw.dir/posix_module.c.o[0m
[ 17%] Built target absl_raw_logging_internal
[ 18%] [32mBuilding C object _deps/glfw3-build/src/CMakeFiles/glfw.dir/posix_time.c.o[0m
[ 18%] [32mBuilding C object _deps/glfw3-build/src/CMakeFiles/glfw.dir/x11_init.c.o[0m
[ 18%] [32mBuilding C object _deps/glfw3-build/src/CMakeFiles/glfw.dir/posix_thread.c.o[0m
[ 18%] [32m[1mLinking CXX static library lib/liblodepng.a[0m
[ 18%] [32mBuilding C object _deps/qhull-build/CMakeFiles/qhullstatic_r.dir/src/libqhull_r/libqhull_r.c.o[0m
[ 18%] [32mBuilding C object _deps/glfw3-build/src/CMakeFiles/glfw.dir/x11_monitor.c.o[0m
[ 18%] [32mBuilding C object _deps/glfw3-build/src/CMakeFiles/glfw.dir/x11_window.c.o[0m
[ 18%] Built target lodepng
[ 18%] [32mBuilding C object _deps/glfw3-build/src/CMakeFiles/glfw.dir/xkb_unicode.c.o[0m
[ 18%] [32mBuilding C object _deps/glfw3-build/src/CMakeFiles/glfw.dir/glx_context.c.o[0m
[ 18%] [32mBuilding C object _deps/qhull-build/CMakeFiles/qhullstatic_r.dir/src/libqhull_r/geom_r.c.o[0m
[ 20%] [32mBuilding CXX object _deps/abseil-cpp-build/absl/base/CMakeFiles/absl_throw_delegate.dir/internal/throw_delegate.cc.o[0m
[ 20%] [32mBuilding CXX object _deps/abseil-cpp-build/absl/base/CMakeFiles/absl_base.dir/internal/cycleclock.cc.o[0m
[ 21%] [32mBuilding C object _deps/glfw3-build/src/CMakeFiles/glfw.dir/wl_init.c.o[0m
[ 21%] [32mBuilding CXX object _deps/abseil-cpp-build/absl/debugging/CMakeFiles/absl_debugging_internal.dir/internal/address_is_readable.cc.o[0m
[ 21%] [32mBuilding CXX object _deps/abseil-cpp-build/absl/base/CMakeFiles/absl_base.dir/internal/spinlock.cc.o[0m
[ 21%] [32mBuilding C object _deps/glfw3-build/src/CMakeFiles/glfw.dir/wl_monitor.c.o[0m
[ 21%] [32mBuilding C object _deps/qhull-build/CMakeFiles/qhullstatic_r.dir/src/libqhull_r/poly_r.c.o[0m
[ 23%] [32mBuilding CXX object _deps/abseil-cpp-build/absl/strings/CMakeFiles/absl_cordz_functions.dir/internal/cordz_functions.cc.o[0m
[ 23%] [32mBuilding C object _deps/glfw3-build/src/CMakeFiles/glfw.dir/wl_window.c.o[0m
[ 23%] [32mBuilding C object _deps/glfw3-build/src/CMakeFiles/glfw.dir/linux_joystick.c.o[0m
[ 23%] [32mBuilding CXX object _deps/abseil-cpp-build/absl/base/CMakeFiles/absl_base.dir/internal/sysinfo.cc.o[0m
[ 23%] [32mBuilding C object _deps/glfw3-build/src/CMakeFiles/glfw.dir/posix_poll.c.o[0m
[ 24%] [32mBuilding CXX object _deps/abseil-cpp-build/absl/debugging/CMakeFiles/absl_debugging_internal.dir/internal/elf_mem_image.cc.o[0m
[ 24%] [32mBuilding C object _deps/qhull-build/CMakeFiles/qhullstatic_r.dir/src/libqhull_r/qset_r.c.o[0m
[ 24%] [32mBuilding CXX object _deps/abseil-cpp-build/absl/base/CMakeFiles/absl_base.dir/internal/thread_identity.cc.o[0m
[ 24%] [32mBuilding CXX object _deps/abseil-cpp-build/absl/base/CMakeFiles/absl_base.dir/internal/unscaledcycleclock.cc.o[0m
[ 24%] [32mBuilding C object _deps/qhull-build/CMakeFiles/qhullstatic_r.dir/src/libqhull_r/mem_r.c.o[0m
[ 24%] [32mBuilding CXX object _deps/abseil-cpp-build/absl/debugging/CMakeFiles/absl_debugging_internal.dir/internal/vdso_support.cc.o[0m
[ 24%] [32mBuilding CXX object _deps/benchmark-build/src/CMakeFiles/benchmark.dir/benchmark_api_internal.cc.o[0m
[ 24%] [32mBuilding C object _deps/qhull-build/CMakeFiles/qhullstatic_r.dir/src/libqhull_r/random_r.c.o[0m
[ 24%] [32m[1mLinking C static library ../../../lib/libglfw3.a[0m
[ 24%] [32m[1mLinking CXX static library ../../../../lib/libabsl_time_zone.a[0m
[ 24%] [32m[1mLinking CXX static library ../../../../lib/libabsl_throw_delegate.a[0m
[ 26%] [32mBuilding C object _deps/qhull-build/CMakeFiles/qhullstatic_r.dir/src/libqhull_r/usermem_r.c.o[0m
[ 26%] [32mBuilding CXX object _deps/benchmark-build/src/CMakeFiles/benchmark.dir/benchmark_name.cc.o[0m
[ 26%] [32mBuilding C object _deps/qhull-build/CMakeFiles/qhullstatic_r.dir/src/libqhull_r/userprintf_r.c.o[0m
[ 26%] Built target absl_time_zone
[ 27%] [32mBuilding CXX object _deps/benchmark-build/src/CMakeFiles/benchmark.dir/benchmark_register.cc.o[0m
[ 27%] Built target glfw
[ 27%] [32mBuilding C object _deps/qhull-build/CMakeFiles/qhullstatic_r.dir/src/libqhull_r/io_r.c.o[0m
[ 27%] Built target absl_throw_delegate
[ 27%] [32mBuilding CXX object _deps/benchmark-build/src/CMakeFiles/benchmark.dir/benchmark_runner.cc.o[0m
[ 27%] [32mBuilding C object _deps/qhull-build/CMakeFiles/qhullstatic_r.dir/src/libqhull_r/accessors_r.c.o[0m
[ 27%] [32mBuilding C object _deps/qhull-build/CMakeFiles/qhullstatic_r.dir/src/libqhull_r/user_r.c.o[0m
[ 27%] [32mBuilding CXX object _deps/benchmark-build/src/CMakeFiles/benchmark.dir/check.cc.o[0m
[ 27%] [32mBuilding C object _deps/qhull-build/CMakeFiles/qhullstatic_r.dir/src/libqhull_r/rboxlib_r.c.o[0m
[ 27%] [32mBuilding C object _deps/qhull-build/CMakeFiles/qhullstatic_r.dir/src/libqhull_r/userprintf_rbox_r.c.o[0m
[ 27%] [32mBuilding CXX object _deps/benchmark-build/src/CMakeFiles/benchmark.dir/colorprint.cc.o[0m
[ 27%] [32mBuilding CXX object _deps/benchmark-build/src/CMakeFiles/benchmark.dir/commandlineflags.cc.o[0m
[ 27%] [32mBuilding CXX object _deps/benchmark-build/src/CMakeFiles/benchmark.dir/complexity.cc.o[0m
[ 28%] [32m[1mLinking C static library ../../lib/libqhullstatic_r.a[0m
[ 28%] Built target qhullstatic_r
[ 28%] [32mBuilding CXX object _deps/benchmark-build/src/CMakeFiles/benchmark.dir/console_reporter.cc.o[0m
[ 28%] [32m[1mLinking CXX static library ../../../../lib/libabsl_debugging_internal.a[0m
[ 28%] [32m[1mLinking CXX static library ../../lib/libtinyobjloader.a[0m
[ 30%] [32mBuilding CXX object _deps/benchmark-build/src/CMakeFiles/benchmark.dir/counter.cc.o[0m
[ 30%] [32m[1mLinking CXX static library ../../../../lib/libabsl_cordz_functions.a[0m
[ 30%] Built target absl_debugging_internal
[ 30%] [32mBuilding CXX object _deps/benchmark-build/src/CMakeFiles/benchmark.dir/csv_reporter.cc.o[0m
[ 30%] Built target tinyobjloader
[ 30%] [32mBuilding CXX object _deps/benchmark-build/src/CMakeFiles/benchmark.dir/json_reporter.cc.o[0m
[ 30%] Built target absl_cordz_functions
[ 30%] [32mBuilding CXX object _deps/benchmark-build/src/CMakeFiles/benchmark.dir/perf_counters.cc.o[0m
[ 31%] [32mBuilding C object CMakeFiles/mujoco.dir/src/engine/engine_callback.c.o[0m
[ 31%] [32mBuilding C object CMakeFiles/mujoco.dir/src/engine/engine_collision_box.c.o[0m
[ 31%] [32mBuilding CXX object _deps/benchmark-build/src/CMakeFiles/benchmark.dir/statistics.cc.o[0m
[ 31%] [32mBuilding CXX object _deps/benchmark-build/src/CMakeFiles/benchmark.dir/reporter.cc.o[0m
[ 31%] [32m[1mLinking CXX static library ../../../../lib/libabsl_base.a[0m
[ 31%] Built target absl_base
[ 31%] [32mBuilding C object CMakeFiles/mujoco.dir/src/engine/engine_collision_convex.c.o[0m
[ 31%] [32mBuilding CXX object _deps/benchmark-build/src/CMakeFiles/benchmark.dir/string_util.cc.o[0m
[ 33%] [32mBuilding CXX object _deps/benchmark-build/src/CMakeFiles/benchmark.dir/sysinfo.cc.o[0m
[ 33%] [32mBuilding CXX object _deps/abseil-cpp-build/absl/base/CMakeFiles/absl_malloc_internal.dir/internal/low_level_alloc.cc.o[0m
[ 33%] [32mBuilding C object CMakeFiles/mujoco.dir/src/engine/engine_collision_driver.c.o[0m
[ 33%] [32mBuilding CXX object _deps/benchmark-build/src/CMakeFiles/benchmark.dir/timers.cc.o[0m
[ 33%] [32mBuilding C object CMakeFiles/mujoco.dir/src/engine/engine_collision_gjk.c.o[0m
[ 33%] [32mBuilding C object CMakeFiles/mujoco.dir/src/engine/engine_collision_primitive.c.o[0m
[ 34%] [32mBuilding C object CMakeFiles/mujoco.dir/src/engine/engine_collision_sdf.c.o[0m
[ 34%] [32mBuilding CXX object _deps/abseil-cpp-build/absl/base/CMakeFiles/absl_tracing_internal.dir/internal/tracing.cc.o[0m
[ 34%] [32mBuilding CXX object _deps/abseil-cpp-build/absl/strings/CMakeFiles/absl_strings_internal.dir/internal/ostringstream.cc.o[0m
[ 34%] [32m[1mLinking CXX static library ../../../../lib/libabsl_tracing_internal.a[0m
[ 34%] [32mBuilding C object CMakeFiles/mujoco.dir/src/engine/engine_core_constraint.c.o[0m
[ 34%] [32mBuilding CXX object _deps/abseil-cpp-build/absl/debugging/CMakeFiles/absl_decode_rust_punycode.dir/internal/decode_rust_punycode.cc.o[0m
[ 36%] [32mBuilding CXX object _deps/abseil-cpp-build/absl/numeric/CMakeFiles/absl_int128.dir/int128.cc.o[0m
[ 36%] Built target absl_tracing_internal
[ 36%] [32mBuilding CXX object _deps/abseil-cpp-build/absl/strings/CMakeFiles/absl_string_view.dir/string_view.cc.o[0m
[ 36%] [32mBuilding CXX object _deps/abseil-cpp-build/absl/crc/CMakeFiles/absl_crc_cpu_detect.dir/internal/cpu_detect.cc.o[0m
[ 36%] [32mBuilding C object CMakeFiles/mujoco.dir/src/engine/engine_core_util.c.o[0m
[ 36%] [32m[1mLinking CXX static library ../../../../lib/libabsl_malloc_internal.a[0m
[ 36%] [32mBuilding CXX object _deps/abseil-cpp-build/absl/strings/CMakeFiles/absl_strings_internal.dir/internal/utf8.cc.o[0m
[ 36%] [32mBuilding CXX object _deps/abseil-cpp-build/absl/strings/CMakeFiles/absl_strings_internal.dir/internal/escaping.cc.o[0m
[ 36%] Built target absl_malloc_internal
[ 36%] [32mBuilding C object CMakeFiles/mujoco.dir/src/engine/engine_core_smooth.c.o[0m
[ 37%] [32mBuilding CXX object _deps/abseil-cpp-build/absl/hash/CMakeFiles/absl_city.dir/internal/city.cc.o[0m
[ 37%] [32mBuilding CXX object CMakeFiles/mujoco.dir/src/engine/engine_crossplatform.cc.o[0m
[ 37%] [32mBuilding C object CMakeFiles/mujoco.dir/src/engine/engine_derivative.c.o[0m
[ 37%] [32m[1mLinking CXX static library ../../../../lib/libabsl_crc_cpu_detect.a[0m
[ 37%] [32m[1mLinking CXX static library ../../../../lib/libabsl_decode_rust_punycode.a[0m
[ 37%] [32mBuilding C object CMakeFiles/mujoco.dir/src/engine/engine_derivative_fd.c.o[0m
[ 39%] [32mBuilding C object CMakeFiles/mujoco.dir/src/engine/engine_forward.c.o[0m
[ 39%] Built target absl_decode_rust_punycode
[ 39%] Built target absl_crc_cpu_detect
[ 39%] [32mBuilding CXX object _deps/abseil-cpp-build/absl/debugging/CMakeFiles/absl_stacktrace.dir/stacktrace.cc.o[0m
[ 40%] [32mBuilding CXX object _deps/abseil-cpp-build/absl/debugging/CMakeFiles/absl_demangle_rust.dir/internal/demangle_rust.cc.o[0m
[ 40%] [32mBuilding C object CMakeFiles/mujoco.dir/src/engine/engine_inverse.c.o[0m
[ 40%] [32mBuilding C object CMakeFiles/mujoco.dir/src/engine/engine_init.c.o[0m
[ 40%] [32m[1mLinking CXX static library ../../../../lib/libabsl_string_view.a[0m
[ 40%] [32mBuilding CXX object _deps/abseil-cpp-build/absl/synchronization/CMakeFiles/absl_graphcycles_internal.dir/internal/graphcycles.cc.o[0m
[ 40%] [32m[1mLinking CXX static library ../../../../lib/libabsl_demangle_rust.a[0m
[ 40%] Built target absl_string_view
[ 40%] [32mBuilding C object CMakeFiles/mujoco.dir/src/engine/engine_island.c.o[0m
[ 40%] [32mBuilding CXX object _deps/abseil-cpp-build/absl/crc/CMakeFiles/absl_crc_internal.dir/internal/crc.cc.o[0m
[ 40%] Built target absl_demangle_rust
[ 40%] [32mBuilding CXX object _deps/abseil-cpp-build/absl/crc/CMakeFiles/absl_crc_internal.dir/internal/crc_x86_arm_combined.cc.o[0m
[ 40%] [32m[1mLinking CXX static library ../../../../lib/libabsl_strings_internal.a[0m
[ 40%] Built target absl_strings_internal
[ 40%] [32mBuilding C object CMakeFiles/mujoco.dir/src/engine/engine_io.c.o[0m
[ 40%] [32mBuilding C object CMakeFiles/mujoco.dir/src/engine/engine_memory.c.o[0m
[ 40%] [32mBuilding CXX object _deps/abseil-cpp-build/absl/debugging/CMakeFiles/absl_demangle_internal.dir/internal/demangle.cc.o[0m
[ 40%] [32m[1mLinking CXX static library ../../../../lib/libabsl_city.a[0m
[ 40%] [32mBuilding C object CMakeFiles/mujoco.dir/src/engine/engine_name.c.o[0m
[ 42%] [32mBuilding C object CMakeFiles/mujoco.dir/src/engine/engine_passive.c.o[0m
[ 42%] Built target absl_city
[ 42%] [32mBuilding CXX object CMakeFiles/mujoco.dir/src/engine/engine_plugin.cc.o[0m
[ 42%] [32mBuilding C object CMakeFiles/mujoco.dir/src/engine/engine_ray.c.o[0m
[ 42%] [32mBuilding C object CMakeFiles/mujoco.dir/src/engine/engine_print.c.o[0m
[ 42%] [32mBuilding C object CMakeFiles/mujoco.dir/src/engine/engine_sensor.c.o[0m
[ 42%] [32mBuilding C object CMakeFiles/mujoco.dir/src/engine/engine_setconst.c.o[0m
[ 42%] [32m[1mLinking CXX static library ../../../../lib/libabsl_stacktrace.a[0m
[ 42%] [32m[1mLinking CXX static library ../../../../lib/libabsl_int128.a[0m
[ 42%] [32mBuilding C object CMakeFiles/mujoco.dir/src/engine/engine_solver.c.o[0m
[ 42%] Built target absl_stacktrace
[ 42%] Built target absl_int128
[ 43%] [32mBuilding C object CMakeFiles/mujoco.dir/src/engine/engine_support.c.o[0m
[ 43%] [32mBuilding C object CMakeFiles/mujoco.dir/src/engine/engine_util_blas.c.o[0m
[ 43%] [32m[1mLinking CXX static library ../../../../lib/libabsl_graphcycles_internal.a[0m
[ 43%] [32m[1mLinking CXX static library ../../../../lib/libabsl_demangle_internal.a[0m
[ 43%] [32mBuilding C object CMakeFiles/mujoco.dir/src/engine/engine_util_errmem.c.o[0m
[ 43%] Built target absl_graphcycles_internal
[ 44%] [32mBuilding C object CMakeFiles/mujoco.dir/src/engine/engine_util_misc.c.o[0m
[ 44%] [32mBuilding CXX object _deps/abseil-cpp-build/absl/strings/CMakeFiles/absl_strings.dir/ascii.cc.o[0m
[ 44%] [32m[1mLinking CXX static library ../../../../lib/libabsl_crc_internal.a[0m
[ 44%] Built target absl_demangle_internal
[ 44%] [32mBuilding C object CMakeFiles/mujoco.dir/src/engine/engine_util_solve.c.o[0m
[ 44%] [32mBuilding CXX object _deps/abseil-cpp-build/absl/strings/CMakeFiles/absl_strings.dir/charconv.cc.o[0m
[ 44%] [32mBuilding C object CMakeFiles/mujoco.dir/src/engine/engine_util_sparse.c.o[0m
[ 44%] [32mBuilding C object CMakeFiles/mujoco.dir/src/engine/engine_util_spatial.c.o[0m
[ 44%] Built target absl_crc_internal
[ 44%] [32mBuilding CXX object _deps/abseil-cpp-build/absl/strings/CMakeFiles/absl_strings.dir/escaping.cc.o[0m
[ 46%] [32mBuilding C object CMakeFiles/mujoco.dir/src/engine/engine_vis_init.c.o[0m
[ 46%] [32mBuilding C object CMakeFiles/mujoco.dir/src/engine/engine_vis_interact.c.o[0m
[ 46%] [32mBuilding CXX object _deps/abseil-cpp-build/absl/strings/CMakeFiles/absl_strings.dir/internal/charconv_bigint.cc.o[0m
[ 46%] [32mBuilding C object CMakeFiles/mujoco.dir/src/engine/engine_vis_visualize.c.o[0m
[ 46%] [32mBuilding CXX object CMakeFiles/mujoco.dir/src/user/user_api.cc.o[0m
[ 46%] [32mBuilding CXX object CMakeFiles/mujoco.dir/src/user/user_cache.cc.o[0m
[ 46%] [32mBuilding CXX object CMakeFiles/mujoco.dir/src/user/user_composite.cc.o[0m
[ 46%] [32mBuilding CXX object CMakeFiles/mujoco.dir/src/user/user_flexcomp.cc.o[0m
[ 47%] [32mBuilding C object CMakeFiles/mujoco.dir/src/user/user_init.c.o[0m
[ 47%] [32mBuilding CXX object _deps/abseil-cpp-build/absl/strings/CMakeFiles/absl_strings.dir/internal/charconv_parse.cc.o[0m
[ 47%] [32mBuilding CXX object CMakeFiles/mujoco.dir/src/user/user_mesh.cc.o[0m
[ 47%] [32mBuilding CXX object CMakeFiles/mujoco.dir/src/user/user_model.cc.o[0m
[ 47%] [32mBuilding CXX object CMakeFiles/mujoco.dir/src/user/user_objects.cc.o[0m
[ 47%] [32mBuilding CXX object CMakeFiles/mujoco.dir/src/user/user_resource.cc.o[0m
[ 47%] [32m[1mLinking CXX static library ../../../lib/libbenchmark.a[0m
[ 47%] [32mBuilding CXX object CMakeFiles/mujoco.dir/src/user/user_util.cc.o[0m
[ 47%] Built target benchmark
[ 47%] [32mBuilding CXX object _deps/abseil-cpp-build/absl/strings/CMakeFiles/absl_strings.dir/internal/damerau_levenshtein_distance.cc.o[0m
[ 47%] [32mBuilding CXX object _deps/benchmark-build/src/CMakeFiles/benchmark_main.dir/benchmark_main.cc.o[0m
[ 47%] [32m[1mLinking CXX static library ../../../lib/libgtest.a[0m
[ 49%] [32mBuilding CXX object _deps/abseil-cpp-build/absl/strings/CMakeFiles/absl_strings.dir/internal/memutil.cc.o[0m
[ 49%] Built target gtest
[ 49%] [32mBuilding CXX object _deps/abseil-cpp-build/absl/strings/CMakeFiles/absl_strings.dir/internal/stringify_sink.cc.o[0m
[ 49%] [32mBuilding CXX object _deps/abseil-cpp-build/absl/strings/CMakeFiles/absl_strings.dir/match.cc.o[0m
[ 49%] [32mBuilding CXX object _deps/googletest-build/googlemock/CMakeFiles/gmock.dir/src/gmock-all.cc.o[0m
[ 49%] [32mBuilding CXX object _deps/abseil-cpp-build/absl/strings/CMakeFiles/absl_strings.dir/numbers.cc.o[0m
[ 49%] [32mBuilding CXX object _deps/abseil-cpp-build/absl/strings/CMakeFiles/absl_strings.dir/str_cat.cc.o[0m
[ 49%] [32mBuilding CXX object _deps/abseil-cpp-build/absl/strings/CMakeFiles/absl_strings.dir/str_replace.cc.o[0m
[ 49%] [32m[1mLinking CXX static library ../../../lib/libbenchmark_main.a[0m
[ 49%] Built target benchmark_main
[ 49%] [32mBuilding CXX object _deps/googletest-build/googletest/CMakeFiles/gtest_main.dir/src/gtest_main.cc.o[0m
[ 49%] [32mBuilding CXX object _deps/abseil-cpp-build/absl/strings/CMakeFiles/absl_strings.dir/str_split.cc.o[0m
[ 50%] [32mBuilding CXX object _deps/abseil-cpp-build/absl/strings/CMakeFiles/absl_strings.dir/substitute.cc.o[0m
[ 52%] [32mBuilding CXX object CMakeFiles/mujoco.dir/src/xml/xml_api.cc.o[0m
[ 52%] [32mBuilding CXX object CMakeFiles/mujoco.dir/src/user/user_vfs.cc.o[0m
[ 52%] [32mBuilding CXX object CMakeFiles/mujoco.dir/src/xml/xml.cc.o[0m
[ 52%] [32mBuilding CXX object CMakeFiles/mujoco.dir/src/xml/xml_base.cc.o[0m
[ 52%] [32mBuilding CXX object CMakeFiles/mujoco.dir/src/xml/xml_native_reader.cc.o[0m
[ 52%] [32mBuilding CXX object CMakeFiles/mujoco.dir/src/xml/xml_numeric_format.cc.o[0m
[ 52%] [32mBuilding CXX object CMakeFiles/mujoco.dir/src/xml/xml_native_writer.cc.o[0m
[ 52%] [32mBuilding CXX object CMakeFiles/mujoco.dir/src/xml/xml_urdf.cc.o[0m
[ 52%] [32m[1mLinking CXX static library ../../../../lib/libabsl_strings.a[0m
[ 52%] Built target absl_strings
[ 53%] [32mBuilding CXX object CMakeFiles/mujoco.dir/src/xml/xml_util.cc.o[0m
[ 53%] [32mBuilding C object CMakeFiles/mujoco.dir/src/render/glad/glad.c.o[0m
[ 53%] [32m[1mLinking CXX static library ../../../lib/libgtest_main.a[0m
[ 53%] [32mBuilding CXX object CMakeFiles/mujoco.dir/src/render/glad/loader.cc.o[0m
[ 53%] [32mBuilding C object CMakeFiles/mujoco.dir/src/render/render_context.c.o[0m
[ 53%] Built target gtest_main
[ 53%] [32mBuilding C object CMakeFiles/mujoco.dir/src/render/render_gl2.c.o[0m
[ 53%] [32mBuilding C object CMakeFiles/mujoco.dir/src/render/render_gl3.c.o[0m
[ 53%] [32mBuilding C object CMakeFiles/mujoco.dir/src/render/render_util.c.o[0m
[ 53%] [32mBuilding CXX object _deps/abseil-cpp-build/absl/debugging/CMakeFiles/absl_symbolize.dir/symbolize.cc.o[0m
[ 55%] [32mBuilding CXX object CMakeFiles/mujoco.dir/src/thread/thread_pool.cc.o[0m
[ 55%] [32mBuilding CXX object CMakeFiles/mujoco.dir/src/thread/thread_task.cc.o[0m
[ 55%] [32mBuilding C object CMakeFiles/mujoco.dir/src/ui/ui_main.c.o[0m
[ 55%] [32mBuilding CXX object _deps/abseil-cpp-build/absl/time/CMakeFiles/absl_time.dir/civil_time.cc.o[0m
[ 55%] [32mBuilding CXX object _deps/abseil-cpp-build/absl/time/CMakeFiles/absl_time.dir/clock.cc.o[0m
[ 55%] [32mBuilding CXX object _deps/abseil-cpp-build/absl/time/CMakeFiles/absl_time.dir/duration.cc.o[0m
[ 55%] [32mBuilding CXX object _deps/abseil-cpp-build/absl/time/CMakeFiles/absl_time.dir/format.cc.o[0m
[ 55%] [32mBuilding CXX object _deps/abseil-cpp-build/absl/strings/CMakeFiles/absl_str_format_internal.dir/internal/str_format/arg.cc.o[0m
[ 56%] [32m[1mLinking CXX static library ../../../../lib/libabsl_symbolize.a[0m
[ 57%] [32m[1mLinking CXX static library ../../../lib/libgmock.a[0m
[ 57%] Built target absl_symbolize
[ 57%] Built target gmock
[ 57%] [32mBuilding CXX object _deps/abseil-cpp-build/absl/strings/CMakeFiles/absl_str_format_internal.dir/internal/str_format/bind.cc.o[0m
[ 59%] [32mBuilding CXX object _deps/abseil-cpp-build/absl/hash/CMakeFiles/absl_hash.dir/internal/hash.cc.o[0m
[ 59%] [32mBuilding CXX object python/mujoco/util/CMakeFiles/array_traits_test.dir/array_traits_test.cc.o[0m
[ 59%] [32mBuilding CXX object _deps/abseil-cpp-build/absl/strings/CMakeFiles/absl_str_format_internal.dir/internal/str_format/extension.cc.o[0m
[ 59%] [32mBuilding CXX object _deps/abseil-cpp-build/absl/time/CMakeFiles/absl_time.dir/time.cc.o[0m
[ 59%] [32mBuilding CXX object _deps/abseil-cpp-build/absl/strings/CMakeFiles/absl_str_format_internal.dir/internal/str_format/float_conversion.cc.o[0m
[ 60%] [32mBuilding CXX object _deps/abseil-cpp-build/absl/strings/CMakeFiles/absl_str_format_internal.dir/internal/str_format/output.cc.o[0m
[ 60%] [32mBuilding CXX object python/mujoco/util/CMakeFiles/func_traits_test.dir/func_traits_test.cc.o[0m
[ 60%] [32mBuilding CXX object _deps/abseil-cpp-build/absl/strings/CMakeFiles/absl_str_format_internal.dir/internal/str_format/parser.cc.o[0m
[ 62%] [32mBuilding CXX object python/mujoco/util/CMakeFiles/func_wrap_test.dir/func_wrap_test.cc.o[0m
[ 62%] [32mBuilding CXX object python/mujoco/util/CMakeFiles/tuple_tools_test.dir/tuple_tools_test.cc.o[0m
[ 62%] [32m[1mLinking CXX static library ../../../../lib/libabsl_hash.a[0m
[ 62%] Built target absl_hash
[ 62%] [32m[1mLinking CXX static library ../../../../lib/libabsl_str_format_internal.a[0m
[ 62%] Built target absl_str_format_internal
[ 63%] [32m[1mLinking CXX static library ../../../../lib/libabsl_time.a[0m
[ 63%] [32mBuilding CXX object _deps/abseil-cpp-build/absl/crc/CMakeFiles/absl_crc32c.dir/crc32c.cc.o[0m
[ 63%] [32mBuilding CXX object _deps/abseil-cpp-build/absl/crc/CMakeFiles/absl_crc32c.dir/internal/crc_memcpy_fallback.cc.o[0m
[ 63%] [32mBuilding CXX object _deps/abseil-cpp-build/absl/crc/CMakeFiles/absl_crc32c.dir/internal/crc_non_temporal_memcpy.cc.o[0m
[ 63%] [32mBuilding CXX object _deps/abseil-cpp-build/absl/crc/CMakeFiles/absl_crc32c.dir/internal/crc_memcpy_x86_arm_combined.cc.o[0m
[ 63%] Built target absl_time
[ 63%] [32mBuilding CXX object _deps/abseil-cpp-build/absl/synchronization/CMakeFiles/absl_kernel_timeout_internal.dir/internal/kernel_timeout.cc.o[0m
[ 63%] [32m[1mLinking CXX executable ../../../bin/func_traits_test[0m
lto-wrapper: warning: using serial compilation of 6 LTRANS jobs
[ 63%] [32m[1mLinking CXX static library ../../../../lib/libabsl_kernel_timeout_internal.a[0m
[ 63%] Built target absl_kernel_timeout_internal
[ 63%] [32m[1mLinking CXX shared library lib/libmujoco.so[0m
[ 63%] [32mBuilding CXX object _deps/abseil-cpp-build/absl/synchronization/CMakeFiles/absl_synchronization.dir/barrier.cc.o[0m
[ 63%] [32mBuilding CXX object _deps/abseil-cpp-build/absl/synchronization/CMakeFiles/absl_synchronization.dir/internal/create_thread_identity.cc.o[0m
[ 63%] [32m[1mLinking CXX static library ../../../../lib/libabsl_crc32c.a[0m
[ 63%] [32mBuilding CXX object _deps/abseil-cpp-build/absl/synchronization/CMakeFiles/absl_synchronization.dir/internal/pthread_waiter.cc.o[0m
[ 63%] [32mBuilding CXX object _deps/abseil-cpp-build/absl/synchronization/CMakeFiles/absl_synchronization.dir/internal/per_thread_sem.cc.o[0m
[ 63%] [32mBuilding CXX object _deps/abseil-cpp-build/absl/synchronization/CMakeFiles/absl_synchronization.dir/blocking_counter.cc.o[0m
[ 65%] [32mBuilding CXX object _deps/abseil-cpp-build/absl/synchronization/CMakeFiles/absl_synchronization.dir/internal/sem_waiter.cc.o[0m
[ 63%] [32mBuilding CXX object _deps/abseil-cpp-build/absl/synchronization/CMakeFiles/absl_synchronization.dir/internal/futex_waiter.cc.o[0m
[ 63%] [32mBuilding CXX object _deps/abseil-cpp-build/absl/synchronization/CMakeFiles/absl_synchronization.dir/internal/waiter_base.cc.o[0m
[ 63%] [32mBuilding CXX object _deps/abseil-cpp-build/absl/synchronization/CMakeFiles/absl_synchronization.dir/internal/stdcpp_waiter.cc.o[0m
[ 65%] [32mBuilding CXX object _deps/abseil-cpp-build/absl/synchronization/CMakeFiles/absl_synchronization.dir/internal/win32_waiter.cc.o[0m
[ 65%] [32mBuilding CXX object _deps/abseil-cpp-build/absl/synchronization/CMakeFiles/absl_synchronization.dir/notification.cc.o[0m
[ 65%] Built target absl_crc32c
[ 65%] [32mBuilding CXX object _deps/abseil-cpp-build/absl/synchronization/CMakeFiles/absl_synchronization.dir/mutex.cc.o[0m
[ 65%] [32m[1mLinking CXX executable ../../../bin/tuple_tools_test[0m
[ 66%] [32m[1mLinking CXX executable ../../../bin/array_traits_test[0m
[ 66%] [32mBuilding CXX object _deps/abseil-cpp-build/absl/crc/CMakeFiles/absl_crc_cord_state.dir/internal/crc_cord_state.cc.o[0m
lto-wrapper: warning: using serial compilation of 6 LTRANS jobs
lto-wrapper: warning: using serial compilation of 6 LTRANS jobs
[ 66%] [32m[1mLinking CXX static library ../../../../lib/libabsl_synchronization.a[0m
[ 66%] Built target absl_synchronization
[ 66%] [32mBuilding CXX object _deps/abseil-cpp-build/absl/container/CMakeFiles/absl_hashtablez_sampler.dir/internal/hashtablez_sampler.cc.o[0m
[ 66%] [32mBuilding CXX object _deps/abseil-cpp-build/absl/strings/CMakeFiles/absl_cordz_handle.dir/internal/cordz_handle.cc.o[0m
[ 66%] [32mBuilding CXX object _deps/abseil-cpp-build/absl/container/CMakeFiles/absl_hashtablez_sampler.dir/internal/hashtablez_sampler_force_weak_definition.cc.o[0m
[ 68%] [32m[1mLinking CXX static library ../../../../lib/libabsl_crc_cord_state.a[0m
[ 68%] Built target absl_crc_cord_state
[ 68%] [32mBuilding CXX object _deps/abseil-cpp-build/absl/strings/CMakeFiles/absl_cord_internal.dir/internal/cord_rep_btree.cc.o[0m
[ 68%] [32mBuilding CXX object _deps/abseil-cpp-build/absl/strings/CMakeFiles/absl_cord_internal.dir/internal/cord_rep_btree_navigator.cc.o[0m
[ 68%] [32mBuilding CXX object _deps/abseil-cpp-build/absl/strings/CMakeFiles/absl_cord_internal.dir/internal/cord_rep_btree_reader.cc.o[0m
[ 68%] [32mBuilding CXX object _deps/abseil-cpp-build/absl/strings/CMakeFiles/absl_cord_internal.dir/internal/cord_rep_crc.cc.o[0m
[ 68%] [32mBuilding CXX object _deps/abseil-cpp-build/absl/strings/CMakeFiles/absl_cord_internal.dir/internal/cord_rep_consume.cc.o[0m
[ 69%] [32mBuilding CXX object _deps/abseil-cpp-build/absl/strings/CMakeFiles/absl_cord_internal.dir/internal/cord_internal.cc.o[0m
[ 69%] [32m[1mLinking CXX executable ../../../bin/func_wrap_test[0m
lto-wrapper: warning: using serial compilation of 6 LTRANS jobs
lto-wrapper: warning: using serial compilation of 63 LTRANS jobs
[ 69%] [32m[1mLinking CXX static library ../../../../lib/libabsl_cordz_handle.a[0m
[ 69%] [32m[1mLinking CXX static library ../../../../lib/libabsl_hashtablez_sampler.a[0m
[ 69%] Built target absl_cordz_handle
[ 69%] Built target absl_hashtablez_sampler
[ 69%] [32m[1mLinking CXX static library ../../../../lib/libabsl_cord_internal.a[0m
[ 69%] Built target absl_cord_internal
[ 69%] [32mBuilding CXX object _deps/abseil-cpp-build/absl/strings/CMakeFiles/absl_cordz_info.dir/internal/cordz_info.cc.o[0m
[ 69%] [32m[1mLinking CXX static library ../../../../lib/libabsl_cordz_info.a[0m
[ 69%] Built target absl_cordz_info
[ 69%] [32mBuilding CXX object _deps/abseil-cpp-build/absl/strings/CMakeFiles/absl_cord.dir/cord_analysis.cc.o[0m
[ 69%] [32mBuilding CXX object _deps/abseil-cpp-build/absl/strings/CMakeFiles/absl_cord.dir/cord.cc.o[0m
[ 69%] Built target func_traits_test
[ 69%] [32m[1mLinking CXX static library ../../../../lib/libabsl_cord.a[0m
[ 69%] Built target absl_cord
[ 69%] [32mBuilding CXX object _deps/abseil-cpp-build/absl/container/CMakeFiles/absl_raw_hash_set.dir/internal/raw_hash_set.cc.o[0m
[ 69%] Built target tuple_tools_test
[ 69%] Built target array_traits_test
[ 69%] [32m[1mLinking CXX static library ../../../../lib/libabsl_raw_hash_set.a[0m
[ 69%] Built target absl_raw_hash_set
[ 69%] Built target func_wrap_test
[ 69%] Built target mujoco
[ 71%] [32mBuilding CXX object plugin/sdf/CMakeFiles/sdf_plugin.dir/sdf.cc.o[0m
[ 71%] [32mBuilding CXX object plugin/sensor/CMakeFiles/sensor.dir/touch_grid.cc.o[0m
[ 72%] [32mBuilding CXX object sample/CMakeFiles/testspeed.dir/testspeed.cc.o[0m
[ 72%] [32mBuilding CXX object plugin/sdf/CMakeFiles/sdf_plugin.dir/bolt.cc.o[0m
[ 72%] [32mBuilding CXX object plugin/elasticity/CMakeFiles/elasticity.dir/cable.cc.o[0m
[ 72%] [32mBuilding CXX object sample/CMakeFiles/basic.dir/basic.cc.o[0m
[ 72%] [32mBuilding CXX object plugin/elasticity/CMakeFiles/elasticity.dir/register.cc.o[0m
[ 72%] [32mBuilding CXX object plugin/sensor/CMakeFiles/sensor.dir/register.cc.o[0m
[ 72%] [32mBuilding CXX object plugin/actuator/CMakeFiles/actuator.dir/pid.cc.o[0m
[ 72%] [32mBuilding CXX object plugin/sdf/CMakeFiles/sdf_plugin.dir/bowl.cc.o[0m
[ 72%] [32mBuilding CXX object plugin/sdf/CMakeFiles/sdf_plugin.dir/gear.cc.o[0m
[ 72%] [32mBuilding CXX object plugin/elasticity/CMakeFiles/elasticity.dir/elasticity.cc.o[0m
[ 72%] [32mBuilding CXX object simulate/CMakeFiles/platform_ui_adapter.dir/glfw_adapter.cc.o[0m
[ 72%] [32mBuilding CXX object sample/CMakeFiles/compile.dir/compile.cc.o[0m
[ 72%] [32mBuilding CXX object test/CMakeFiles/fixture.dir/fixture.cc.o[0m
[ 72%] [32mBuilding CXX object sample/CMakeFiles/record.dir/record.cc.o[0m
[ 72%] [32mBuilding CXX object plugin/actuator/CMakeFiles/actuator.dir/register.cc.o[0m
[ 72%] [32mBuilding CXX object simulate/CMakeFiles/platform_ui_adapter.dir/glfw_dispatch.cc.o[0m
[ 72%] [32m[1mLinking CXX executable ../bin/basic[0m
[ 72%] [32mBuilding CXX object plugin/sdf/CMakeFiles/sdf_plugin.dir/register.cc.o[0m
[ 72%] [32mBuilding CXX object simulate/CMakeFiles/platform_ui_adapter.dir/platform_ui_adapter.cc.o[0m
[ 73%] [32mBuilding CXX object plugin/sdf/CMakeFiles/sdf_plugin.dir/nut.cc.o[0m
[ 73%] [32m[1mLinking CXX executable ../bin/compile[0m
[ 75%] [32m[1mLinking CXX executable ../bin/record[0m
[ 75%] [32mBuilding CXX object plugin/sdf/CMakeFiles/sdf_plugin.dir/torus.cc.o[0m
[ 75%] [32m[1mLinking CXX shared library ../../lib/libactuator.so[0m
lto-wrapper: warning: using serial compilation of 4 LTRANS jobs
[ 75%] [32m[1mLinking CXX shared library ../../lib/libsensor.so[0m
[ 75%] [32m[1mLinking CXX shared library ../../lib/libelasticity.so[0m
[ 75%] Built target compile
[ 75%] [32m[1mLinking CXX executable ../bin/testspeed[0m
lto-wrapper: warning: using serial compilation of 3 LTRANS jobs
[ 75%] Built target actuator
[ 75%] Built target platform_ui_adapter
[ 75%] [32mBuilding CXX object simulate/CMakeFiles/libmujoco_simulate.dir/simulate.cc.o[0m
[ 75%] Built target elasticity
[ 75%] Built target testspeed
[ 75%] Built target sensor
[ 75%] [32m[1mLinking CXX shared library ../../lib/libsdf_plugin.so[0m
[ 75%] Built target sdf_plugin
[ 76%] [32m[1mLinking CXX static library ../lib/libsimulate.a[0m
[ 76%] Built target libmujoco_simulate
[ 76%] [32mBuilding CXX object simulate/CMakeFiles/simulate.dir/main.cc.o[0m
[ 76%] [32m[1mLinking CXX executable ../bin/simulate[0m
[ 76%] Built target basic
[ 76%] Built target record
lto-wrapper: warning: using serial compilation of 5 LTRANS jobs
[ 76%] [32m[1mLinking CXX static library ../lib/libfixture.a[0m
[ 76%] Built target fixture
[ 78%] [32mBuilding CXX object test/CMakeFiles/header_test.dir/header_test.cc.o[0m
[ 78%] [32mBuilding CXX object test/CMakeFiles/fixture_test.dir/fixture_test.cc.o[0m
[ 78%] [32mBuilding CXX object test/benchmark/CMakeFiles/thread_performance_test.dir/thread_performance_test.cc.o[0m
[ 78%] [32mBuilding CXX object test/benchmark/CMakeFiles/factorI_benchmark_test.dir/factorI_benchmark_test.cc.o[0m
[ 78%] [32mBuilding CXX object test/benchmark/CMakeFiles/ccd_benchmark_test.dir/ccd_benchmark_test.cc.o[0m
[ 78%] [32mBuilding CXX object test/benchmark/CMakeFiles/parse_benchmark_test.dir/parse_benchmark_test.cc.o[0m
[ 78%] [32mBuilding CXX object test/CMakeFiles/pipeline_test.dir/pipeline_test.cc.o[0m
[ 78%] [32mBuilding CXX object test/benchmark/CMakeFiles/step_benchmark_test.dir/step_benchmark_test.cc.o[0m
[ 78%] [32mBuilding CXX object test/benchmark/CMakeFiles/inertia_benchmark_test.dir/inertia_benchmark_test.cc.o[0m
[ 78%] [32mBuilding CXX object test/benchmark/CMakeFiles/iszero_benchmark_test.dir/iszero_benchmark_test.cc.o[0m
[ 79%] [32mBuilding CXX object test/benchmark/CMakeFiles/engine_util_spatial_benchmark_test.dir/engine_util_spatial_benchmark_test.cc.o[0m
[ 81%] [32mBuilding CXX object test/engine/CMakeFiles/engine_collision_box_test.dir/engine_collision_box_test.cc.o[0m
[ 82%] [32mBuilding CXX object test/benchmark/CMakeFiles/solveLD_benchmark_test.dir/solveLD_benchmark_test.cc.o[0m
[ 82%] [32mBuilding CXX object test/engine/CMakeFiles/engine_collision_convex_test.dir/engine_collision_convex_test.cc.o[0m
[ 82%] [32mBuilding CXX object test/benchmark/CMakeFiles/engine_util_sparse_benchmark_test.dir/engine_util_sparse_benchmark_test.cc.o[0m
[ 82%] [32m[1mLinking CXX executable ../../bin/iszero_benchmark_test[0m
lto-wrapper: warning: using serial compilation of 5 LTRANS jobs
[ 82%] [32m[1mLinking CXX executable ../../bin/inertia_benchmark_test[0m
[ 82%] [32m[1mLinking CXX executable ../../bin/thread_performance_test[0m
[ 82%] [32m[1mLinking CXX executable ../../bin/engine_util_spatial_benchmark_test[0m
[ 82%] [32m[1mLinking CXX executable ../../bin/parse_benchmark_test[0m
[ 82%] [32m[1mLinking CXX executable ../../bin/engine_collision_box_test[0m
[ 82%] [32m[1mLinking CXX executable ../../bin/ccd_benchmark_test[0m
lto-wrapper: warning: using serial compilation of 7 LTRANS jobs
[ 82%] [32m[1mLinking CXX executable ../../bin/step_benchmark_test[0m
lto-wrapper: warning: using serial compilation of 5 LTRANS jobs
[ 82%] [32m[1mLinking CXX executable ../../bin/solveLD_benchmark_test[0m
[ 84%] [32m[1mLinking CXX executable ../../bin/factorI_benchmark_test[0m
lto-wrapper: warning: using serial compilation of 7 LTRANS jobs
lto-wrapper: warning: using serial compilation of 7 LTRANS jobs
[ 84%] [32m[1mLinking CXX executable ../bin/fixture_test[0m
lto-wrapper: warning: using serial compilation of 6 LTRANS jobs
[ 84%] [32m[1mLinking CXX executable ../bin/header_test[0m
lto-wrapper: warning: using serial compilation of 7 LTRANS jobs
[ 84%] [32m[1mLinking CXX executable ../bin/pipeline_test[0m
lto-wrapper: warning: using serial compilation of 7 LTRANS jobs
[ 84%] [32m[1mLinking CXX executable ../../bin/engine_collision_convex_test[0m
lto-wrapper: warning: using serial compilation of 7 LTRANS jobs
lto-wrapper: warning: using serial compilation of 6 LTRANS jobs
lto-wrapper: warning: using serial compilation of 7 LTRANS jobs
lto-wrapper: warning: using serial compilation of 8 LTRANS jobs
lto-wrapper: warning: using serial compilation of 6 LTRANS jobs
lto-wrapper: warning: using serial compilation of 5 LTRANS jobs
[ 84%] [32m[1mLinking CXX executable ../../bin/engine_util_sparse_benchmark_test[0m
lto-wrapper: warning: using serial compilation of 7 LTRANS jobs
[ 84%] Built target iszero_benchmark_test
[ 84%] [32mBuilding CXX object test/engine/CMakeFiles/engine_collision_driver_test.dir/engine_collision_driver_test.cc.o[0m
[ 84%] Built target simulate
[ 84%] [32mBuilding CXX object test/engine/CMakeFiles/engine_collision_gjk_test.dir/engine_collision_gjk_test.cc.o[0m
[ 84%] Built target engine_collision_box_test
[ 84%] [32mBuilding CXX object test/engine/CMakeFiles/engine_core_constraint_test.dir/engine_core_constraint_test.cc.o[0m
[ 84%] Built target thread_performance_test
[ 84%] [32mBuilding CXX object test/engine/CMakeFiles/engine_core_smooth_test.dir/engine_core_smooth_test.cc.o[0m
[ 84%] [32m[1mLinking CXX executable ../../bin/engine_collision_driver_test[0m
[ 84%] Built target pipeline_test
[ 84%] [32mBuilding CXX object test/engine/CMakeFiles/engine_derivative_test.dir/engine_derivative_test.cc.o[0m
[ 84%] Built target inertia_benchmark_test
[ 85%] [32mBuilding CXX object test/engine/CMakeFiles/engine_forward_test.dir/engine_forward_test.cc.o[0m
[ 85%] Built target engine_util_spatial_benchmark_test
[ 85%] [32mBuilding CXX object test/engine/CMakeFiles/engine_inverse_test.dir/engine_inverse_test.cc.o[0m
lto-wrapper: warning: using serial compilation of 7 LTRANS jobs
[ 85%] Built target fixture_test
[ 85%] [32m[1mLinking CXX executable ../../bin/engine_core_constraint_test[0m
[ 85%] [32mBuilding CXX object test/engine/CMakeFiles/engine_island_test.dir/engine_island_test.cc.o[0m
[ 86%] [32m[1mLinking CXX executable ../../bin/engine_collision_gjk_test[0m
[ 86%] Built target engine_collision_convex_test
[ 86%] [32mBuilding CXX object test/engine/CMakeFiles/engine_io_test.dir/engine_io_test.cc.o[0m
[ 86%] Built target ccd_benchmark_test
lto-wrapper: warning: using serial compilation of 7 LTRANS jobs
[ 86%] [32mBuilding CXX object test/engine/CMakeFiles/engine_plugin_test.dir/engine_plugin_test.cc.o[0m
[ 86%] Built target header_test
[ 86%] [32mBuilding CXX object test/engine/CMakeFiles/engine_passive_test.dir/engine_passive_test.cc.o[0m
lto-wrapper: warning: using serial compilation of 9 LTRANS jobs
[ 86%] Built target factorI_benchmark_test
[ 86%] [32mBuilding CXX object test/engine/CMakeFiles/engine_print_test.dir/engine_print_test.cc.o[0m
[ 86%] Built target parse_benchmark_test
[ 86%] Built target step_benchmark_test
[ 86%] [32mBuilding CXX object test/engine/CMakeFiles/engine_ray_test.dir/engine_ray_test.cc.o[0m
[ 86%] [32mBuilding CXX object test/engine/CMakeFiles/engine_sensor_test.dir/engine_sensor_test.cc.o[0m
[ 86%] Built target solveLD_benchmark_test
[ 86%] [32mBuilding CXX object test/engine/CMakeFiles/engine_solver_test.dir/engine_solver_test.cc.o[0m
[ 86%] Built target engine_util_sparse_benchmark_test
[ 88%] [32mBuilding CXX object test/engine/CMakeFiles/engine_sort_test.dir/engine_sort_test.cc.o[0m
[ 88%] [32m[1mLinking CXX executable ../../bin/engine_inverse_test[0m
lto-wrapper: warning: using serial compilation of 6 LTRANS jobs
[ 88%] [32m[1mLinking CXX executable ../../bin/engine_core_smooth_test[0m
[ 88%] [32m[1mLinking CXX executable ../../bin/engine_derivative_test[0m
lto-wrapper: warning: using serial compilation of 7 LTRANS jobs
[ 89%] [32m[1mLinking CXX executable ../../bin/engine_print_test[0m
[ 89%] [32m[1mLinking CXX executable ../../bin/engine_forward_test[0m
[ 89%] [32m[1mLinking CXX executable ../../bin/engine_passive_test[0m
lto-wrapper: warning: using serial compilation of 5 LTRANS jobs
lto-wrapper: warning: using serial compilation of 6 LTRANS jobs
[ 89%] [32m[1mLinking CXX executable ../../bin/engine_sort_test[0m
lto-wrapper: warning: using serial compilation of 9 LTRANS jobs
lto-wrapper: warning: using serial compilation of 11 LTRANS jobs
[ 89%] [32m[1mLinking CXX executable ../../bin/engine_ray_test[0m
[ 91%] [32m[1mLinking CXX executable ../../bin/engine_island_test[0m
[ 91%] [32m[1mLinking CXX executable ../../bin/engine_solver_test[0m
[ 91%] [32m[1mLinking CXX executable ../../bin/engine_sensor_test[0m
lto-wrapper: warning: using serial compilation of 7 LTRANS jobs
lto-wrapper: warning: using serial compilation of 8 LTRANS jobs
lto-wrapper: warning: using serial compilation of 6 LTRANS jobs
lto-wrapper: warning: using serial compilation of 8 LTRANS jobs
[ 91%] [32m[1mLinking CXX executable ../../bin/engine_io_test[0m
[ 91%] [32m[1mLinking CXX executable ../../bin/engine_plugin_test[0m
lto-wrapper: warning: using serial compilation of 10 LTRANS jobs
lto-wrapper: warning: using serial compilation of 10 LTRANS jobs
lto-wrapper: warning: using serial compilation of 10 LTRANS jobs
[ 91%] Built target engine_collision_driver_test
[ 91%] Built target engine_inverse_test
[ 91%] [32mBuilding CXX object test/engine/CMakeFiles/engine_support_test.dir/engine_support_test.cc.o[0m
[ 91%] [32mBuilding CXX object test/engine/CMakeFiles/engine_thread_test.dir/engine_thread_test.cc.o[0m
[ 91%] Built target engine_core_constraint_test
[ 91%] [32mBuilding CXX object test/engine/CMakeFiles/engine_util_blas_test.dir/engine_util_blas_test.cc.o[0m
[ 91%] Built target engine_solver_test
[ 91%] [32mBuilding CXX object test/engine/CMakeFiles/engine_util_errmem_test.dir/engine_util_errmem_test.cc.o[0m
[ 91%] Built target engine_print_test
[ 91%] [32mBuilding CXX object test/engine/CMakeFiles/engine_util_solve_test.dir/engine_util_solve_test.cc.o[0m
[ 91%] Built target engine_derivative_test
[ 91%] [32mBuilding CXX object test/engine/CMakeFiles/engine_util_spatial_test.dir/engine_util_spatial_test.cc.o[0m
[ 91%] [32m[1mLinking CXX executable ../../bin/engine_thread_test[0m
[ 91%] Built target engine_passive_test
[ 91%] [32mBuilding CXX object test/engine/CMakeFiles/engine_vis_visualize_test.dir/engine_vis_visualize_test.cc.o[0m
[ 91%] Built target engine_collision_gjk_test
[ 92%] [32mBuilding CXX object test/user/CMakeFiles/user_model_test.dir/user_model_test.cc.o[0m
[ 92%] [32m[1mLinking CXX executable ../../bin/engine_util_errmem_test[0m
[ 92%] [32m[1mLinking CXX executable ../../bin/engine_support_test[0m
lto-wrapper: warning: using serial compilation of 8 LTRANS jobs
[ 94%] [32m[1mLinking CXX executable ../../bin/engine_util_blas_test[0m
lto-wrapper: warning: using serial compilation of 6 LTRANS jobs
lto-wrapper: warning: using serial compilation of 7 LTRANS jobs
lto-wrapper: warning: using serial compilation of 9 LTRANS jobs
[ 94%] Built target engine_ray_test
[ 94%] [32mBuilding CXX object test/user/CMakeFiles/user_objects_test.dir/user_objects_test.cc.o[0m
[ 94%] Built target engine_island_test
[ 94%] [32mBuilding CXX object test/user/CMakeFiles/user_api_test.dir/user_api_test.cc.o[0m
[ 94%] [32m[1mLinking CXX executable ../../bin/engine_vis_visualize_test[0m
[ 94%] [32m[1mLinking CXX executable ../../bin/engine_util_solve_test[0m
[ 94%] Built target engine_sort_test
[ 94%] [32mBuilding CXX object test/user/CMakeFiles/user_flex_test.dir/user_flex_test.cc.o[0m
lto-wrapper: warning: using serial compilation of 5 LTRANS jobs
[ 94%] [32m[1mLinking CXX executable ../../bin/engine_util_spatial_test[0m
lto-wrapper: warning: using serial compilation of 8 LTRANS jobs
[ 94%] Built target engine_sensor_test
[ 94%] [32mBuilding CXX object test/user/CMakeFiles/user_mesh_test.dir/user_mesh_test.cc.o[0m
[ 94%] [32m[1mLinking CXX executable ../../bin/user_model_test[0m
lto-wrapper: warning: using serial compilation of 9 LTRANS jobs
lto-wrapper: warning: using serial compilation of 11 LTRANS jobs
[ 94%] Built target engine_io_test
[ 95%] [32mBuilding CXX object test/user/CMakeFiles/user_composite_test.dir/user_composite_test.cc.o[0m
[ 95%] Built target engine_core_smooth_test
[ 95%] [32m[1mLinking CXX executable ../../bin/user_flex_test[0m
[ 95%] [32mBuilding CXX object test/user/CMakeFiles/user_resource_test.dir/user_resource_test.cc.o[0m
[ 95%] Built target engine_plugin_test
lto-wrapper: warning: using serial compilation of 9 LTRANS jobs
[ 95%] [32mBuilding CXX object test/user/CMakeFiles/user_vfs_test.dir/user_vfs_test.cc.o[0m
[ 95%] Built target engine_forward_test
[ 95%] [32mBuilding CXX object test/xml/CMakeFiles/xml_api_test.dir/xml_api_test.cc.o[0m
[ 95%] [32m[1mLinking CXX executable ../../bin/user_objects_test[0m
[ 95%] [32m[1mLinking CXX executable ../../bin/user_api_test[0m
[ 95%] [32m[1mLinking CXX executable ../../bin/user_mesh_test[0m
[ 95%] [32m[1mLinking CXX executable ../../bin/user_composite_test[0m
[ 95%] [32m[1mLinking CXX executable ../../bin/user_resource_test[0m
[ 95%] Built target engine_util_errmem_test
lto-wrapper: warning: using serial compilation of 15 LTRANS jobs
[ 95%] [32mBuilding CXX object test/xml/CMakeFiles/xml_native_reader_test.dir/xml_native_reader_test.cc.o[0m
lto-wrapper: warning: using serial compilation of 12 LTRANS jobs
lto-wrapper: warning: using serial compilation of 6 LTRANS jobs
lto-wrapper: warning: using serial compilation of 7 LTRANS jobs
lto-wrapper: warning: using serial compilation of 15 LTRANS jobs
[ 97%] [32m[1mLinking CXX executable ../../bin/user_vfs_test[0m
[ 97%] Built target engine_vis_visualize_test
[ 97%] [32mBuilding CXX object test/xml/CMakeFiles/xml_native_writer_test.dir/xml_native_writer_test.cc.o[0m
lto-wrapper: warning: using serial compilation of 7 LTRANS jobs
[ 97%] Built target engine_util_blas_test
[ 97%] [32mBuilding CXX object test/plugin/elasticity/CMakeFiles/elasticity_test.dir/elasticity_test.cc.o[0m
[ 97%] [32m[1mLinking CXX executable ../../bin/xml_api_test[0m
[ 97%] Built target engine_thread_test
[ 98%] [32mBuilding CXX object test/plugin/actuator/CMakeFiles/pid_test.dir/pid_test.cc.o[0m
lto-wrapper: warning: using serial compilation of 6 LTRANS jobs
[ 98%] [32m[1mLinking CXX executable ../../../bin/elasticity_test[0m
lto-wrapper: warning: using serial compilation of 6 LTRANS jobs
[ 98%] Built target engine_support_test
[ 98%] Built target engine_util_spatial_test
[100%] [32m[1mLinking CXX executable ../../bin/xml_native_writer_test[0m
[100%] Built target engine_util_solve_test
[100%] [32m[1mLinking CXX executable ../../../bin/pid_test[0m
[100%] [32m[1mLinking CXX executable ../../bin/xml_native_reader_test[0m
lto-wrapper: warning: using serial compilation of 8 LTRANS jobs
lto-wrapper: warning: using serial compilation of 15 LTRANS jobs
lto-wrapper: warning: using serial compilation of 21 LTRANS jobs
[100%] Built target user_composite_test
[100%] Built target user_vfs_test
[100%] Built target user_flex_test
[100%] Built target user_resource_test
[100%] Built target elasticity_test
[100%] Built target xml_api_test
[100%] Built target user_mesh_test
[100%] Built target pid_test
[100%] Built target user_objects_test
[100%] Built target user_model_test
[100%] Built target user_api_test
[100%] Built target xml_native_writer_test
[100%] Built target xml_native_reader_test
-- Install configuration: "Release"
-- Installing: /home/jason/projects/motion_control_go2/install/mujoco/bin/simulate
-- Installing: /home/jason/projects/motion_control_go2/install/mujoco/lib/libsimulate.a
-- Installing: /home/jason/projects/motion_control_go2/install/mujoco/include/simulate/simulate.h
-- Installing: /home/jason/projects/motion_control_go2/install/mujoco/include/simulate/platform_ui_adapter.h
-- Installing: /home/jason/projects/motion_control_go2/install/mujoco/include/simulate/glfw_adapter.h
-- Installing: /home/jason/projects/motion_control_go2/install/mujoco/include/simulate/glfw_dispatch.h
-- Installing: /home/jason/projects/motion_control_go2/install/mujoco/include/simulate/glfw_corevideo.h
-- Installing: /home/jason/projects/motion_control_go2/install/mujoco/include/simulate/array_safety.h
-- Installing: /home/jason/projects/motion_control_go2/install/mujoco/bin/basic
-- Installing: /home/jason/projects/motion_control_go2/install/mujoco/bin/compile
-- Installing: /home/jason/projects/motion_control_go2/install/mujoco/bin/record
-- Installing: /home/jason/projects/motion_control_go2/install/mujoco/bin/testspeed
-- Installing: /home/jason/projects/motion_control_go2/install/mujoco/lib/libmujoco.so.3.3.7
-- Installing: /home/jason/projects/motion_control_go2/install/mujoco/lib/libmujoco.so
-- Installing: /home/jason/projects/motion_control_go2/install/mujoco/include/mujoco/mjdata.h
-- Installing: /home/jason/projects/motion_control_go2/install/mujoco/include/mujoco/mjexport.h
-- Installing: /home/jason/projects/motion_control_go2/install/mujoco/include/mujoco/mjmacro.h
-- Installing: /home/jason/projects/motion_control_go2/install/mujoco/include/mujoco/mjmodel.h
-- Installing: /home/jason/projects/motion_control_go2/install/mujoco/include/mujoco/mjplugin.h
-- Installing: /home/jason/projects/motion_control_go2/install/mujoco/include/mujoco/mjrender.h
-- Installing: /home/jason/projects/motion_control_go2/install/mujoco/include/mujoco/mjsan.h
-- Installing: /home/jason/projects/motion_control_go2/install/mujoco/include/mujoco/mjspec.h
-- Installing: /home/jason/projects/motion_control_go2/install/mujoco/include/mujoco/mjthread.h
-- Installing: /home/jason/projects/motion_control_go2/install/mujoco/include/mujoco/mjtnum.h
-- Installing: /home/jason/projects/motion_control_go2/install/mujoco/include/mujoco/mjui.h
-- Installing: /home/jason/projects/motion_control_go2/install/mujoco/include/mujoco/mjvisualize.h
-- Installing: /home/jason/projects/motion_control_go2/install/mujoco/include/mujoco/mjxmacro.h
-- Installing: /home/jason/projects/motion_control_go2/install/mujoco/include/mujoco/mujoco.h
-- Installing: /home/jason/projects/motion_control_go2/install/mujoco/lib/cmake/mujoco/mujocoTargets.cmake
-- Installing: /home/jason/projects/motion_control_go2/install/mujoco/lib/cmake/mujoco/mujocoTargets-release.cmake
-- Installing: /home/jason/projects/motion_control_go2/install/mujoco/lib/cmake/mujoco/mujocoConfig.cmake
-- Installing: /home/jason/projects/motion_control_go2/install/mujoco/lib/cmake/mujoco/mujocoConfigVersion.cmake
-- Installing: /home/jason/projects/motion_control_go2/install/mujoco/share/mujoco/model
-- Installing: /home/jason/projects/motion_control_go2/install/mujoco/share/mujoco/model/tactile
-- Installing: /home/jason/projects/motion_control_go2/install/mujoco/share/mujoco/model/tactile/tactile.xml
-- Installing: /home/jason/projects/motion_control_go2/install/mujoco/share/mujoco/model/slider_crank
-- Installing: /home/jason/projects/motion_control_go2/install/mujoco/share/mujoco/model/slider_crank/slider_crank.xml
-- Installing: /home/jason/projects/motion_control_go2/install/mujoco/share/mujoco/model/humanoid
-- Installing: /home/jason/projects/motion_control_go2/install/mujoco/share/mujoco/model/humanoid/README.md
-- Installing: /home/jason/projects/motion_control_go2/install/mujoco/share/mujoco/model/humanoid/humanoid.png
-- Installing: /home/jason/projects/motion_control_go2/install/mujoco/share/mujoco/model/humanoid/humanoid100.xml
-- Installing: /home/jason/projects/motion_control_go2/install/mujoco/share/mujoco/model/humanoid/100_humanoids.xml
-- Installing: /home/jason/projects/motion_control_go2/install/mujoco/share/mujoco/model/humanoid/22_humanoids.xml
-- Installing: /home/jason/projects/motion_control_go2/install/mujoco/share/mujoco/model/humanoid/humanoid.xml
-- Installing: /home/jason/projects/motion_control_go2/install/mujoco/share/mujoco/model/cards
-- Installing: /home/jason/projects/motion_control_go2/install/mujoco/share/mujoco/model/cards/assets
-- Installing: /home/jason/projects/motion_control_go2/install/mujoco/share/mujoco/model/cards/assets/3_of_spades.png
-- Installing: /home/jason/projects/motion_control_go2/install/mujoco/share/mujoco/model/cards/assets/8_of_clubs.png
-- Installing: /home/jason/projects/motion_control_go2/install/mujoco/share/mujoco/model/cards/assets/8_of_hearts.png
-- Installing: /home/jason/projects/motion_control_go2/install/mujoco/share/mujoco/model/cards/assets/4_of_diamonds.png
-- Installing: /home/jason/projects/motion_control_go2/install/mujoco/share/mujoco/model/cards/assets/5_of_clubs.png
-- Installing: /home/jason/projects/motion_control_go2/install/mujoco/share/mujoco/model/cards/assets/9_of_hearts.png
-- Installing: /home/jason/projects/motion_control_go2/install/mujoco/share/mujoco/model/cards/assets/9_of_spades.png
-- Installing: /home/jason/projects/motion_control_go2/install/mujoco/share/mujoco/model/cards/assets/jack_of_spades.png
-- Installing: /home/jason/projects/motion_control_go2/install/mujoco/share/mujoco/model/cards/assets/10_of_hearts.png
-- Installing: /home/jason/projects/motion_control_go2/install/mujoco/share/mujoco/model/cards/assets/10_of_clubs.png
-- Installing: /home/jason/projects/motion_control_go2/install/mujoco/share/mujoco/model/cards/assets/7_of_clubs.png
-- Installing: /home/jason/projects/motion_control_go2/install/mujoco/share/mujoco/model/cards/assets/ace_of_clubs.png
-- Installing: /home/jason/projects/motion_control_go2/install/mujoco/share/mujoco/model/cards/assets/queen_of_diamonds.png
-- Installing: /home/jason/projects/motion_control_go2/install/mujoco/share/mujoco/model/cards/assets/7_of_diamonds.png
-- Installing: /home/jason/projects/motion_control_go2/install/mujoco/share/mujoco/model/cards/assets/black_joker.png
-- Installing: /home/jason/projects/motion_control_go2/install/mujoco/share/mujoco/model/cards/assets/king_of_diamonds.png
-- Installing: /home/jason/projects/motion_control_go2/install/mujoco/share/mujoco/model/cards/assets/10_of_diamonds.png
-- Installing: /home/jason/projects/motion_control_go2/install/mujoco/share/mujoco/model/cards/assets/ace_of_spades.png
-- Installing: /home/jason/projects/motion_control_go2/install/mujoco/share/mujoco/model/cards/assets/9_of_clubs.png
-- Installing: /home/jason/projects/motion_control_go2/install/mujoco/share/mujoco/model/cards/assets/7_of_spades.png
-- Installing: /home/jason/projects/motion_control_go2/install/mujoco/share/mujoco/model/cards/assets/jack_of_hearts.png
-- Installing: /home/jason/projects/motion_control_go2/install/mujoco/share/mujoco/model/cards/assets/card.obj
-- Installing: /home/jason/projects/motion_control_go2/install/mujoco/share/mujoco/model/cards/assets/6_of_clubs.png
-- Installing: /home/jason/projects/motion_control_go2/install/mujoco/share/mujoco/model/cards/assets/2_of_clubs.png
-- Installing: /home/jason/projects/motion_control_go2/install/mujoco/share/mujoco/model/cards/assets/jack_of_clubs.png
-- Installing: /home/jason/projects/motion_control_go2/install/mujoco/share/mujoco/model/cards/assets/3_of_diamonds.png
-- Installing: /home/jason/projects/motion_control_go2/install/mujoco/share/mujoco/model/cards/assets/6_of_hearts.png
-- Installing: /home/jason/projects/motion_control_go2/install/mujoco/share/mujoco/model/cards/assets/9_of_diamonds.png
-- Installing: /home/jason/projects/motion_control_go2/install/mujoco/share/mujoco/model/cards/assets/queen_of_hearts.png
-- Installing: /home/jason/projects/motion_control_go2/install/mujoco/share/mujoco/model/cards/assets/king_of_hearts.png
-- Installing: /home/jason/projects/motion_control_go2/install/mujoco/share/mujoco/model/cards/assets/5_of_diamonds.png
-- Installing: /home/jason/projects/motion_control_go2/install/mujoco/share/mujoco/model/cards/assets/10_of_spades.png
-- Installing: /home/jason/projects/motion_control_go2/install/mujoco/share/mujoco/model/cards/assets/queen_of_spades.png
-- Installing: /home/jason/projects/motion_control_go2/install/mujoco/share/mujoco/model/cards/assets/ace_of_hearts.png
-- Installing: /home/jason/projects/motion_control_go2/install/mujoco/share/mujoco/model/cards/assets/4_of_clubs.png
-- Installing: /home/jason/projects/motion_control_go2/install/mujoco/share/mujoco/model/cards/assets/3_of_clubs.png
-- Installing: /home/jason/projects/motion_control_go2/install/mujoco/share/mujoco/model/cards/assets/4_of_hearts.png
-- Installing: /home/jason/projects/motion_control_go2/install/mujoco/share/mujoco/model/cards/assets/king_of_clubs.png
-- Installing: /home/jason/projects/motion_control_go2/install/mujoco/share/mujoco/model/cards/assets/8_of_diamonds.png
-- Installing: /home/jason/projects/motion_control_go2/install/mujoco/share/mujoco/model/cards/assets/2_of_hearts.png
-- Installing: /home/jason/projects/motion_control_go2/install/mujoco/share/mujoco/model/cards/assets/2_of_diamonds.png
-- Installing: /home/jason/projects/motion_control_go2/install/mujoco/share/mujoco/model/cards/assets/6_of_diamonds.png
-- Installing: /home/jason/projects/motion_control_go2/install/mujoco/share/mujoco/model/cards/assets/2_of_spades.png
-- Installing: /home/jason/projects/motion_control_go2/install/mujoco/share/mujoco/model/cards/assets/8_of_spades.png
-- Installing: /home/jason/projects/motion_control_go2/install/mujoco/share/mujoco/model/cards/assets/queen_of_clubs.png
-- Installing: /home/jason/projects/motion_control_go2/install/mujoco/share/mujoco/model/cards/assets/5_of_spades.png
-- Installing: /home/jason/projects/motion_control_go2/install/mujoco/share/mujoco/model/cards/assets/jack_of_diamonds.png
-- Installing: /home/jason/projects/motion_control_go2/install/mujoco/share/mujoco/model/cards/assets/5_of_hearts.png
-- Installing: /home/jason/projects/motion_control_go2/install/mujoco/share/mujoco/model/cards/assets/3_of_hearts.png
-- Installing: /home/jason/projects/motion_control_go2/install/mujoco/share/mujoco/model/cards/assets/7_of_hearts.png
-- Installing: /home/jason/projects/motion_control_go2/install/mujoco/share/mujoco/model/cards/assets/4_of_spades.png
-- Installing: /home/jason/projects/motion_control_go2/install/mujoco/share/mujoco/model/cards/assets/king_of_spades.png
-- Installing: /home/jason/projects/motion_control_go2/install/mujoco/share/mujoco/model/cards/assets/6_of_spades.png
-- Installing: /home/jason/projects/motion_control_go2/install/mujoco/share/mujoco/model/cards/assets/red_joker.png
-- Installing: /home/jason/projects/motion_control_go2/install/mujoco/share/mujoco/model/cards/assets/ace_of_diamonds.png
-- Installing: /home/jason/projects/motion_control_go2/install/mujoco/share/mujoco/model/cards/cards.xml
-- Installing: /home/jason/projects/motion_control_go2/install/mujoco/share/mujoco/model/plugin
-- Installing: /home/jason/projects/motion_control_go2/install/mujoco/share/mujoco/model/plugin/elasticity
-- Installing: /home/jason/projects/motion_control_go2/install/mujoco/share/mujoco/model/plugin/elasticity/coil.xml
-- Installing: /home/jason/projects/motion_control_go2/install/mujoco/share/mujoco/model/plugin/elasticity/scene.xml
-- Installing: /home/jason/projects/motion_control_go2/install/mujoco/share/mujoco/model/plugin/elasticity/belt.xml
-- Installing: /home/jason/projects/motion_control_go2/install/mujoco/share/mujoco/model/plugin/elasticity/cable.xml
-- Installing: /home/jason/projects/motion_control_go2/install/mujoco/share/mujoco/model/plugin/sensor
-- Installing: /home/jason/projects/motion_control_go2/install/mujoco/share/mujoco/model/plugin/sensor/a.png
-- Installing: /home/jason/projects/motion_control_go2/install/mujoco/share/mujoco/model/plugin/sensor/touch_grid.xml
-- Installing: /home/jason/projects/motion_control_go2/install/mujoco/share/mujoco/model/plugin/actuator
-- Installing: /home/jason/projects/motion_control_go2/install/mujoco/share/mujoco/model/plugin/actuator/pid.xml
-- Installing: /home/jason/projects/motion_control_go2/install/mujoco/share/mujoco/model/plugin/sdf
-- Installing: /home/jason/projects/motion_control_go2/install/mujoco/share/mujoco/model/plugin/sdf/gear.xml
-- Installing: /home/jason/projects/motion_control_go2/install/mujoco/share/mujoco/model/plugin/sdf/nutbolt.xml
-- Installing: /home/jason/projects/motion_control_go2/install/mujoco/share/mujoco/model/plugin/sdf/mesh.xml
-- Installing: /home/jason/projects/motion_control_go2/install/mujoco/share/mujoco/model/plugin/sdf/primitives.xml
-- Installing: /home/jason/projects/motion_control_go2/install/mujoco/share/mujoco/model/plugin/sdf/torus.xml
-- Installing: /home/jason/projects/motion_control_go2/install/mujoco/share/mujoco/model/plugin/sdf/scene.xml
-- Installing: /home/jason/projects/motion_control_go2/install/mujoco/share/mujoco/model/plugin/sdf/mug.xml
-- Installing: /home/jason/projects/motion_control_go2/install/mujoco/share/mujoco/model/plugin/sdf/bowl.xml
-- Installing: /home/jason/projects/motion_control_go2/install/mujoco/share/mujoco/model/plugin/sdf/asset
-- Installing: /home/jason/projects/motion_control_go2/install/mujoco/share/mujoco/model/plugin/sdf/asset/README.md
-- Installing: /home/jason/projects/motion_control_go2/install/mujoco/share/mujoco/model/plugin/sdf/asset/spot.png
-- Installing: /home/jason/projects/motion_control_go2/install/mujoco/share/mujoco/model/plugin/sdf/asset/die.obj
-- Installing: /home/jason/projects/motion_control_go2/install/mujoco/share/mujoco/model/plugin/sdf/asset/spot.obj
-- Installing: /home/jason/projects/motion_control_go2/install/mujoco/share/mujoco/model/plugin/sdf/cow.xml
-- Installing: /home/jason/projects/motion_control_go2/install/mujoco/share/mujoco/model/mug
-- Installing: /home/jason/projects/motion_control_go2/install/mujoco/share/mujoco/model/mug/mug.obj
-- Installing: /home/jason/projects/motion_control_go2/install/mujoco/share/mujoco/model/mug/mug.png
-- Installing: /home/jason/projects/motion_control_go2/install/mujoco/share/mujoco/model/mug/mug.xml
-- Installing: /home/jason/projects/motion_control_go2/install/mujoco/share/mujoco/model/hammock
-- Installing: /home/jason/projects/motion_control_go2/install/mujoco/share/mujoco/model/hammock/hammock.xml
-- Installing: /home/jason/projects/motion_control_go2/install/mujoco/share/mujoco/model/tendon_arm
-- Installing: /home/jason/projects/motion_control_go2/install/mujoco/share/mujoco/model/tendon_arm/arm26.xml
-- Installing: /home/jason/projects/motion_control_go2/install/mujoco/share/mujoco/model/cube
-- Installing: /home/jason/projects/motion_control_go2/install/mujoco/share/mujoco/model/cube/README.md
-- Installing: /home/jason/projects/motion_control_go2/install/mujoco/share/mujoco/model/cube/assets
-- Installing: /home/jason/projects/motion_control_go2/install/mujoco/share/mujoco/model/cube/assets/orange_white.png
-- Installing: /home/jason/projects/motion_control_go2/install/mujoco/share/mujoco/model/cube/assets/blue_red.png
-- Installing: /home/jason/projects/motion_control_go2/install/mujoco/share/mujoco/model/cube/assets/orange.png
-- Installing: /home/jason/projects/motion_control_go2/install/mujoco/share/mujoco/model/cube/assets/blue_orange.png
-- Installing: /home/jason/projects/motion_control_go2/install/mujoco/share/mujoco/model/cube/assets/blue_orange_white.png
-- Installing: /home/jason/projects/motion_control_go2/install/mujoco/share/mujoco/model/cube/assets/blue_white.png
-- Installing: /home/jason/projects/motion_control_go2/install/mujoco/share/mujoco/model/cube/assets/orange_yellow.png
-- Installing: /home/jason/projects/motion_control_go2/install/mujoco/share/mujoco/model/cube/assets/green_orange_yellow.png
-- Installing: /home/jason/projects/motion_control_go2/install/mujoco/share/mujoco/model/cube/assets/blue_yellow.png
-- Installing: /home/jason/projects/motion_control_go2/install/mujoco/share/mujoco/model/cube/assets/white.png
-- Installing: /home/jason/projects/motion_control_go2/install/mujoco/share/mujoco/model/cube/assets/blue_orange_yellow.png
-- Installing: /home/jason/projects/motion_control_go2/install/mujoco/share/mujoco/model/cube/assets/red.png
-- Installing: /home/jason/projects/motion_control_go2/install/mujoco/share/mujoco/model/cube/assets/blue_red_yellow.png
-- Installing: /home/jason/projects/motion_control_go2/install/mujoco/share/mujoco/model/cube/assets/green_orange_white.png
-- Installing: /home/jason/projects/motion_control_go2/install/mujoco/share/mujoco/model/cube/assets/blue_red_white.png
-- Installing: /home/jason/projects/motion_control_go2/install/mujoco/share/mujoco/model/cube/assets/green_orange.png
-- Installing: /home/jason/projects/motion_control_go2/install/mujoco/share/mujoco/model/cube/assets/green_red_white.png
-- Installing: /home/jason/projects/motion_control_go2/install/mujoco/share/mujoco/model/cube/assets/green.png
-- Installing: /home/jason/projects/motion_control_go2/install/mujoco/share/mujoco/model/cube/assets/green_red_yellow.png
-- Installing: /home/jason/projects/motion_control_go2/install/mujoco/share/mujoco/model/cube/assets/green_yellow.png
-- Installing: /home/jason/projects/motion_control_go2/install/mujoco/share/mujoco/model/cube/assets/red_yellow.png
-- Installing: /home/jason/projects/motion_control_go2/install/mujoco/share/mujoco/model/cube/assets/green_white.png
-- Installing: /home/jason/projects/motion_control_go2/install/mujoco/share/mujoco/model/cube/assets/orange_red.png
-- Installing: /home/jason/projects/motion_control_go2/install/mujoco/share/mujoco/model/cube/assets/green_red.png
-- Installing: /home/jason/projects/motion_control_go2/install/mujoco/share/mujoco/model/cube/assets/blue.png
-- Installing: /home/jason/projects/motion_control_go2/install/mujoco/share/mujoco/model/cube/assets/yellow.png
-- Installing: /home/jason/projects/motion_control_go2/install/mujoco/share/mujoco/model/cube/assets/red_white.png
-- Installing: /home/jason/projects/motion_control_go2/install/mujoco/share/mujoco/model/cube/cube_3x3x3.xml
-- Installing: /home/jason/projects/motion_control_go2/install/mujoco/share/mujoco/model/adhesion
-- Installing: /home/jason/projects/motion_control_go2/install/mujoco/share/mujoco/model/adhesion/README.md
-- Installing: /home/jason/projects/motion_control_go2/install/mujoco/share/mujoco/model/adhesion/active_adhesion.xml
-- Installing: /home/jason/projects/motion_control_go2/install/mujoco/share/mujoco/model/flex
-- Installing: /home/jason/projects/motion_control_go2/install/mujoco/share/mujoco/model/flex/mannequin.xml
-- Installing: /home/jason/projects/motion_control_go2/install/mujoco/share/mujoco/model/flex/poncho.xml
-- Installing: /home/jason/projects/motion_control_go2/install/mujoco/share/mujoco/model/flex/trampoline.xml
-- Installing: /home/jason/projects/motion_control_go2/install/mujoco/share/mujoco/model/flex/press.xml
-- Installing: /home/jason/projects/motion_control_go2/install/mujoco/share/mujoco/model/flex/floppy.xml
-- Installing: /home/jason/projects/motion_control_go2/install/mujoco/share/mujoco/model/flex/trilinear.xml
-- Installing: /home/jason/projects/motion_control_go2/install/mujoco/share/mujoco/model/flex/softbox.xml
-- Installing: /home/jason/projects/motion_control_go2/install/mujoco/share/mujoco/model/flex/bunny_with_uv.xml
-- Installing: /home/jason/projects/motion_control_go2/install/mujoco/share/mujoco/model/flex/sphere_radial.xml
-- Installing: /home/jason/projects/motion_control_go2/install/mujoco/share/mujoco/model/flex/poncho_vertcollide.xml
-- Installing: /home/jason/projects/motion_control_go2/install/mujoco/share/mujoco/model/flex/basket.xml
-- Installing: /home/jason/projects/motion_control_go2/install/mujoco/share/mujoco/model/flex/bunny.xml
-- Installing: /home/jason/projects/motion_control_go2/install/mujoco/share/mujoco/model/flex/jelly.xml
-- Installing: /home/jason/projects/motion_control_go2/install/mujoco/share/mujoco/model/flex/sphere_trilinear.xml
-- Installing: /home/jason/projects/motion_control_go2/install/mujoco/share/mujoco/model/flex/scene.xml
-- Installing: /home/jason/projects/motion_control_go2/install/mujoco/share/mujoco/model/flex/gripper.xml
-- Installing: /home/jason/projects/motion_control_go2/install/mujoco/share/mujoco/model/flex/asset
-- Installing: /home/jason/projects/motion_control_go2/install/mujoco/share/mujoco/model/flex/asset/sponge.png
-- Installing: /home/jason/projects/motion_control_go2/install/mujoco/share/mujoco/model/flex/asset/bunny.obj
-- Installing: /home/jason/projects/motion_control_go2/install/mujoco/share/mujoco/model/flex/asset/cap.obj
-- Installing: /home/jason/projects/motion_control_go2/install/mujoco/share/mujoco/model/flex/asset/bunny_with_uv.obj
-- Installing: /home/jason/projects/motion_control_go2/install/mujoco/share/mujoco/model/flex/pulley.xml
-- Installing: /home/jason/projects/motion_control_go2/install/mujoco/share/mujoco/model/flex/pancake.xml
-- Installing: /home/jason/projects/motion_control_go2/install/mujoco/share/mujoco/model/flex/plate.xml
-- Installing: /home/jason/projects/motion_control_go2/install/mujoco/share/mujoco/model/flex/gripper_trilinear.xml
-- Installing: /home/jason/projects/motion_control_go2/install/mujoco/share/mujoco/model/flex/flag.xml
-- Installing: /home/jason/projects/motion_control_go2/install/mujoco/share/mujoco/model/flex/sphere_full.xml
-- Installing: /home/jason/projects/motion_control_go2/install/mujoco/share/mujoco/model/flex/sphere_passive.xml
-- Installing: /home/jason/projects/motion_control_go2/install/mujoco/share/mujoco/model/replicate
-- Installing: /home/jason/projects/motion_control_go2/install/mujoco/share/mujoco/model/replicate/tendon.xml
-- Installing: /home/jason/projects/motion_control_go2/install/mujoco/share/mujoco/model/replicate/helix.xml
-- Installing: /home/jason/projects/motion_control_go2/install/mujoco/share/mujoco/model/replicate/README.md
-- Installing: /home/jason/projects/motion_control_go2/install/mujoco/share/mujoco/model/replicate/newton_cradle.xml
-- Installing: /home/jason/projects/motion_control_go2/install/mujoco/share/mujoco/model/replicate/bunny.obj
-- Installing: /home/jason/projects/motion_control_go2/install/mujoco/share/mujoco/model/replicate/particle_free2d.xml
-- Installing: /home/jason/projects/motion_control_go2/install/mujoco/share/mujoco/model/replicate/particle_free.xml
-- Installing: /home/jason/projects/motion_control_go2/install/mujoco/share/mujoco/model/replicate/cylinder.xml
-- Installing: /home/jason/projects/motion_control_go2/install/mujoco/share/mujoco/model/replicate/container.xml
-- Installing: /home/jason/projects/motion_control_go2/install/mujoco/share/mujoco/model/replicate/leaves.xml
-- Installing: /home/jason/projects/motion_control_go2/install/mujoco/share/mujoco/model/replicate/particle.xml
-- Installing: /home/jason/projects/motion_control_go2/install/mujoco/share/mujoco/model/replicate/scene.xml
-- Installing: /home/jason/projects/motion_control_go2/install/mujoco/share/mujoco/model/replicate/bowl.xml
-- Installing: /home/jason/projects/motion_control_go2/install/mujoco/share/mujoco/model/replicate/asset
-- Installing: /home/jason/projects/motion_control_go2/install/mujoco/share/mujoco/model/replicate/asset/marble.png
-- Installing: /home/jason/projects/motion_control_go2/install/mujoco/share/mujoco/model/replicate/bunnies.xml
-- Installing: /home/jason/projects/motion_control_go2/install/mujoco/share/mujoco/model/replicate/stonehenge.xml
-- Installing: /home/jason/projects/motion_control_go2/install/mujoco/share/mujoco/model/car
-- Installing: /home/jason/projects/motion_control_go2/install/mujoco/share/mujoco/model/car/car.xml
-- Installing: /home/jason/projects/motion_control_go2/install/mujoco/share/mujoco/model/balloons
-- Installing: /home/jason/projects/motion_control_go2/install/mujoco/share/mujoco/model/balloons/balloons.xml
