[0.015s] Invoking command in '/home/jason/projects/motion_control_go2/build/mujoco': /usr/bin/cmake --build /home/jason/projects/motion_control_go2/build/mujoco -- -j16 -l16
[0.073s] [  0%] [34m[1mGenerating xdg-shell-client-protocol.h[0m
[0.073s] [  0%] [34m[1mGenerating fractional-scale-v1-client-protocol-code.h[0m
[0.078s] [  1%] [34m[1mGenerating fractional-scale-v1-client-protocol.h[0m
[0.086s] [  1%] [32mBuilding C object _deps/ccd-build/src/CMakeFiles/ccd.dir/ccd.c.o[0m
[0.086s] [  1%] [32mBuilding C object _deps/qhull-build/CMakeFiles/qhullstatic_r.dir/src/libqhull_r/global_r.c.o[0m
[0.086s] [  1%] [34m[1mGenerating idle-inhibit-unstable-v1-client-protocol.h[0m
[0.086s] [  1%] [32mBuilding CXX object CMakeFiles/lodepng.dir/_deps/lodepng-src/lodepng.cpp.o[0m
[0.087s] [  1%] [34m[1mGenerating pointer-constraints-unstable-v1-client-protocol-code.h[0m
[0.087s] [  1%] [34m[1mGenerating idle-inhibit-unstable-v1-client-protocol-code.h[0m
[0.087s] [  1%] [34m[1mGenerating pointer-constraints-unstable-v1-client-protocol.h[0m
[0.094s] [  1%] [32mBuilding CXX object _deps/tinyobjloader-build/CMakeFiles/tinyobjloader.dir/tiny_obj_loader.cc.o[0m
[0.100s] [  1%] [34m[1mGenerating relative-pointer-unstable-v1-client-protocol-code.h[0m
[0.102s] [  1%] [32mBuilding CXX object _deps/abseil-cpp-build/absl/base/CMakeFiles/absl_log_severity.dir/log_severity.cc.o[0m
[0.108s] [  1%] [32mBuilding CXX object _deps/abseil-cpp-build/absl/time/CMakeFiles/absl_time_zone.dir/internal/cctz/src/time_zone_fixed.cc.o[0m
[0.110s] [  2%] [32mBuilding CXX object _deps/abseil-cpp-build/absl/base/CMakeFiles/absl_spinlock_wait.dir/internal/spinlock_wait.cc.o[0m
[0.110s] [  2%] [32mBuilding CXX object _deps/tinyxml2-build/CMakeFiles/tinyxml2.dir/tinyxml2.cpp.o[0m
[0.115s] [  2%] [32mBuilding CXX object _deps/abseil-cpp-build/absl/debugging/CMakeFiles/absl_utf8_for_code_point.dir/internal/utf8_for_code_point.cc.o[0m
[0.118s] [  2%] [32mBuilding CXX object _deps/abseil-cpp-build/absl/profiling/CMakeFiles/absl_exponential_biased.dir/internal/exponential_biased.cc.o[0m
[0.118s] [  2%] [34m[1mGenerating viewporter-client-protocol-code.h[0m
[0.124s] [  2%] [32mBuilding CXX object _deps/abseil-cpp-build/absl/time/CMakeFiles/absl_civil_time.dir/internal/cctz/src/civil_time_detail.cc.o[0m
[0.124s] [  2%] [34m[1mGenerating relative-pointer-unstable-v1-client-protocol.h[0m
[0.124s] [  2%] [34m[1mGenerating viewporter-client-protocol.h[0m
[0.128s] [  2%] [34m[1mGenerating wayland-client-protocol-code.h[0m
[0.131s] [  2%] [32mBuilding CXX object _deps/googletest-build/googletest/CMakeFiles/gtest.dir/src/gtest-all.cc.o[0m
[0.155s] [  2%] [34m[1mGenerating wayland-client-protocol.h[0m
[0.155s] [  2%] [34m[1mGenerating xdg-activation-v1-client-protocol-code.h[0m
[0.158s] [  2%] [32mBuilding CXX object _deps/abseil-cpp-build/absl/time/CMakeFiles/absl_time_zone.dir/internal/cctz/src/time_zone_format.cc.o[0m
[0.181s] [  4%] [32m[1mLinking CXX static library ../../../../lib/libabsl_utf8_for_code_point.a[0m
[0.181s] [  4%] [32mBuilding C object _deps/ccd-build/src/CMakeFiles/ccd.dir/mpr.c.o[0m
[0.190s] [  4%] [32mBuilding C object _deps/qhull-build/CMakeFiles/qhullstatic_r.dir/src/libqhull_r/stat_r.c.o[0m
[0.190s] [  4%] [34m[1mGenerating xdg-activation-v1-client-protocol.h[0m
[0.195s] [  4%] [32m[1mLinking CXX static library ../../../../lib/libabsl_spinlock_wait.a[0m
[0.195s] [  4%] [32mBuilding CXX object _deps/benchmark-build/src/CMakeFiles/benchmark.dir/benchmark.cc.o[0m
[0.202s] [  4%] [34m[1mGenerating xdg-decoration-unstable-v1-client-protocol-code.h[0m
[0.225s] [  4%] [32mBuilding CXX object _deps/abseil-cpp-build/absl/time/CMakeFiles/absl_time_zone.dir/internal/cctz/src/time_zone_if.cc.o[0m
[0.228s] [  4%] [34m[1mGenerating xdg-decoration-unstable-v1-client-protocol.h[0m
[0.254s] [  4%] Built target absl_spinlock_wait
[0.269s] [  4%] Built target absl_utf8_for_code_point
[0.269s] [  5%] [32mBuilding C object _deps/ccd-build/src/CMakeFiles/ccd.dir/polytope.c.o[0m
[0.269s] [  7%] [34m[1mGenerating xdg-shell-client-protocol-code.h[0m
[0.275s] [  7%] [32mBuilding CXX object _deps/abseil-cpp-build/absl/time/CMakeFiles/absl_time_zone.dir/internal/cctz/src/time_zone_impl.cc.o[0m
[0.280s] [  7%] [32mBuilding C object _deps/ccd-build/src/CMakeFiles/ccd.dir/support.c.o[0m
[0.311s] [  7%] [32mBuilding C object _deps/glfw3-build/src/CMakeFiles/glfw.dir/context.c.o[0m
[0.331s] [  8%] [32mBuilding C object _deps/glfw3-build/src/CMakeFiles/glfw.dir/init.c.o[0m
[0.365s] [  8%] [32mBuilding C object _deps/ccd-build/src/CMakeFiles/ccd.dir/vec3.c.o[0m
[0.398s] [  8%] [32mBuilding C object _deps/qhull-build/CMakeFiles/qhullstatic_r.dir/src/libqhull_r/geom2_r.c.o[0m
[0.434s] [ 10%] [32m[1mLinking CXX static library ../../../../lib/libabsl_log_severity.a[0m
[0.476s] [ 10%] [32mBuilding C object _deps/glfw3-build/src/CMakeFiles/glfw.dir/input.c.o[0m
[0.495s] [ 10%] [32mBuilding C object _deps/glfw3-build/src/CMakeFiles/glfw.dir/monitor.c.o[0m
[0.496s] [ 10%] [32m[1mLinking C static library ../../../lib/libccd.a[0m
[0.503s] [ 11%] [32m[1mLinking CXX static library ../../lib/libtinyxml2.a[0m
[0.551s] [ 11%] Built target absl_log_severity
[0.568s] [ 11%] [32mBuilding CXX object _deps/abseil-cpp-build/absl/time/CMakeFiles/absl_time_zone.dir/internal/cctz/src/time_zone_info.cc.o[0m
[0.572s] [ 13%] [32m[1mLinking CXX static library ../../../../lib/libabsl_exponential_biased.a[0m
[0.600s] [ 13%] Built target tinyxml2
[0.603s] [ 13%] [32mBuilding CXX object _deps/abseil-cpp-build/absl/base/CMakeFiles/absl_raw_logging_internal.dir/internal/raw_logging.cc.o[0m
[0.615s] [ 13%] Built target ccd
[0.632s] [ 13%] [32mBuilding CXX object _deps/abseil-cpp-build/absl/time/CMakeFiles/absl_time_zone.dir/internal/cctz/src/time_zone_libc.cc.o[0m
[0.637s] [ 14%] [32mBuilding CXX object _deps/abseil-cpp-build/absl/time/CMakeFiles/absl_time_zone.dir/internal/cctz/src/time_zone_lookup.cc.o[0m
[0.660s] [ 14%] Built target absl_exponential_biased
[0.674s] [ 14%] [32mBuilding C object _deps/glfw3-build/src/CMakeFiles/glfw.dir/platform.c.o[0m
[0.685s] [ 14%] [32mBuilding CXX object _deps/abseil-cpp-build/absl/time/CMakeFiles/absl_time_zone.dir/internal/cctz/src/time_zone_posix.cc.o[0m
[0.690s] [ 14%] [32mBuilding C object _deps/glfw3-build/src/CMakeFiles/glfw.dir/vulkan.c.o[0m
[0.723s] [ 14%] [32mBuilding C object _deps/glfw3-build/src/CMakeFiles/glfw.dir/window.c.o[0m
[0.738s] [ 14%] [32m[1mLinking CXX static library ../../../../lib/libabsl_civil_time.a[0m
[0.808s] [ 14%] [32mBuilding C object _deps/qhull-build/CMakeFiles/qhullstatic_r.dir/src/libqhull_r/poly2_r.c.o[0m
[0.819s] [ 14%] Built target absl_civil_time
[0.829s] [ 14%] [32mBuilding C object _deps/glfw3-build/src/CMakeFiles/glfw.dir/osmesa_context.c.o[0m
[0.830s] [ 15%] [32mBuilding C object _deps/glfw3-build/src/CMakeFiles/glfw.dir/egl_context.c.o[0m
[0.852s] [ 15%] [32mBuilding C object _deps/glfw3-build/src/CMakeFiles/glfw.dir/null_init.c.o[0m
[0.918s] [ 15%] [32mBuilding C object _deps/glfw3-build/src/CMakeFiles/glfw.dir/null_monitor.c.o[0m
[0.977s] [ 15%] [32mBuilding C object _deps/glfw3-build/src/CMakeFiles/glfw.dir/null_window.c.o[0m
[0.980s] [ 15%] [32m[1mLinking CXX static library ../../../../lib/libabsl_raw_logging_internal.a[0m
[0.982s] [ 15%] [32mBuilding C object _deps/glfw3-build/src/CMakeFiles/glfw.dir/null_joystick.c.o[0m
[1.001s] [ 15%] [32mBuilding CXX object _deps/abseil-cpp-build/absl/time/CMakeFiles/absl_time_zone.dir/internal/cctz/src/zone_info_source.cc.o[0m
[1.010s] [ 17%] [32mBuilding C object _deps/qhull-build/CMakeFiles/qhullstatic_r.dir/src/libqhull_r/merge_r.c.o[0m
[1.044s] [ 17%] [32mBuilding C object _deps/glfw3-build/src/CMakeFiles/glfw.dir/posix_module.c.o[0m
[1.084s] [ 17%] Built target absl_raw_logging_internal
[1.084s] [ 18%] [32mBuilding C object _deps/glfw3-build/src/CMakeFiles/glfw.dir/posix_time.c.o[0m
[1.084s] [ 18%] [32mBuilding C object _deps/glfw3-build/src/CMakeFiles/glfw.dir/x11_init.c.o[0m
[1.106s] [ 18%] [32mBuilding C object _deps/glfw3-build/src/CMakeFiles/glfw.dir/posix_thread.c.o[0m
[1.133s] [ 18%] [32m[1mLinking CXX static library lib/liblodepng.a[0m
[1.170s] [ 18%] [32mBuilding C object _deps/qhull-build/CMakeFiles/qhullstatic_r.dir/src/libqhull_r/libqhull_r.c.o[0m
[1.189s] [ 18%] [32mBuilding C object _deps/glfw3-build/src/CMakeFiles/glfw.dir/x11_monitor.c.o[0m
[1.191s] [ 18%] [32mBuilding C object _deps/glfw3-build/src/CMakeFiles/glfw.dir/x11_window.c.o[0m
[1.218s] [ 18%] Built target lodepng
[1.220s] [ 18%] [32mBuilding C object _deps/glfw3-build/src/CMakeFiles/glfw.dir/xkb_unicode.c.o[0m
[1.274s] [ 18%] [32mBuilding C object _deps/glfw3-build/src/CMakeFiles/glfw.dir/glx_context.c.o[0m
[1.276s] [ 18%] [32mBuilding C object _deps/qhull-build/CMakeFiles/qhullstatic_r.dir/src/libqhull_r/geom_r.c.o[0m
[1.279s] [ 20%] [32mBuilding CXX object _deps/abseil-cpp-build/absl/base/CMakeFiles/absl_throw_delegate.dir/internal/throw_delegate.cc.o[0m
[1.313s] [ 20%] [32mBuilding CXX object _deps/abseil-cpp-build/absl/base/CMakeFiles/absl_base.dir/internal/cycleclock.cc.o[0m
[1.393s] [ 21%] [32mBuilding C object _deps/glfw3-build/src/CMakeFiles/glfw.dir/wl_init.c.o[0m
[1.448s] [ 21%] [32mBuilding CXX object _deps/abseil-cpp-build/absl/debugging/CMakeFiles/absl_debugging_internal.dir/internal/address_is_readable.cc.o[0m
[1.560s] [ 21%] [32mBuilding CXX object _deps/abseil-cpp-build/absl/base/CMakeFiles/absl_base.dir/internal/spinlock.cc.o[0m
[1.617s] [ 21%] [32mBuilding C object _deps/glfw3-build/src/CMakeFiles/glfw.dir/wl_monitor.c.o[0m
[1.618s] [ 21%] [32mBuilding C object _deps/qhull-build/CMakeFiles/qhullstatic_r.dir/src/libqhull_r/poly_r.c.o[0m
[1.632s] [ 23%] [32mBuilding CXX object _deps/abseil-cpp-build/absl/strings/CMakeFiles/absl_cordz_functions.dir/internal/cordz_functions.cc.o[0m
[1.669s] [ 23%] [32mBuilding C object _deps/glfw3-build/src/CMakeFiles/glfw.dir/wl_window.c.o[0m
[1.733s] [ 23%] [32mBuilding C object _deps/glfw3-build/src/CMakeFiles/glfw.dir/linux_joystick.c.o[0m
[1.747s] [ 23%] [32mBuilding CXX object _deps/abseil-cpp-build/absl/base/CMakeFiles/absl_base.dir/internal/sysinfo.cc.o[0m
[1.777s] [ 23%] [32mBuilding C object _deps/glfw3-build/src/CMakeFiles/glfw.dir/posix_poll.c.o[0m
[1.803s] [ 24%] [32mBuilding CXX object _deps/abseil-cpp-build/absl/debugging/CMakeFiles/absl_debugging_internal.dir/internal/elf_mem_image.cc.o[0m
[1.803s] [ 24%] [32mBuilding C object _deps/qhull-build/CMakeFiles/qhullstatic_r.dir/src/libqhull_r/qset_r.c.o[0m
[1.881s] [ 24%] [32mBuilding CXX object _deps/abseil-cpp-build/absl/base/CMakeFiles/absl_base.dir/internal/thread_identity.cc.o[0m
[1.900s] [ 24%] [32mBuilding CXX object _deps/abseil-cpp-build/absl/base/CMakeFiles/absl_base.dir/internal/unscaledcycleclock.cc.o[0m
[1.967s] [ 24%] [32mBuilding C object _deps/qhull-build/CMakeFiles/qhullstatic_r.dir/src/libqhull_r/mem_r.c.o[0m
[1.978s] [ 24%] [32mBuilding CXX object _deps/abseil-cpp-build/absl/debugging/CMakeFiles/absl_debugging_internal.dir/internal/vdso_support.cc.o[0m
[2.003s] [ 24%] [32mBuilding CXX object _deps/benchmark-build/src/CMakeFiles/benchmark.dir/benchmark_api_internal.cc.o[0m
[2.109s] [ 24%] [32mBuilding C object _deps/qhull-build/CMakeFiles/qhullstatic_r.dir/src/libqhull_r/random_r.c.o[0m
[2.137s] [ 24%] [32m[1mLinking C static library ../../../lib/libglfw3.a[0m
[2.145s] [ 24%] [32m[1mLinking CXX static library ../../../../lib/libabsl_time_zone.a[0m
[2.149s] [ 24%] [32m[1mLinking CXX static library ../../../../lib/libabsl_throw_delegate.a[0m
[2.244s] [ 26%] [32mBuilding C object _deps/qhull-build/CMakeFiles/qhullstatic_r.dir/src/libqhull_r/usermem_r.c.o[0m
[2.256s] [ 26%] [32mBuilding CXX object _deps/benchmark-build/src/CMakeFiles/benchmark.dir/benchmark_name.cc.o[0m
[2.263s] [ 26%] [32mBuilding C object _deps/qhull-build/CMakeFiles/qhullstatic_r.dir/src/libqhull_r/userprintf_r.c.o[0m
[2.300s] [ 26%] Built target absl_time_zone
[2.319s] [ 27%] [32mBuilding CXX object _deps/benchmark-build/src/CMakeFiles/benchmark.dir/benchmark_register.cc.o[0m
[2.321s] [ 27%] Built target glfw
[2.336s] [ 27%] [32mBuilding C object _deps/qhull-build/CMakeFiles/qhullstatic_r.dir/src/libqhull_r/io_r.c.o[0m
[2.339s] [ 27%] Built target absl_throw_delegate
[2.346s] [ 27%] [32mBuilding CXX object _deps/benchmark-build/src/CMakeFiles/benchmark.dir/benchmark_runner.cc.o[0m
[2.352s] [ 27%] [32mBuilding C object _deps/qhull-build/CMakeFiles/qhullstatic_r.dir/src/libqhull_r/accessors_r.c.o[0m
[2.356s] [ 27%] [32mBuilding C object _deps/qhull-build/CMakeFiles/qhullstatic_r.dir/src/libqhull_r/user_r.c.o[0m
[2.362s] [ 27%] [32mBuilding CXX object _deps/benchmark-build/src/CMakeFiles/benchmark.dir/check.cc.o[0m
[2.460s] [ 27%] [32mBuilding C object _deps/qhull-build/CMakeFiles/qhullstatic_r.dir/src/libqhull_r/rboxlib_r.c.o[0m
[2.498s] [ 27%] [32mBuilding C object _deps/qhull-build/CMakeFiles/qhullstatic_r.dir/src/libqhull_r/userprintf_rbox_r.c.o[0m
[2.553s] [ 27%] [32mBuilding CXX object _deps/benchmark-build/src/CMakeFiles/benchmark.dir/colorprint.cc.o[0m
[2.599s] [ 27%] [32mBuilding CXX object _deps/benchmark-build/src/CMakeFiles/benchmark.dir/commandlineflags.cc.o[0m
[2.765s] [ 27%] [32mBuilding CXX object _deps/benchmark-build/src/CMakeFiles/benchmark.dir/complexity.cc.o[0m
[2.777s] [ 28%] [32m[1mLinking C static library ../../lib/libqhullstatic_r.a[0m
[2.896s] [ 28%] Built target qhullstatic_r
[2.925s] [ 28%] [32mBuilding CXX object _deps/benchmark-build/src/CMakeFiles/benchmark.dir/console_reporter.cc.o[0m
[2.934s] [ 28%] [32m[1mLinking CXX static library ../../../../lib/libabsl_debugging_internal.a[0m
[3.002s] [ 28%] [32m[1mLinking CXX static library ../../lib/libtinyobjloader.a[0m
[3.007s] [ 30%] [32mBuilding CXX object _deps/benchmark-build/src/CMakeFiles/benchmark.dir/counter.cc.o[0m
[3.046s] [ 30%] [32m[1mLinking CXX static library ../../../../lib/libabsl_cordz_functions.a[0m
[3.055s] [ 30%] Built target absl_debugging_internal
[3.074s] [ 30%] [32mBuilding CXX object _deps/benchmark-build/src/CMakeFiles/benchmark.dir/csv_reporter.cc.o[0m
[3.084s] [ 30%] Built target tinyobjloader
[3.104s] [ 30%] [32mBuilding CXX object _deps/benchmark-build/src/CMakeFiles/benchmark.dir/json_reporter.cc.o[0m
[3.134s] [ 30%] Built target absl_cordz_functions
[3.135s] [ 30%] [32mBuilding CXX object _deps/benchmark-build/src/CMakeFiles/benchmark.dir/perf_counters.cc.o[0m
[3.181s] [ 31%] [32mBuilding C object CMakeFiles/mujoco.dir/src/engine/engine_callback.c.o[0m
[3.273s] [ 31%] [32mBuilding C object CMakeFiles/mujoco.dir/src/engine/engine_collision_box.c.o[0m
[3.308s] [ 31%] [32mBuilding CXX object _deps/benchmark-build/src/CMakeFiles/benchmark.dir/statistics.cc.o[0m
[3.314s] [ 31%] [32mBuilding CXX object _deps/benchmark-build/src/CMakeFiles/benchmark.dir/reporter.cc.o[0m
[3.377s] [ 31%] [32m[1mLinking CXX static library ../../../../lib/libabsl_base.a[0m
[3.512s] [ 31%] Built target absl_base
[3.528s] [ 31%] [32mBuilding C object CMakeFiles/mujoco.dir/src/engine/engine_collision_convex.c.o[0m
[3.545s] [ 31%] [32mBuilding CXX object _deps/benchmark-build/src/CMakeFiles/benchmark.dir/string_util.cc.o[0m
[3.617s] [ 33%] [32mBuilding CXX object _deps/benchmark-build/src/CMakeFiles/benchmark.dir/sysinfo.cc.o[0m
[3.734s] [ 33%] [32mBuilding CXX object _deps/abseil-cpp-build/absl/base/CMakeFiles/absl_malloc_internal.dir/internal/low_level_alloc.cc.o[0m
[3.855s] [ 33%] [32mBuilding C object CMakeFiles/mujoco.dir/src/engine/engine_collision_driver.c.o[0m
[4.019s] [ 33%] [32mBuilding CXX object _deps/benchmark-build/src/CMakeFiles/benchmark.dir/timers.cc.o[0m
[4.030s] [ 33%] [32mBuilding C object CMakeFiles/mujoco.dir/src/engine/engine_collision_gjk.c.o[0m
[4.091s] [ 33%] [32mBuilding C object CMakeFiles/mujoco.dir/src/engine/engine_collision_primitive.c.o[0m
[4.239s] [ 34%] [32mBuilding C object CMakeFiles/mujoco.dir/src/engine/engine_collision_sdf.c.o[0m
[4.257s] [ 34%] [32mBuilding CXX object _deps/abseil-cpp-build/absl/base/CMakeFiles/absl_tracing_internal.dir/internal/tracing.cc.o[0m
[4.262s] [ 34%] [32mBuilding CXX object _deps/abseil-cpp-build/absl/strings/CMakeFiles/absl_strings_internal.dir/internal/ostringstream.cc.o[0m
[4.349s] [ 34%] [32m[1mLinking CXX static library ../../../../lib/libabsl_tracing_internal.a[0m
[4.365s] [ 34%] [32mBuilding C object CMakeFiles/mujoco.dir/src/engine/engine_core_constraint.c.o[0m
[4.393s] [ 34%] [32mBuilding CXX object _deps/abseil-cpp-build/absl/debugging/CMakeFiles/absl_decode_rust_punycode.dir/internal/decode_rust_punycode.cc.o[0m
[4.393s] [ 36%] [32mBuilding CXX object _deps/abseil-cpp-build/absl/numeric/CMakeFiles/absl_int128.dir/int128.cc.o[0m
[4.491s] [ 36%] Built target absl_tracing_internal
[4.518s] [ 36%] [32mBuilding CXX object _deps/abseil-cpp-build/absl/strings/CMakeFiles/absl_string_view.dir/string_view.cc.o[0m
[4.553s] [ 36%] [32mBuilding CXX object _deps/abseil-cpp-build/absl/crc/CMakeFiles/absl_crc_cpu_detect.dir/internal/cpu_detect.cc.o[0m
[4.560s] [ 36%] [32mBuilding C object CMakeFiles/mujoco.dir/src/engine/engine_core_util.c.o[0m
[4.757s] [ 36%] [32m[1mLinking CXX static library ../../../../lib/libabsl_malloc_internal.a[0m
[4.760s] [ 36%] [32mBuilding CXX object _deps/abseil-cpp-build/absl/strings/CMakeFiles/absl_strings_internal.dir/internal/utf8.cc.o[0m
[4.817s] [ 36%] [32mBuilding CXX object _deps/abseil-cpp-build/absl/strings/CMakeFiles/absl_strings_internal.dir/internal/escaping.cc.o[0m
[4.828s] [ 36%] Built target absl_malloc_internal
[4.847s] [ 36%] [32mBuilding C object CMakeFiles/mujoco.dir/src/engine/engine_core_smooth.c.o[0m
[4.863s] [ 37%] [32mBuilding CXX object _deps/abseil-cpp-build/absl/hash/CMakeFiles/absl_city.dir/internal/city.cc.o[0m
[4.904s] [ 37%] [32mBuilding CXX object CMakeFiles/mujoco.dir/src/engine/engine_crossplatform.cc.o[0m
[4.956s] [ 37%] [32mBuilding C object CMakeFiles/mujoco.dir/src/engine/engine_derivative.c.o[0m
[5.014s] [ 37%] [32m[1mLinking CXX static library ../../../../lib/libabsl_crc_cpu_detect.a[0m
[5.018s] [ 37%] [32m[1mLinking CXX static library ../../../../lib/libabsl_decode_rust_punycode.a[0m
[5.021s] [ 37%] [32mBuilding C object CMakeFiles/mujoco.dir/src/engine/engine_derivative_fd.c.o[0m
[5.047s] [ 39%] [32mBuilding C object CMakeFiles/mujoco.dir/src/engine/engine_forward.c.o[0m
[5.092s] [ 39%] Built target absl_decode_rust_punycode
[5.093s] [ 39%] Built target absl_crc_cpu_detect
[5.126s] [ 39%] [32mBuilding CXX object _deps/abseil-cpp-build/absl/debugging/CMakeFiles/absl_stacktrace.dir/stacktrace.cc.o[0m
[5.127s] [ 40%] [32mBuilding CXX object _deps/abseil-cpp-build/absl/debugging/CMakeFiles/absl_demangle_rust.dir/internal/demangle_rust.cc.o[0m
[5.152s] [ 40%] [32mBuilding C object CMakeFiles/mujoco.dir/src/engine/engine_inverse.c.o[0m
[5.160s] [ 40%] [32mBuilding C object CMakeFiles/mujoco.dir/src/engine/engine_init.c.o[0m
[5.221s] [ 40%] [32m[1mLinking CXX static library ../../../../lib/libabsl_string_view.a[0m
[5.234s] [ 40%] [32mBuilding CXX object _deps/abseil-cpp-build/absl/synchronization/CMakeFiles/absl_graphcycles_internal.dir/internal/graphcycles.cc.o[0m
[5.273s] [ 40%] [32m[1mLinking CXX static library ../../../../lib/libabsl_demangle_rust.a[0m
[5.297s] [ 40%] Built target absl_string_view
[5.308s] [ 40%] [32mBuilding C object CMakeFiles/mujoco.dir/src/engine/engine_island.c.o[0m
[5.338s] [ 40%] [32mBuilding CXX object _deps/abseil-cpp-build/absl/crc/CMakeFiles/absl_crc_internal.dir/internal/crc.cc.o[0m
[5.348s] [ 40%] Built target absl_demangle_rust
[5.365s] [ 40%] [32mBuilding CXX object _deps/abseil-cpp-build/absl/crc/CMakeFiles/absl_crc_internal.dir/internal/crc_x86_arm_combined.cc.o[0m
[5.388s] [ 40%] [32m[1mLinking CXX static library ../../../../lib/libabsl_strings_internal.a[0m
[5.461s] [ 40%] Built target absl_strings_internal
[5.477s] [ 40%] [32mBuilding C object CMakeFiles/mujoco.dir/src/engine/engine_io.c.o[0m
[5.493s] [ 40%] [32mBuilding C object CMakeFiles/mujoco.dir/src/engine/engine_memory.c.o[0m
[5.496s] [ 40%] [32mBuilding CXX object _deps/abseil-cpp-build/absl/debugging/CMakeFiles/absl_demangle_internal.dir/internal/demangle.cc.o[0m
[5.597s] [ 40%] [32m[1mLinking CXX static library ../../../../lib/libabsl_city.a[0m
[5.633s] [ 40%] [32mBuilding C object CMakeFiles/mujoco.dir/src/engine/engine_name.c.o[0m
[5.653s] [ 42%] [32mBuilding C object CMakeFiles/mujoco.dir/src/engine/engine_passive.c.o[0m
[5.670s] [ 42%] Built target absl_city
[5.670s] [ 42%] [32mBuilding CXX object CMakeFiles/mujoco.dir/src/engine/engine_plugin.cc.o[0m
[5.713s] [ 42%] [32mBuilding C object CMakeFiles/mujoco.dir/src/engine/engine_ray.c.o[0m
[5.719s] [ 42%] [32mBuilding C object CMakeFiles/mujoco.dir/src/engine/engine_print.c.o[0m
[5.898s] [ 42%] [32mBuilding C object CMakeFiles/mujoco.dir/src/engine/engine_sensor.c.o[0m
[5.942s] [ 42%] [32mBuilding C object CMakeFiles/mujoco.dir/src/engine/engine_setconst.c.o[0m
[5.942s] [ 42%] [32m[1mLinking CXX static library ../../../../lib/libabsl_stacktrace.a[0m
[5.960s] [ 42%] [32m[1mLinking CXX static library ../../../../lib/libabsl_int128.a[0m
[5.960s] [ 42%] [32mBuilding C object CMakeFiles/mujoco.dir/src/engine/engine_solver.c.o[0m
[6.012s] [ 42%] Built target absl_stacktrace
[6.015s] [ 42%] Built target absl_int128
[6.023s] [ 43%] [32mBuilding C object CMakeFiles/mujoco.dir/src/engine/engine_support.c.o[0m
[6.037s] [ 43%] [32mBuilding C object CMakeFiles/mujoco.dir/src/engine/engine_util_blas.c.o[0m
[6.057s] [ 43%] [32m[1mLinking CXX static library ../../../../lib/libabsl_graphcycles_internal.a[0m
[6.091s] [ 43%] [32m[1mLinking CXX static library ../../../../lib/libabsl_demangle_internal.a[0m
[6.101s] [ 43%] [32mBuilding C object CMakeFiles/mujoco.dir/src/engine/engine_util_errmem.c.o[0m
[6.116s] [ 43%] Built target absl_graphcycles_internal
[6.131s] [ 44%] [32mBuilding C object CMakeFiles/mujoco.dir/src/engine/engine_util_misc.c.o[0m
[6.131s] [ 44%] [32mBuilding CXX object _deps/abseil-cpp-build/absl/strings/CMakeFiles/absl_strings.dir/ascii.cc.o[0m
[6.173s] [ 44%] [32m[1mLinking CXX static library ../../../../lib/libabsl_crc_internal.a[0m
[6.173s] [ 44%] Built target absl_demangle_internal
[6.178s] [ 44%] [32mBuilding C object CMakeFiles/mujoco.dir/src/engine/engine_util_solve.c.o[0m
[6.192s] [ 44%] [32mBuilding CXX object _deps/abseil-cpp-build/absl/strings/CMakeFiles/absl_strings.dir/charconv.cc.o[0m
[6.222s] [ 44%] [32mBuilding C object CMakeFiles/mujoco.dir/src/engine/engine_util_sparse.c.o[0m
[6.244s] [ 44%] [32mBuilding C object CMakeFiles/mujoco.dir/src/engine/engine_util_spatial.c.o[0m
[6.244s] [ 44%] Built target absl_crc_internal
[6.266s] [ 44%] [32mBuilding CXX object _deps/abseil-cpp-build/absl/strings/CMakeFiles/absl_strings.dir/escaping.cc.o[0m
[6.369s] [ 46%] [32mBuilding C object CMakeFiles/mujoco.dir/src/engine/engine_vis_init.c.o[0m
[6.448s] [ 46%] [32mBuilding C object CMakeFiles/mujoco.dir/src/engine/engine_vis_interact.c.o[0m
[6.455s] [ 46%] [32mBuilding CXX object _deps/abseil-cpp-build/absl/strings/CMakeFiles/absl_strings.dir/internal/charconv_bigint.cc.o[0m
[6.502s] [ 46%] [32mBuilding C object CMakeFiles/mujoco.dir/src/engine/engine_vis_visualize.c.o[0m
[6.520s] [ 46%] [32mBuilding CXX object CMakeFiles/mujoco.dir/src/user/user_api.cc.o[0m
[6.546s] [ 46%] [32mBuilding CXX object CMakeFiles/mujoco.dir/src/user/user_cache.cc.o[0m
[6.579s] [ 46%] [32mBuilding CXX object CMakeFiles/mujoco.dir/src/user/user_composite.cc.o[0m
[6.595s] [ 46%] [32mBuilding CXX object CMakeFiles/mujoco.dir/src/user/user_flexcomp.cc.o[0m
[6.625s] [ 47%] [32mBuilding C object CMakeFiles/mujoco.dir/src/user/user_init.c.o[0m
[6.642s] [ 47%] [32mBuilding CXX object _deps/abseil-cpp-build/absl/strings/CMakeFiles/absl_strings.dir/internal/charconv_parse.cc.o[0m
[6.678s] [ 47%] [32mBuilding CXX object CMakeFiles/mujoco.dir/src/user/user_mesh.cc.o[0m
[6.712s] [ 47%] [32mBuilding CXX object CMakeFiles/mujoco.dir/src/user/user_model.cc.o[0m
[6.774s] [ 47%] [32mBuilding CXX object CMakeFiles/mujoco.dir/src/user/user_objects.cc.o[0m
[6.810s] [ 47%] [32mBuilding CXX object CMakeFiles/mujoco.dir/src/user/user_resource.cc.o[0m
[6.933s] [ 47%] [32m[1mLinking CXX static library ../../../lib/libbenchmark.a[0m
[7.014s] [ 47%] [32mBuilding CXX object CMakeFiles/mujoco.dir/src/user/user_util.cc.o[0m
[7.014s] [ 47%] Built target benchmark
[7.031s] [ 47%] [32mBuilding CXX object _deps/abseil-cpp-build/absl/strings/CMakeFiles/absl_strings.dir/internal/damerau_levenshtein_distance.cc.o[0m
[7.083s] [ 47%] [32mBuilding CXX object _deps/benchmark-build/src/CMakeFiles/benchmark_main.dir/benchmark_main.cc.o[0m
[7.201s] [ 47%] [32m[1mLinking CXX static library ../../../lib/libgtest.a[0m
[7.286s] [ 49%] [32mBuilding CXX object _deps/abseil-cpp-build/absl/strings/CMakeFiles/absl_strings.dir/internal/memutil.cc.o[0m
[7.322s] [ 49%] Built target gtest
[7.341s] [ 49%] [32mBuilding CXX object _deps/abseil-cpp-build/absl/strings/CMakeFiles/absl_strings.dir/internal/stringify_sink.cc.o[0m
[7.341s] [ 49%] [32mBuilding CXX object _deps/abseil-cpp-build/absl/strings/CMakeFiles/absl_strings.dir/match.cc.o[0m
[7.367s] [ 49%] [32mBuilding CXX object _deps/googletest-build/googlemock/CMakeFiles/gmock.dir/src/gmock-all.cc.o[0m
[7.445s] [ 49%] [32mBuilding CXX object _deps/abseil-cpp-build/absl/strings/CMakeFiles/absl_strings.dir/numbers.cc.o[0m
[7.597s] [ 49%] [32mBuilding CXX object _deps/abseil-cpp-build/absl/strings/CMakeFiles/absl_strings.dir/str_cat.cc.o[0m
[7.652s] [ 49%] [32mBuilding CXX object _deps/abseil-cpp-build/absl/strings/CMakeFiles/absl_strings.dir/str_replace.cc.o[0m
[7.675s] [ 49%] [32m[1mLinking CXX static library ../../../lib/libbenchmark_main.a[0m
[7.793s] [ 49%] Built target benchmark_main
[7.847s] [ 49%] [32mBuilding CXX object _deps/googletest-build/googletest/CMakeFiles/gtest_main.dir/src/gtest_main.cc.o[0m
[7.903s] [ 49%] [32mBuilding CXX object _deps/abseil-cpp-build/absl/strings/CMakeFiles/absl_strings.dir/str_split.cc.o[0m
[8.020s] [ 50%] [32mBuilding CXX object _deps/abseil-cpp-build/absl/strings/CMakeFiles/absl_strings.dir/substitute.cc.o[0m
[8.241s] [ 52%] [32mBuilding CXX object CMakeFiles/mujoco.dir/src/xml/xml_api.cc.o[0m
[8.251s] [ 52%] [32mBuilding CXX object CMakeFiles/mujoco.dir/src/user/user_vfs.cc.o[0m
[8.349s] [ 52%] [32mBuilding CXX object CMakeFiles/mujoco.dir/src/xml/xml.cc.o[0m
[8.352s] [ 52%] [32mBuilding CXX object CMakeFiles/mujoco.dir/src/xml/xml_base.cc.o[0m
[8.375s] [ 52%] [32mBuilding CXX object CMakeFiles/mujoco.dir/src/xml/xml_native_reader.cc.o[0m
[8.520s] [ 52%] [32mBuilding CXX object CMakeFiles/mujoco.dir/src/xml/xml_numeric_format.cc.o[0m
[8.549s] [ 52%] [32mBuilding CXX object CMakeFiles/mujoco.dir/src/xml/xml_native_writer.cc.o[0m
[8.574s] [ 52%] [32mBuilding CXX object CMakeFiles/mujoco.dir/src/xml/xml_urdf.cc.o[0m
[8.637s] [ 52%] [32m[1mLinking CXX static library ../../../../lib/libabsl_strings.a[0m
[8.695s] [ 52%] Built target absl_strings
[8.709s] [ 53%] [32mBuilding CXX object CMakeFiles/mujoco.dir/src/xml/xml_util.cc.o[0m
[8.754s] [ 53%] [32mBuilding C object CMakeFiles/mujoco.dir/src/render/glad/glad.c.o[0m
[8.769s] [ 53%] [32m[1mLinking CXX static library ../../../lib/libgtest_main.a[0m
[8.784s] [ 53%] [32mBuilding CXX object CMakeFiles/mujoco.dir/src/render/glad/loader.cc.o[0m
[8.813s] [ 53%] [32mBuilding C object CMakeFiles/mujoco.dir/src/render/render_context.c.o[0m
[8.823s] [ 53%] Built target gtest_main
[8.826s] [ 53%] [32mBuilding C object CMakeFiles/mujoco.dir/src/render/render_gl2.c.o[0m
[8.837s] [ 53%] [32mBuilding C object CMakeFiles/mujoco.dir/src/render/render_gl3.c.o[0m
[8.853s] [ 53%] [32mBuilding C object CMakeFiles/mujoco.dir/src/render/render_util.c.o[0m
[8.855s] [ 53%] [32mBuilding CXX object _deps/abseil-cpp-build/absl/debugging/CMakeFiles/absl_symbolize.dir/symbolize.cc.o[0m
[8.877s] [ 55%] [32mBuilding CXX object CMakeFiles/mujoco.dir/src/thread/thread_pool.cc.o[0m
[8.929s] [ 55%] [32mBuilding CXX object CMakeFiles/mujoco.dir/src/thread/thread_task.cc.o[0m
[9.016s] [ 55%] [32mBuilding C object CMakeFiles/mujoco.dir/src/ui/ui_main.c.o[0m
[9.061s] [ 55%] [32mBuilding CXX object _deps/abseil-cpp-build/absl/time/CMakeFiles/absl_time.dir/civil_time.cc.o[0m
[9.075s] [ 55%] [32mBuilding CXX object _deps/abseil-cpp-build/absl/time/CMakeFiles/absl_time.dir/clock.cc.o[0m
[9.135s] [ 55%] [32mBuilding CXX object _deps/abseil-cpp-build/absl/time/CMakeFiles/absl_time.dir/duration.cc.o[0m
[9.194s] [ 55%] [32mBuilding CXX object _deps/abseil-cpp-build/absl/time/CMakeFiles/absl_time.dir/format.cc.o[0m
[9.205s] [ 55%] [32mBuilding CXX object _deps/abseil-cpp-build/absl/strings/CMakeFiles/absl_str_format_internal.dir/internal/str_format/arg.cc.o[0m
[9.343s] [ 56%] [32m[1mLinking CXX static library ../../../../lib/libabsl_symbolize.a[0m
[9.348s] [ 57%] [32m[1mLinking CXX static library ../../../lib/libgmock.a[0m
[9.383s] [ 57%] Built target absl_symbolize
[9.392s] [ 57%] Built target gmock
[9.407s] [ 57%] [32mBuilding CXX object _deps/abseil-cpp-build/absl/strings/CMakeFiles/absl_str_format_internal.dir/internal/str_format/bind.cc.o[0m
[9.410s] [ 59%] [32mBuilding CXX object _deps/abseil-cpp-build/absl/hash/CMakeFiles/absl_hash.dir/internal/hash.cc.o[0m
[9.495s] [ 59%] [32mBuilding CXX object python/mujoco/util/CMakeFiles/array_traits_test.dir/array_traits_test.cc.o[0m
[9.536s] [ 59%] [32mBuilding CXX object _deps/abseil-cpp-build/absl/strings/CMakeFiles/absl_str_format_internal.dir/internal/str_format/extension.cc.o[0m
[9.672s] [ 59%] [32mBuilding CXX object _deps/abseil-cpp-build/absl/time/CMakeFiles/absl_time.dir/time.cc.o[0m
[9.718s] [ 59%] [32mBuilding CXX object _deps/abseil-cpp-build/absl/strings/CMakeFiles/absl_str_format_internal.dir/internal/str_format/float_conversion.cc.o[0m
[9.722s] [ 60%] [32mBuilding CXX object _deps/abseil-cpp-build/absl/strings/CMakeFiles/absl_str_format_internal.dir/internal/str_format/output.cc.o[0m
[9.759s] [ 60%] [32mBuilding CXX object python/mujoco/util/CMakeFiles/func_traits_test.dir/func_traits_test.cc.o[0m
[9.803s] [ 60%] [32mBuilding CXX object _deps/abseil-cpp-build/absl/strings/CMakeFiles/absl_str_format_internal.dir/internal/str_format/parser.cc.o[0m
[9.868s] [ 62%] [32mBuilding CXX object python/mujoco/util/CMakeFiles/func_wrap_test.dir/func_wrap_test.cc.o[0m
[10.037s] [ 62%] [32mBuilding CXX object python/mujoco/util/CMakeFiles/tuple_tools_test.dir/tuple_tools_test.cc.o[0m
[10.125s] [ 62%] [32m[1mLinking CXX static library ../../../../lib/libabsl_hash.a[0m
[10.170s] [ 62%] Built target absl_hash
[10.215s] [ 62%] [32m[1mLinking CXX static library ../../../../lib/libabsl_str_format_internal.a[0m
[10.267s] [ 62%] Built target absl_str_format_internal
[10.283s] [ 63%] [32m[1mLinking CXX static library ../../../../lib/libabsl_time.a[0m
[10.288s] [ 63%] [32mBuilding CXX object _deps/abseil-cpp-build/absl/crc/CMakeFiles/absl_crc32c.dir/crc32c.cc.o[0m
[10.290s] [ 63%] [32mBuilding CXX object _deps/abseil-cpp-build/absl/crc/CMakeFiles/absl_crc32c.dir/internal/crc_memcpy_fallback.cc.o[0m
[10.296s] [ 63%] [32mBuilding CXX object _deps/abseil-cpp-build/absl/crc/CMakeFiles/absl_crc32c.dir/internal/crc_non_temporal_memcpy.cc.o[0m
[10.296s] [ 63%] [32mBuilding CXX object _deps/abseil-cpp-build/absl/crc/CMakeFiles/absl_crc32c.dir/internal/crc_memcpy_x86_arm_combined.cc.o[0m
[10.344s] [ 63%] Built target absl_time
[10.384s] [ 63%] [32mBuilding CXX object _deps/abseil-cpp-build/absl/synchronization/CMakeFiles/absl_kernel_timeout_internal.dir/internal/kernel_timeout.cc.o[0m
[10.705s] [ 63%] [32m[1mLinking CXX executable ../../../bin/func_traits_test[0m
[10.889s] lto-wrapper: warning: using serial compilation of 6 LTRANS jobs
[10.956s] [ 63%] [32m[1mLinking CXX static library ../../../../lib/libabsl_kernel_timeout_internal.a[0m
[10.985s] [ 63%] Built target absl_kernel_timeout_internal
[10.999s] [ 63%] [32m[1mLinking CXX shared library lib/libmujoco.so[0m
[11.004s] [ 63%] [32mBuilding CXX object _deps/abseil-cpp-build/absl/synchronization/CMakeFiles/absl_synchronization.dir/barrier.cc.o[0m
[11.004s] [ 63%] [32mBuilding CXX object _deps/abseil-cpp-build/absl/synchronization/CMakeFiles/absl_synchronization.dir/internal/create_thread_identity.cc.o[0m
[11.004s] [ 63%] [32m[1mLinking CXX static library ../../../../lib/libabsl_crc32c.a[0m
[11.007s] [ 63%] [32mBuilding CXX object _deps/abseil-cpp-build/absl/synchronization/CMakeFiles/absl_synchronization.dir/internal/pthread_waiter.cc.o[0m
[11.007s] [ 63%] [32mBuilding CXX object _deps/abseil-cpp-build/absl/synchronization/CMakeFiles/absl_synchronization.dir/internal/per_thread_sem.cc.o[0m
[11.007s] [ 63%] [32mBuilding CXX object _deps/abseil-cpp-build/absl/synchronization/CMakeFiles/absl_synchronization.dir/blocking_counter.cc.o[0m
[11.007s] [ 65%] [32mBuilding CXX object _deps/abseil-cpp-build/absl/synchronization/CMakeFiles/absl_synchronization.dir/internal/sem_waiter.cc.o[0m
[11.007s] [ 63%] [32mBuilding CXX object _deps/abseil-cpp-build/absl/synchronization/CMakeFiles/absl_synchronization.dir/internal/futex_waiter.cc.o[0m
[11.007s] [ 63%] [32mBuilding CXX object _deps/abseil-cpp-build/absl/synchronization/CMakeFiles/absl_synchronization.dir/internal/waiter_base.cc.o[0m
[11.007s] [ 63%] [32mBuilding CXX object _deps/abseil-cpp-build/absl/synchronization/CMakeFiles/absl_synchronization.dir/internal/stdcpp_waiter.cc.o[0m
[11.013s] [ 65%] [32mBuilding CXX object _deps/abseil-cpp-build/absl/synchronization/CMakeFiles/absl_synchronization.dir/internal/win32_waiter.cc.o[0m
[11.041s] [ 65%] [32mBuilding CXX object _deps/abseil-cpp-build/absl/synchronization/CMakeFiles/absl_synchronization.dir/notification.cc.o[0m
[11.049s] [ 65%] Built target absl_crc32c
[11.059s] [ 65%] [32mBuilding CXX object _deps/abseil-cpp-build/absl/synchronization/CMakeFiles/absl_synchronization.dir/mutex.cc.o[0m
[11.232s] [ 65%] [32m[1mLinking CXX executable ../../../bin/tuple_tools_test[0m
[11.362s] [ 66%] [32m[1mLinking CXX executable ../../../bin/array_traits_test[0m
[11.378s] [ 66%] [32mBuilding CXX object _deps/abseil-cpp-build/absl/crc/CMakeFiles/absl_crc_cord_state.dir/internal/crc_cord_state.cc.o[0m
[11.456s] lto-wrapper: warning: using serial compilation of 6 LTRANS jobs
[11.540s] lto-wrapper: warning: using serial compilation of 6 LTRANS jobs
[11.752s] [ 66%] [32m[1mLinking CXX static library ../../../../lib/libabsl_synchronization.a[0m
[11.789s] [ 66%] Built target absl_synchronization
[11.804s] [ 66%] [32mBuilding CXX object _deps/abseil-cpp-build/absl/container/CMakeFiles/absl_hashtablez_sampler.dir/internal/hashtablez_sampler.cc.o[0m
[11.804s] [ 66%] [32mBuilding CXX object _deps/abseil-cpp-build/absl/strings/CMakeFiles/absl_cordz_handle.dir/internal/cordz_handle.cc.o[0m
[11.805s] [ 66%] [32mBuilding CXX object _deps/abseil-cpp-build/absl/container/CMakeFiles/absl_hashtablez_sampler.dir/internal/hashtablez_sampler_force_weak_definition.cc.o[0m
[11.857s] [ 68%] [32m[1mLinking CXX static library ../../../../lib/libabsl_crc_cord_state.a[0m
[11.885s] [ 68%] Built target absl_crc_cord_state
[11.901s] [ 68%] [32mBuilding CXX object _deps/abseil-cpp-build/absl/strings/CMakeFiles/absl_cord_internal.dir/internal/cord_rep_btree.cc.o[0m
[11.901s] [ 68%] [32mBuilding CXX object _deps/abseil-cpp-build/absl/strings/CMakeFiles/absl_cord_internal.dir/internal/cord_rep_btree_navigator.cc.o[0m
[11.901s] [ 68%] [32mBuilding CXX object _deps/abseil-cpp-build/absl/strings/CMakeFiles/absl_cord_internal.dir/internal/cord_rep_btree_reader.cc.o[0m
[11.901s] [ 68%] [32mBuilding CXX object _deps/abseil-cpp-build/absl/strings/CMakeFiles/absl_cord_internal.dir/internal/cord_rep_crc.cc.o[0m
[11.903s] [ 68%] [32mBuilding CXX object _deps/abseil-cpp-build/absl/strings/CMakeFiles/absl_cord_internal.dir/internal/cord_rep_consume.cc.o[0m
[11.915s] [ 69%] [32mBuilding CXX object _deps/abseil-cpp-build/absl/strings/CMakeFiles/absl_cord_internal.dir/internal/cord_internal.cc.o[0m
[11.925s] [ 69%] [32m[1mLinking CXX executable ../../../bin/func_wrap_test[0m
[12.113s] lto-wrapper: warning: using serial compilation of 6 LTRANS jobs
[12.208s] lto-wrapper: warning: using serial compilation of 63 LTRANS jobs
[12.224s] [ 69%] [32m[1mLinking CXX static library ../../../../lib/libabsl_cordz_handle.a[0m
[12.257s] [ 69%] [32m[1mLinking CXX static library ../../../../lib/libabsl_hashtablez_sampler.a[0m
[12.270s] [ 69%] Built target absl_cordz_handle
[12.330s] [ 69%] Built target absl_hashtablez_sampler
[12.677s] [ 69%] [32m[1mLinking CXX static library ../../../../lib/libabsl_cord_internal.a[0m
[12.704s] [ 69%] Built target absl_cord_internal
[12.720s] [ 69%] [32mBuilding CXX object _deps/abseil-cpp-build/absl/strings/CMakeFiles/absl_cordz_info.dir/internal/cordz_info.cc.o[0m
[13.279s] [ 69%] [32m[1mLinking CXX static library ../../../../lib/libabsl_cordz_info.a[0m
[13.313s] [ 69%] Built target absl_cordz_info
[13.325s] [ 69%] [32mBuilding CXX object _deps/abseil-cpp-build/absl/strings/CMakeFiles/absl_cord.dir/cord_analysis.cc.o[0m
[13.325s] [ 69%] [32mBuilding CXX object _deps/abseil-cpp-build/absl/strings/CMakeFiles/absl_cord.dir/cord.cc.o[0m
[14.013s] [ 69%] Built target func_traits_test
[14.102s] [ 69%] [32m[1mLinking CXX static library ../../../../lib/libabsl_cord.a[0m
[14.125s] [ 69%] Built target absl_cord
[14.135s] [ 69%] [32mBuilding CXX object _deps/abseil-cpp-build/absl/container/CMakeFiles/absl_raw_hash_set.dir/internal/raw_hash_set.cc.o[0m
[14.398s] [ 69%] Built target tuple_tools_test
[14.575s] [ 69%] Built target array_traits_test
[14.799s] [ 69%] [32m[1mLinking CXX static library ../../../../lib/libabsl_raw_hash_set.a[0m
[14.832s] [ 69%] Built target absl_raw_hash_set
[15.172s] [ 69%] Built target func_wrap_test
[48.050s] [ 69%] Built target mujoco
[48.066s] [ 71%] [32mBuilding CXX object plugin/sdf/CMakeFiles/sdf_plugin.dir/sdf.cc.o[0m
[48.067s] [ 71%] [32mBuilding CXX object plugin/sensor/CMakeFiles/sensor.dir/touch_grid.cc.o[0m
[48.067s] [ 72%] [32mBuilding CXX object sample/CMakeFiles/testspeed.dir/testspeed.cc.o[0m
[48.067s] [ 72%] [32mBuilding CXX object plugin/sdf/CMakeFiles/sdf_plugin.dir/bolt.cc.o[0m
[48.067s] [ 72%] [32mBuilding CXX object plugin/elasticity/CMakeFiles/elasticity.dir/cable.cc.o[0m
[48.067s] [ 72%] [32mBuilding CXX object sample/CMakeFiles/basic.dir/basic.cc.o[0m
[48.067s] [ 72%] [32mBuilding CXX object plugin/elasticity/CMakeFiles/elasticity.dir/register.cc.o[0m
[48.067s] [ 72%] [32mBuilding CXX object plugin/sensor/CMakeFiles/sensor.dir/register.cc.o[0m
[48.068s] [ 72%] [32mBuilding CXX object plugin/actuator/CMakeFiles/actuator.dir/pid.cc.o[0m
[48.068s] [ 72%] [32mBuilding CXX object plugin/sdf/CMakeFiles/sdf_plugin.dir/bowl.cc.o[0m
[48.069s] [ 72%] [32mBuilding CXX object plugin/sdf/CMakeFiles/sdf_plugin.dir/gear.cc.o[0m
[48.069s] [ 72%] [32mBuilding CXX object plugin/elasticity/CMakeFiles/elasticity.dir/elasticity.cc.o[0m
[48.069s] [ 72%] [32mBuilding CXX object simulate/CMakeFiles/platform_ui_adapter.dir/glfw_adapter.cc.o[0m
[48.073s] [ 72%] [32mBuilding CXX object sample/CMakeFiles/compile.dir/compile.cc.o[0m
[48.073s] [ 72%] [32mBuilding CXX object test/CMakeFiles/fixture.dir/fixture.cc.o[0m
[48.073s] [ 72%] [32mBuilding CXX object sample/CMakeFiles/record.dir/record.cc.o[0m
[48.144s] [ 72%] [32mBuilding CXX object plugin/actuator/CMakeFiles/actuator.dir/register.cc.o[0m
[48.149s] [ 72%] [32mBuilding CXX object simulate/CMakeFiles/platform_ui_adapter.dir/glfw_dispatch.cc.o[0m
[48.315s] [ 72%] [32m[1mLinking CXX executable ../bin/basic[0m
[48.335s] [ 72%] [32mBuilding CXX object plugin/sdf/CMakeFiles/sdf_plugin.dir/register.cc.o[0m
[48.352s] [ 72%] [32mBuilding CXX object simulate/CMakeFiles/platform_ui_adapter.dir/platform_ui_adapter.cc.o[0m
[48.387s] [ 73%] [32mBuilding CXX object plugin/sdf/CMakeFiles/sdf_plugin.dir/nut.cc.o[0m
[48.387s] [ 73%] [32m[1mLinking CXX executable ../bin/compile[0m
[48.390s] [ 75%] [32m[1mLinking CXX executable ../bin/record[0m
[48.391s] [ 75%] [32mBuilding CXX object plugin/sdf/CMakeFiles/sdf_plugin.dir/torus.cc.o[0m
[48.409s] [ 75%] [32m[1mLinking CXX shared library ../../lib/libactuator.so[0m
[48.428s] lto-wrapper: warning: using serial compilation of 4 LTRANS jobs
[48.440s] [ 75%] [32m[1mLinking CXX shared library ../../lib/libsensor.so[0m
[48.456s] [ 75%] [32m[1mLinking CXX shared library ../../lib/libelasticity.so[0m
[48.471s] [ 75%] Built target compile
[48.486s] [ 75%] [32m[1mLinking CXX executable ../bin/testspeed[0m
[48.489s] lto-wrapper: warning: using serial compilation of 3 LTRANS jobs
[48.535s] [ 75%] Built target actuator
[48.538s] [ 75%] Built target platform_ui_adapter
[48.562s] [ 75%] [32mBuilding CXX object simulate/CMakeFiles/libmujoco_simulate.dir/simulate.cc.o[0m
[48.625s] [ 75%] Built target elasticity
[48.626s] [ 75%] Built target testspeed
[48.667s] [ 75%] Built target sensor
[48.679s] [ 75%] [32m[1mLinking CXX shared library ../../lib/libsdf_plugin.so[0m
[49.059s] [ 75%] Built target sdf_plugin
[49.171s] [ 76%] [32m[1mLinking CXX static library ../lib/libsimulate.a[0m
[49.215s] [ 76%] Built target libmujoco_simulate
[49.236s] [ 76%] [32mBuilding CXX object simulate/CMakeFiles/simulate.dir/main.cc.o[0m
[49.704s] [ 76%] [32m[1mLinking CXX executable ../bin/simulate[0m
[49.818s] [ 76%] Built target basic
[49.818s] [ 76%] Built target record
[49.844s] lto-wrapper: warning: using serial compilation of 5 LTRANS jobs
[50.059s] [ 76%] [32m[1mLinking CXX static library ../lib/libfixture.a[0m
[50.090s] [ 76%] Built target fixture
[50.123s] [ 78%] [32mBuilding CXX object test/CMakeFiles/header_test.dir/header_test.cc.o[0m
[50.123s] [ 78%] [32mBuilding CXX object test/CMakeFiles/fixture_test.dir/fixture_test.cc.o[0m
[50.124s] [ 78%] [32mBuilding CXX object test/benchmark/CMakeFiles/thread_performance_test.dir/thread_performance_test.cc.o[0m
[50.124s] [ 78%] [32mBuilding CXX object test/benchmark/CMakeFiles/factorI_benchmark_test.dir/factorI_benchmark_test.cc.o[0m
[50.124s] [ 78%] [32mBuilding CXX object test/benchmark/CMakeFiles/ccd_benchmark_test.dir/ccd_benchmark_test.cc.o[0m
[50.124s] [ 78%] [32mBuilding CXX object test/benchmark/CMakeFiles/parse_benchmark_test.dir/parse_benchmark_test.cc.o[0m
[50.124s] [ 78%] [32mBuilding CXX object test/CMakeFiles/pipeline_test.dir/pipeline_test.cc.o[0m
[50.124s] [ 78%] [32mBuilding CXX object test/benchmark/CMakeFiles/step_benchmark_test.dir/step_benchmark_test.cc.o[0m
[50.124s] [ 78%] [32mBuilding CXX object test/benchmark/CMakeFiles/inertia_benchmark_test.dir/inertia_benchmark_test.cc.o[0m
[50.124s] [ 78%] [32mBuilding CXX object test/benchmark/CMakeFiles/iszero_benchmark_test.dir/iszero_benchmark_test.cc.o[0m
[50.124s] [ 79%] [32mBuilding CXX object test/benchmark/CMakeFiles/engine_util_spatial_benchmark_test.dir/engine_util_spatial_benchmark_test.cc.o[0m
[50.135s] [ 81%] [32mBuilding CXX object test/engine/CMakeFiles/engine_collision_box_test.dir/engine_collision_box_test.cc.o[0m
[50.142s] [ 82%] [32mBuilding CXX object test/benchmark/CMakeFiles/solveLD_benchmark_test.dir/solveLD_benchmark_test.cc.o[0m
[50.142s] [ 82%] [32mBuilding CXX object test/engine/CMakeFiles/engine_collision_convex_test.dir/engine_collision_convex_test.cc.o[0m
[50.148s] [ 82%] [32mBuilding CXX object test/benchmark/CMakeFiles/engine_util_sparse_benchmark_test.dir/engine_util_sparse_benchmark_test.cc.o[0m
[50.561s] [ 82%] [32m[1mLinking CXX executable ../../bin/iszero_benchmark_test[0m
[50.755s] lto-wrapper: warning: using serial compilation of 5 LTRANS jobs
[51.083s] [ 82%] [32m[1mLinking CXX executable ../../bin/inertia_benchmark_test[0m
[51.094s] [ 82%] [32m[1mLinking CXX executable ../../bin/thread_performance_test[0m
[51.171s] [ 82%] [32m[1mLinking CXX executable ../../bin/engine_util_spatial_benchmark_test[0m
[51.235s] [ 82%] [32m[1mLinking CXX executable ../../bin/parse_benchmark_test[0m
[51.317s] [ 82%] [32m[1mLinking CXX executable ../../bin/engine_collision_box_test[0m
[51.349s] [ 82%] [32m[1mLinking CXX executable ../../bin/ccd_benchmark_test[0m
[51.389s] lto-wrapper: warning: using serial compilation of 7 LTRANS jobs
[51.401s] [ 82%] [32m[1mLinking CXX executable ../../bin/step_benchmark_test[0m
[51.402s] lto-wrapper: warning: using serial compilation of 5 LTRANS jobs
[51.411s] [ 82%] [32m[1mLinking CXX executable ../../bin/solveLD_benchmark_test[0m
[51.482s] [ 84%] [32m[1mLinking CXX executable ../../bin/factorI_benchmark_test[0m
[51.542s] lto-wrapper: warning: using serial compilation of 7 LTRANS jobs
[51.575s] lto-wrapper: warning: using serial compilation of 7 LTRANS jobs
[51.600s] [ 84%] [32m[1mLinking CXX executable ../bin/fixture_test[0m
[51.619s] lto-wrapper: warning: using serial compilation of 6 LTRANS jobs
[51.628s] [ 84%] [32m[1mLinking CXX executable ../bin/header_test[0m
[51.660s] lto-wrapper: warning: using serial compilation of 7 LTRANS jobs
[51.726s] [ 84%] [32m[1mLinking CXX executable ../bin/pipeline_test[0m
[51.745s] lto-wrapper: warning: using serial compilation of 7 LTRANS jobs
[51.753s] [ 84%] [32m[1mLinking CXX executable ../../bin/engine_collision_convex_test[0m
[51.850s] lto-wrapper: warning: using serial compilation of 7 LTRANS jobs
[51.871s] lto-wrapper: warning: using serial compilation of 6 LTRANS jobs
[51.939s] lto-wrapper: warning: using serial compilation of 7 LTRANS jobs
[51.940s] lto-wrapper: warning: using serial compilation of 8 LTRANS jobs
[51.990s] lto-wrapper: warning: using serial compilation of 6 LTRANS jobs
[52.059s] lto-wrapper: warning: using serial compilation of 5 LTRANS jobs
[52.097s] [ 84%] [32m[1mLinking CXX executable ../../bin/engine_util_sparse_benchmark_test[0m
[52.571s] lto-wrapper: warning: using serial compilation of 7 LTRANS jobs
[54.727s] [ 84%] Built target iszero_benchmark_test
[54.744s] [ 84%] [32mBuilding CXX object test/engine/CMakeFiles/engine_collision_driver_test.dir/engine_collision_driver_test.cc.o[0m
[54.815s] [ 84%] Built target simulate
[54.840s] [ 84%] [32mBuilding CXX object test/engine/CMakeFiles/engine_collision_gjk_test.dir/engine_collision_gjk_test.cc.o[0m
[55.517s] [ 84%] Built target engine_collision_box_test
[55.538s] [ 84%] [32mBuilding CXX object test/engine/CMakeFiles/engine_core_constraint_test.dir/engine_core_constraint_test.cc.o[0m
[55.694s] [ 84%] Built target thread_performance_test
[55.710s] [ 84%] [32mBuilding CXX object test/engine/CMakeFiles/engine_core_smooth_test.dir/engine_core_smooth_test.cc.o[0m
[56.295s] [ 84%] [32m[1mLinking CXX executable ../../bin/engine_collision_driver_test[0m
[56.312s] [ 84%] Built target pipeline_test
[56.347s] [ 84%] [32mBuilding CXX object test/engine/CMakeFiles/engine_derivative_test.dir/engine_derivative_test.cc.o[0m
[56.365s] [ 84%] Built target inertia_benchmark_test
[56.382s] [ 85%] [32mBuilding CXX object test/engine/CMakeFiles/engine_forward_test.dir/engine_forward_test.cc.o[0m
[56.494s] [ 85%] Built target engine_util_spatial_benchmark_test
[56.519s] [ 85%] [32mBuilding CXX object test/engine/CMakeFiles/engine_inverse_test.dir/engine_inverse_test.cc.o[0m
[56.736s] lto-wrapper: warning: using serial compilation of 7 LTRANS jobs
[56.897s] [ 85%] Built target fixture_test
[56.911s] [ 85%] [32m[1mLinking CXX executable ../../bin/engine_core_constraint_test[0m
[56.915s] [ 85%] [32mBuilding CXX object test/engine/CMakeFiles/engine_island_test.dir/engine_island_test.cc.o[0m
[56.993s] [ 86%] [32m[1mLinking CXX executable ../../bin/engine_collision_gjk_test[0m
[57.074s] [ 86%] Built target engine_collision_convex_test
[57.116s] [ 86%] [32mBuilding CXX object test/engine/CMakeFiles/engine_io_test.dir/engine_io_test.cc.o[0m
[57.174s] [ 86%] Built target ccd_benchmark_test
[57.207s] lto-wrapper: warning: using serial compilation of 7 LTRANS jobs
[57.212s] [ 86%] [32mBuilding CXX object test/engine/CMakeFiles/engine_plugin_test.dir/engine_plugin_test.cc.o[0m
[57.246s] [ 86%] Built target header_test
[57.279s] [ 86%] [32mBuilding CXX object test/engine/CMakeFiles/engine_passive_test.dir/engine_passive_test.cc.o[0m
[57.279s] lto-wrapper: warning: using serial compilation of 9 LTRANS jobs
[57.314s] [ 86%] Built target factorI_benchmark_test
[57.347s] [ 86%] [32mBuilding CXX object test/engine/CMakeFiles/engine_print_test.dir/engine_print_test.cc.o[0m
[57.374s] [ 86%] Built target parse_benchmark_test
[57.391s] [ 86%] Built target step_benchmark_test
[57.396s] [ 86%] [32mBuilding CXX object test/engine/CMakeFiles/engine_ray_test.dir/engine_ray_test.cc.o[0m
[57.420s] [ 86%] [32mBuilding CXX object test/engine/CMakeFiles/engine_sensor_test.dir/engine_sensor_test.cc.o[0m
[57.435s] [ 86%] Built target solveLD_benchmark_test
[57.462s] [ 86%] [32mBuilding CXX object test/engine/CMakeFiles/engine_solver_test.dir/engine_solver_test.cc.o[0m
[57.569s] [ 86%] Built target engine_util_sparse_benchmark_test
[57.601s] [ 88%] [32mBuilding CXX object test/engine/CMakeFiles/engine_sort_test.dir/engine_sort_test.cc.o[0m
[57.661s] [ 88%] [32m[1mLinking CXX executable ../../bin/engine_inverse_test[0m
[58.172s] lto-wrapper: warning: using serial compilation of 6 LTRANS jobs
[58.172s] [ 88%] [32m[1mLinking CXX executable ../../bin/engine_core_smooth_test[0m
[58.181s] [ 88%] [32m[1mLinking CXX executable ../../bin/engine_derivative_test[0m
[58.569s] lto-wrapper: warning: using serial compilation of 7 LTRANS jobs
[58.588s] [ 89%] [32m[1mLinking CXX executable ../../bin/engine_print_test[0m
[58.607s] [ 89%] [32m[1mLinking CXX executable ../../bin/engine_forward_test[0m
[58.708s] [ 89%] [32m[1mLinking CXX executable ../../bin/engine_passive_test[0m
[58.830s] lto-wrapper: warning: using serial compilation of 5 LTRANS jobs
[58.940s] lto-wrapper: warning: using serial compilation of 6 LTRANS jobs
[58.950s] [ 89%] [32m[1mLinking CXX executable ../../bin/engine_sort_test[0m
[59.010s] lto-wrapper: warning: using serial compilation of 9 LTRANS jobs
[59.012s] lto-wrapper: warning: using serial compilation of 11 LTRANS jobs
[59.092s] [ 89%] [32m[1mLinking CXX executable ../../bin/engine_ray_test[0m
[59.119s] [ 91%] [32m[1mLinking CXX executable ../../bin/engine_island_test[0m
[59.178s] [ 91%] [32m[1mLinking CXX executable ../../bin/engine_solver_test[0m
[59.251s] [ 91%] [32m[1mLinking CXX executable ../../bin/engine_sensor_test[0m
[59.273s] lto-wrapper: warning: using serial compilation of 7 LTRANS jobs
[59.366s] lto-wrapper: warning: using serial compilation of 8 LTRANS jobs
[59.375s] lto-wrapper: warning: using serial compilation of 6 LTRANS jobs
[59.435s] lto-wrapper: warning: using serial compilation of 8 LTRANS jobs
[59.443s] [ 91%] [32m[1mLinking CXX executable ../../bin/engine_io_test[0m
[59.565s] [ 91%] [32m[1mLinking CXX executable ../../bin/engine_plugin_test[0m
[59.609s] lto-wrapper: warning: using serial compilation of 10 LTRANS jobs
[59.790s] lto-wrapper: warning: using serial compilation of 10 LTRANS jobs
[60.297s] lto-wrapper: warning: using serial compilation of 10 LTRANS jobs
[61.826s] [ 91%] Built target engine_collision_driver_test
[61.849s] [ 91%] Built target engine_inverse_test
[61.858s] [ 91%] [32mBuilding CXX object test/engine/CMakeFiles/engine_support_test.dir/engine_support_test.cc.o[0m
[61.869s] [ 91%] [32mBuilding CXX object test/engine/CMakeFiles/engine_thread_test.dir/engine_thread_test.cc.o[0m
[61.876s] [ 91%] Built target engine_core_constraint_test
[61.914s] [ 91%] [32mBuilding CXX object test/engine/CMakeFiles/engine_util_blas_test.dir/engine_util_blas_test.cc.o[0m
[63.189s] [ 91%] Built target engine_solver_test
[63.203s] [ 91%] [32mBuilding CXX object test/engine/CMakeFiles/engine_util_errmem_test.dir/engine_util_errmem_test.cc.o[0m
[63.283s] [ 91%] Built target engine_print_test
[63.318s] [ 91%] [32mBuilding CXX object test/engine/CMakeFiles/engine_util_solve_test.dir/engine_util_solve_test.cc.o[0m
[63.388s] [ 91%] Built target engine_derivative_test
[63.423s] [ 91%] [32mBuilding CXX object test/engine/CMakeFiles/engine_util_spatial_test.dir/engine_util_spatial_test.cc.o[0m
[63.482s] [ 91%] [32m[1mLinking CXX executable ../../bin/engine_thread_test[0m
[63.486s] [ 91%] Built target engine_passive_test
[63.520s] [ 91%] [32mBuilding CXX object test/engine/CMakeFiles/engine_vis_visualize_test.dir/engine_vis_visualize_test.cc.o[0m
[63.705s] [ 91%] Built target engine_collision_gjk_test
[63.747s] [ 92%] [32mBuilding CXX object test/user/CMakeFiles/user_model_test.dir/user_model_test.cc.o[0m
[63.850s] [ 92%] [32m[1mLinking CXX executable ../../bin/engine_util_errmem_test[0m
[63.865s] [ 92%] [32m[1mLinking CXX executable ../../bin/engine_support_test[0m
[63.876s] lto-wrapper: warning: using serial compilation of 8 LTRANS jobs
[63.887s] [ 94%] [32m[1mLinking CXX executable ../../bin/engine_util_blas_test[0m
[64.035s] lto-wrapper: warning: using serial compilation of 6 LTRANS jobs
[64.180s] lto-wrapper: warning: using serial compilation of 7 LTRANS jobs
[64.374s] lto-wrapper: warning: using serial compilation of 9 LTRANS jobs
[64.405s] [ 94%] Built target engine_ray_test
[64.420s] [ 94%] [32mBuilding CXX object test/user/CMakeFiles/user_objects_test.dir/user_objects_test.cc.o[0m
[64.711s] [ 94%] Built target engine_island_test
[64.744s] [ 94%] [32mBuilding CXX object test/user/CMakeFiles/user_api_test.dir/user_api_test.cc.o[0m
[65.000s] [ 94%] [32m[1mLinking CXX executable ../../bin/engine_vis_visualize_test[0m
[65.023s] [ 94%] [32m[1mLinking CXX executable ../../bin/engine_util_solve_test[0m
[65.070s] [ 94%] Built target engine_sort_test
[65.109s] [ 94%] [32mBuilding CXX object test/user/CMakeFiles/user_flex_test.dir/user_flex_test.cc.o[0m
[65.190s] lto-wrapper: warning: using serial compilation of 5 LTRANS jobs
[65.224s] [ 94%] [32m[1mLinking CXX executable ../../bin/engine_util_spatial_test[0m
[65.276s] lto-wrapper: warning: using serial compilation of 8 LTRANS jobs
[65.542s] [ 94%] Built target engine_sensor_test
[65.560s] [ 94%] [32mBuilding CXX object test/user/CMakeFiles/user_mesh_test.dir/user_mesh_test.cc.o[0m
[65.660s] [ 94%] [32m[1mLinking CXX executable ../../bin/user_model_test[0m
[65.685s] lto-wrapper: warning: using serial compilation of 9 LTRANS jobs
[66.011s] lto-wrapper: warning: using serial compilation of 11 LTRANS jobs
[66.366s] [ 94%] Built target engine_io_test
[66.393s] [ 95%] [32mBuilding CXX object test/user/CMakeFiles/user_composite_test.dir/user_composite_test.cc.o[0m
[66.808s] [ 95%] Built target engine_core_smooth_test
[66.810s] [ 95%] [32m[1mLinking CXX executable ../../bin/user_flex_test[0m
[66.843s] [ 95%] [32mBuilding CXX object test/user/CMakeFiles/user_resource_test.dir/user_resource_test.cc.o[0m
[67.078s] [ 95%] Built target engine_plugin_test
[67.118s] lto-wrapper: warning: using serial compilation of 9 LTRANS jobs
[67.144s] [ 95%] [32mBuilding CXX object test/user/CMakeFiles/user_vfs_test.dir/user_vfs_test.cc.o[0m
[67.470s] [ 95%] Built target engine_forward_test
[67.504s] [ 95%] [32mBuilding CXX object test/xml/CMakeFiles/xml_api_test.dir/xml_api_test.cc.o[0m
[67.719s] [ 95%] [32m[1mLinking CXX executable ../../bin/user_objects_test[0m
[67.777s] [ 95%] [32m[1mLinking CXX executable ../../bin/user_api_test[0m
[67.816s] [ 95%] [32m[1mLinking CXX executable ../../bin/user_mesh_test[0m
[68.023s] [ 95%] [32m[1mLinking CXX executable ../../bin/user_composite_test[0m
[68.069s] [ 95%] [32m[1mLinking CXX executable ../../bin/user_resource_test[0m
[68.075s] [ 95%] Built target engine_util_errmem_test
[68.081s] lto-wrapper: warning: using serial compilation of 15 LTRANS jobs
[68.092s] [ 95%] [32mBuilding CXX object test/xml/CMakeFiles/xml_native_reader_test.dir/xml_native_reader_test.cc.o[0m
[68.200s] lto-wrapper: warning: using serial compilation of 12 LTRANS jobs
[68.221s] lto-wrapper: warning: using serial compilation of 6 LTRANS jobs
[68.280s] lto-wrapper: warning: using serial compilation of 7 LTRANS jobs
[68.299s] lto-wrapper: warning: using serial compilation of 15 LTRANS jobs
[68.433s] [ 97%] [32m[1mLinking CXX executable ../../bin/user_vfs_test[0m
[68.582s] [ 97%] Built target engine_vis_visualize_test
[68.621s] [ 97%] [32mBuilding CXX object test/xml/CMakeFiles/xml_native_writer_test.dir/xml_native_writer_test.cc.o[0m
[68.654s] lto-wrapper: warning: using serial compilation of 7 LTRANS jobs
[68.906s] [ 97%] Built target engine_util_blas_test
[68.923s] [ 97%] [32mBuilding CXX object test/plugin/elasticity/CMakeFiles/elasticity_test.dir/elasticity_test.cc.o[0m
[69.502s] [ 97%] [32m[1mLinking CXX executable ../../bin/xml_api_test[0m
[69.810s] [ 97%] Built target engine_thread_test
[69.830s] [ 98%] [32mBuilding CXX object test/plugin/actuator/CMakeFiles/pid_test.dir/pid_test.cc.o[0m
[69.880s] lto-wrapper: warning: using serial compilation of 6 LTRANS jobs
[70.109s] [ 98%] [32m[1mLinking CXX executable ../../../bin/elasticity_test[0m
[70.419s] lto-wrapper: warning: using serial compilation of 6 LTRANS jobs
[70.511s] [ 98%] Built target engine_support_test
[71.159s] [ 98%] Built target engine_util_spatial_test
[71.234s] [100%] [32m[1mLinking CXX executable ../../bin/xml_native_writer_test[0m
[71.241s] [100%] Built target engine_util_solve_test
[71.310s] [100%] [32m[1mLinking CXX executable ../../../bin/pid_test[0m
[71.473s] [100%] [32m[1mLinking CXX executable ../../bin/xml_native_reader_test[0m
[71.596s] lto-wrapper: warning: using serial compilation of 8 LTRANS jobs
[71.610s] lto-wrapper: warning: using serial compilation of 15 LTRANS jobs
[71.915s] lto-wrapper: warning: using serial compilation of 21 LTRANS jobs
[72.116s] [100%] Built target user_composite_test
[73.189s] [100%] Built target user_vfs_test
[73.307s] [100%] Built target user_flex_test
[73.505s] [100%] Built target user_resource_test
[74.220s] [100%] Built target elasticity_test
[74.457s] [100%] Built target xml_api_test
[75.446s] [100%] Built target user_mesh_test
[75.879s] [100%] Built target pid_test
[75.886s] [100%] Built target user_objects_test
[81.145s] [100%] Built target user_model_test
[83.537s] [100%] Built target user_api_test
[84.438s] [100%] Built target xml_native_writer_test
[85.056s] [100%] Built target xml_native_reader_test
[85.074s] Invoked command in '/home/jason/projects/motion_control_go2/build/mujoco' returned '0': /usr/bin/cmake --build /home/jason/projects/motion_control_go2/build/mujoco -- -j16 -l16
[85.078s] Invoking command in '/home/jason/projects/motion_control_go2/build/mujoco': /usr/bin/cmake --install /home/jason/projects/motion_control_go2/build/mujoco
[85.087s] -- Install configuration: "Release"
[85.089s] -- Installing: /home/jason/projects/motion_control_go2/install/mujoco/bin/simulate
[85.090s] -- Installing: /home/jason/projects/motion_control_go2/install/mujoco/lib/libsimulate.a
[85.092s] -- Installing: /home/jason/projects/motion_control_go2/install/mujoco/include/simulate/simulate.h
[85.092s] -- Installing: /home/jason/projects/motion_control_go2/install/mujoco/include/simulate/platform_ui_adapter.h
[85.092s] -- Installing: /home/jason/projects/motion_control_go2/install/mujoco/include/simulate/glfw_adapter.h
[85.092s] -- Installing: /home/jason/projects/motion_control_go2/install/mujoco/include/simulate/glfw_dispatch.h
[85.092s] -- Installing: /home/jason/projects/motion_control_go2/install/mujoco/include/simulate/glfw_corevideo.h
[85.092s] -- Installing: /home/jason/projects/motion_control_go2/install/mujoco/include/simulate/array_safety.h
[85.092s] -- Installing: /home/jason/projects/motion_control_go2/install/mujoco/bin/basic
[85.093s] -- Installing: /home/jason/projects/motion_control_go2/install/mujoco/bin/compile
[85.093s] -- Installing: /home/jason/projects/motion_control_go2/install/mujoco/bin/record
[85.093s] -- Installing: /home/jason/projects/motion_control_go2/install/mujoco/bin/testspeed
[85.094s] -- Installing: /home/jason/projects/motion_control_go2/install/mujoco/lib/libmujoco.so.3.3.7
[85.098s] -- Installing: /home/jason/projects/motion_control_go2/install/mujoco/lib/libmujoco.so
[85.098s] -- Installing: /home/jason/projects/motion_control_go2/install/mujoco/include/mujoco/mjdata.h
[85.098s] -- Installing: /home/jason/projects/motion_control_go2/install/mujoco/include/mujoco/mjexport.h
[85.099s] -- Installing: /home/jason/projects/motion_control_go2/install/mujoco/include/mujoco/mjmacro.h
[85.099s] -- Installing: /home/jason/projects/motion_control_go2/install/mujoco/include/mujoco/mjmodel.h
[85.099s] -- Installing: /home/jason/projects/motion_control_go2/install/mujoco/include/mujoco/mjplugin.h
[85.099s] -- Installing: /home/jason/projects/motion_control_go2/install/mujoco/include/mujoco/mjrender.h
[85.099s] -- Installing: /home/jason/projects/motion_control_go2/install/mujoco/include/mujoco/mjsan.h
[85.099s] -- Installing: /home/jason/projects/motion_control_go2/install/mujoco/include/mujoco/mjspec.h
[85.099s] -- Installing: /home/jason/projects/motion_control_go2/install/mujoco/include/mujoco/mjthread.h
[85.099s] -- Installing: /home/jason/projects/motion_control_go2/install/mujoco/include/mujoco/mjtnum.h
[85.099s] -- Installing: /home/jason/projects/motion_control_go2/install/mujoco/include/mujoco/mjui.h
[85.099s] -- Installing: /home/jason/projects/motion_control_go2/install/mujoco/include/mujoco/mjvisualize.h
[85.099s] -- Installing: /home/jason/projects/motion_control_go2/install/mujoco/include/mujoco/mjxmacro.h
[85.099s] -- Installing: /home/jason/projects/motion_control_go2/install/mujoco/include/mujoco/mujoco.h
[85.099s] -- Installing: /home/jason/projects/motion_control_go2/install/mujoco/lib/cmake/mujoco/mujocoTargets.cmake
[85.099s] -- Installing: /home/jason/projects/motion_control_go2/install/mujoco/lib/cmake/mujoco/mujocoTargets-release.cmake
[85.100s] -- Installing: /home/jason/projects/motion_control_go2/install/mujoco/lib/cmake/mujoco/mujocoConfig.cmake
[85.100s] -- Installing: /home/jason/projects/motion_control_go2/install/mujoco/lib/cmake/mujoco/mujocoConfigVersion.cmake
[85.100s] -- Installing: /home/jason/projects/motion_control_go2/install/mujoco/share/mujoco/model
[85.100s] -- Installing: /home/jason/projects/motion_control_go2/install/mujoco/share/mujoco/model/tactile
[85.100s] -- Installing: /home/jason/projects/motion_control_go2/install/mujoco/share/mujoco/model/tactile/tactile.xml
[85.100s] -- Installing: /home/jason/projects/motion_control_go2/install/mujoco/share/mujoco/model/slider_crank
[85.100s] -- Installing: /home/jason/projects/motion_control_go2/install/mujoco/share/mujoco/model/slider_crank/slider_crank.xml
[85.100s] -- Installing: /home/jason/projects/motion_control_go2/install/mujoco/share/mujoco/model/humanoid
[85.100s] -- Installing: /home/jason/projects/motion_control_go2/install/mujoco/share/mujoco/model/humanoid/README.md
[85.100s] -- Installing: /home/jason/projects/motion_control_go2/install/mujoco/share/mujoco/model/humanoid/humanoid.png
[85.100s] -- Installing: /home/jason/projects/motion_control_go2/install/mujoco/share/mujoco/model/humanoid/humanoid100.xml
[85.100s] -- Installing: /home/jason/projects/motion_control_go2/install/mujoco/share/mujoco/model/humanoid/100_humanoids.xml
[85.100s] -- Installing: /home/jason/projects/motion_control_go2/install/mujoco/share/mujoco/model/humanoid/22_humanoids.xml
[85.100s] -- Installing: /home/jason/projects/motion_control_go2/install/mujoco/share/mujoco/model/humanoid/humanoid.xml
[85.100s] -- Installing: /home/jason/projects/motion_control_go2/install/mujoco/share/mujoco/model/cards
[85.100s] -- Installing: /home/jason/projects/motion_control_go2/install/mujoco/share/mujoco/model/cards/assets
[85.101s] -- Installing: /home/jason/projects/motion_control_go2/install/mujoco/share/mujoco/model/cards/assets/3_of_spades.png
[85.101s] -- Installing: /home/jason/projects/motion_control_go2/install/mujoco/share/mujoco/model/cards/assets/8_of_clubs.png
[85.101s] -- Installing: /home/jason/projects/motion_control_go2/install/mujoco/share/mujoco/model/cards/assets/8_of_hearts.png
[85.101s] -- Installing: /home/jason/projects/motion_control_go2/install/mujoco/share/mujoco/model/cards/assets/4_of_diamonds.png
[85.101s] -- Installing: /home/jason/projects/motion_control_go2/install/mujoco/share/mujoco/model/cards/assets/5_of_clubs.png
[85.101s] -- Installing: /home/jason/projects/motion_control_go2/install/mujoco/share/mujoco/model/cards/assets/9_of_hearts.png
[85.101s] -- Installing: /home/jason/projects/motion_control_go2/install/mujoco/share/mujoco/model/cards/assets/9_of_spades.png
[85.101s] -- Installing: /home/jason/projects/motion_control_go2/install/mujoco/share/mujoco/model/cards/assets/jack_of_spades.png
[85.101s] -- Installing: /home/jason/projects/motion_control_go2/install/mujoco/share/mujoco/model/cards/assets/10_of_hearts.png
[85.101s] -- Installing: /home/jason/projects/motion_control_go2/install/mujoco/share/mujoco/model/cards/assets/10_of_clubs.png
[85.101s] -- Installing: /home/jason/projects/motion_control_go2/install/mujoco/share/mujoco/model/cards/assets/7_of_clubs.png
[85.101s] -- Installing: /home/jason/projects/motion_control_go2/install/mujoco/share/mujoco/model/cards/assets/ace_of_clubs.png
[85.102s] -- Installing: /home/jason/projects/motion_control_go2/install/mujoco/share/mujoco/model/cards/assets/queen_of_diamonds.png
[85.102s] -- Installing: /home/jason/projects/motion_control_go2/install/mujoco/share/mujoco/model/cards/assets/7_of_diamonds.png
[85.102s] -- Installing: /home/jason/projects/motion_control_go2/install/mujoco/share/mujoco/model/cards/assets/black_joker.png
[85.102s] -- Installing: /home/jason/projects/motion_control_go2/install/mujoco/share/mujoco/model/cards/assets/king_of_diamonds.png
[85.102s] -- Installing: /home/jason/projects/motion_control_go2/install/mujoco/share/mujoco/model/cards/assets/10_of_diamonds.png
[85.102s] -- Installing: /home/jason/projects/motion_control_go2/install/mujoco/share/mujoco/model/cards/assets/ace_of_spades.png
[85.102s] -- Installing: /home/jason/projects/motion_control_go2/install/mujoco/share/mujoco/model/cards/assets/9_of_clubs.png
[85.102s] -- Installing: /home/jason/projects/motion_control_go2/install/mujoco/share/mujoco/model/cards/assets/7_of_spades.png
[85.102s] -- Installing: /home/jason/projects/motion_control_go2/install/mujoco/share/mujoco/model/cards/assets/jack_of_hearts.png
[85.103s] -- Installing: /home/jason/projects/motion_control_go2/install/mujoco/share/mujoco/model/cards/assets/card.obj
[85.103s] -- Installing: /home/jason/projects/motion_control_go2/install/mujoco/share/mujoco/model/cards/assets/6_of_clubs.png
[85.103s] -- Installing: /home/jason/projects/motion_control_go2/install/mujoco/share/mujoco/model/cards/assets/2_of_clubs.png
[85.103s] -- Installing: /home/jason/projects/motion_control_go2/install/mujoco/share/mujoco/model/cards/assets/jack_of_clubs.png
[85.103s] -- Installing: /home/jason/projects/motion_control_go2/install/mujoco/share/mujoco/model/cards/assets/3_of_diamonds.png
[85.103s] -- Installing: /home/jason/projects/motion_control_go2/install/mujoco/share/mujoco/model/cards/assets/6_of_hearts.png
[85.103s] -- Installing: /home/jason/projects/motion_control_go2/install/mujoco/share/mujoco/model/cards/assets/9_of_diamonds.png
[85.103s] -- Installing: /home/jason/projects/motion_control_go2/install/mujoco/share/mujoco/model/cards/assets/queen_of_hearts.png
[85.103s] -- Installing: /home/jason/projects/motion_control_go2/install/mujoco/share/mujoco/model/cards/assets/king_of_hearts.png
[85.103s] -- Installing: /home/jason/projects/motion_control_go2/install/mujoco/share/mujoco/model/cards/assets/5_of_diamonds.png
[85.103s] -- Installing: /home/jason/projects/motion_control_go2/install/mujoco/share/mujoco/model/cards/assets/10_of_spades.png
[85.104s] -- Installing: /home/jason/projects/motion_control_go2/install/mujoco/share/mujoco/model/cards/assets/queen_of_spades.png
[85.104s] -- Installing: /home/jason/projects/motion_control_go2/install/mujoco/share/mujoco/model/cards/assets/ace_of_hearts.png
[85.104s] -- Installing: /home/jason/projects/motion_control_go2/install/mujoco/share/mujoco/model/cards/assets/4_of_clubs.png
[85.104s] -- Installing: /home/jason/projects/motion_control_go2/install/mujoco/share/mujoco/model/cards/assets/3_of_clubs.png
[85.104s] -- Installing: /home/jason/projects/motion_control_go2/install/mujoco/share/mujoco/model/cards/assets/4_of_hearts.png
[85.104s] -- Installing: /home/jason/projects/motion_control_go2/install/mujoco/share/mujoco/model/cards/assets/king_of_clubs.png
[85.104s] -- Installing: /home/jason/projects/motion_control_go2/install/mujoco/share/mujoco/model/cards/assets/8_of_diamonds.png
[85.104s] -- Installing: /home/jason/projects/motion_control_go2/install/mujoco/share/mujoco/model/cards/assets/2_of_hearts.png
[85.104s] -- Installing: /home/jason/projects/motion_control_go2/install/mujoco/share/mujoco/model/cards/assets/2_of_diamonds.png
[85.104s] -- Installing: /home/jason/projects/motion_control_go2/install/mujoco/share/mujoco/model/cards/assets/6_of_diamonds.png
[85.104s] -- Installing: /home/jason/projects/motion_control_go2/install/mujoco/share/mujoco/model/cards/assets/2_of_spades.png
[85.104s] -- Installing: /home/jason/projects/motion_control_go2/install/mujoco/share/mujoco/model/cards/assets/8_of_spades.png
[85.105s] -- Installing: /home/jason/projects/motion_control_go2/install/mujoco/share/mujoco/model/cards/assets/queen_of_clubs.png
[85.105s] -- Installing: /home/jason/projects/motion_control_go2/install/mujoco/share/mujoco/model/cards/assets/5_of_spades.png
[85.105s] -- Installing: /home/jason/projects/motion_control_go2/install/mujoco/share/mujoco/model/cards/assets/jack_of_diamonds.png
[85.105s] -- Installing: /home/jason/projects/motion_control_go2/install/mujoco/share/mujoco/model/cards/assets/5_of_hearts.png
[85.105s] -- Installing: /home/jason/projects/motion_control_go2/install/mujoco/share/mujoco/model/cards/assets/3_of_hearts.png
[85.105s] -- Installing: /home/jason/projects/motion_control_go2/install/mujoco/share/mujoco/model/cards/assets/7_of_hearts.png
[85.105s] -- Installing: /home/jason/projects/motion_control_go2/install/mujoco/share/mujoco/model/cards/assets/4_of_spades.png
[85.105s] -- Installing: /home/jason/projects/motion_control_go2/install/mujoco/share/mujoco/model/cards/assets/king_of_spades.png
[85.105s] -- Installing: /home/jason/projects/motion_control_go2/install/mujoco/share/mujoco/model/cards/assets/6_of_spades.png
[85.105s] -- Installing: /home/jason/projects/motion_control_go2/install/mujoco/share/mujoco/model/cards/assets/red_joker.png
[85.105s] -- Installing: /home/jason/projects/motion_control_go2/install/mujoco/share/mujoco/model/cards/assets/ace_of_diamonds.png
[85.105s] -- Installing: /home/jason/projects/motion_control_go2/install/mujoco/share/mujoco/model/cards/cards.xml
[85.106s] -- Installing: /home/jason/projects/motion_control_go2/install/mujoco/share/mujoco/model/plugin
[85.106s] -- Installing: /home/jason/projects/motion_control_go2/install/mujoco/share/mujoco/model/plugin/elasticity
[85.106s] -- Installing: /home/jason/projects/motion_control_go2/install/mujoco/share/mujoco/model/plugin/elasticity/coil.xml
[85.106s] -- Installing: /home/jason/projects/motion_control_go2/install/mujoco/share/mujoco/model/plugin/elasticity/scene.xml
[85.106s] -- Installing: /home/jason/projects/motion_control_go2/install/mujoco/share/mujoco/model/plugin/elasticity/belt.xml
[85.106s] -- Installing: /home/jason/projects/motion_control_go2/install/mujoco/share/mujoco/model/plugin/elasticity/cable.xml
[85.106s] -- Installing: /home/jason/projects/motion_control_go2/install/mujoco/share/mujoco/model/plugin/sensor
[85.106s] -- Installing: /home/jason/projects/motion_control_go2/install/mujoco/share/mujoco/model/plugin/sensor/a.png
[85.106s] -- Installing: /home/jason/projects/motion_control_go2/install/mujoco/share/mujoco/model/plugin/sensor/touch_grid.xml
[85.106s] -- Installing: /home/jason/projects/motion_control_go2/install/mujoco/share/mujoco/model/plugin/actuator
[85.106s] -- Installing: /home/jason/projects/motion_control_go2/install/mujoco/share/mujoco/model/plugin/actuator/pid.xml
[85.106s] -- Installing: /home/jason/projects/motion_control_go2/install/mujoco/share/mujoco/model/plugin/sdf
[85.106s] -- Installing: /home/jason/projects/motion_control_go2/install/mujoco/share/mujoco/model/plugin/sdf/gear.xml
[85.106s] -- Installing: /home/jason/projects/motion_control_go2/install/mujoco/share/mujoco/model/plugin/sdf/nutbolt.xml
[85.106s] -- Installing: /home/jason/projects/motion_control_go2/install/mujoco/share/mujoco/model/plugin/sdf/mesh.xml
[85.106s] -- Installing: /home/jason/projects/motion_control_go2/install/mujoco/share/mujoco/model/plugin/sdf/primitives.xml
[85.107s] -- Installing: /home/jason/projects/motion_control_go2/install/mujoco/share/mujoco/model/plugin/sdf/torus.xml
[85.107s] -- Installing: /home/jason/projects/motion_control_go2/install/mujoco/share/mujoco/model/plugin/sdf/scene.xml
[85.107s] -- Installing: /home/jason/projects/motion_control_go2/install/mujoco/share/mujoco/model/plugin/sdf/mug.xml
[85.107s] -- Installing: /home/jason/projects/motion_control_go2/install/mujoco/share/mujoco/model/plugin/sdf/bowl.xml
[85.107s] -- Installing: /home/jason/projects/motion_control_go2/install/mujoco/share/mujoco/model/plugin/sdf/asset
[85.107s] -- Installing: /home/jason/projects/motion_control_go2/install/mujoco/share/mujoco/model/plugin/sdf/asset/README.md
[85.107s] -- Installing: /home/jason/projects/motion_control_go2/install/mujoco/share/mujoco/model/plugin/sdf/asset/spot.png
[85.107s] -- Installing: /home/jason/projects/motion_control_go2/install/mujoco/share/mujoco/model/plugin/sdf/asset/die.obj
[85.107s] -- Installing: /home/jason/projects/motion_control_go2/install/mujoco/share/mujoco/model/plugin/sdf/asset/spot.obj
[85.107s] -- Installing: /home/jason/projects/motion_control_go2/install/mujoco/share/mujoco/model/plugin/sdf/cow.xml
[85.107s] -- Installing: /home/jason/projects/motion_control_go2/install/mujoco/share/mujoco/model/mug
[85.107s] -- Installing: /home/jason/projects/motion_control_go2/install/mujoco/share/mujoco/model/mug/mug.obj
[85.107s] -- Installing: /home/jason/projects/motion_control_go2/install/mujoco/share/mujoco/model/mug/mug.png
[85.108s] -- Installing: /home/jason/projects/motion_control_go2/install/mujoco/share/mujoco/model/mug/mug.xml
[85.108s] -- Installing: /home/jason/projects/motion_control_go2/install/mujoco/share/mujoco/model/hammock
[85.108s] -- Installing: /home/jason/projects/motion_control_go2/install/mujoco/share/mujoco/model/hammock/hammock.xml
[85.108s] -- Installing: /home/jason/projects/motion_control_go2/install/mujoco/share/mujoco/model/tendon_arm
[85.108s] -- Installing: /home/jason/projects/motion_control_go2/install/mujoco/share/mujoco/model/tendon_arm/arm26.xml
[85.108s] -- Installing: /home/jason/projects/motion_control_go2/install/mujoco/share/mujoco/model/cube
[85.108s] -- Installing: /home/jason/projects/motion_control_go2/install/mujoco/share/mujoco/model/cube/README.md
[85.108s] -- Installing: /home/jason/projects/motion_control_go2/install/mujoco/share/mujoco/model/cube/assets
[85.108s] -- Installing: /home/jason/projects/motion_control_go2/install/mujoco/share/mujoco/model/cube/assets/orange_white.png
[85.108s] -- Installing: /home/jason/projects/motion_control_go2/install/mujoco/share/mujoco/model/cube/assets/blue_red.png
[85.108s] -- Installing: /home/jason/projects/motion_control_go2/install/mujoco/share/mujoco/model/cube/assets/orange.png
[85.108s] -- Installing: /home/jason/projects/motion_control_go2/install/mujoco/share/mujoco/model/cube/assets/blue_orange.png
[85.108s] -- Installing: /home/jason/projects/motion_control_go2/install/mujoco/share/mujoco/model/cube/assets/blue_orange_white.png
[85.108s] -- Installing: /home/jason/projects/motion_control_go2/install/mujoco/share/mujoco/model/cube/assets/blue_white.png
[85.108s] -- Installing: /home/jason/projects/motion_control_go2/install/mujoco/share/mujoco/model/cube/assets/orange_yellow.png
[85.108s] -- Installing: /home/jason/projects/motion_control_go2/install/mujoco/share/mujoco/model/cube/assets/green_orange_yellow.png
[85.109s] -- Installing: /home/jason/projects/motion_control_go2/install/mujoco/share/mujoco/model/cube/assets/blue_yellow.png
[85.109s] -- Installing: /home/jason/projects/motion_control_go2/install/mujoco/share/mujoco/model/cube/assets/white.png
[85.109s] -- Installing: /home/jason/projects/motion_control_go2/install/mujoco/share/mujoco/model/cube/assets/blue_orange_yellow.png
[85.109s] -- Installing: /home/jason/projects/motion_control_go2/install/mujoco/share/mujoco/model/cube/assets/red.png
[85.109s] -- Installing: /home/jason/projects/motion_control_go2/install/mujoco/share/mujoco/model/cube/assets/blue_red_yellow.png
[85.109s] -- Installing: /home/jason/projects/motion_control_go2/install/mujoco/share/mujoco/model/cube/assets/green_orange_white.png
[85.109s] -- Installing: /home/jason/projects/motion_control_go2/install/mujoco/share/mujoco/model/cube/assets/blue_red_white.png
[85.109s] -- Installing: /home/jason/projects/motion_control_go2/install/mujoco/share/mujoco/model/cube/assets/green_orange.png
[85.109s] -- Installing: /home/jason/projects/motion_control_go2/install/mujoco/share/mujoco/model/cube/assets/green_red_white.png
[85.109s] -- Installing: /home/jason/projects/motion_control_go2/install/mujoco/share/mujoco/model/cube/assets/green.png
[85.109s] -- Installing: /home/jason/projects/motion_control_go2/install/mujoco/share/mujoco/model/cube/assets/green_red_yellow.png
[85.109s] -- Installing: /home/jason/projects/motion_control_go2/install/mujoco/share/mujoco/model/cube/assets/green_yellow.png
[85.109s] -- Installing: /home/jason/projects/motion_control_go2/install/mujoco/share/mujoco/model/cube/assets/red_yellow.png
[85.110s] -- Installing: /home/jason/projects/motion_control_go2/install/mujoco/share/mujoco/model/cube/assets/green_white.png
[85.110s] -- Installing: /home/jason/projects/motion_control_go2/install/mujoco/share/mujoco/model/cube/assets/orange_red.png
[85.110s] -- Installing: /home/jason/projects/motion_control_go2/install/mujoco/share/mujoco/model/cube/assets/green_red.png
[85.110s] -- Installing: /home/jason/projects/motion_control_go2/install/mujoco/share/mujoco/model/cube/assets/blue.png
[85.110s] -- Installing: /home/jason/projects/motion_control_go2/install/mujoco/share/mujoco/model/cube/assets/yellow.png
[85.110s] -- Installing: /home/jason/projects/motion_control_go2/install/mujoco/share/mujoco/model/cube/assets/red_white.png
[85.110s] -- Installing: /home/jason/projects/motion_control_go2/install/mujoco/share/mujoco/model/cube/cube_3x3x3.xml
[85.110s] -- Installing: /home/jason/projects/motion_control_go2/install/mujoco/share/mujoco/model/adhesion
[85.110s] -- Installing: /home/jason/projects/motion_control_go2/install/mujoco/share/mujoco/model/adhesion/README.md
[85.110s] -- Installing: /home/jason/projects/motion_control_go2/install/mujoco/share/mujoco/model/adhesion/active_adhesion.xml
[85.110s] -- Installing: /home/jason/projects/motion_control_go2/install/mujoco/share/mujoco/model/flex
[85.110s] -- Installing: /home/jason/projects/motion_control_go2/install/mujoco/share/mujoco/model/flex/mannequin.xml
[85.110s] -- Installing: /home/jason/projects/motion_control_go2/install/mujoco/share/mujoco/model/flex/poncho.xml
[85.110s] -- Installing: /home/jason/projects/motion_control_go2/install/mujoco/share/mujoco/model/flex/trampoline.xml
[85.110s] -- Installing: /home/jason/projects/motion_control_go2/install/mujoco/share/mujoco/model/flex/press.xml
[85.110s] -- Installing: /home/jason/projects/motion_control_go2/install/mujoco/share/mujoco/model/flex/floppy.xml
[85.110s] -- Installing: /home/jason/projects/motion_control_go2/install/mujoco/share/mujoco/model/flex/trilinear.xml
[85.110s] -- Installing: /home/jason/projects/motion_control_go2/install/mujoco/share/mujoco/model/flex/softbox.xml
[85.110s] -- Installing: /home/jason/projects/motion_control_go2/install/mujoco/share/mujoco/model/flex/bunny_with_uv.xml
[85.111s] -- Installing: /home/jason/projects/motion_control_go2/install/mujoco/share/mujoco/model/flex/sphere_radial.xml
[85.111s] -- Installing: /home/jason/projects/motion_control_go2/install/mujoco/share/mujoco/model/flex/poncho_vertcollide.xml
[85.111s] -- Installing: /home/jason/projects/motion_control_go2/install/mujoco/share/mujoco/model/flex/basket.xml
[85.111s] -- Installing: /home/jason/projects/motion_control_go2/install/mujoco/share/mujoco/model/flex/bunny.xml
[85.111s] -- Installing: /home/jason/projects/motion_control_go2/install/mujoco/share/mujoco/model/flex/jelly.xml
[85.111s] -- Installing: /home/jason/projects/motion_control_go2/install/mujoco/share/mujoco/model/flex/sphere_trilinear.xml
[85.111s] -- Installing: /home/jason/projects/motion_control_go2/install/mujoco/share/mujoco/model/flex/scene.xml
[85.111s] -- Installing: /home/jason/projects/motion_control_go2/install/mujoco/share/mujoco/model/flex/gripper.xml
[85.111s] -- Installing: /home/jason/projects/motion_control_go2/install/mujoco/share/mujoco/model/flex/asset
[85.111s] -- Installing: /home/jason/projects/motion_control_go2/install/mujoco/share/mujoco/model/flex/asset/sponge.png
[85.111s] -- Installing: /home/jason/projects/motion_control_go2/install/mujoco/share/mujoco/model/flex/asset/bunny.obj
[85.111s] -- Installing: /home/jason/projects/motion_control_go2/install/mujoco/share/mujoco/model/flex/asset/cap.obj
[85.111s] -- Installing: /home/jason/projects/motion_control_go2/install/mujoco/share/mujoco/model/flex/asset/bunny_with_uv.obj
[85.111s] -- Installing: /home/jason/projects/motion_control_go2/install/mujoco/share/mujoco/model/flex/pulley.xml
[85.111s] -- Installing: /home/jason/projects/motion_control_go2/install/mujoco/share/mujoco/model/flex/pancake.xml
[85.111s] -- Installing: /home/jason/projects/motion_control_go2/install/mujoco/share/mujoco/model/flex/plate.xml
[85.111s] -- Installing: /home/jason/projects/motion_control_go2/install/mujoco/share/mujoco/model/flex/gripper_trilinear.xml
[85.111s] -- Installing: /home/jason/projects/motion_control_go2/install/mujoco/share/mujoco/model/flex/flag.xml
[85.112s] -- Installing: /home/jason/projects/motion_control_go2/install/mujoco/share/mujoco/model/flex/sphere_full.xml
[85.112s] -- Installing: /home/jason/projects/motion_control_go2/install/mujoco/share/mujoco/model/flex/sphere_passive.xml
[85.112s] -- Installing: /home/jason/projects/motion_control_go2/install/mujoco/share/mujoco/model/replicate
[85.112s] -- Installing: /home/jason/projects/motion_control_go2/install/mujoco/share/mujoco/model/replicate/tendon.xml
[85.112s] -- Installing: /home/jason/projects/motion_control_go2/install/mujoco/share/mujoco/model/replicate/helix.xml
[85.112s] -- Installing: /home/jason/projects/motion_control_go2/install/mujoco/share/mujoco/model/replicate/README.md
[85.112s] -- Installing: /home/jason/projects/motion_control_go2/install/mujoco/share/mujoco/model/replicate/newton_cradle.xml
[85.113s] -- Installing: /home/jason/projects/motion_control_go2/install/mujoco/share/mujoco/model/replicate/bunny.obj
[85.113s] -- Installing: /home/jason/projects/motion_control_go2/install/mujoco/share/mujoco/model/replicate/particle_free2d.xml
[85.113s] -- Installing: /home/jason/projects/motion_control_go2/install/mujoco/share/mujoco/model/replicate/particle_free.xml
[85.113s] -- Installing: /home/jason/projects/motion_control_go2/install/mujoco/share/mujoco/model/replicate/cylinder.xml
[85.113s] -- Installing: /home/jason/projects/motion_control_go2/install/mujoco/share/mujoco/model/replicate/container.xml
[85.113s] -- Installing: /home/jason/projects/motion_control_go2/install/mujoco/share/mujoco/model/replicate/leaves.xml
[85.113s] -- Installing: /home/jason/projects/motion_control_go2/install/mujoco/share/mujoco/model/replicate/particle.xml
[85.113s] -- Installing: /home/jason/projects/motion_control_go2/install/mujoco/share/mujoco/model/replicate/scene.xml
[85.113s] -- Installing: /home/jason/projects/motion_control_go2/install/mujoco/share/mujoco/model/replicate/bowl.xml
[85.113s] -- Installing: /home/jason/projects/motion_control_go2/install/mujoco/share/mujoco/model/replicate/asset
[85.113s] -- Installing: /home/jason/projects/motion_control_go2/install/mujoco/share/mujoco/model/replicate/asset/marble.png
[85.113s] -- Installing: /home/jason/projects/motion_control_go2/install/mujoco/share/mujoco/model/replicate/bunnies.xml
[85.113s] -- Installing: /home/jason/projects/motion_control_go2/install/mujoco/share/mujoco/model/replicate/stonehenge.xml
[85.113s] -- Installing: /home/jason/projects/motion_control_go2/install/mujoco/share/mujoco/model/car
[85.113s] -- Installing: /home/jason/projects/motion_control_go2/install/mujoco/share/mujoco/model/car/car.xml
[85.114s] -- Installing: /home/jason/projects/motion_control_go2/install/mujoco/share/mujoco/model/balloons
[85.114s] -- Installing: /home/jason/projects/motion_control_go2/install/mujoco/share/mujoco/model/balloons/balloons.xml
[85.114s] Invoked command in '/home/jason/projects/motion_control_go2/build/mujoco' returned '0': /usr/bin/cmake --install /home/jason/projects/motion_control_go2/build/mujoco
