[0.004s] Invoking command in '/home/jason/projects/motion_control_go2/build/go2_pinocchio_demo': CMAKE_PREFIX_PATH=${CMAKE_PREFIX_PATH}:/opt/ros/humble /usr/bin/cmake /home/jason/projects/motion_control_go2/src/go2_pinocchio_demo -DCMAKE_INSTALL_PREFIX=/home/jason/projects/motion_control_go2/install/go2_pinocchio_demo
[0.059s] -- The C compiler identification is GNU 11.4.0
[0.115s] -- The CXX compiler identification is GNU 11.4.0
[0.123s] -- Detecting C compiler ABI info
[0.200s] -- Detecting C compiler ABI info - done
[0.208s] -- Check for working C compiler: /usr/bin/cc - skipped
[0.208s] -- Detecting C compile features
[0.209s] -- Detecting C compile features - done
[0.213s] -- Detecting CXX compiler ABI info
[0.286s] -- Detecting CXX compiler ABI info - done
[0.294s] -- Check for working CXX compiler: /usr/bin/c++ - skipped
[0.295s] -- Detecting CXX compile features
[0.295s] -- Detecting CXX compile features - done
[0.298s] -- Found ament_cmake: 1.3.12 (/opt/ros/humble/share/ament_cmake/cmake)
[0.427s] -- Found Python3: /usr/bin/python3 (found version "3.10.12") found components: Interpreter 
[0.496s] -- Found rclcpp: 16.0.15 (/opt/ros/humble/share/rclcpp/cmake)
[0.513s] -- Found rosidl_generator_c: 3.1.7 (/opt/ros/humble/share/rosidl_generator_c/cmake)
[0.515s] -- Found rosidl_adapter: 3.1.7 (/opt/ros/humble/share/rosidl_adapter/cmake)
[0.518s] -- Found rosidl_generator_cpp: 3.1.7 (/opt/ros/humble/share/rosidl_generator_cpp/cmake)
[0.523s] -- Using all available rosidl_typesupport_c: rosidl_typesupport_fastrtps_c;rosidl_typesupport_introspection_c
[0.533s] -- Using all available rosidl_typesupport_cpp: rosidl_typesupport_fastrtps_cpp;rosidl_typesupport_introspection_cpp
[0.563s] -- Found rmw_implementation_cmake: 6.1.2 (/opt/ros/humble/share/rmw_implementation_cmake/cmake)
[0.563s] -- Found rmw_fastrtps_cpp: 6.2.8 (/opt/ros/humble/share/rmw_fastrtps_cpp/cmake)
[0.626s] -- Found OpenSSL: /usr/lib/x86_64-linux-gnu/libcrypto.so (found version "3.0.2")  
[0.650s] -- Found FastRTPS: /opt/ros/humble/include  
[0.669s] -- Using RMW implementation 'rmw_fastrtps_cpp' as default
[0.673s] -- Looking for pthread.h
[0.747s] -- Looking for pthread.h - found
[0.748s] -- Performing Test CMAKE_HAVE_LIBC_PTHREAD
[0.829s] -- Performing Test CMAKE_HAVE_LIBC_PTHREAD - Success
[0.831s] -- Found Threads: TRUE  
[0.866s] -- Found sensor_msgs: 4.9.0 (/opt/ros/humble/share/sensor_msgs/cmake)
[0.879s] -- pinocchio_default FOUND. pinocchio_default at /opt/ros/humble/lib/x86_64-linux-gnu/libpinocchio_default.so
[0.879s] -- pinocchio_parsers FOUND. pinocchio_parsers at /opt/ros/humble/lib/x86_64-linux-gnu/libpinocchio_parsers.so
[0.879s] -- boost_filesystem FOUND. boost_filesystem at /lib/x86_64-linux-gnu/libboost_filesystem.so
[0.879s] -- boost_serialization FOUND. boost_serialization at /lib/x86_64-linux-gnu/libboost_serialization.so
[0.879s] -- boost_system FOUND. boost_system at /lib/x86_64-linux-gnu/libboost_system.so
[0.900s] -- Found Boost: /usr/include (found version "1.74.0") found components: filesystem serialization system 
[0.900s] -- eigenpy FOUND. eigenpy at /opt/ros/humble/lib/x86_64-linux-gnu/libeigenpy.so
[0.918s] -- Checking for NumPy
[1.003s] --   NUMPY_INCLUDE_DIRS=/home/jason/.local/lib/python3.10/site-packages/numpy/_core/include
[1.052s] --   NUMPY_VERSION=2.2.6
[1.161s] -- Found Python3: /usr/bin/python3 (found version "3.10.12") found components: Interpreter Development.Module NumPy 
[1.161s] -- PythonLibraryDirs: 
[1.161s] -- PythonLibVersionString: 3.10.12
[1.170s] -- Python site lib: lib/python3.10/site-packages
[1.170s] -- Python include dirs: /usr/include/python3.10
[1.198s] -- Checking for NumPy
[1.248s] --   NUMPY_INCLUDE_DIRS=/home/jason/.local/lib/python3.10/site-packages/numpy/_core/include
[1.288s] --   NUMPY_VERSION=2.2.6
[1.288s] -- NumPy include dir: /home/jason/.local/lib/python3.10/site-packages/numpy/_core/include
[1.291s] [33mCMake Warning at /usr/share/cmake-3.22/Modules/FindBoost.cmake:2201 (message):
[1.291s]   No header defined for python310; skipping header check (note: header-only
[1.291s]   libraries have no designated component)
[1.291s] Call Stack (most recent call first):
[1.291s]   /opt/ros/humble/lib/x86_64-linux-gnu/cmake/eigenpy/boost.cmake:148 (find_package)
[1.291s]   /opt/ros/humble/lib/x86_64-linux-gnu/cmake/eigenpy/eigenpyConfig.cmake:149 (SEARCH_FOR_BOOST_PYTHON)
[1.291s]   /usr/share/cmake-3.22/Modules/CMakeFindDependencyMacro.cmake:47 (find_package)
[1.291s]   /opt/ros/humble/lib/x86_64-linux-gnu/cmake/pinocchio/pinocchioConfig.cmake:161 (find_dependency)
[1.291s]   CMakeLists.txt:13 (find_package)
[1.291s] 
[1.291s] [0m
[1.293s] -- Found Boost: /usr/include (found version "1.74.0") found components: python310 
[1.504s] -- Default C++ standard: 201703
[1.505s] -- Minimal C++ standard upgraded to 11
[1.505s] -- C++ standard sufficient: Minimal required 11, currently defined: 17
[1.505s] -- CMAKE_CXX_STANDARD was not set: automatically set to currently defined standard 17
[1.507s] -- hpp-fcl FOUND. hpp-fcl at /opt/ros/humble/lib/x86_64-linux-gnu/libhpp-fcl.so
[1.520s] -- Found Boost: /usr/include (found version "1.74.0") found components: chrono serialization filesystem 
[1.524s] -- C++ standard sufficient: Minimal required 11, currently defined: 17
[1.525s] -- C++ standard sufficient: Minimal required 11, currently defined: 17
[1.558s] -- Configuring done
[1.576s] -- Generating done
[1.583s] -- Build files have been written to: /home/jason/projects/motion_control_go2/build/go2_pinocchio_demo
[1.590s] Invoked command in '/home/jason/projects/motion_control_go2/build/go2_pinocchio_demo' returned '0': CMAKE_PREFIX_PATH=${CMAKE_PREFIX_PATH}:/opt/ros/humble /usr/bin/cmake /home/jason/projects/motion_control_go2/src/go2_pinocchio_demo -DCMAKE_INSTALL_PREFIX=/home/jason/projects/motion_control_go2/install/go2_pinocchio_demo
[1.592s] Invoking command in '/home/jason/projects/motion_control_go2/build/go2_pinocchio_demo': CMAKE_PREFIX_PATH=${CMAKE_PREFIX_PATH}:/opt/ros/humble /usr/bin/cmake --build /home/jason/projects/motion_control_go2/build/go2_pinocchio_demo -- -j16 -l16
[1.648s] [ 50%] [32mBuilding CXX object CMakeFiles/fk_ik_id_example.dir/src/fk_ik_id_example.cpp.o[0m
[1.701s] In file included from [01m[K/opt/ros/humble/include/pinocchio/fwd.hpp:28[m[K,
[1.701s]                  from [01m[K/opt/ros/humble/include/pinocchio/spatial/fwd.hpp:9[m[K,
[1.701s]                  from [01m[K/opt/ros/humble/include/pinocchio/multibody/model.hpp:9[m[K,
[1.701s]                  from [01m[K/opt/ros/humble/include/pinocchio/parsers/urdf.hpp:9[m[K,
[1.701s]                  from [01m[K/home/jason/projects/motion_control_go2/src/go2_pinocchio_demo/src/fk_ik_id_example.cpp:2[m[K:
[1.701s] [01m[K/opt/ros/humble/include/pinocchio/utils/cast.hpp:8:10:[m[K [01;31m[Kfatal error: [m[KEigen/Core: No such file or directory
[1.701s]     8 | #include [01;31m[K<Eigen/Core>[m[K
[1.701s]       |          [01;31m[K^~~~~~~~~~~~[m[K
[1.701s] compilation terminated.
[1.701s] gmake[2]: *** [CMakeFiles/fk_ik_id_example.dir/build.make:76: CMakeFiles/fk_ik_id_example.dir/src/fk_ik_id_example.cpp.o] Error 1
[1.701s] gmake[1]: *** [CMakeFiles/Makefile2:137: CMakeFiles/fk_ik_id_example.dir/all] Error 2
[1.701s] gmake: *** [Makefile:146: all] Error 2
[1.704s] Invoked command in '/home/jason/projects/motion_control_go2/build/go2_pinocchio_demo' returned '2': CMAKE_PREFIX_PATH=${CMAKE_PREFIX_PATH}:/opt/ros/humble /usr/bin/cmake --build /home/jason/projects/motion_control_go2/build/go2_pinocchio_demo -- -j16 -l16
