[0.041s] Invoking command in '/home/jason/projects/motion_control_go2/build/z1_description': /usr/bin/cmake /home/jason/projects/motion_control_go2/src/unitree_ros/robots/z1_description -DCATKIN_INSTALL_INTO_PREFIX_ROOT=0 -DCATKIN_SYMLINK_INSTALL=ON -DCMAKE_INSTALL_PREFIX=/home/jason/projects/motion_control_go2/install/z1_description
[0.062s] -- Configuring incomplete, errors occurred!
[0.062s] See also "/home/jason/projects/motion_control_go2/build/z1_description/CMakeFiles/CMakeOutput.log".
[0.066s] [31mCMake Error at CMakeLists.txt:4 (find_package):
[0.066s]   By not providing "Findcatkin.cmake" in CMAKE_MODULE_PATH this project has
[0.066s]   asked CMake to find a package configuration file provided by "catkin", but
[0.066s]   CMake did not find one.
[0.066s] 
[0.066s]   Could not find a package configuration file provided by "catkin" with any
[0.066s]   of the following names:
[0.066s] 
[0.066s]     catkinConfig.cmake
[0.066s]     catkin-config.cmake
[0.066s] 
[0.066s]   Add the installation prefix of "catkin" to CMAKE_PREFIX_PATH or set
[0.066s]   "catkin_DIR" to a directory containing one of the above files.  If "catkin"
[0.066s]   provides a separate development package or SDK, be sure it has been
[0.066s]   installed.
[0.066s] 
[0.066s] [0m
[0.070s] Invoked command in '/home/jason/projects/motion_control_go2/build/z1_description' returned '1': /usr/bin/cmake /home/jason/projects/motion_control_go2/src/unitree_ros/robots/z1_description -DCATKIN_INSTALL_INTO_PREFIX_ROOT=0 -DCATKIN_SYMLINK_INSTALL=ON -DCMAKE_INSTALL_PREFIX=/home/jason/projects/motion_control_go2/install/z1_description
