[0.033s] Invoking command in '/home/jason/projects/motion_control_go2/build/stand_go2': CMAKE_PREFIX_PATH=${CMAKE_PREFIX_PATH}:/opt/ros/humble /usr/bin/cmake /home/jason/projects/motion_control_go2/src/unitree_mujoco/example/ros2 -DAMENT_CMAKE_SYMLINK_INSTALL=1 -DCMAKE_INSTALL_PREFIX=/home/jason/projects/motion_control_go2/install/stand_go2
[0.065s] -- Found ament_cmake: 1.3.12 (/opt/ros/humble/share/ament_cmake/cmake)
[0.138s] -- Override CMake install command with custom implementation using symlinks instead of copying resources
[0.153s] -- Configuring incomplete, errors occurred!
[0.153s] See also "/home/jason/projects/motion_control_go2/build/stand_go2/CMakeFiles/CMakeOutput.log".
[0.153s] [31mCMake Error at CMakeLists.txt:30 (find_package):
[0.153s]   By not providing "Findunitree_go.cmake" in CMAKE_MODULE_PATH this project
[0.153s]   has asked CMake to find a package configuration file provided by
[0.153s]   "unitree_go", but CMake did not find one.
[0.153s] 
[0.153s]   Could not find a package configuration file provided by "unitree_go" with
[0.153s]   any of the following names:
[0.154s] 
[0.154s]     unitree_goConfig.cmake
[0.154s]     unitree_go-config.cmake
[0.154s] 
[0.154s]   Add the installation prefix of "unitree_go" to CMAKE_PREFIX_PATH or set
[0.154s]   "unitree_go_DIR" to a directory containing one of the above files.  If
[0.154s]   "unitree_go" provides a separate development package or SDK, be sure it has
[0.154s]   been installed.
[0.154s] 
[0.154s] [0m
