[0.006s] Invoking command in '/home/jason/projects/motion_control_go2/build/go2_pinocchio_demo': CMAKE_PREFIX_PATH=${CMAKE_PREFIX_PATH}:/opt/ros/humble /usr/bin/cmake --build /home/jason/projects/motion_control_go2/build/go2_pinocchio_demo -- -j16 -l16
[0.030s] -- Found ament_cmake: 1.3.12 (/opt/ros/humble/share/ament_cmake/cmake)
[0.064s] -- Found Python3: /usr/bin/python3 (found version "3.10.12") found components: Interpreter 
[0.115s] -- Found rclcpp: 16.0.15 (/opt/ros/humble/share/rclcpp/cmake)
[0.136s] -- Found rosidl_generator_c: 3.1.7 (/opt/ros/humble/share/rosidl_generator_c/cmake)
[0.137s] -- Found rosidl_adapter: 3.1.7 (/opt/ros/humble/share/rosidl_adapter/cmake)
[0.140s] -- Found rosidl_generator_cpp: 3.1.7 (/opt/ros/humble/share/rosidl_generator_cpp/cmake)
[0.144s] -- Using all available rosidl_typesupport_c: rosidl_typesupport_fastrtps_c;rosidl_typesupport_introspection_c
[0.154s] -- Using all available rosidl_typesupport_cpp: rosidl_typesupport_fastrtps_cpp;rosidl_typesupport_introspection_cpp
[0.177s] -- Found rmw_implementation_cmake: 6.1.2 (/opt/ros/humble/share/rmw_implementation_cmake/cmake)
[0.177s] -- Found rmw_fastrtps_cpp: 6.2.8 (/opt/ros/humble/share/rmw_fastrtps_cpp/cmake)
[0.243s] -- Using RMW implementation 'rmw_fastrtps_cpp' as default
[0.270s] -- Found sensor_msgs: 4.9.0 (/opt/ros/humble/share/sensor_msgs/cmake)
[0.281s] -- pinocchio_default FOUND. pinocchio_default at /opt/ros/humble/lib/x86_64-linux-gnu/libpinocchio_default.so
[0.281s] -- pinocchio_parsers FOUND. pinocchio_parsers at /opt/ros/humble/lib/x86_64-linux-gnu/libpinocchio_parsers.so
[0.282s] -- boost_filesystem FOUND. boost_filesystem at /lib/x86_64-linux-gnu/libboost_filesystem.so
[0.282s] -- boost_serialization FOUND. boost_serialization at /lib/x86_64-linux-gnu/libboost_serialization.so
[0.282s] -- boost_system FOUND. boost_system at /lib/x86_64-linux-gnu/libboost_system.so
[0.286s] -- Found Boost: /usr/include (found version "1.74.0") found components: filesystem serialization system 
[0.286s] -- eigenpy FOUND. eigenpy at /opt/ros/humble/lib/x86_64-linux-gnu/libeigenpy.so
[0.299s] -- Checking for NumPy
[0.396s] --   NUMPY_INCLUDE_DIRS=/home/jason/.local/lib/python3.10/site-packages/numpy/_core/include
[0.447s] --   NUMPY_VERSION=2.2.6
[0.611s] -- Found Python3: /usr/bin/python3 (found version "3.10.12") found components: Interpreter Development.Module NumPy 
[0.612s] -- PythonLibraryDirs: 
[0.612s] -- PythonLibVersionString: 3.10.12
[0.623s] -- Python site lib: lib/python3.10/site-packages
[0.623s] -- Python include dirs: /usr/include/python3.10
[0.649s] -- Checking for NumPy
[0.700s] --   NUMPY_INCLUDE_DIRS=/home/jason/.local/lib/python3.10/site-packages/numpy/_core/include
[0.740s] --   NUMPY_VERSION=2.2.6
[0.741s] -- NumPy include dir: /home/jason/.local/lib/python3.10/site-packages/numpy/_core/include
[0.743s] [33mCMake Warning at /usr/share/cmake-3.22/Modules/FindBoost.cmake:2201 (message):
[0.744s]   No header defined for python310; skipping header check (note: header-only
[0.744s]   libraries have no designated component)
[0.744s] Call Stack (most recent call first):
[0.744s]   /opt/ros/humble/lib/x86_64-linux-gnu/cmake/eigenpy/boost.cmake:148 (find_package)
[0.744s]   /opt/ros/humble/lib/x86_64-linux-gnu/cmake/eigenpy/eigenpyConfig.cmake:149 (SEARCH_FOR_BOOST_PYTHON)
[0.744s]   /usr/share/cmake-3.22/Modules/CMakeFindDependencyMacro.cmake:47 (find_package)
[0.744s]   /opt/ros/humble/lib/x86_64-linux-gnu/cmake/pinocchio/pinocchioConfig.cmake:161 (find_dependency)
[0.744s]   CMakeLists.txt:13 (find_package)
[0.744s] 
[0.744s] [0m
[0.744s] -- Found Boost: /usr/include (found version "1.74.0") found components: python310 
[0.917s] -- Default C++ standard: 201703
[0.917s] -- C++ standard sufficient: Minimal required 11, currently defined: 17
[0.917s] -- CMAKE_CXX_STANDARD was not set: automatically set to currently defined standard 17
[0.917s] -- hpp-fcl FOUND. hpp-fcl at /opt/ros/humble/lib/x86_64-linux-gnu/libhpp-fcl.so
[0.920s] -- Found Boost: /usr/include (found version "1.74.0") found components: chrono serialization filesystem 
[0.921s] -- C++ standard sufficient: Minimal required 11, currently defined: 17
[0.922s] -- C++ standard sufficient: Minimal required 11, currently defined: 17
[0.951s] -- Configuring done
[0.955s] -- Generating done
[0.957s] -- Build files have been written to: /home/jason/projects/motion_control_go2/build/go2_pinocchio_demo
[0.980s] [35m[1mConsolidate compiler generated dependencies of target fk_ik_id_example[0m
[1.003s] [100%] Built target fk_ik_id_example
[1.012s] Invoked command in '/home/jason/projects/motion_control_go2/build/go2_pinocchio_demo' returned '0': CMAKE_PREFIX_PATH=${CMAKE_PREFIX_PATH}:/opt/ros/humble /usr/bin/cmake --build /home/jason/projects/motion_control_go2/build/go2_pinocchio_demo -- -j16 -l16
[1.018s] Invoking command in '/home/jason/projects/motion_control_go2/build/go2_pinocchio_demo': CMAKE_PREFIX_PATH=${CMAKE_PREFIX_PATH}:/opt/ros/humble /usr/bin/cmake --install /home/jason/projects/motion_control_go2/build/go2_pinocchio_demo
[1.024s] -- Install configuration: ""
[1.024s] -- Up-to-date: /home/jason/projects/motion_control_go2/install/go2_pinocchio_demo/lib/go2_pinocchio_demo/fk_ik_id_example
[1.025s] -- Installing: /home/jason/projects/motion_control_go2/install/go2_pinocchio_demo/share/go2_pinocchio_demo/launch
[1.025s] -- Installing: /home/jason/projects/motion_control_go2/install/go2_pinocchio_demo/share/go2_pinocchio_demo/launch/demo.launch.py
[1.025s] -- Up-to-date: /home/jason/projects/motion_control_go2/install/go2_pinocchio_demo/share/ament_index/resource_index/package_run_dependencies/go2_pinocchio_demo
[1.025s] -- Installing: /home/jason/projects/motion_control_go2/install/go2_pinocchio_demo/share/ament_index/resource_index/parent_prefix_path/go2_pinocchio_demo
[1.025s] -- Up-to-date: /home/jason/projects/motion_control_go2/install/go2_pinocchio_demo/share/go2_pinocchio_demo/environment/ament_prefix_path.sh
[1.025s] -- Installing: /home/jason/projects/motion_control_go2/install/go2_pinocchio_demo/share/go2_pinocchio_demo/environment/ament_prefix_path.dsv
[1.025s] -- Up-to-date: /home/jason/projects/motion_control_go2/install/go2_pinocchio_demo/share/go2_pinocchio_demo/environment/path.sh
[1.026s] -- Installing: /home/jason/projects/motion_control_go2/install/go2_pinocchio_demo/share/go2_pinocchio_demo/environment/path.dsv
[1.026s] -- Up-to-date: /home/jason/projects/motion_control_go2/install/go2_pinocchio_demo/share/go2_pinocchio_demo/local_setup.bash
[1.026s] -- Up-to-date: /home/jason/projects/motion_control_go2/install/go2_pinocchio_demo/share/go2_pinocchio_demo/local_setup.sh
[1.026s] -- Up-to-date: /home/jason/projects/motion_control_go2/install/go2_pinocchio_demo/share/go2_pinocchio_demo/local_setup.zsh
[1.026s] -- Installing: /home/jason/projects/motion_control_go2/install/go2_pinocchio_demo/share/go2_pinocchio_demo/local_setup.dsv
[1.026s] -- Installing: /home/jason/projects/motion_control_go2/install/go2_pinocchio_demo/share/go2_pinocchio_demo/package.dsv
[1.026s] -- Up-to-date: /home/jason/projects/motion_control_go2/install/go2_pinocchio_demo/share/ament_index/resource_index/packages/go2_pinocchio_demo
[1.026s] -- Up-to-date: /home/jason/projects/motion_control_go2/install/go2_pinocchio_demo/share/go2_pinocchio_demo/cmake/go2_pinocchio_demoConfig.cmake
[1.026s] -- Up-to-date: /home/jason/projects/motion_control_go2/install/go2_pinocchio_demo/share/go2_pinocchio_demo/cmake/go2_pinocchio_demoConfig-version.cmake
[1.026s] -- Up-to-date: /home/jason/projects/motion_control_go2/install/go2_pinocchio_demo/share/go2_pinocchio_demo/package.xml
[1.027s] Invoked command in '/home/jason/projects/motion_control_go2/build/go2_pinocchio_demo' returned '0': CMAKE_PREFIX_PATH=${CMAKE_PREFIX_PATH}:/opt/ros/humble /usr/bin/cmake --install /home/jason/projects/motion_control_go2/build/go2_pinocchio_demo
