[0.017s] Invoking command in '/home/jason/projects/motion_control_go2/src/build/unitree_controller': /usr/bin/cmake /home/jason/projects/motion_control_go2/src/unitree_ros/unitree_controller -DCATKIN_INSTALL_INTO_PREFIX_ROOT=0 -DCATKIN_SYMLINK_INSTALL=ON -DCMAKE_INSTALL_PREFIX=/home/jason/projects/motion_control_go2/src/install/unitree_controller
[0.026s] [0mCMake Deprecation Warning at CMakeLists.txt:1 (cmake_minimum_required):
[0.026s]   Compatibility with CMake < 2.8.12 will be removed from a future version of
[0.026s]   CMake.
[0.027s] 
[0.027s]   Update the VERSION argument <min> value or use a ...<max> suffix to tell
[0.027s]   CMake that the project does not need compatibility with older versions.
[0.027s] 
[0.027s] [0m
[0.065s] -- The C compiler identification is GNU 11.4.0
[0.112s] -- The CXX compiler identification is GNU 11.4.0
[0.116s] -- Detecting C compiler ABI info
[0.156s] -- Detecting C compiler ABI info - done
[0.161s] -- Check for working C compiler: /usr/bin/cc - skipped
[0.161s] -- Detecting C compile features
[0.161s] -- Detecting C compile features - done
[0.163s] -- Detecting CXX compiler ABI info
[0.212s] -- Detecting CXX compiler ABI info - done
[0.220s] -- Check for working CXX compiler: /usr/bin/c++ - skipped
[0.220s] -- Detecting CXX compile features
[0.220s] -- Detecting CXX compile features - done
[0.227s] [31mCMake Error at CMakeLists.txt:4 (find_package):
[0.227s]   By not providing "Findcatkin.cmake" in CMAKE_MODULE_PATH this project has
[0.227s]   asked CMake to find a package configuration file provided by "catkin", but
[0.227s]   CMake did not find one.
[0.227s] 
[0.228s]   Could not find a package configuration file provided by "catkin" with any
[0.228s]   of the following names:
[0.228s] 
[0.228s]     catkinConfig.cmake
[0.228s]     catkin-config.cmake
[0.228s] 
[0.228s]   Add the installation prefix of "catkin" to CMAKE_PREFIX_PATH or set
[0.228s]   "catkin_DIR" to a directory containing one of the above files.  If "catkin"
[0.228s]   provides a separate development package or SDK, be sure it has been
[0.228s]   installed.
[0.228s] 
[0.228s] [0m
[0.228s] -- Configuring incomplete, errors occurred!
[0.228s] See also "/home/jason/projects/motion_control_go2/src/build/unitree_controller/CMakeFiles/CMakeOutput.log".
