-- The C compiler identification is GNU 11.4.0
-- The CXX compiler identification is GNU 11.4.0
-- Detecting C compiler ABI info
-- Detecting C compiler ABI info - done
-- Check for working C compiler: /usr/bin/cc - skipped
-- Detecting C compile features
-- Detecting C compile features - done
-- Detecting CXX compiler ABI info
-- Detecting CXX compiler ABI info - done
-- Check for working CXX compiler: /usr/bin/c++ - skipped
-- Detecting CXX compile features
-- Detecting CXX compile features - done
-- Found osgDB: /usr/lib/x86_64-linux-gnu/libosgDB.so  
-- Found osgGA: /usr/lib/x86_64-linux-gnu/libosgGA.so  
-- Found osgUtil: /usr/lib/x86_64-linux-gnu/libosgUtil.so  
-- Found osgText: /usr/lib/x86_64-linux-gnu/libosgText.so  
-- Found osgViewer: /usr/lib/x86_64-linux-gnu/libosgViewer.so  
-- Found osgWidget: /usr/lib/x86_64-linux-gnu/libosgWidget.so  
-- Found osg: /usr/lib/x86_64-linux-gnu/libosg.so  
-- Found OpenThreads: /usr/lib/x86_64-linux-gnu/libOpenThreads.so  
-- Found OpenSceneGraph: /usr/lib/x86_64-linux-gnu/libosgDB.so;/usr/lib/x86_64-linux-gnu/libosgGA.so;/usr/lib/x86_64-linux-gnu/libosgUtil.so;/usr/lib/x86_64-linux-gnu/libosgText.so;/usr/lib/x86_64-linux-gnu/libosgViewer.so;/usr/lib/x86_64-linux-gnu/libosgWidget.so;/usr/lib/x86_64-linux-gnu/libosg.so;/usr/lib/x86_64-linux-gnu/libOpenThreads.so (found suitable version "3.6.5", minimum required is "3.6.0") 
-- Looking for pthread.h
-- Looking for pthread.h - found
-- Performing Test CMAKE_HAVE_LIBC_PTHREAD
-- Performing Test CMAKE_HAVE_LIBC_PTHREAD - Success
-- Found Threads: TRUE  
-- Found OpenGL: /usr/lib/x86_64-linux-gnu/libOpenGL.so   
-- Performing Test COMPILER_HAS_HIDDEN_VISIBILITY
-- Performing Test COMPILER_HAS_HIDDEN_VISIBILITY - Success
-- Performing Test COMPILER_HAS_HIDDEN_INLINE_VISIBILITY
-- Performing Test COMPILER_HAS_HIDDEN_INLINE_VISIBILITY - Success
-- Performing Test COMPILER_HAS_DEPRECATED_ATTR
-- Performing Test COMPILER_HAS_DEPRECATED_ATTR - Success
-- Configuring done
-- Generating done
-- Build files have been written to: /home/jason/projects/motion_control_go2/build/osgQt
