[0.024s] Invoking command in '/home/jason/projects/motion_control_go2/build/go2_control_cpp': CMAKE_PREFIX_PATH=${CMAKE_PREFIX_PATH}:/home/jason/projects/motion_control_go2/install/stand_go2:/home/jason/projects/motion_control_go2/install/robot_viz_cpp:/opt/ros/humble /usr/bin/cmake /home/jason/projects/motion_control_go2/src/go2_control_cpp -DAMENT_CMAKE_SYMLINK_INSTALL=1 -DCMAKE_INSTALL_PREFIX=/home/jason/projects/motion_control_go2/install/go2_control_cpp
[0.077s] -- The C compiler identification is GNU 11.4.0
[0.116s] -- The CXX compiler identification is GNU 11.4.0
[0.122s] -- Detecting C compiler ABI info
[0.169s] -- Detecting C compiler ABI info - done
[0.174s] -- Check for working C compiler: /usr/bin/cc - skipped
[0.174s] -- Detecting C compile features
[0.174s] -- Detecting C compile features - done
[0.176s] -- Detecting CXX compiler ABI info
[0.245s] -- Detecting CXX compiler ABI info - done
[0.247s] -- Check for working CXX compiler: /usr/bin/c++ - skipped
[0.247s] -- Detecting CXX compile features
[0.248s] -- Detecting CXX compile features - done
[0.251s] -- Found ament_cmake: 1.3.12 (/opt/ros/humble/share/ament_cmake/cmake)
[0.332s] -- Found Python3: /usr/bin/python3 (found version "3.10.12") found components: Interpreter 
[0.359s] -- Override CMake install command with custom implementation using symlinks instead of copying resources
[0.371s] -- Found rclcpp: 16.0.15 (/opt/ros/humble/share/rclcpp/cmake)
[0.390s] -- Found rosidl_generator_c: 3.1.7 (/opt/ros/humble/share/rosidl_generator_c/cmake)
[0.393s] -- Found rosidl_adapter: 3.1.7 (/opt/ros/humble/share/rosidl_adapter/cmake)
[0.398s] -- Found rosidl_generator_cpp: 3.1.7 (/opt/ros/humble/share/rosidl_generator_cpp/cmake)
[0.404s] -- Using all available rosidl_typesupport_c: rosidl_typesupport_fastrtps_c;rosidl_typesupport_introspection_c
[0.414s] -- Using all available rosidl_typesupport_cpp: rosidl_typesupport_fastrtps_cpp;rosidl_typesupport_introspection_cpp
[0.432s] -- Found rmw_implementation_cmake: 6.1.2 (/opt/ros/humble/share/rmw_implementation_cmake/cmake)
[0.433s] -- Found rmw_fastrtps_cpp: 6.2.8 (/opt/ros/humble/share/rmw_fastrtps_cpp/cmake)
[0.500s] -- Found OpenSSL: /usr/lib/x86_64-linux-gnu/libcrypto.so (found version "3.0.2")  
[0.530s] -- Found FastRTPS: /opt/ros/humble/include  
[0.554s] -- Using RMW implementation 'rmw_fastrtps_cpp' as default
[0.554s] -- Looking for pthread.h
[0.621s] -- Looking for pthread.h - found
[0.622s] -- Performing Test CMAKE_HAVE_LIBC_PTHREAD
[0.672s] -- Performing Test CMAKE_HAVE_LIBC_PTHREAD - Success
[0.673s] -- Found Threads: TRUE  
[0.700s] -- Found sensor_msgs: 4.9.0 (/opt/ros/humble/share/sensor_msgs/cmake)
[0.716s] -- pinocchio_default FOUND. pinocchio_default at /opt/ros/humble/lib/x86_64-linux-gnu/libpinocchio_default.so
[0.717s] -- pinocchio_parsers FOUND. pinocchio_parsers at /opt/ros/humble/lib/x86_64-linux-gnu/libpinocchio_parsers.so
[0.717s] -- boost_filesystem FOUND. boost_filesystem at /lib/x86_64-linux-gnu/libboost_filesystem.so
[0.717s] -- boost_serialization FOUND. boost_serialization at /lib/x86_64-linux-gnu/libboost_serialization.so
[0.717s] -- boost_system FOUND. boost_system at /lib/x86_64-linux-gnu/libboost_system.so
[0.739s] -- Found Boost: /usr/include (found version "1.74.0") found components: filesystem serialization system 
[0.740s] -- eigenpy FOUND. eigenpy at /opt/ros/humble/lib/x86_64-linux-gnu/libeigenpy.so
[0.765s] -- Checking for NumPy
[0.914s] --   NUMPY_INCLUDE_DIRS=/home/jason/.local/lib/python3.10/site-packages/numpy/_core/include
[1.007s] --   NUMPY_VERSION=2.2.6
[1.205s] -- Found Python3: /usr/bin/python3 (found version "3.10.12") found components: Interpreter Development.Module NumPy 
[1.205s] -- PythonLibraryDirs: 
[1.205s] -- PythonLibVersionString: 3.10.12
[1.227s] -- Python site lib: lib/python3.10/site-packages
[1.227s] -- Python include dirs: /usr/include/python3.10
[1.251s] -- Checking for NumPy
[1.349s] --   NUMPY_INCLUDE_DIRS=/home/jason/.local/lib/python3.10/site-packages/numpy/_core/include
[1.428s] --   NUMPY_VERSION=2.2.6
[1.428s] -- NumPy include dir: /home/jason/.local/lib/python3.10/site-packages/numpy/_core/include
[1.434s] [33mCMake Warning at /usr/share/cmake-3.22/Modules/FindBoost.cmake:2201 (message):
[1.434s]   No header defined for python310; skipping header check (note: header-only
[1.434s]   libraries have no designated component)
[1.434s] Call Stack (most recent call first):
[1.434s]   /opt/ros/humble/lib/x86_64-linux-gnu/cmake/eigenpy/boost.cmake:148 (find_package)
[1.434s]   /opt/ros/humble/lib/x86_64-linux-gnu/cmake/eigenpy/eigenpyConfig.cmake:149 (SEARCH_FOR_BOOST_PYTHON)
[1.434s]   /usr/share/cmake-3.22/Modules/CMakeFindDependencyMacro.cmake:47 (find_package)
[1.434s]   /opt/ros/humble/lib/x86_64-linux-gnu/cmake/pinocchio/pinocchioConfig.cmake:161 (find_dependency)
[1.434s]   CMakeLists.txt:13 (find_package)
[1.434s] 
[1.434s] [0m
[1.439s] -- Found Boost: /usr/include (found version "1.74.0") found components: python310 
[1.642s] -- Default C++ standard: 201703
[1.642s] -- Minimal C++ standard upgraded to 11
[1.642s] -- C++ standard sufficient: Minimal required 11, currently defined: 17
[1.643s] -- CMAKE_CXX_STANDARD was not set: automatically set to currently defined standard 17
[1.645s] -- hpp-fcl FOUND. hpp-fcl at /opt/ros/humble/lib/x86_64-linux-gnu/libhpp-fcl.so
[1.659s] -- Found Boost: /usr/include (found version "1.74.0") found components: chrono serialization filesystem 
[1.664s] -- C++ standard sufficient: Minimal required 11, currently defined: 17
[1.665s] -- C++ standard sufficient: Minimal required 11, currently defined: 17
[1.667s] -- Found ament_lint_auto: 0.12.14 (/opt/ros/humble/share/ament_lint_auto/cmake)
[1.703s] -- Added test 'cppcheck' to perform static code analysis on C / C++ code
[1.703s] -- Configured cppcheck include dirs: 
[1.704s] -- Configured cppcheck exclude dirs and/or files: 
[1.704s] -- Added test 'lint_cmake' to check CMake code style
[1.704s] -- Added test 'uncrustify' to check C / C++ code style
[1.704s] -- Configured uncrustify additional arguments: 
[1.704s] -- Added test 'xmllint' to check XML markup files
[1.704s] -- Configuring done
[1.708s] -- Generating done
[1.710s] -- Build files have been written to: /home/jason/projects/motion_control_go2/build/go2_control_cpp
