[0.042s] DEBUG:colcon:Command line arguments: ['/usr/bin/colcon', 'build', '--symlink-install']
[0.042s] DEBUG:colcon:Parsed command line arguments: Namespace(log_base=None, log_level=None, verb_name='build', build_base='build', install_base='install', merge_install=False, symlink_install=True, test_result_base=None, continue_on_error=False, executor='parallel', parallel_workers=16, event_handlers=None, ignore_user_meta=False, metas=['./colcon.meta'], base_paths=['.'], packages_ignore=None, packages_ignore_regex=None, paths=None, packages_up_to=None, packages_up_to_regex=None, packages_above=None, packages_above_and_dependencies=None, packages_above_depth=None, packages_select_by_dep=None, packages_skip_by_dep=None, packages_skip_up_to=None, packages_select_build_failed=False, packages_skip_build_finished=False, packages_select_test_failures=False, packages_skip_test_passed=False, packages_select=None, packages_skip=None, packages_select_regex=None, packages_skip_regex=None, packages_start=None, packages_end=None, allow_overriding=[], cmake_args=None, cmake_target=None, cmake_target_skip_unavailable=False, cmake_clean_cache=False, cmake_clean_first=False, cmake_force_configure=False, ament_cmake_args=None, catkin_cmake_args=None, catkin_skip_building_tests=False, verb_parser=<colcon_defaults.argument_parser.defaults.DefaultArgumentsDecorator object at 0x74dd1e82bbe0>, verb_extension=<colcon_core.verb.build.BuildVerb object at 0x74dd1e82b2b0>, main=<bound method BuildVerb.main of <colcon_core.verb.build.BuildVerb object at 0x74dd1e82b2b0>>)
[0.103s] Level 1:colcon.colcon_core.package_discovery:discover_packages(colcon_meta) check parameters
[0.103s] Level 1:colcon.colcon_core.package_discovery:discover_packages(recursive) check parameters
[0.103s] Level 1:colcon.colcon_core.package_discovery:discover_packages(ignore) check parameters
[0.103s] Level 1:colcon.colcon_core.package_discovery:discover_packages(path) check parameters
[0.103s] Level 1:colcon.colcon_core.package_discovery:discover_packages(colcon_meta) discover
[0.103s] Level 1:colcon.colcon_core.package_discovery:discover_packages(recursive) discover
[0.103s] INFO:colcon.colcon_core.package_discovery:Crawling recursively for packages in '/home/jason/projects/unitree_sdk2_ws'
[0.103s] Level 1:colcon.colcon_core.package_identification:_identify(.) by extensions ['ignore', 'ignore_ament_install']
[0.103s] Level 1:colcon.colcon_core.package_identification:_identify(.) by extension 'ignore'
[0.103s] Level 1:colcon.colcon_core.package_identification:_identify(.) by extension 'ignore_ament_install'
[0.103s] Level 1:colcon.colcon_core.package_identification:_identify(.) by extensions ['colcon_pkg']
[0.103s] Level 1:colcon.colcon_core.package_identification:_identify(.) by extension 'colcon_pkg'
[0.103s] Level 1:colcon.colcon_core.package_identification:_identify(.) by extensions ['colcon_meta']
[0.103s] Level 1:colcon.colcon_core.package_identification:_identify(.) by extension 'colcon_meta'
[0.103s] Level 1:colcon.colcon_core.package_identification:_identify(.) by extensions ['ros']
[0.103s] Level 1:colcon.colcon_core.package_identification:_identify(.) by extension 'ros'
[0.108s] Level 1:colcon.colcon_core.package_identification:_identify(.) by extensions ['cmake', 'python']
[0.108s] Level 1:colcon.colcon_core.package_identification:_identify(.) by extension 'cmake'
[0.108s] Level 1:colcon.colcon_core.package_identification:_identify(.) by extension 'python'
[0.108s] Level 1:colcon.colcon_core.package_identification:_identify(.) by extensions ['python_setup_py']
[0.108s] Level 1:colcon.colcon_core.package_identification:_identify(.) by extension 'python_setup_py'
[0.108s] Level 1:colcon.colcon_core.package_identification:_identify(build) by extensions ['ignore', 'ignore_ament_install']
[0.108s] Level 1:colcon.colcon_core.package_identification:_identify(build) by extension 'ignore'
[0.108s] Level 1:colcon.colcon_core.package_identification:_identify(build) ignored
[0.108s] Level 1:colcon.colcon_core.package_identification:_identify(install) by extensions ['ignore', 'ignore_ament_install']
[0.108s] Level 1:colcon.colcon_core.package_identification:_identify(install) by extension 'ignore'
[0.108s] Level 1:colcon.colcon_core.package_identification:_identify(install) ignored
[0.108s] Level 1:colcon.colcon_core.package_identification:_identify(log) by extensions ['ignore', 'ignore_ament_install']
[0.108s] Level 1:colcon.colcon_core.package_identification:_identify(log) by extension 'ignore'
[0.108s] Level 1:colcon.colcon_core.package_identification:_identify(log) ignored
[0.108s] Level 1:colcon.colcon_core.package_identification:_identify(unitree_ros2) by extensions ['ignore', 'ignore_ament_install']
[0.108s] Level 1:colcon.colcon_core.package_identification:_identify(unitree_ros2) by extension 'ignore'
[0.109s] Level 1:colcon.colcon_core.package_identification:_identify(unitree_ros2) by extension 'ignore_ament_install'
[0.109s] Level 1:colcon.colcon_core.package_identification:_identify(unitree_ros2) by extensions ['colcon_pkg']
[0.109s] Level 1:colcon.colcon_core.package_identification:_identify(unitree_ros2) by extension 'colcon_pkg'
[0.109s] Level 1:colcon.colcon_core.package_identification:_identify(unitree_ros2) by extensions ['colcon_meta']
[0.109s] Level 1:colcon.colcon_core.package_identification:_identify(unitree_ros2) by extension 'colcon_meta'
[0.109s] Level 1:colcon.colcon_core.package_identification:_identify(unitree_ros2) by extensions ['ros']
[0.109s] Level 1:colcon.colcon_core.package_identification:_identify(unitree_ros2) by extension 'ros'
[0.109s] Level 1:colcon.colcon_core.package_identification:_identify(unitree_ros2) by extensions ['cmake', 'python']
[0.109s] Level 1:colcon.colcon_core.package_identification:_identify(unitree_ros2) by extension 'cmake'
[0.109s] Level 1:colcon.colcon_core.package_identification:_identify(unitree_ros2) by extension 'python'
[0.109s] Level 1:colcon.colcon_core.package_identification:_identify(unitree_ros2) by extensions ['python_setup_py']
[0.109s] Level 1:colcon.colcon_core.package_identification:_identify(unitree_ros2) by extension 'python_setup_py'
[0.109s] Level 1:colcon.colcon_core.package_identification:_identify(unitree_ros2/cyclonedds_ws) by extensions ['ignore', 'ignore_ament_install']
[0.109s] Level 1:colcon.colcon_core.package_identification:_identify(unitree_ros2/cyclonedds_ws) by extension 'ignore'
[0.109s] Level 1:colcon.colcon_core.package_identification:_identify(unitree_ros2/cyclonedds_ws) by extension 'ignore_ament_install'
[0.109s] Level 1:colcon.colcon_core.package_identification:_identify(unitree_ros2/cyclonedds_ws) by extensions ['colcon_pkg']
[0.109s] Level 1:colcon.colcon_core.package_identification:_identify(unitree_ros2/cyclonedds_ws) by extension 'colcon_pkg'
[0.109s] Level 1:colcon.colcon_core.package_identification:_identify(unitree_ros2/cyclonedds_ws) by extensions ['colcon_meta']
[0.109s] Level 1:colcon.colcon_core.package_identification:_identify(unitree_ros2/cyclonedds_ws) by extension 'colcon_meta'
[0.109s] Level 1:colcon.colcon_core.package_identification:_identify(unitree_ros2/cyclonedds_ws) by extensions ['ros']
[0.109s] Level 1:colcon.colcon_core.package_identification:_identify(unitree_ros2/cyclonedds_ws) by extension 'ros'
[0.109s] Level 1:colcon.colcon_core.package_identification:_identify(unitree_ros2/cyclonedds_ws) by extensions ['cmake', 'python']
[0.109s] Level 1:colcon.colcon_core.package_identification:_identify(unitree_ros2/cyclonedds_ws) by extension 'cmake'
[0.109s] Level 1:colcon.colcon_core.package_identification:_identify(unitree_ros2/cyclonedds_ws) by extension 'python'
[0.109s] Level 1:colcon.colcon_core.package_identification:_identify(unitree_ros2/cyclonedds_ws) by extensions ['python_setup_py']
[0.109s] Level 1:colcon.colcon_core.package_identification:_identify(unitree_ros2/cyclonedds_ws) by extension 'python_setup_py'
[0.109s] Level 1:colcon.colcon_core.package_identification:_identify(unitree_ros2/cyclonedds_ws/src) by extensions ['ignore', 'ignore_ament_install']
[0.109s] Level 1:colcon.colcon_core.package_identification:_identify(unitree_ros2/cyclonedds_ws/src) by extension 'ignore'
[0.109s] Level 1:colcon.colcon_core.package_identification:_identify(unitree_ros2/cyclonedds_ws/src) by extension 'ignore_ament_install'
[0.109s] Level 1:colcon.colcon_core.package_identification:_identify(unitree_ros2/cyclonedds_ws/src) by extensions ['colcon_pkg']
[0.109s] Level 1:colcon.colcon_core.package_identification:_identify(unitree_ros2/cyclonedds_ws/src) by extension 'colcon_pkg'
[0.109s] Level 1:colcon.colcon_core.package_identification:_identify(unitree_ros2/cyclonedds_ws/src) by extensions ['colcon_meta']
[0.109s] Level 1:colcon.colcon_core.package_identification:_identify(unitree_ros2/cyclonedds_ws/src) by extension 'colcon_meta'
[0.109s] Level 1:colcon.colcon_core.package_identification:_identify(unitree_ros2/cyclonedds_ws/src) by extensions ['ros']
[0.109s] Level 1:colcon.colcon_core.package_identification:_identify(unitree_ros2/cyclonedds_ws/src) by extension 'ros'
[0.109s] Level 1:colcon.colcon_core.package_identification:_identify(unitree_ros2/cyclonedds_ws/src) by extensions ['cmake', 'python']
[0.109s] Level 1:colcon.colcon_core.package_identification:_identify(unitree_ros2/cyclonedds_ws/src) by extension 'cmake'
[0.109s] Level 1:colcon.colcon_core.package_identification:_identify(unitree_ros2/cyclonedds_ws/src) by extension 'python'
[0.109s] Level 1:colcon.colcon_core.package_identification:_identify(unitree_ros2/cyclonedds_ws/src) by extensions ['python_setup_py']
[0.109s] Level 1:colcon.colcon_core.package_identification:_identify(unitree_ros2/cyclonedds_ws/src) by extension 'python_setup_py'
[0.109s] Level 1:colcon.colcon_core.package_identification:_identify(unitree_ros2/cyclonedds_ws/src/unitree) by extensions ['ignore', 'ignore_ament_install']
[0.109s] Level 1:colcon.colcon_core.package_identification:_identify(unitree_ros2/cyclonedds_ws/src/unitree) by extension 'ignore'
[0.109s] Level 1:colcon.colcon_core.package_identification:_identify(unitree_ros2/cyclonedds_ws/src/unitree) by extension 'ignore_ament_install'
[0.109s] Level 1:colcon.colcon_core.package_identification:_identify(unitree_ros2/cyclonedds_ws/src/unitree) by extensions ['colcon_pkg']
[0.109s] Level 1:colcon.colcon_core.package_identification:_identify(unitree_ros2/cyclonedds_ws/src/unitree) by extension 'colcon_pkg'
[0.109s] Level 1:colcon.colcon_core.package_identification:_identify(unitree_ros2/cyclonedds_ws/src/unitree) by extensions ['colcon_meta']
[0.109s] Level 1:colcon.colcon_core.package_identification:_identify(unitree_ros2/cyclonedds_ws/src/unitree) by extension 'colcon_meta'
[0.109s] Level 1:colcon.colcon_core.package_identification:_identify(unitree_ros2/cyclonedds_ws/src/unitree) by extensions ['ros']
[0.109s] Level 1:colcon.colcon_core.package_identification:_identify(unitree_ros2/cyclonedds_ws/src/unitree) by extension 'ros'
[0.109s] Level 1:colcon.colcon_core.package_identification:_identify(unitree_ros2/cyclonedds_ws/src/unitree) by extensions ['cmake', 'python']
[0.109s] Level 1:colcon.colcon_core.package_identification:_identify(unitree_ros2/cyclonedds_ws/src/unitree) by extension 'cmake'
[0.109s] Level 1:colcon.colcon_core.package_identification:_identify(unitree_ros2/cyclonedds_ws/src/unitree) by extension 'python'
[0.109s] Level 1:colcon.colcon_core.package_identification:_identify(unitree_ros2/cyclonedds_ws/src/unitree) by extensions ['python_setup_py']
[0.109s] Level 1:colcon.colcon_core.package_identification:_identify(unitree_ros2/cyclonedds_ws/src/unitree) by extension 'python_setup_py'
[0.109s] Level 1:colcon.colcon_core.package_identification:_identify(unitree_ros2/cyclonedds_ws/src/unitree/unitree_api) by extensions ['ignore', 'ignore_ament_install']
[0.109s] Level 1:colcon.colcon_core.package_identification:_identify(unitree_ros2/cyclonedds_ws/src/unitree/unitree_api) by extension 'ignore'
[0.109s] Level 1:colcon.colcon_core.package_identification:_identify(unitree_ros2/cyclonedds_ws/src/unitree/unitree_api) by extension 'ignore_ament_install'
[0.109s] Level 1:colcon.colcon_core.package_identification:_identify(unitree_ros2/cyclonedds_ws/src/unitree/unitree_api) by extensions ['colcon_pkg']
[0.110s] Level 1:colcon.colcon_core.package_identification:_identify(unitree_ros2/cyclonedds_ws/src/unitree/unitree_api) by extension 'colcon_pkg'
[0.110s] Level 1:colcon.colcon_core.package_identification:_identify(unitree_ros2/cyclonedds_ws/src/unitree/unitree_api) by extensions ['colcon_meta']
[0.110s] Level 1:colcon.colcon_core.package_identification:_identify(unitree_ros2/cyclonedds_ws/src/unitree/unitree_api) by extension 'colcon_meta'
[0.110s] Level 1:colcon.colcon_core.package_identification:_identify(unitree_ros2/cyclonedds_ws/src/unitree/unitree_api) by extensions ['ros']
[0.110s] Level 1:colcon.colcon_core.package_identification:_identify(unitree_ros2/cyclonedds_ws/src/unitree/unitree_api) by extension 'ros'
[0.114s] DEBUG:colcon.colcon_core.package_identification:Package 'unitree_ros2/cyclonedds_ws/src/unitree/unitree_api' with type 'ros.ament_cmake' and name 'unitree_api'
[0.115s] Level 1:colcon.colcon_core.package_identification:_identify(unitree_ros2/cyclonedds_ws/src/unitree/unitree_go) by extensions ['ignore', 'ignore_ament_install']
[0.115s] Level 1:colcon.colcon_core.package_identification:_identify(unitree_ros2/cyclonedds_ws/src/unitree/unitree_go) by extension 'ignore'
[0.115s] Level 1:colcon.colcon_core.package_identification:_identify(unitree_ros2/cyclonedds_ws/src/unitree/unitree_go) by extension 'ignore_ament_install'
[0.115s] Level 1:colcon.colcon_core.package_identification:_identify(unitree_ros2/cyclonedds_ws/src/unitree/unitree_go) by extensions ['colcon_pkg']
[0.115s] Level 1:colcon.colcon_core.package_identification:_identify(unitree_ros2/cyclonedds_ws/src/unitree/unitree_go) by extension 'colcon_pkg'
[0.115s] Level 1:colcon.colcon_core.package_identification:_identify(unitree_ros2/cyclonedds_ws/src/unitree/unitree_go) by extensions ['colcon_meta']
[0.115s] Level 1:colcon.colcon_core.package_identification:_identify(unitree_ros2/cyclonedds_ws/src/unitree/unitree_go) by extension 'colcon_meta'
[0.115s] Level 1:colcon.colcon_core.package_identification:_identify(unitree_ros2/cyclonedds_ws/src/unitree/unitree_go) by extensions ['ros']
[0.115s] Level 1:colcon.colcon_core.package_identification:_identify(unitree_ros2/cyclonedds_ws/src/unitree/unitree_go) by extension 'ros'
[0.115s] DEBUG:colcon.colcon_core.package_identification:Package 'unitree_ros2/cyclonedds_ws/src/unitree/unitree_go' with type 'ros.ament_cmake' and name 'unitree_go'
[0.115s] Level 1:colcon.colcon_core.package_identification:_identify(unitree_ros2/cyclonedds_ws/src/unitree/unitree_hg) by extensions ['ignore', 'ignore_ament_install']
[0.115s] Level 1:colcon.colcon_core.package_identification:_identify(unitree_ros2/cyclonedds_ws/src/unitree/unitree_hg) by extension 'ignore'
[0.115s] Level 1:colcon.colcon_core.package_identification:_identify(unitree_ros2/cyclonedds_ws/src/unitree/unitree_hg) by extension 'ignore_ament_install'
[0.116s] Level 1:colcon.colcon_core.package_identification:_identify(unitree_ros2/cyclonedds_ws/src/unitree/unitree_hg) by extensions ['colcon_pkg']
[0.116s] Level 1:colcon.colcon_core.package_identification:_identify(unitree_ros2/cyclonedds_ws/src/unitree/unitree_hg) by extension 'colcon_pkg'
[0.116s] Level 1:colcon.colcon_core.package_identification:_identify(unitree_ros2/cyclonedds_ws/src/unitree/unitree_hg) by extensions ['colcon_meta']
[0.116s] Level 1:colcon.colcon_core.package_identification:_identify(unitree_ros2/cyclonedds_ws/src/unitree/unitree_hg) by extension 'colcon_meta'
[0.116s] Level 1:colcon.colcon_core.package_identification:_identify(unitree_ros2/cyclonedds_ws/src/unitree/unitree_hg) by extensions ['ros']
[0.116s] Level 1:colcon.colcon_core.package_identification:_identify(unitree_ros2/cyclonedds_ws/src/unitree/unitree_hg) by extension 'ros'
[0.116s] DEBUG:colcon.colcon_core.package_identification:Package 'unitree_ros2/cyclonedds_ws/src/unitree/unitree_hg' with type 'ros.ament_cmake' and name 'unitree_hg'
[0.116s] Level 1:colcon.colcon_core.package_identification:_identify(unitree_ros2/docs) by extensions ['ignore', 'ignore_ament_install']
[0.116s] Level 1:colcon.colcon_core.package_identification:_identify(unitree_ros2/docs) by extension 'ignore'
[0.116s] Level 1:colcon.colcon_core.package_identification:_identify(unitree_ros2/docs) by extension 'ignore_ament_install'
[0.116s] Level 1:colcon.colcon_core.package_identification:_identify(unitree_ros2/docs) by extensions ['colcon_pkg']
[0.116s] Level 1:colcon.colcon_core.package_identification:_identify(unitree_ros2/docs) by extension 'colcon_pkg'
[0.116s] Level 1:colcon.colcon_core.package_identification:_identify(unitree_ros2/docs) by extensions ['colcon_meta']
[0.116s] Level 1:colcon.colcon_core.package_identification:_identify(unitree_ros2/docs) by extension 'colcon_meta'
[0.116s] Level 1:colcon.colcon_core.package_identification:_identify(unitree_ros2/docs) by extensions ['ros']
[0.116s] Level 1:colcon.colcon_core.package_identification:_identify(unitree_ros2/docs) by extension 'ros'
[0.116s] Level 1:colcon.colcon_core.package_identification:_identify(unitree_ros2/docs) by extensions ['cmake', 'python']
[0.116s] Level 1:colcon.colcon_core.package_identification:_identify(unitree_ros2/docs) by extension 'cmake'
[0.116s] Level 1:colcon.colcon_core.package_identification:_identify(unitree_ros2/docs) by extension 'python'
[0.116s] Level 1:colcon.colcon_core.package_identification:_identify(unitree_ros2/docs) by extensions ['python_setup_py']
[0.116s] Level 1:colcon.colcon_core.package_identification:_identify(unitree_ros2/docs) by extension 'python_setup_py'
[0.116s] Level 1:colcon.colcon_core.package_identification:_identify(unitree_ros2/docs/image) by extensions ['ignore', 'ignore_ament_install']
[0.116s] Level 1:colcon.colcon_core.package_identification:_identify(unitree_ros2/docs/image) by extension 'ignore'
[0.116s] Level 1:colcon.colcon_core.package_identification:_identify(unitree_ros2/docs/image) by extension 'ignore_ament_install'
[0.116s] Level 1:colcon.colcon_core.package_identification:_identify(unitree_ros2/docs/image) by extensions ['colcon_pkg']
[0.116s] Level 1:colcon.colcon_core.package_identification:_identify(unitree_ros2/docs/image) by extension 'colcon_pkg'
[0.116s] Level 1:colcon.colcon_core.package_identification:_identify(unitree_ros2/docs/image) by extensions ['colcon_meta']
[0.116s] Level 1:colcon.colcon_core.package_identification:_identify(unitree_ros2/docs/image) by extension 'colcon_meta'
[0.116s] Level 1:colcon.colcon_core.package_identification:_identify(unitree_ros2/docs/image) by extensions ['ros']
[0.116s] Level 1:colcon.colcon_core.package_identification:_identify(unitree_ros2/docs/image) by extension 'ros'
[0.116s] Level 1:colcon.colcon_core.package_identification:_identify(unitree_ros2/docs/image) by extensions ['cmake', 'python']
[0.116s] Level 1:colcon.colcon_core.package_identification:_identify(unitree_ros2/docs/image) by extension 'cmake'
[0.116s] Level 1:colcon.colcon_core.package_identification:_identify(unitree_ros2/docs/image) by extension 'python'
[0.116s] Level 1:colcon.colcon_core.package_identification:_identify(unitree_ros2/docs/image) by extensions ['python_setup_py']
[0.116s] Level 1:colcon.colcon_core.package_identification:_identify(unitree_ros2/docs/image) by extension 'python_setup_py'
[0.116s] Level 1:colcon.colcon_core.package_identification:_identify(unitree_ros2/example) by extensions ['ignore', 'ignore_ament_install']
[0.117s] Level 1:colcon.colcon_core.package_identification:_identify(unitree_ros2/example) by extension 'ignore'
[0.117s] Level 1:colcon.colcon_core.package_identification:_identify(unitree_ros2/example) by extension 'ignore_ament_install'
[0.117s] Level 1:colcon.colcon_core.package_identification:_identify(unitree_ros2/example) by extensions ['colcon_pkg']
[0.117s] Level 1:colcon.colcon_core.package_identification:_identify(unitree_ros2/example) by extension 'colcon_pkg'
[0.117s] Level 1:colcon.colcon_core.package_identification:_identify(unitree_ros2/example) by extensions ['colcon_meta']
[0.117s] Level 1:colcon.colcon_core.package_identification:_identify(unitree_ros2/example) by extension 'colcon_meta'
[0.117s] Level 1:colcon.colcon_core.package_identification:_identify(unitree_ros2/example) by extensions ['ros']
[0.117s] Level 1:colcon.colcon_core.package_identification:_identify(unitree_ros2/example) by extension 'ros'
[0.117s] Level 1:colcon.colcon_core.package_identification:_identify(unitree_ros2/example) by extensions ['cmake', 'python']
[0.117s] Level 1:colcon.colcon_core.package_identification:_identify(unitree_ros2/example) by extension 'cmake'
[0.117s] Level 1:colcon.colcon_core.package_identification:_identify(unitree_ros2/example) by extension 'python'
[0.117s] Level 1:colcon.colcon_core.package_identification:_identify(unitree_ros2/example) by extensions ['python_setup_py']
[0.117s] Level 1:colcon.colcon_core.package_identification:_identify(unitree_ros2/example) by extension 'python_setup_py'
[0.117s] Level 1:colcon.colcon_core.package_identification:_identify(unitree_ros2/example/src) by extensions ['ignore', 'ignore_ament_install']
[0.117s] Level 1:colcon.colcon_core.package_identification:_identify(unitree_ros2/example/src) by extension 'ignore'
[0.117s] Level 1:colcon.colcon_core.package_identification:_identify(unitree_ros2/example/src) by extension 'ignore_ament_install'
[0.117s] Level 1:colcon.colcon_core.package_identification:_identify(unitree_ros2/example/src) by extensions ['colcon_pkg']
[0.117s] Level 1:colcon.colcon_core.package_identification:_identify(unitree_ros2/example/src) by extension 'colcon_pkg'
[0.117s] Level 1:colcon.colcon_core.package_identification:_identify(unitree_ros2/example/src) by extensions ['colcon_meta']
[0.117s] Level 1:colcon.colcon_core.package_identification:_identify(unitree_ros2/example/src) by extension 'colcon_meta'
[0.117s] Level 1:colcon.colcon_core.package_identification:_identify(unitree_ros2/example/src) by extensions ['ros']
[0.117s] Level 1:colcon.colcon_core.package_identification:_identify(unitree_ros2/example/src) by extension 'ros'
[0.118s] DEBUG:colcon.colcon_core.package_identification:Package 'unitree_ros2/example/src' with type 'ros.ament_cmake' and name 'unitree_ros2_example'
[0.118s] Level 1:colcon.colcon_core.package_identification:_identify(unitree_sdk2) by extensions ['ignore', 'ignore_ament_install']
[0.118s] Level 1:colcon.colcon_core.package_identification:_identify(unitree_sdk2) by extension 'ignore'
[0.118s] Level 1:colcon.colcon_core.package_identification:_identify(unitree_sdk2) by extension 'ignore_ament_install'
[0.118s] Level 1:colcon.colcon_core.package_identification:_identify(unitree_sdk2) by extensions ['colcon_pkg']
[0.118s] Level 1:colcon.colcon_core.package_identification:_identify(unitree_sdk2) by extension 'colcon_pkg'
[0.118s] Level 1:colcon.colcon_core.package_identification:_identify(unitree_sdk2) by extensions ['colcon_meta']
[0.118s] Level 1:colcon.colcon_core.package_identification:_identify(unitree_sdk2) by extension 'colcon_meta'
[0.118s] Level 1:colcon.colcon_core.package_identification:_identify(unitree_sdk2) by extensions ['ros']
[0.118s] Level 1:colcon.colcon_core.package_identification:_identify(unitree_sdk2) by extension 'ros'
[0.118s] Level 1:colcon.colcon_core.package_identification:_identify(unitree_sdk2) by extensions ['cmake', 'python']
[0.118s] Level 1:colcon.colcon_core.package_identification:_identify(unitree_sdk2) by extension 'cmake'
[0.130s] Level 1:colcon.colcon_core.package_identification:_identify(unitree_sdk2) by extension 'python'
[0.130s] DEBUG:colcon.colcon_core.package_identification:Package 'unitree_sdk2' with type 'cmake' and name 'unitree_sdk2'
[0.130s] Level 1:colcon.colcon_core.package_discovery:discover_packages(recursive) using defaults
[0.130s] Level 1:colcon.colcon_core.package_discovery:discover_packages(ignore) discover
[0.130s] Level 1:colcon.colcon_core.package_discovery:discover_packages(ignore) using defaults
[0.130s] Level 1:colcon.colcon_core.package_discovery:discover_packages(path) discover
[0.130s] Level 1:colcon.colcon_core.package_discovery:discover_packages(path) using defaults
[0.143s] Level 1:colcon.colcon_core.package_discovery:discover_packages(prefix_path) check parameters
[0.143s] Level 1:colcon.colcon_core.package_discovery:discover_packages(prefix_path) discover
[0.144s] WARNING:colcon.colcon_ros.prefix_path.catkin:The path '/home/jason/projects/unitree_sdk2_ws/install/unitree_sdk2' in the environment variable CMAKE_PREFIX_PATH doesn't exist
[0.144s] WARNING:colcon.colcon_ros.prefix_path.catkin:The path '/home/jason/projects/unitree_sdk2_ws/install/unitree_ros2_example' in the environment variable CMAKE_PREFIX_PATH doesn't exist
[0.144s] WARNING:colcon.colcon_ros.prefix_path.catkin:The path '/home/jason/projects/unitree_sdk2_ws/install/unitree_hg' in the environment variable CMAKE_PREFIX_PATH doesn't exist
[0.144s] WARNING:colcon.colcon_ros.prefix_path.catkin:The path '/home/jason/projects/unitree_sdk2_ws/install/unitree_go' in the environment variable CMAKE_PREFIX_PATH doesn't exist
[0.144s] WARNING:colcon.colcon_ros.prefix_path.catkin:The path '/home/jason/projects/unitree_sdk2_ws/install/unitree_api' in the environment variable CMAKE_PREFIX_PATH doesn't exist
[0.144s] DEBUG:colcon.colcon_installed_package_information.package_discovery:Found 0 installed packages in /home/jason/projects/unitree_sdk2_ws/install
[0.145s] DEBUG:colcon.colcon_installed_package_information.package_discovery:Found 313 installed packages in /opt/ros/humble
[0.145s] Level 1:colcon.colcon_core.package_discovery:discover_packages(prefix_path) using defaults
[0.160s] Level 5:colcon.colcon_core.verb:set package 'unitree_api' build argument 'cmake_args' from command line to 'None'
[0.160s] Level 5:colcon.colcon_core.verb:set package 'unitree_api' build argument 'cmake_target' from command line to 'None'
[0.160s] Level 5:colcon.colcon_core.verb:set package 'unitree_api' build argument 'cmake_target_skip_unavailable' from command line to 'False'
[0.160s] Level 5:colcon.colcon_core.verb:set package 'unitree_api' build argument 'cmake_clean_cache' from command line to 'False'
[0.160s] Level 5:colcon.colcon_core.verb:set package 'unitree_api' build argument 'cmake_clean_first' from command line to 'False'
[0.160s] Level 5:colcon.colcon_core.verb:set package 'unitree_api' build argument 'cmake_force_configure' from command line to 'False'
[0.160s] Level 5:colcon.colcon_core.verb:set package 'unitree_api' build argument 'ament_cmake_args' from command line to 'None'
[0.160s] Level 5:colcon.colcon_core.verb:set package 'unitree_api' build argument 'catkin_cmake_args' from command line to 'None'
[0.160s] Level 5:colcon.colcon_core.verb:set package 'unitree_api' build argument 'catkin_skip_building_tests' from command line to 'False'
[0.160s] DEBUG:colcon.colcon_core.verb:Building package 'unitree_api' with the following arguments: {'ament_cmake_args': None, 'build_base': '/home/jason/projects/unitree_sdk2_ws/build/unitree_api', 'catkin_cmake_args': None, 'catkin_skip_building_tests': False, 'cmake_args': None, 'cmake_clean_cache': False, 'cmake_clean_first': False, 'cmake_force_configure': False, 'cmake_target': None, 'cmake_target_skip_unavailable': False, 'install_base': '/home/jason/projects/unitree_sdk2_ws/install/unitree_api', 'merge_install': False, 'path': '/home/jason/projects/unitree_sdk2_ws/unitree_ros2/cyclonedds_ws/src/unitree/unitree_api', 'symlink_install': True, 'test_result_base': None}
[0.160s] Level 5:colcon.colcon_core.verb:set package 'unitree_go' build argument 'cmake_args' from command line to 'None'
[0.160s] Level 5:colcon.colcon_core.verb:set package 'unitree_go' build argument 'cmake_target' from command line to 'None'
[0.160s] Level 5:colcon.colcon_core.verb:set package 'unitree_go' build argument 'cmake_target_skip_unavailable' from command line to 'False'
[0.160s] Level 5:colcon.colcon_core.verb:set package 'unitree_go' build argument 'cmake_clean_cache' from command line to 'False'
[0.160s] Level 5:colcon.colcon_core.verb:set package 'unitree_go' build argument 'cmake_clean_first' from command line to 'False'
[0.160s] Level 5:colcon.colcon_core.verb:set package 'unitree_go' build argument 'cmake_force_configure' from command line to 'False'
[0.160s] Level 5:colcon.colcon_core.verb:set package 'unitree_go' build argument 'ament_cmake_args' from command line to 'None'
[0.160s] Level 5:colcon.colcon_core.verb:set package 'unitree_go' build argument 'catkin_cmake_args' from command line to 'None'
[0.160s] Level 5:colcon.colcon_core.verb:set package 'unitree_go' build argument 'catkin_skip_building_tests' from command line to 'False'
[0.160s] DEBUG:colcon.colcon_core.verb:Building package 'unitree_go' with the following arguments: {'ament_cmake_args': None, 'build_base': '/home/jason/projects/unitree_sdk2_ws/build/unitree_go', 'catkin_cmake_args': None, 'catkin_skip_building_tests': False, 'cmake_args': None, 'cmake_clean_cache': False, 'cmake_clean_first': False, 'cmake_force_configure': False, 'cmake_target': None, 'cmake_target_skip_unavailable': False, 'install_base': '/home/jason/projects/unitree_sdk2_ws/install/unitree_go', 'merge_install': False, 'path': '/home/jason/projects/unitree_sdk2_ws/unitree_ros2/cyclonedds_ws/src/unitree/unitree_go', 'symlink_install': True, 'test_result_base': None}
[0.160s] Level 5:colcon.colcon_core.verb:set package 'unitree_hg' build argument 'cmake_args' from command line to 'None'
[0.160s] Level 5:colcon.colcon_core.verb:set package 'unitree_hg' build argument 'cmake_target' from command line to 'None'
[0.160s] Level 5:colcon.colcon_core.verb:set package 'unitree_hg' build argument 'cmake_target_skip_unavailable' from command line to 'False'
[0.160s] Level 5:colcon.colcon_core.verb:set package 'unitree_hg' build argument 'cmake_clean_cache' from command line to 'False'
[0.160s] Level 5:colcon.colcon_core.verb:set package 'unitree_hg' build argument 'cmake_clean_first' from command line to 'False'
[0.160s] Level 5:colcon.colcon_core.verb:set package 'unitree_hg' build argument 'cmake_force_configure' from command line to 'False'
[0.160s] Level 5:colcon.colcon_core.verb:set package 'unitree_hg' build argument 'ament_cmake_args' from command line to 'None'
[0.160s] Level 5:colcon.colcon_core.verb:set package 'unitree_hg' build argument 'catkin_cmake_args' from command line to 'None'
[0.160s] Level 5:colcon.colcon_core.verb:set package 'unitree_hg' build argument 'catkin_skip_building_tests' from command line to 'False'
[0.160s] DEBUG:colcon.colcon_core.verb:Building package 'unitree_hg' with the following arguments: {'ament_cmake_args': None, 'build_base': '/home/jason/projects/unitree_sdk2_ws/build/unitree_hg', 'catkin_cmake_args': None, 'catkin_skip_building_tests': False, 'cmake_args': None, 'cmake_clean_cache': False, 'cmake_clean_first': False, 'cmake_force_configure': False, 'cmake_target': None, 'cmake_target_skip_unavailable': False, 'install_base': '/home/jason/projects/unitree_sdk2_ws/install/unitree_hg', 'merge_install': False, 'path': '/home/jason/projects/unitree_sdk2_ws/unitree_ros2/cyclonedds_ws/src/unitree/unitree_hg', 'symlink_install': True, 'test_result_base': None}
[0.161s] Level 5:colcon.colcon_core.verb:set package 'unitree_sdk2' build argument 'cmake_args' from command line to 'None'
[0.161s] Level 5:colcon.colcon_core.verb:set package 'unitree_sdk2' build argument 'cmake_target' from command line to 'None'
[0.161s] Level 5:colcon.colcon_core.verb:set package 'unitree_sdk2' build argument 'cmake_target_skip_unavailable' from command line to 'False'
[0.161s] Level 5:colcon.colcon_core.verb:set package 'unitree_sdk2' build argument 'cmake_clean_cache' from command line to 'False'
[0.161s] Level 5:colcon.colcon_core.verb:set package 'unitree_sdk2' build argument 'cmake_clean_first' from command line to 'False'
[0.161s] Level 5:colcon.colcon_core.verb:set package 'unitree_sdk2' build argument 'cmake_force_configure' from command line to 'False'
[0.161s] Level 5:colcon.colcon_core.verb:set package 'unitree_sdk2' build argument 'ament_cmake_args' from command line to 'None'
[0.161s] Level 5:colcon.colcon_core.verb:set package 'unitree_sdk2' build argument 'catkin_cmake_args' from command line to 'None'
[0.161s] Level 5:colcon.colcon_core.verb:set package 'unitree_sdk2' build argument 'catkin_skip_building_tests' from command line to 'False'
[0.161s] DEBUG:colcon.colcon_core.verb:Building package 'unitree_sdk2' with the following arguments: {'ament_cmake_args': None, 'build_base': '/home/jason/projects/unitree_sdk2_ws/build/unitree_sdk2', 'catkin_cmake_args': None, 'catkin_skip_building_tests': False, 'cmake_args': None, 'cmake_clean_cache': False, 'cmake_clean_first': False, 'cmake_force_configure': False, 'cmake_target': None, 'cmake_target_skip_unavailable': False, 'install_base': '/home/jason/projects/unitree_sdk2_ws/install/unitree_sdk2', 'merge_install': False, 'path': '/home/jason/projects/unitree_sdk2_ws/unitree_sdk2', 'symlink_install': True, 'test_result_base': None}
[0.161s] Level 5:colcon.colcon_core.verb:set package 'unitree_ros2_example' build argument 'cmake_args' from command line to 'None'
[0.161s] Level 5:colcon.colcon_core.verb:set package 'unitree_ros2_example' build argument 'cmake_target' from command line to 'None'
[0.161s] Level 5:colcon.colcon_core.verb:set package 'unitree_ros2_example' build argument 'cmake_target_skip_unavailable' from command line to 'False'
[0.161s] Level 5:colcon.colcon_core.verb:set package 'unitree_ros2_example' build argument 'cmake_clean_cache' from command line to 'False'
[0.161s] Level 5:colcon.colcon_core.verb:set package 'unitree_ros2_example' build argument 'cmake_clean_first' from command line to 'False'
[0.161s] Level 5:colcon.colcon_core.verb:set package 'unitree_ros2_example' build argument 'cmake_force_configure' from command line to 'False'
[0.161s] Level 5:colcon.colcon_core.verb:set package 'unitree_ros2_example' build argument 'ament_cmake_args' from command line to 'None'
[0.161s] Level 5:colcon.colcon_core.verb:set package 'unitree_ros2_example' build argument 'catkin_cmake_args' from command line to 'None'
[0.161s] Level 5:colcon.colcon_core.verb:set package 'unitree_ros2_example' build argument 'catkin_skip_building_tests' from command line to 'False'
[0.161s] DEBUG:colcon.colcon_core.verb:Building package 'unitree_ros2_example' with the following arguments: {'ament_cmake_args': None, 'build_base': '/home/jason/projects/unitree_sdk2_ws/build/unitree_ros2_example', 'catkin_cmake_args': None, 'catkin_skip_building_tests': False, 'cmake_args': None, 'cmake_clean_cache': False, 'cmake_clean_first': False, 'cmake_force_configure': False, 'cmake_target': None, 'cmake_target_skip_unavailable': False, 'install_base': '/home/jason/projects/unitree_sdk2_ws/install/unitree_ros2_example', 'merge_install': False, 'path': '/home/jason/projects/unitree_sdk2_ws/unitree_ros2/example/src', 'symlink_install': True, 'test_result_base': None}
[0.161s] INFO:colcon.colcon_core.executor:Executing jobs using 'parallel' executor
[0.161s] DEBUG:colcon.colcon_parallel_executor.executor.parallel:run_until_complete
[0.161s] INFO:colcon.colcon_ros.task.ament_cmake.build:Building ROS package in '/home/jason/projects/unitree_sdk2_ws/unitree_ros2/cyclonedds_ws/src/unitree/unitree_api' with build type 'ament_cmake'
[0.162s] INFO:colcon.colcon_cmake.task.cmake.build:Building CMake package in '/home/jason/projects/unitree_sdk2_ws/unitree_ros2/cyclonedds_ws/src/unitree/unitree_api'
[0.163s] INFO:colcon.colcon_core.plugin_system:Skipping extension 'colcon_core.shell.bat': Not used on non-Windows systems
[0.163s] INFO:colcon.colcon_core.shell:Skip shell extension 'powershell' for command environment: Not usable outside of PowerShell
[0.163s] DEBUG:colcon.colcon_core.shell:Skip shell extension 'dsv' for command environment
[0.165s] INFO:colcon.colcon_ros.task.ament_cmake.build:Building ROS package in '/home/jason/projects/unitree_sdk2_ws/unitree_ros2/cyclonedds_ws/src/unitree/unitree_go' with build type 'ament_cmake'
[0.165s] INFO:colcon.colcon_cmake.task.cmake.build:Building CMake package in '/home/jason/projects/unitree_sdk2_ws/unitree_ros2/cyclonedds_ws/src/unitree/unitree_go'
[0.165s] INFO:colcon.colcon_core.shell:Skip shell extension 'powershell' for command environment: Not usable outside of PowerShell
[0.165s] DEBUG:colcon.colcon_core.shell:Skip shell extension 'dsv' for command environment
[0.167s] INFO:colcon.colcon_ros.task.ament_cmake.build:Building ROS package in '/home/jason/projects/unitree_sdk2_ws/unitree_ros2/cyclonedds_ws/src/unitree/unitree_hg' with build type 'ament_cmake'
[0.167s] INFO:colcon.colcon_cmake.task.cmake.build:Building CMake package in '/home/jason/projects/unitree_sdk2_ws/unitree_ros2/cyclonedds_ws/src/unitree/unitree_hg'
[0.167s] INFO:colcon.colcon_core.shell:Skip shell extension 'powershell' for command environment: Not usable outside of PowerShell
[0.167s] DEBUG:colcon.colcon_core.shell:Skip shell extension 'dsv' for command environment
[0.168s] INFO:colcon.colcon_cmake.task.cmake.build:Building CMake package in '/home/jason/projects/unitree_sdk2_ws/unitree_sdk2'
[0.168s] INFO:colcon.colcon_core.shell:Skip shell extension 'powershell' for command environment: Not usable outside of PowerShell
[0.168s] DEBUG:colcon.colcon_core.shell:Skip shell extension 'dsv' for command environment
[0.172s] DEBUG:colcon.colcon_core.event_handler.log_command:Invoking command in '/home/jason/projects/unitree_sdk2_ws/build/unitree_api': CMAKE_PREFIX_PATH=${CMAKE_PREFIX_PATH}:/opt/ros/humble /usr/bin/cmake /home/jason/projects/unitree_sdk2_ws/unitree_ros2/cyclonedds_ws/src/unitree/unitree_api -DAMENT_CMAKE_SYMLINK_INSTALL=1 -DCMAKE_INSTALL_PREFIX=/home/jason/projects/unitree_sdk2_ws/install/unitree_api
[0.173s] DEBUG:colcon.colcon_core.event_handler.log_command:Invoking command in '/home/jason/projects/unitree_sdk2_ws/build/unitree_go': CMAKE_PREFIX_PATH=${CMAKE_PREFIX_PATH}:/opt/ros/humble /usr/bin/cmake /home/jason/projects/unitree_sdk2_ws/unitree_ros2/cyclonedds_ws/src/unitree/unitree_go -DAMENT_CMAKE_SYMLINK_INSTALL=1 -DCMAKE_INSTALL_PREFIX=/home/jason/projects/unitree_sdk2_ws/install/unitree_go
[0.174s] DEBUG:colcon.colcon_core.event_handler.log_command:Invoking command in '/home/jason/projects/unitree_sdk2_ws/build/unitree_hg': CMAKE_PREFIX_PATH=${CMAKE_PREFIX_PATH}:/opt/ros/humble /usr/bin/cmake /home/jason/projects/unitree_sdk2_ws/unitree_ros2/cyclonedds_ws/src/unitree/unitree_hg -DAMENT_CMAKE_SYMLINK_INSTALL=1 -DCMAKE_INSTALL_PREFIX=/home/jason/projects/unitree_sdk2_ws/install/unitree_hg
[0.178s] DEBUG:colcon.colcon_core.event_handler.log_command:Invoking command in '/home/jason/projects/unitree_sdk2_ws/build/unitree_sdk2': /usr/bin/cmake /home/jason/projects/unitree_sdk2_ws/unitree_sdk2 -DCMAKE_INSTALL_PREFIX=/home/jason/projects/unitree_sdk2_ws/install/unitree_sdk2
[0.599s] DEBUG:colcon.colcon_core.event_handler.log_command:Invoked command in '/home/jason/projects/unitree_sdk2_ws/build/unitree_sdk2' returned '0': /usr/bin/cmake /home/jason/projects/unitree_sdk2_ws/unitree_sdk2 -DCMAKE_INSTALL_PREFIX=/home/jason/projects/unitree_sdk2_ws/install/unitree_sdk2
[0.602s] DEBUG:colcon.colcon_core.event_handler.log_command:Invoking command in '/home/jason/projects/unitree_sdk2_ws/build/unitree_sdk2': /usr/bin/cmake --build /home/jason/projects/unitree_sdk2_ws/build/unitree_sdk2 -- -j16 -l16
[2.193s] DEBUG:colcon.colcon_core.event_handler.log_command:Invoked command in '/home/jason/projects/unitree_sdk2_ws/build/unitree_hg' returned '0': CMAKE_PREFIX_PATH=${CMAKE_PREFIX_PATH}:/opt/ros/humble /usr/bin/cmake /home/jason/projects/unitree_sdk2_ws/unitree_ros2/cyclonedds_ws/src/unitree/unitree_hg -DAMENT_CMAKE_SYMLINK_INSTALL=1 -DCMAKE_INSTALL_PREFIX=/home/jason/projects/unitree_sdk2_ws/install/unitree_hg
[2.193s] DEBUG:colcon.colcon_core.event_handler.log_command:Invoking command in '/home/jason/projects/unitree_sdk2_ws/build/unitree_hg': CMAKE_PREFIX_PATH=${CMAKE_PREFIX_PATH}:/opt/ros/humble /usr/bin/cmake --build /home/jason/projects/unitree_sdk2_ws/build/unitree_hg -- -j16 -l16
[2.289s] DEBUG:colcon.colcon_core.event_handler.log_command:Invoked command in '/home/jason/projects/unitree_sdk2_ws/build/unitree_api' returned '0': CMAKE_PREFIX_PATH=${CMAKE_PREFIX_PATH}:/opt/ros/humble /usr/bin/cmake /home/jason/projects/unitree_sdk2_ws/unitree_ros2/cyclonedds_ws/src/unitree/unitree_api -DAMENT_CMAKE_SYMLINK_INSTALL=1 -DCMAKE_INSTALL_PREFIX=/home/jason/projects/unitree_sdk2_ws/install/unitree_api
[2.291s] DEBUG:colcon.colcon_core.event_handler.log_command:Invoking command in '/home/jason/projects/unitree_sdk2_ws/build/unitree_api': CMAKE_PREFIX_PATH=${CMAKE_PREFIX_PATH}:/opt/ros/humble /usr/bin/cmake --build /home/jason/projects/unitree_sdk2_ws/build/unitree_api -- -j16 -l16
[3.027s] DEBUG:colcon.colcon_core.event_handler.log_command:Invoked command in '/home/jason/projects/unitree_sdk2_ws/build/unitree_go' returned '0': CMAKE_PREFIX_PATH=${CMAKE_PREFIX_PATH}:/opt/ros/humble /usr/bin/cmake /home/jason/projects/unitree_sdk2_ws/unitree_ros2/cyclonedds_ws/src/unitree/unitree_go -DAMENT_CMAKE_SYMLINK_INSTALL=1 -DCMAKE_INSTALL_PREFIX=/home/jason/projects/unitree_sdk2_ws/install/unitree_go
[3.028s] DEBUG:colcon.colcon_core.event_handler.log_command:Invoking command in '/home/jason/projects/unitree_sdk2_ws/build/unitree_go': CMAKE_PREFIX_PATH=${CMAKE_PREFIX_PATH}:/opt/ros/humble /usr/bin/cmake --build /home/jason/projects/unitree_sdk2_ws/build/unitree_go -- -j16 -l16
[8.889s] DEBUG:colcon.colcon_core.event_handler.log_command:Invoked command in '/home/jason/projects/unitree_sdk2_ws/build/unitree_api' returned '0': CMAKE_PREFIX_PATH=${CMAKE_PREFIX_PATH}:/opt/ros/humble /usr/bin/cmake --build /home/jason/projects/unitree_sdk2_ws/build/unitree_api -- -j16 -l16
[8.902s] DEBUG:colcon.colcon_core.event_handler.log_command:Invoking command in '/home/jason/projects/unitree_sdk2_ws/build/unitree_api': CMAKE_PREFIX_PATH=${CMAKE_PREFIX_PATH}:/opt/ros/humble /usr/bin/cmake --install /home/jason/projects/unitree_sdk2_ws/build/unitree_api
[11.860s] DEBUG:colcon.colcon_core.event_handler.log_command:Invoked command in '/home/jason/projects/unitree_sdk2_ws/build/unitree_hg' returned '0': CMAKE_PREFIX_PATH=${CMAKE_PREFIX_PATH}:/opt/ros/humble /usr/bin/cmake --build /home/jason/projects/unitree_sdk2_ws/build/unitree_hg -- -j16 -l16
[11.865s] DEBUG:colcon.colcon_core.event_handler.log_command:Invoking command in '/home/jason/projects/unitree_sdk2_ws/build/unitree_hg': CMAKE_PREFIX_PATH=${CMAKE_PREFIX_PATH}:/opt/ros/humble /usr/bin/cmake --install /home/jason/projects/unitree_sdk2_ws/build/unitree_hg
[12.067s] Level 1:colcon.colcon_core.environment:create_environment_scripts_only(unitree_api)
[12.067s] DEBUG:colcon.colcon_core.event_handler.log_command:Invoked command in '/home/jason/projects/unitree_sdk2_ws/build/unitree_api' returned '0': CMAKE_PREFIX_PATH=${CMAKE_PREFIX_PATH}:/opt/ros/humble /usr/bin/cmake --install /home/jason/projects/unitree_sdk2_ws/build/unitree_api
[12.068s] Level 1:colcon.colcon_core.environment:checking '/home/jason/projects/unitree_sdk2_ws/install/unitree_api' for CMake module files
[12.069s] Level 1:colcon.colcon_core.environment:checking '/home/jason/projects/unitree_sdk2_ws/install/unitree_api' for CMake config files
[12.069s] Level 1:colcon.colcon_core.shell:create_environment_hook('unitree_api', 'cmake_prefix_path')
[12.070s] INFO:colcon.colcon_core.shell:Creating environment hook '/home/jason/projects/unitree_sdk2_ws/install/unitree_api/share/unitree_api/hook/cmake_prefix_path.ps1'
[12.070s] INFO:colcon.colcon_core.shell:Creating environment descriptor '/home/jason/projects/unitree_sdk2_ws/install/unitree_api/share/unitree_api/hook/cmake_prefix_path.dsv'
[12.070s] INFO:colcon.colcon_core.shell:Creating environment hook '/home/jason/projects/unitree_sdk2_ws/install/unitree_api/share/unitree_api/hook/cmake_prefix_path.sh'
[12.071s] Level 1:colcon.colcon_core.environment:checking '/home/jason/projects/unitree_sdk2_ws/install/unitree_api/lib'
[12.071s] Level 1:colcon.colcon_core.shell:create_environment_hook('unitree_api', 'ld_library_path_lib')
[12.071s] INFO:colcon.colcon_core.shell:Creating environment hook '/home/jason/projects/unitree_sdk2_ws/install/unitree_api/share/unitree_api/hook/ld_library_path_lib.ps1'
[12.073s] INFO:colcon.colcon_core.shell:Creating environment descriptor '/home/jason/projects/unitree_sdk2_ws/install/unitree_api/share/unitree_api/hook/ld_library_path_lib.dsv'
[12.074s] INFO:colcon.colcon_core.shell:Creating environment hook '/home/jason/projects/unitree_sdk2_ws/install/unitree_api/share/unitree_api/hook/ld_library_path_lib.sh'
[12.074s] Level 1:colcon.colcon_core.environment:checking '/home/jason/projects/unitree_sdk2_ws/install/unitree_api/bin'
[12.074s] Level 1:colcon.colcon_core.environment:checking '/home/jason/projects/unitree_sdk2_ws/install/unitree_api/lib/pkgconfig/unitree_api.pc'
[12.075s] Level 1:colcon.colcon_core.environment:checking '/home/jason/projects/unitree_sdk2_ws/install/unitree_api/lib/python3.10/site-packages'
[12.075s] Level 1:colcon.colcon_core.environment:checking '/home/jason/projects/unitree_sdk2_ws/install/unitree_api/bin'
[12.075s] INFO:colcon.colcon_core.shell:Creating package script '/home/jason/projects/unitree_sdk2_ws/install/unitree_api/share/unitree_api/package.ps1'
[12.075s] INFO:colcon.colcon_core.shell:Creating package descriptor '/home/jason/projects/unitree_sdk2_ws/install/unitree_api/share/unitree_api/package.dsv'
[12.077s] INFO:colcon.colcon_core.shell:Creating package script '/home/jason/projects/unitree_sdk2_ws/install/unitree_api/share/unitree_api/package.sh'
[12.078s] INFO:colcon.colcon_core.shell:Creating package script '/home/jason/projects/unitree_sdk2_ws/install/unitree_api/share/unitree_api/package.bash'
[12.078s] INFO:colcon.colcon_core.shell:Creating package script '/home/jason/projects/unitree_sdk2_ws/install/unitree_api/share/unitree_api/package.zsh'
[12.078s] Level 1:colcon.colcon_core.environment:create_file_with_runtime_dependencies(/home/jason/projects/unitree_sdk2_ws/install/unitree_api/share/colcon-core/packages/unitree_api)
[12.079s] Level 1:colcon.colcon_core.environment:create_environment_scripts_only(unitree_api)
[12.079s] Level 1:colcon.colcon_core.environment:checking '/home/jason/projects/unitree_sdk2_ws/install/unitree_api' for CMake module files
[12.083s] Level 1:colcon.colcon_core.environment:checking '/home/jason/projects/unitree_sdk2_ws/install/unitree_api' for CMake config files
[12.084s] Level 1:colcon.colcon_core.shell:create_environment_hook('unitree_api', 'cmake_prefix_path')
[12.084s] INFO:colcon.colcon_core.shell:Creating environment hook '/home/jason/projects/unitree_sdk2_ws/install/unitree_api/share/unitree_api/hook/cmake_prefix_path.ps1'
[12.085s] INFO:colcon.colcon_core.shell:Creating environment descriptor '/home/jason/projects/unitree_sdk2_ws/install/unitree_api/share/unitree_api/hook/cmake_prefix_path.dsv'
[12.085s] INFO:colcon.colcon_core.shell:Creating environment hook '/home/jason/projects/unitree_sdk2_ws/install/unitree_api/share/unitree_api/hook/cmake_prefix_path.sh'
[12.085s] Level 1:colcon.colcon_core.environment:checking '/home/jason/projects/unitree_sdk2_ws/install/unitree_api/lib'
[12.085s] Level 1:colcon.colcon_core.shell:create_environment_hook('unitree_api', 'ld_library_path_lib')
[12.085s] INFO:colcon.colcon_core.shell:Creating environment hook '/home/jason/projects/unitree_sdk2_ws/install/unitree_api/share/unitree_api/hook/ld_library_path_lib.ps1'
[12.085s] INFO:colcon.colcon_core.shell:Creating environment descriptor '/home/jason/projects/unitree_sdk2_ws/install/unitree_api/share/unitree_api/hook/ld_library_path_lib.dsv'
[12.086s] INFO:colcon.colcon_core.shell:Creating environment hook '/home/jason/projects/unitree_sdk2_ws/install/unitree_api/share/unitree_api/hook/ld_library_path_lib.sh'
[12.088s] Level 1:colcon.colcon_core.environment:checking '/home/jason/projects/unitree_sdk2_ws/install/unitree_api/bin'
[12.088s] Level 1:colcon.colcon_core.environment:checking '/home/jason/projects/unitree_sdk2_ws/install/unitree_api/lib/pkgconfig/unitree_api.pc'
[12.089s] Level 1:colcon.colcon_core.environment:checking '/home/jason/projects/unitree_sdk2_ws/install/unitree_api/lib/python3.10/site-packages'
[12.089s] Level 1:colcon.colcon_core.environment:checking '/home/jason/projects/unitree_sdk2_ws/install/unitree_api/bin'
[12.089s] INFO:colcon.colcon_core.shell:Creating package script '/home/jason/projects/unitree_sdk2_ws/install/unitree_api/share/unitree_api/package.ps1'
[12.092s] INFO:colcon.colcon_core.shell:Creating package descriptor '/home/jason/projects/unitree_sdk2_ws/install/unitree_api/share/unitree_api/package.dsv'
[12.092s] INFO:colcon.colcon_core.shell:Creating package script '/home/jason/projects/unitree_sdk2_ws/install/unitree_api/share/unitree_api/package.sh'
[12.092s] INFO:colcon.colcon_core.shell:Creating package script '/home/jason/projects/unitree_sdk2_ws/install/unitree_api/share/unitree_api/package.bash'
[12.092s] INFO:colcon.colcon_core.shell:Creating package script '/home/jason/projects/unitree_sdk2_ws/install/unitree_api/share/unitree_api/package.zsh'
[12.093s] Level 1:colcon.colcon_core.environment:create_file_with_runtime_dependencies(/home/jason/projects/unitree_sdk2_ws/install/unitree_api/share/colcon-core/packages/unitree_api)
[14.216s] Level 1:colcon.colcon_core.environment:create_environment_scripts_only(unitree_hg)
[14.216s] Level 1:colcon.colcon_core.environment:checking '/home/jason/projects/unitree_sdk2_ws/install/unitree_hg' for CMake module files
[14.216s] DEBUG:colcon.colcon_core.event_handler.log_command:Invoked command in '/home/jason/projects/unitree_sdk2_ws/build/unitree_hg' returned '0': CMAKE_PREFIX_PATH=${CMAKE_PREFIX_PATH}:/opt/ros/humble /usr/bin/cmake --install /home/jason/projects/unitree_sdk2_ws/build/unitree_hg
[14.218s] Level 1:colcon.colcon_core.environment:checking '/home/jason/projects/unitree_sdk2_ws/install/unitree_hg' for CMake config files
[14.219s] Level 1:colcon.colcon_core.shell:create_environment_hook('unitree_hg', 'cmake_prefix_path')
[14.219s] INFO:colcon.colcon_core.shell:Creating environment hook '/home/jason/projects/unitree_sdk2_ws/install/unitree_hg/share/unitree_hg/hook/cmake_prefix_path.ps1'
[14.219s] INFO:colcon.colcon_core.shell:Creating environment descriptor '/home/jason/projects/unitree_sdk2_ws/install/unitree_hg/share/unitree_hg/hook/cmake_prefix_path.dsv'
[14.220s] INFO:colcon.colcon_core.shell:Creating environment hook '/home/jason/projects/unitree_sdk2_ws/install/unitree_hg/share/unitree_hg/hook/cmake_prefix_path.sh'
[14.220s] Level 1:colcon.colcon_core.environment:checking '/home/jason/projects/unitree_sdk2_ws/install/unitree_hg/lib'
[14.220s] Level 1:colcon.colcon_core.shell:create_environment_hook('unitree_hg', 'ld_library_path_lib')
[14.220s] INFO:colcon.colcon_core.shell:Creating environment hook '/home/jason/projects/unitree_sdk2_ws/install/unitree_hg/share/unitree_hg/hook/ld_library_path_lib.ps1'
[14.220s] INFO:colcon.colcon_core.shell:Creating environment descriptor '/home/jason/projects/unitree_sdk2_ws/install/unitree_hg/share/unitree_hg/hook/ld_library_path_lib.dsv'
[14.221s] INFO:colcon.colcon_core.shell:Creating environment hook '/home/jason/projects/unitree_sdk2_ws/install/unitree_hg/share/unitree_hg/hook/ld_library_path_lib.sh'
[14.221s] Level 1:colcon.colcon_core.environment:checking '/home/jason/projects/unitree_sdk2_ws/install/unitree_hg/bin'
[14.221s] Level 1:colcon.colcon_core.environment:checking '/home/jason/projects/unitree_sdk2_ws/install/unitree_hg/lib/pkgconfig/unitree_hg.pc'
[14.221s] Level 1:colcon.colcon_core.environment:checking '/home/jason/projects/unitree_sdk2_ws/install/unitree_hg/lib/python3.10/site-packages'
[14.221s] Level 1:colcon.colcon_core.environment:checking '/home/jason/projects/unitree_sdk2_ws/install/unitree_hg/bin'
[14.221s] INFO:colcon.colcon_core.shell:Creating package script '/home/jason/projects/unitree_sdk2_ws/install/unitree_hg/share/unitree_hg/package.ps1'
[14.222s] INFO:colcon.colcon_core.shell:Creating package descriptor '/home/jason/projects/unitree_sdk2_ws/install/unitree_hg/share/unitree_hg/package.dsv'
[14.222s] INFO:colcon.colcon_core.shell:Creating package script '/home/jason/projects/unitree_sdk2_ws/install/unitree_hg/share/unitree_hg/package.sh'
[14.222s] INFO:colcon.colcon_core.shell:Creating package script '/home/jason/projects/unitree_sdk2_ws/install/unitree_hg/share/unitree_hg/package.bash'
[14.222s] INFO:colcon.colcon_core.shell:Creating package script '/home/jason/projects/unitree_sdk2_ws/install/unitree_hg/share/unitree_hg/package.zsh'
[14.222s] Level 1:colcon.colcon_core.environment:create_file_with_runtime_dependencies(/home/jason/projects/unitree_sdk2_ws/install/unitree_hg/share/colcon-core/packages/unitree_hg)
[14.223s] Level 1:colcon.colcon_core.environment:create_environment_scripts_only(unitree_hg)
[14.223s] Level 1:colcon.colcon_core.environment:checking '/home/jason/projects/unitree_sdk2_ws/install/unitree_hg' for CMake module files
[14.223s] Level 1:colcon.colcon_core.environment:checking '/home/jason/projects/unitree_sdk2_ws/install/unitree_hg' for CMake config files
[14.225s] Level 1:colcon.colcon_core.shell:create_environment_hook('unitree_hg', 'cmake_prefix_path')
[14.225s] INFO:colcon.colcon_core.shell:Creating environment hook '/home/jason/projects/unitree_sdk2_ws/install/unitree_hg/share/unitree_hg/hook/cmake_prefix_path.ps1'
[14.225s] INFO:colcon.colcon_core.shell:Creating environment descriptor '/home/jason/projects/unitree_sdk2_ws/install/unitree_hg/share/unitree_hg/hook/cmake_prefix_path.dsv'
[14.227s] INFO:colcon.colcon_core.shell:Creating environment hook '/home/jason/projects/unitree_sdk2_ws/install/unitree_hg/share/unitree_hg/hook/cmake_prefix_path.sh'
[14.227s] Level 1:colcon.colcon_core.environment:checking '/home/jason/projects/unitree_sdk2_ws/install/unitree_hg/lib'
[14.227s] Level 1:colcon.colcon_core.shell:create_environment_hook('unitree_hg', 'ld_library_path_lib')
[14.227s] INFO:colcon.colcon_core.shell:Creating environment hook '/home/jason/projects/unitree_sdk2_ws/install/unitree_hg/share/unitree_hg/hook/ld_library_path_lib.ps1'
[14.228s] INFO:colcon.colcon_core.shell:Creating environment descriptor '/home/jason/projects/unitree_sdk2_ws/install/unitree_hg/share/unitree_hg/hook/ld_library_path_lib.dsv'
[14.228s] INFO:colcon.colcon_core.shell:Creating environment hook '/home/jason/projects/unitree_sdk2_ws/install/unitree_hg/share/unitree_hg/hook/ld_library_path_lib.sh'
[14.228s] Level 1:colcon.colcon_core.environment:checking '/home/jason/projects/unitree_sdk2_ws/install/unitree_hg/bin'
[14.228s] Level 1:colcon.colcon_core.environment:checking '/home/jason/projects/unitree_sdk2_ws/install/unitree_hg/lib/pkgconfig/unitree_hg.pc'
[14.228s] Level 1:colcon.colcon_core.environment:checking '/home/jason/projects/unitree_sdk2_ws/install/unitree_hg/lib/python3.10/site-packages'
[14.228s] Level 1:colcon.colcon_core.environment:checking '/home/jason/projects/unitree_sdk2_ws/install/unitree_hg/bin'
[14.229s] INFO:colcon.colcon_core.shell:Creating package script '/home/jason/projects/unitree_sdk2_ws/install/unitree_hg/share/unitree_hg/package.ps1'
[14.229s] INFO:colcon.colcon_core.shell:Creating package descriptor '/home/jason/projects/unitree_sdk2_ws/install/unitree_hg/share/unitree_hg/package.dsv'
[14.229s] INFO:colcon.colcon_core.shell:Creating package script '/home/jason/projects/unitree_sdk2_ws/install/unitree_hg/share/unitree_hg/package.sh'
[14.230s] INFO:colcon.colcon_core.shell:Creating package script '/home/jason/projects/unitree_sdk2_ws/install/unitree_hg/share/unitree_hg/package.bash'
[14.230s] INFO:colcon.colcon_core.shell:Creating package script '/home/jason/projects/unitree_sdk2_ws/install/unitree_hg/share/unitree_hg/package.zsh'
[14.230s] Level 1:colcon.colcon_core.environment:create_file_with_runtime_dependencies(/home/jason/projects/unitree_sdk2_ws/install/unitree_hg/share/colcon-core/packages/unitree_hg)
[15.062s] DEBUG:colcon.colcon_core.event_handler.log_command:Invoked command in '/home/jason/projects/unitree_sdk2_ws/build/unitree_go' returned '0': CMAKE_PREFIX_PATH=${CMAKE_PREFIX_PATH}:/opt/ros/humble /usr/bin/cmake --build /home/jason/projects/unitree_sdk2_ws/build/unitree_go -- -j16 -l16
[15.063s] DEBUG:colcon.colcon_core.event_handler.log_command:Invoking command in '/home/jason/projects/unitree_sdk2_ws/build/unitree_go': CMAKE_PREFIX_PATH=${CMAKE_PREFIX_PATH}:/opt/ros/humble /usr/bin/cmake --install /home/jason/projects/unitree_sdk2_ws/build/unitree_go
[16.851s] DEBUG:colcon.colcon_core.event_handler.log_command:Invoked command in '/home/jason/projects/unitree_sdk2_ws/build/unitree_sdk2' returned '0': /usr/bin/cmake --build /home/jason/projects/unitree_sdk2_ws/build/unitree_sdk2 -- -j16 -l16
[16.851s] DEBUG:colcon.colcon_core.event_handler.log_command:Invoking command in '/home/jason/projects/unitree_sdk2_ws/build/unitree_sdk2': /usr/bin/cmake --install /home/jason/projects/unitree_sdk2_ws/build/unitree_sdk2
[16.995s] Level 1:colcon.colcon_core.environment:create_environment_scripts_only(unitree_sdk2)
[16.995s] DEBUG:colcon.colcon_core.event_handler.log_command:Invoked command in '/home/jason/projects/unitree_sdk2_ws/build/unitree_sdk2' returned '0': /usr/bin/cmake --install /home/jason/projects/unitree_sdk2_ws/build/unitree_sdk2
[16.995s] Level 1:colcon.colcon_core.environment:checking '/home/jason/projects/unitree_sdk2_ws/install/unitree_sdk2' for CMake module files
[16.995s] Level 1:colcon.colcon_core.environment:checking '/home/jason/projects/unitree_sdk2_ws/install/unitree_sdk2' for CMake config files
[16.997s] Level 1:colcon.colcon_core.shell:create_environment_hook('unitree_sdk2', 'cmake_prefix_path')
[16.997s] INFO:colcon.colcon_core.shell:Creating environment hook '/home/jason/projects/unitree_sdk2_ws/install/unitree_sdk2/share/unitree_sdk2/hook/cmake_prefix_path.ps1'
[16.997s] INFO:colcon.colcon_core.shell:Creating environment descriptor '/home/jason/projects/unitree_sdk2_ws/install/unitree_sdk2/share/unitree_sdk2/hook/cmake_prefix_path.dsv'
[16.998s] INFO:colcon.colcon_core.shell:Creating environment hook '/home/jason/projects/unitree_sdk2_ws/install/unitree_sdk2/share/unitree_sdk2/hook/cmake_prefix_path.sh'
[16.998s] Level 1:colcon.colcon_core.environment:checking '/home/jason/projects/unitree_sdk2_ws/install/unitree_sdk2/lib'
[16.998s] Level 1:colcon.colcon_core.shell:create_environment_hook('unitree_sdk2', 'ld_library_path_lib')
[16.998s] INFO:colcon.colcon_core.shell:Creating environment hook '/home/jason/projects/unitree_sdk2_ws/install/unitree_sdk2/share/unitree_sdk2/hook/ld_library_path_lib.ps1'
[16.999s] INFO:colcon.colcon_core.shell:Creating environment descriptor '/home/jason/projects/unitree_sdk2_ws/install/unitree_sdk2/share/unitree_sdk2/hook/ld_library_path_lib.dsv'
[16.999s] INFO:colcon.colcon_core.shell:Creating environment hook '/home/jason/projects/unitree_sdk2_ws/install/unitree_sdk2/share/unitree_sdk2/hook/ld_library_path_lib.sh'
[16.999s] Level 1:colcon.colcon_core.environment:checking '/home/jason/projects/unitree_sdk2_ws/install/unitree_sdk2/bin'
[16.999s] Level 1:colcon.colcon_core.environment:checking '/home/jason/projects/unitree_sdk2_ws/install/unitree_sdk2/lib/pkgconfig/unitree_sdk2.pc'
[16.999s] Level 1:colcon.colcon_core.environment:checking '/home/jason/projects/unitree_sdk2_ws/install/unitree_sdk2/lib/python3.10/site-packages'
[16.999s] Level 1:colcon.colcon_core.environment:checking '/home/jason/projects/unitree_sdk2_ws/install/unitree_sdk2/bin'
[17.000s] INFO:colcon.colcon_core.shell:Creating package script '/home/jason/projects/unitree_sdk2_ws/install/unitree_sdk2/share/unitree_sdk2/package.ps1'
[17.000s] INFO:colcon.colcon_core.shell:Creating package descriptor '/home/jason/projects/unitree_sdk2_ws/install/unitree_sdk2/share/unitree_sdk2/package.dsv'
[17.001s] INFO:colcon.colcon_core.shell:Creating package script '/home/jason/projects/unitree_sdk2_ws/install/unitree_sdk2/share/unitree_sdk2/package.sh'
[17.001s] INFO:colcon.colcon_core.shell:Creating package script '/home/jason/projects/unitree_sdk2_ws/install/unitree_sdk2/share/unitree_sdk2/package.bash'
[17.001s] INFO:colcon.colcon_core.shell:Creating package script '/home/jason/projects/unitree_sdk2_ws/install/unitree_sdk2/share/unitree_sdk2/package.zsh'
[17.002s] Level 1:colcon.colcon_core.environment:create_file_with_runtime_dependencies(/home/jason/projects/unitree_sdk2_ws/install/unitree_sdk2/share/colcon-core/packages/unitree_sdk2)
[18.918s] Level 1:colcon.colcon_core.environment:create_environment_scripts_only(unitree_go)
[18.918s] Level 1:colcon.colcon_core.environment:checking '/home/jason/projects/unitree_sdk2_ws/install/unitree_go' for CMake module files
[18.919s] DEBUG:colcon.colcon_core.event_handler.log_command:Invoked command in '/home/jason/projects/unitree_sdk2_ws/build/unitree_go' returned '0': CMAKE_PREFIX_PATH=${CMAKE_PREFIX_PATH}:/opt/ros/humble /usr/bin/cmake --install /home/jason/projects/unitree_sdk2_ws/build/unitree_go
[18.919s] Level 1:colcon.colcon_core.environment:checking '/home/jason/projects/unitree_sdk2_ws/install/unitree_go' for CMake config files
[18.920s] Level 1:colcon.colcon_core.shell:create_environment_hook('unitree_go', 'cmake_prefix_path')
[18.920s] INFO:colcon.colcon_core.shell:Creating environment hook '/home/jason/projects/unitree_sdk2_ws/install/unitree_go/share/unitree_go/hook/cmake_prefix_path.ps1'
[18.921s] INFO:colcon.colcon_core.shell:Creating environment descriptor '/home/jason/projects/unitree_sdk2_ws/install/unitree_go/share/unitree_go/hook/cmake_prefix_path.dsv'
[18.921s] INFO:colcon.colcon_core.shell:Creating environment hook '/home/jason/projects/unitree_sdk2_ws/install/unitree_go/share/unitree_go/hook/cmake_prefix_path.sh'
[18.921s] Level 1:colcon.colcon_core.environment:checking '/home/jason/projects/unitree_sdk2_ws/install/unitree_go/lib'
[18.921s] Level 1:colcon.colcon_core.shell:create_environment_hook('unitree_go', 'ld_library_path_lib')
[18.921s] INFO:colcon.colcon_core.shell:Creating environment hook '/home/jason/projects/unitree_sdk2_ws/install/unitree_go/share/unitree_go/hook/ld_library_path_lib.ps1'
[18.921s] INFO:colcon.colcon_core.shell:Creating environment descriptor '/home/jason/projects/unitree_sdk2_ws/install/unitree_go/share/unitree_go/hook/ld_library_path_lib.dsv'
[18.921s] INFO:colcon.colcon_core.shell:Creating environment hook '/home/jason/projects/unitree_sdk2_ws/install/unitree_go/share/unitree_go/hook/ld_library_path_lib.sh'
[18.922s] Level 1:colcon.colcon_core.environment:checking '/home/jason/projects/unitree_sdk2_ws/install/unitree_go/bin'
[18.922s] Level 1:colcon.colcon_core.environment:checking '/home/jason/projects/unitree_sdk2_ws/install/unitree_go/lib/pkgconfig/unitree_go.pc'
[18.922s] Level 1:colcon.colcon_core.environment:checking '/home/jason/projects/unitree_sdk2_ws/install/unitree_go/lib/python3.10/site-packages'
[18.922s] Level 1:colcon.colcon_core.environment:checking '/home/jason/projects/unitree_sdk2_ws/install/unitree_go/bin'
[18.922s] INFO:colcon.colcon_core.shell:Creating package script '/home/jason/projects/unitree_sdk2_ws/install/unitree_go/share/unitree_go/package.ps1'
[18.922s] INFO:colcon.colcon_core.shell:Creating package descriptor '/home/jason/projects/unitree_sdk2_ws/install/unitree_go/share/unitree_go/package.dsv'
[18.922s] INFO:colcon.colcon_core.shell:Creating package script '/home/jason/projects/unitree_sdk2_ws/install/unitree_go/share/unitree_go/package.sh'
[18.922s] INFO:colcon.colcon_core.shell:Creating package script '/home/jason/projects/unitree_sdk2_ws/install/unitree_go/share/unitree_go/package.bash'
[18.922s] INFO:colcon.colcon_core.shell:Creating package script '/home/jason/projects/unitree_sdk2_ws/install/unitree_go/share/unitree_go/package.zsh'
[18.923s] Level 1:colcon.colcon_core.environment:create_file_with_runtime_dependencies(/home/jason/projects/unitree_sdk2_ws/install/unitree_go/share/colcon-core/packages/unitree_go)
[18.923s] Level 1:colcon.colcon_core.environment:create_environment_scripts_only(unitree_go)
[18.923s] Level 1:colcon.colcon_core.environment:checking '/home/jason/projects/unitree_sdk2_ws/install/unitree_go' for CMake module files
[18.923s] Level 1:colcon.colcon_core.environment:checking '/home/jason/projects/unitree_sdk2_ws/install/unitree_go' for CMake config files
[18.924s] Level 1:colcon.colcon_core.shell:create_environment_hook('unitree_go', 'cmake_prefix_path')
[18.924s] INFO:colcon.colcon_core.shell:Creating environment hook '/home/jason/projects/unitree_sdk2_ws/install/unitree_go/share/unitree_go/hook/cmake_prefix_path.ps1'
[18.924s] INFO:colcon.colcon_core.shell:Creating environment descriptor '/home/jason/projects/unitree_sdk2_ws/install/unitree_go/share/unitree_go/hook/cmake_prefix_path.dsv'
[18.924s] INFO:colcon.colcon_core.shell:Creating environment hook '/home/jason/projects/unitree_sdk2_ws/install/unitree_go/share/unitree_go/hook/cmake_prefix_path.sh'
[18.925s] Level 1:colcon.colcon_core.environment:checking '/home/jason/projects/unitree_sdk2_ws/install/unitree_go/lib'
[18.925s] Level 1:colcon.colcon_core.shell:create_environment_hook('unitree_go', 'ld_library_path_lib')
[18.925s] INFO:colcon.colcon_core.shell:Creating environment hook '/home/jason/projects/unitree_sdk2_ws/install/unitree_go/share/unitree_go/hook/ld_library_path_lib.ps1'
[18.925s] INFO:colcon.colcon_core.shell:Creating environment descriptor '/home/jason/projects/unitree_sdk2_ws/install/unitree_go/share/unitree_go/hook/ld_library_path_lib.dsv'
[18.925s] INFO:colcon.colcon_core.shell:Creating environment hook '/home/jason/projects/unitree_sdk2_ws/install/unitree_go/share/unitree_go/hook/ld_library_path_lib.sh'
[18.925s] Level 1:colcon.colcon_core.environment:checking '/home/jason/projects/unitree_sdk2_ws/install/unitree_go/bin'
[18.925s] Level 1:colcon.colcon_core.environment:checking '/home/jason/projects/unitree_sdk2_ws/install/unitree_go/lib/pkgconfig/unitree_go.pc'
[18.925s] Level 1:colcon.colcon_core.environment:checking '/home/jason/projects/unitree_sdk2_ws/install/unitree_go/lib/python3.10/site-packages'
[18.925s] Level 1:colcon.colcon_core.environment:checking '/home/jason/projects/unitree_sdk2_ws/install/unitree_go/bin'
[18.925s] INFO:colcon.colcon_core.shell:Creating package script '/home/jason/projects/unitree_sdk2_ws/install/unitree_go/share/unitree_go/package.ps1'
[18.926s] INFO:colcon.colcon_core.shell:Creating package descriptor '/home/jason/projects/unitree_sdk2_ws/install/unitree_go/share/unitree_go/package.dsv'
[18.926s] INFO:colcon.colcon_core.shell:Creating package script '/home/jason/projects/unitree_sdk2_ws/install/unitree_go/share/unitree_go/package.sh'
[18.926s] INFO:colcon.colcon_core.shell:Creating package script '/home/jason/projects/unitree_sdk2_ws/install/unitree_go/share/unitree_go/package.bash'
[18.926s] INFO:colcon.colcon_core.shell:Creating package script '/home/jason/projects/unitree_sdk2_ws/install/unitree_go/share/unitree_go/package.zsh'
[18.926s] Level 1:colcon.colcon_core.environment:create_file_with_runtime_dependencies(/home/jason/projects/unitree_sdk2_ws/install/unitree_go/share/colcon-core/packages/unitree_go)
[18.926s] INFO:colcon.colcon_ros.task.ament_cmake.build:Building ROS package in '/home/jason/projects/unitree_sdk2_ws/unitree_ros2/example/src' with build type 'ament_cmake'
[18.926s] INFO:colcon.colcon_cmake.task.cmake.build:Building CMake package in '/home/jason/projects/unitree_sdk2_ws/unitree_ros2/example/src'
[18.926s] INFO:colcon.colcon_core.shell:Skip shell extension 'powershell' for command environment: Not usable outside of PowerShell
[18.926s] DEBUG:colcon.colcon_core.shell:Skip shell extension 'dsv' for command environment
[18.938s] DEBUG:colcon.colcon_core.event_handler.log_command:Invoking command in '/home/jason/projects/unitree_sdk2_ws/build/unitree_ros2_example': AMENT_PREFIX_PATH=/home/jason/projects/unitree_sdk2_ws/install/unitree_hg:/home/jason/projects/unitree_sdk2_ws/install/unitree_go:/home/jason/projects/unitree_sdk2_ws/install/unitree_api:${AMENT_PREFIX_PATH} CMAKE_PREFIX_PATH=/home/jason/projects/unitree_sdk2_ws/install/unitree_hg:/home/jason/projects/unitree_sdk2_ws/install/unitree_go:/home/jason/projects/unitree_sdk2_ws/install/unitree_api:/home/jason/projects/unitree_sdk2_ws/install/unitree_sdk2:/home/jason/projects/unitree_sdk2_ws/install/unitree_ros2_example:/opt/ros/humble LD_LIBRARY_PATH=/home/jason/projects/unitree_sdk2_ws/install/unitree_hg/lib:/home/jason/projects/unitree_sdk2_ws/install/unitree_go/lib:/home/jason/projects/unitree_sdk2_ws/install/unitree_api/lib:/home/jason/projects/unitree_sdk2_ws/install/unitree_sdk2/lib:/opt/ros/humble/opt/rviz_ogre_vendor/lib:/opt/ros/humble/lib/x86_64-linux-gnu:/opt/ros/humble/lib PYTHONPATH=/home/jason/projects/unitree_sdk2_ws/install/unitree_hg/local/lib/python3.10/dist-packages:/home/jason/projects/unitree_sdk2_ws/install/unitree_go/local/lib/python3.10/dist-packages:/home/jason/projects/unitree_sdk2_ws/install/unitree_api/local/lib/python3.10/dist-packages:${PYTHONPATH} /usr/bin/cmake /home/jason/projects/unitree_sdk2_ws/unitree_ros2/example/src -DAMENT_CMAKE_SYMLINK_INSTALL=1 -DCMAKE_INSTALL_PREFIX=/home/jason/projects/unitree_sdk2_ws/install/unitree_ros2_example
[20.100s] DEBUG:colcon.colcon_core.event_handler.log_command:Invoked command in '/home/jason/projects/unitree_sdk2_ws/build/unitree_ros2_example' returned '0': AMENT_PREFIX_PATH=/home/jason/projects/unitree_sdk2_ws/install/unitree_hg:/home/jason/projects/unitree_sdk2_ws/install/unitree_go:/home/jason/projects/unitree_sdk2_ws/install/unitree_api:${AMENT_PREFIX_PATH} CMAKE_PREFIX_PATH=/home/jason/projects/unitree_sdk2_ws/install/unitree_hg:/home/jason/projects/unitree_sdk2_ws/install/unitree_go:/home/jason/projects/unitree_sdk2_ws/install/unitree_api:/home/jason/projects/unitree_sdk2_ws/install/unitree_sdk2:/home/jason/projects/unitree_sdk2_ws/install/unitree_ros2_example:/opt/ros/humble LD_LIBRARY_PATH=/home/jason/projects/unitree_sdk2_ws/install/unitree_hg/lib:/home/jason/projects/unitree_sdk2_ws/install/unitree_go/lib:/home/jason/projects/unitree_sdk2_ws/install/unitree_api/lib:/home/jason/projects/unitree_sdk2_ws/install/unitree_sdk2/lib:/opt/ros/humble/opt/rviz_ogre_vendor/lib:/opt/ros/humble/lib/x86_64-linux-gnu:/opt/ros/humble/lib PYTHONPATH=/home/jason/projects/unitree_sdk2_ws/install/unitree_hg/local/lib/python3.10/dist-packages:/home/jason/projects/unitree_sdk2_ws/install/unitree_go/local/lib/python3.10/dist-packages:/home/jason/projects/unitree_sdk2_ws/install/unitree_api/local/lib/python3.10/dist-packages:${PYTHONPATH} /usr/bin/cmake /home/jason/projects/unitree_sdk2_ws/unitree_ros2/example/src -DAMENT_CMAKE_SYMLINK_INSTALL=1 -DCMAKE_INSTALL_PREFIX=/home/jason/projects/unitree_sdk2_ws/install/unitree_ros2_example
[20.102s] DEBUG:colcon.colcon_core.event_handler.log_command:Invoking command in '/home/jason/projects/unitree_sdk2_ws/build/unitree_ros2_example': AMENT_PREFIX_PATH=/home/jason/projects/unitree_sdk2_ws/install/unitree_hg:/home/jason/projects/unitree_sdk2_ws/install/unitree_go:/home/jason/projects/unitree_sdk2_ws/install/unitree_api:${AMENT_PREFIX_PATH} CMAKE_PREFIX_PATH=/home/jason/projects/unitree_sdk2_ws/install/unitree_hg:/home/jason/projects/unitree_sdk2_ws/install/unitree_go:/home/jason/projects/unitree_sdk2_ws/install/unitree_api:/home/jason/projects/unitree_sdk2_ws/install/unitree_sdk2:/home/jason/projects/unitree_sdk2_ws/install/unitree_ros2_example:/opt/ros/humble LD_LIBRARY_PATH=/home/jason/projects/unitree_sdk2_ws/install/unitree_hg/lib:/home/jason/projects/unitree_sdk2_ws/install/unitree_go/lib:/home/jason/projects/unitree_sdk2_ws/install/unitree_api/lib:/home/jason/projects/unitree_sdk2_ws/install/unitree_sdk2/lib:/opt/ros/humble/opt/rviz_ogre_vendor/lib:/opt/ros/humble/lib/x86_64-linux-gnu:/opt/ros/humble/lib PYTHONPATH=/home/jason/projects/unitree_sdk2_ws/install/unitree_hg/local/lib/python3.10/dist-packages:/home/jason/projects/unitree_sdk2_ws/install/unitree_go/local/lib/python3.10/dist-packages:/home/jason/projects/unitree_sdk2_ws/install/unitree_api/local/lib/python3.10/dist-packages:${PYTHONPATH} /usr/bin/cmake --build /home/jason/projects/unitree_sdk2_ws/build/unitree_ros2_example -- -j16 -l16
[33.137s] DEBUG:colcon.colcon_core.event_handler.log_command:Invoked command in '/home/jason/projects/unitree_sdk2_ws/build/unitree_ros2_example' returned '0': AMENT_PREFIX_PATH=/home/jason/projects/unitree_sdk2_ws/install/unitree_hg:/home/jason/projects/unitree_sdk2_ws/install/unitree_go:/home/jason/projects/unitree_sdk2_ws/install/unitree_api:${AMENT_PREFIX_PATH} CMAKE_PREFIX_PATH=/home/jason/projects/unitree_sdk2_ws/install/unitree_hg:/home/jason/projects/unitree_sdk2_ws/install/unitree_go:/home/jason/projects/unitree_sdk2_ws/install/unitree_api:/home/jason/projects/unitree_sdk2_ws/install/unitree_sdk2:/home/jason/projects/unitree_sdk2_ws/install/unitree_ros2_example:/opt/ros/humble LD_LIBRARY_PATH=/home/jason/projects/unitree_sdk2_ws/install/unitree_hg/lib:/home/jason/projects/unitree_sdk2_ws/install/unitree_go/lib:/home/jason/projects/unitree_sdk2_ws/install/unitree_api/lib:/home/jason/projects/unitree_sdk2_ws/install/unitree_sdk2/lib:/opt/ros/humble/opt/rviz_ogre_vendor/lib:/opt/ros/humble/lib/x86_64-linux-gnu:/opt/ros/humble/lib PYTHONPATH=/home/jason/projects/unitree_sdk2_ws/install/unitree_hg/local/lib/python3.10/dist-packages:/home/jason/projects/unitree_sdk2_ws/install/unitree_go/local/lib/python3.10/dist-packages:/home/jason/projects/unitree_sdk2_ws/install/unitree_api/local/lib/python3.10/dist-packages:${PYTHONPATH} /usr/bin/cmake --build /home/jason/projects/unitree_sdk2_ws/build/unitree_ros2_example -- -j16 -l16
[33.138s] DEBUG:colcon.colcon_core.event_handler.log_command:Invoking command in '/home/jason/projects/unitree_sdk2_ws/build/unitree_ros2_example': AMENT_PREFIX_PATH=/home/jason/projects/unitree_sdk2_ws/install/unitree_hg:/home/jason/projects/unitree_sdk2_ws/install/unitree_go:/home/jason/projects/unitree_sdk2_ws/install/unitree_api:${AMENT_PREFIX_PATH} CMAKE_PREFIX_PATH=/home/jason/projects/unitree_sdk2_ws/install/unitree_hg:/home/jason/projects/unitree_sdk2_ws/install/unitree_go:/home/jason/projects/unitree_sdk2_ws/install/unitree_api:/home/jason/projects/unitree_sdk2_ws/install/unitree_sdk2:/home/jason/projects/unitree_sdk2_ws/install/unitree_ros2_example:/opt/ros/humble LD_LIBRARY_PATH=/home/jason/projects/unitree_sdk2_ws/install/unitree_hg/lib:/home/jason/projects/unitree_sdk2_ws/install/unitree_go/lib:/home/jason/projects/unitree_sdk2_ws/install/unitree_api/lib:/home/jason/projects/unitree_sdk2_ws/install/unitree_sdk2/lib:/opt/ros/humble/opt/rviz_ogre_vendor/lib:/opt/ros/humble/lib/x86_64-linux-gnu:/opt/ros/humble/lib PYTHONPATH=/home/jason/projects/unitree_sdk2_ws/install/unitree_hg/local/lib/python3.10/dist-packages:/home/jason/projects/unitree_sdk2_ws/install/unitree_go/local/lib/python3.10/dist-packages:/home/jason/projects/unitree_sdk2_ws/install/unitree_api/local/lib/python3.10/dist-packages:${PYTHONPATH} /usr/bin/cmake --install /home/jason/projects/unitree_sdk2_ws/build/unitree_ros2_example
[33.430s] Level 1:colcon.colcon_core.environment:create_environment_scripts_only(unitree_ros2_example)
[33.430s] DEBUG:colcon.colcon_core.event_handler.log_command:Invoked command in '/home/jason/projects/unitree_sdk2_ws/build/unitree_ros2_example' returned '0': AMENT_PREFIX_PATH=/home/jason/projects/unitree_sdk2_ws/install/unitree_hg:/home/jason/projects/unitree_sdk2_ws/install/unitree_go:/home/jason/projects/unitree_sdk2_ws/install/unitree_api:${AMENT_PREFIX_PATH} CMAKE_PREFIX_PATH=/home/jason/projects/unitree_sdk2_ws/install/unitree_hg:/home/jason/projects/unitree_sdk2_ws/install/unitree_go:/home/jason/projects/unitree_sdk2_ws/install/unitree_api:/home/jason/projects/unitree_sdk2_ws/install/unitree_sdk2:/home/jason/projects/unitree_sdk2_ws/install/unitree_ros2_example:/opt/ros/humble LD_LIBRARY_PATH=/home/jason/projects/unitree_sdk2_ws/install/unitree_hg/lib:/home/jason/projects/unitree_sdk2_ws/install/unitree_go/lib:/home/jason/projects/unitree_sdk2_ws/install/unitree_api/lib:/home/jason/projects/unitree_sdk2_ws/install/unitree_sdk2/lib:/opt/ros/humble/opt/rviz_ogre_vendor/lib:/opt/ros/humble/lib/x86_64-linux-gnu:/opt/ros/humble/lib PYTHONPATH=/home/jason/projects/unitree_sdk2_ws/install/unitree_hg/local/lib/python3.10/dist-packages:/home/jason/projects/unitree_sdk2_ws/install/unitree_go/local/lib/python3.10/dist-packages:/home/jason/projects/unitree_sdk2_ws/install/unitree_api/local/lib/python3.10/dist-packages:${PYTHONPATH} /usr/bin/cmake --install /home/jason/projects/unitree_sdk2_ws/build/unitree_ros2_example
[33.431s] Level 1:colcon.colcon_core.environment:checking '/home/jason/projects/unitree_sdk2_ws/install/unitree_ros2_example' for CMake module files
[33.432s] Level 1:colcon.colcon_core.environment:checking '/home/jason/projects/unitree_sdk2_ws/install/unitree_ros2_example' for CMake config files
[33.432s] Level 1:colcon.colcon_core.shell:create_environment_hook('unitree_ros2_example', 'cmake_prefix_path')
[33.432s] INFO:colcon.colcon_core.shell:Creating environment hook '/home/jason/projects/unitree_sdk2_ws/install/unitree_ros2_example/share/unitree_ros2_example/hook/cmake_prefix_path.ps1'
[33.433s] INFO:colcon.colcon_core.shell:Creating environment descriptor '/home/jason/projects/unitree_sdk2_ws/install/unitree_ros2_example/share/unitree_ros2_example/hook/cmake_prefix_path.dsv'
[33.433s] INFO:colcon.colcon_core.shell:Creating environment hook '/home/jason/projects/unitree_sdk2_ws/install/unitree_ros2_example/share/unitree_ros2_example/hook/cmake_prefix_path.sh'
[33.434s] Level 1:colcon.colcon_core.environment:checking '/home/jason/projects/unitree_sdk2_ws/install/unitree_ros2_example/bin'
[33.434s] Level 1:colcon.colcon_core.environment:checking '/home/jason/projects/unitree_sdk2_ws/install/unitree_ros2_example/lib/pkgconfig/unitree_ros2_example.pc'
[33.434s] Level 1:colcon.colcon_core.environment:checking '/home/jason/projects/unitree_sdk2_ws/install/unitree_ros2_example/lib/python3.10/site-packages'
[33.435s] Level 1:colcon.colcon_core.environment:checking '/home/jason/projects/unitree_sdk2_ws/install/unitree_ros2_example/bin'
[33.435s] INFO:colcon.colcon_core.shell:Creating package script '/home/jason/projects/unitree_sdk2_ws/install/unitree_ros2_example/share/unitree_ros2_example/package.ps1'
[33.435s] INFO:colcon.colcon_core.shell:Creating package descriptor '/home/jason/projects/unitree_sdk2_ws/install/unitree_ros2_example/share/unitree_ros2_example/package.dsv'
[33.436s] INFO:colcon.colcon_core.shell:Creating package script '/home/jason/projects/unitree_sdk2_ws/install/unitree_ros2_example/share/unitree_ros2_example/package.sh'
[33.436s] INFO:colcon.colcon_core.shell:Creating package script '/home/jason/projects/unitree_sdk2_ws/install/unitree_ros2_example/share/unitree_ros2_example/package.bash'
[33.437s] INFO:colcon.colcon_core.shell:Creating package script '/home/jason/projects/unitree_sdk2_ws/install/unitree_ros2_example/share/unitree_ros2_example/package.zsh'
[33.437s] Level 1:colcon.colcon_core.environment:create_file_with_runtime_dependencies(/home/jason/projects/unitree_sdk2_ws/install/unitree_ros2_example/share/colcon-core/packages/unitree_ros2_example)
[33.437s] Level 1:colcon.colcon_core.environment:create_environment_scripts_only(unitree_ros2_example)
[33.438s] Level 1:colcon.colcon_core.environment:checking '/home/jason/projects/unitree_sdk2_ws/install/unitree_ros2_example' for CMake module files
[33.438s] Level 1:colcon.colcon_core.environment:checking '/home/jason/projects/unitree_sdk2_ws/install/unitree_ros2_example' for CMake config files
[33.438s] Level 1:colcon.colcon_core.shell:create_environment_hook('unitree_ros2_example', 'cmake_prefix_path')
[33.439s] INFO:colcon.colcon_core.shell:Creating environment hook '/home/jason/projects/unitree_sdk2_ws/install/unitree_ros2_example/share/unitree_ros2_example/hook/cmake_prefix_path.ps1'
[33.439s] INFO:colcon.colcon_core.shell:Creating environment descriptor '/home/jason/projects/unitree_sdk2_ws/install/unitree_ros2_example/share/unitree_ros2_example/hook/cmake_prefix_path.dsv'
[33.439s] INFO:colcon.colcon_core.shell:Creating environment hook '/home/jason/projects/unitree_sdk2_ws/install/unitree_ros2_example/share/unitree_ros2_example/hook/cmake_prefix_path.sh'
[33.440s] Level 1:colcon.colcon_core.environment:checking '/home/jason/projects/unitree_sdk2_ws/install/unitree_ros2_example/bin'
[33.440s] Level 1:colcon.colcon_core.environment:checking '/home/jason/projects/unitree_sdk2_ws/install/unitree_ros2_example/lib/pkgconfig/unitree_ros2_example.pc'
[33.440s] Level 1:colcon.colcon_core.environment:checking '/home/jason/projects/unitree_sdk2_ws/install/unitree_ros2_example/lib/python3.10/site-packages'
[33.440s] Level 1:colcon.colcon_core.environment:checking '/home/jason/projects/unitree_sdk2_ws/install/unitree_ros2_example/bin'
[33.441s] INFO:colcon.colcon_core.shell:Creating package script '/home/jason/projects/unitree_sdk2_ws/install/unitree_ros2_example/share/unitree_ros2_example/package.ps1'
[33.441s] INFO:colcon.colcon_core.shell:Creating package descriptor '/home/jason/projects/unitree_sdk2_ws/install/unitree_ros2_example/share/unitree_ros2_example/package.dsv'
[33.442s] INFO:colcon.colcon_core.shell:Creating package script '/home/jason/projects/unitree_sdk2_ws/install/unitree_ros2_example/share/unitree_ros2_example/package.sh'
[33.442s] INFO:colcon.colcon_core.shell:Creating package script '/home/jason/projects/unitree_sdk2_ws/install/unitree_ros2_example/share/unitree_ros2_example/package.bash'
[33.443s] INFO:colcon.colcon_core.shell:Creating package script '/home/jason/projects/unitree_sdk2_ws/install/unitree_ros2_example/share/unitree_ros2_example/package.zsh'
[33.443s] Level 1:colcon.colcon_core.environment:create_file_with_runtime_dependencies(/home/jason/projects/unitree_sdk2_ws/install/unitree_ros2_example/share/colcon-core/packages/unitree_ros2_example)
[33.443s] DEBUG:colcon.colcon_parallel_executor.executor.parallel:closing loop
[33.447s] DEBUG:colcon.colcon_parallel_executor.executor.parallel:loop closed
[33.447s] DEBUG:colcon.colcon_parallel_executor.executor.parallel:run_until_complete finished with '0'
[33.447s] DEBUG:colcon.colcon_core.event_reactor:joining thread
[33.453s] INFO:colcon.colcon_core.plugin_system:Skipping extension 'colcon_notification.desktop_notification.terminal_notifier': Not used on non-Darwin systems
[33.454s] INFO:colcon.colcon_core.plugin_system:Skipping extension 'colcon_notification.desktop_notification.win32': Not used on non-Windows systems
[33.454s] INFO:colcon.colcon_notification.desktop_notification:Sending desktop notification using 'notify2'
[33.468s] DEBUG:colcon.colcon_core.event_reactor:joined thread
[33.469s] INFO:colcon.colcon_core.shell:Creating prefix script '/home/jason/projects/unitree_sdk2_ws/install/local_setup.ps1'
[33.470s] INFO:colcon.colcon_core.shell:Creating prefix util module '/home/jason/projects/unitree_sdk2_ws/install/_local_setup_util_ps1.py'
[33.471s] INFO:colcon.colcon_core.shell:Creating prefix chain script '/home/jason/projects/unitree_sdk2_ws/install/setup.ps1'
[33.472s] INFO:colcon.colcon_core.shell:Creating prefix script '/home/jason/projects/unitree_sdk2_ws/install/local_setup.sh'
[33.473s] INFO:colcon.colcon_core.shell:Creating prefix util module '/home/jason/projects/unitree_sdk2_ws/install/_local_setup_util_sh.py'
[33.473s] INFO:colcon.colcon_core.shell:Creating prefix chain script '/home/jason/projects/unitree_sdk2_ws/install/setup.sh'
[33.474s] INFO:colcon.colcon_core.shell:Creating prefix script '/home/jason/projects/unitree_sdk2_ws/install/local_setup.bash'
[33.475s] INFO:colcon.colcon_core.shell:Creating prefix chain script '/home/jason/projects/unitree_sdk2_ws/install/setup.bash'
[33.476s] INFO:colcon.colcon_core.shell:Creating prefix script '/home/jason/projects/unitree_sdk2_ws/install/local_setup.zsh'
[33.476s] INFO:colcon.colcon_core.shell:Creating prefix chain script '/home/jason/projects/unitree_sdk2_ws/install/setup.zsh'
