-- The C compiler identification is GNU 11.4.0
-- The CXX compiler identification is GNU 11.4.0
-- Detecting C compiler ABI info
-- Detecting C compiler ABI info - done
-- Check for working C compiler: /usr/bin/cc - skipped
-- Detecting C compile features
-- Detecting C compile features - done
-- Detecting CXX compiler ABI info
-- Detecting CXX compiler ABI info - done
-- Check for working CXX compiler: /usr/bin/c++ - skipped
-- Detecting CXX compile features
-- Detecting CXX compile features - done
-- Setting build type to 'Release' as none was specified.
-- Performing Test CAN_BUILD_AVX
-- Performing Test CAN_BUILD_AVX - Success
-- Performing Test SUPPORTS_LLD
-- Performing Test SUPPORTS_LLD - Failed
-- Performing Test SUPPORTS_GOLD
-- Performing Test SUPPORTS_GOLD - Success
-- Performing Test SUPPORTS_GC_SECTIONS
-- Performing Test SUPPORTS_GC_SECTIONS - Success
-- mujoco::FindOrFetch: checking for targets in package `qhull`
-- mujoco::FindOrFetch: checking for targets in package `qhull` - target `qhull` not defined.
-- mujoco::FindOrFetch: Using FetchContent to retrieve `qhull`
-- Looking for sys/types.h
-- Looking for sys/types.h - found
-- Looking for inttypes.h
-- Looking for inttypes.h - found
-- Looking for stddef.h
-- Looking for stddef.h - found
-- Looking for stdint.h
-- Looking for stdint.h - found
-- Check size of off_t
-- Check size of off_t - done
-- Looking for fseeko
-- Looking for fseeko - found
-- Looking for ftello
-- Looking for ftello - found
-- Looking for PRIdMAX
-- Looking for PRIdMAX - found
-- 
-- ========== qhull Build Information ==========
-- Build Version:                             8.1-alpha3
-- Install Prefix (CMAKE_INSTALL_PREFIX):     /home/jason/projects/motion_control_go2/install/mujoco
-- Binary Directory (CMAKE_INSTALL_BINDIR):   bin
-- Library Directory (CMAKE_INSTALL_LIBDIR):  lib
-- Include Directory (CMAKE_INSTALL_INCLUDEDIR): include
-- Documentation Directory (CMAKE_INSTALL_DOCDIR): share/doc/mujoco
-- Man Pages Directory (CMAKE_INSTALL_MANDIR): share/man
-- Build Type (CMAKE_BUILD_TYPE):             Release
-- Build static libraries:                    ON
-- Build shared library:                      OFF
-- Use shared library for linking apps:       OFF
-- Build tests:				   OFF
-- To override these options, add -D{OPTION_NAME}=... to the cmake command
--   Build the debug targets                  -DCMAKE_BUILD_TYPE=Debug
-- 
-- To build and install qhull, enter "make" and "make install"
-- To smoketest qhull, enter "ctest"
-- 
-- mujoco::FindOrFetch: Using FetchContent to retrieve `qhull` - Done
-- mujoco::FindOrFetch: checking for targets in package `tinyxml2`
-- mujoco::FindOrFetch: checking for targets in package `tinyxml2` - target `tinyxml2` not defined.
-- mujoco::FindOrFetch: Using FetchContent to retrieve `tinyxml2`
-- mujoco::FindOrFetch: Using FetchContent to retrieve `tinyxml2` - Done
-- mujoco::FindOrFetch: checking for targets in package `tinyobjloader`
-- mujoco::FindOrFetch: checking for targets in package `tinyobjloader` - target `tinyobjloader` not defined.
-- mujoco::FindOrFetch: Using FetchContent to retrieve `tinyobjloader`
[0mCMake Deprecation Warning at /home/jason/projects/motion_control_go2/build/mujoco/_deps/tinyobjloader-src/CMakeLists.txt:5 (cmake_minimum_required):
  Compatibility with CMake < 2.8.12 will be removed from a future version of
  CMake.

  Update the VERSION argument <min> value or use a ...<max> suffix to tell
  CMake that the project does not need compatibility with older versions.

[0m
-- mujoco::FindOrFetch: Using FetchContent to retrieve `tinyobjloader` - Done
-- mujoco::FindOrFetch: checking for targets in package `ccd`
-- mujoco::FindOrFetch: checking for targets in package `ccd` - target `ccd` not defined.
-- mujoco::FindOrFetch: Using FetchContent to retrieve `ccd`
[0mCMake Deprecation Warning at /home/jason/projects/motion_control_go2/build/mujoco/_deps/ccd-src/CMakeLists.txt:1 (cmake_minimum_required):
  Compatibility with CMake < 2.8.12 will be removed from a future version of
  CMake.

  Update the VERSION argument <min> value or use a ...<max> suffix to tell
  CMake that the project does not need compatibility with older versions.

[0m
[33mCMake Warning (dev) at /home/jason/projects/motion_control_go2/build/mujoco/_deps/ccd-src/CMakeLists.txt:9 (project):
  Policy CMP0048 is not set: project() command manages VERSION variables.
  Run "cmake --help-policy CMP0048" for policy details.  Use the cmake_policy
  command to set the policy and suppress this warning.

  The following variable(s) would be set to empty:

    PROJECT_VERSION
    PROJECT_VERSION_MAJOR
    PROJECT_VERSION_MINOR
    PROJECT_VERSION_PATCH
This warning is for project developers.  Use -Wno-dev to suppress it.
[0m
-- Performing Test COMPILER_SUPPORTS_VISIBILITY
-- Performing Test COMPILER_SUPPORTS_VISIBILITY - Success
-- mujoco::FindOrFetch: Using FetchContent to retrieve `ccd` - Done
-- mujoco::FindOrFetch: checking for targets in package `absl`
-- mujoco::FindOrFetch: checking for targets in package `absl` - target `absl::core_headers` not defined.
-- mujoco::FindOrFetch: Using FetchContent to retrieve `abseil-cpp`
-- Performing Test ABSL_INTERNAL_AT_LEAST_CXX17
-- Performing Test ABSL_INTERNAL_AT_LEAST_CXX17 - Success
-- Performing Test ABSL_INTERNAL_AT_LEAST_CXX20
-- Performing Test ABSL_INTERNAL_AT_LEAST_CXX20 - Failed
-- Looking for pthread.h
-- Looking for pthread.h - found
-- Performing Test CMAKE_HAVE_LIBC_PTHREAD
-- Performing Test CMAKE_HAVE_LIBC_PTHREAD - Success
-- Found Threads: TRUE  
-- mujoco::FindOrFetch: Using FetchContent to retrieve `abseil-cpp` - Done
-- mujoco::FindOrFetch: checking for targets in package `GTest`
-- mujoco::FindOrFetch: checking for targets in package `GTest` - target `gtest` not defined.
-- mujoco::FindOrFetch: Using FetchContent to retrieve `googletest`
-- mujoco::FindOrFetch: Using FetchContent to retrieve `googletest` - Done
-- mujoco::FindOrFetch: checking for targets in package `benchmark`
-- mujoco::FindOrFetch: checking for targets in package `benchmark` - target `benchmark::benchmark` not defined.
-- mujoco::FindOrFetch: Using FetchContent to retrieve `benchmark`
